 cdsv

 Timestamp is 37769387 (Sun Jun 27 14:11:35 1999)

 Preferred load address is 00400000

 Start         Length     Name                   Class
 0001:00000000 00066d90H .text                   CODE
 0002:00000000 0000035cH .idata$5                DATA
 0002:00000360 00001294H .rdata                  DATA
 0002:000015f4 0000008cH .idata$2                DATA
 0002:00001680 00000014H .idata$3                DATA
 0002:00001694 0000035cH .idata$4                DATA
 0002:000019f0 00000a3aH .idata$6                DATA
 0002:0000242a 00000000H .edata                  DATA
 0003:00000000 00000004H .CRT$XCA                DATA
 0003:00000004 00000004H .CRT$XCZ                DATA
 0003:00000008 00000004H .CRT$XIA                DATA
 0003:0000000c 00000004H .CRT$XIZ                DATA
 0003:00000010 0000b0abH .data                   DATA
 0003:0000b0c0 0000e590H .bss                    DATA
 0004:00000000 000000e8H .rsrc$01                DATA
 0004:000000f0 00000668H .rsrc$02                DATA

  Address         Publics by Value              Rva+Base     Lib:Object

 0001:00000000       _is_tcp                    00401000 f   ccb.obj
 0001:0000000a       _createconnectcb           0040100a f   ccb.obj
 0001:000000d6       _closeconnectcb            004010d6 f   ccb.obj
 0001:0000053d       _find_user                 0040153d f   ccb.obj
 0001:000005b0       _find_user_by_name         004015b0 f   ccb.obj
 0001:0000063b       _find_user_by_machine      0040163b f   ccb.obj
 0001:000006bd       _find_same_ccb             004016bd f   ccb.obj
 0001:00000771       _close_ALL_connects        00401771 f   ccb.obj
 0001:00000854       _close_connects            00401854 f   ccb.obj
 0001:00000863       _checkHearts               00401863 f   ccb.obj
 0001:000009df       _addtopendingque           004019df f   ccb.obj
 0001:00000a7e       _executepending            00401a7e f   ccb.obj
 0001:00000ace       _do_response               00401ace f   ccb.obj
 0001:00000bd8       _executescan               00401bd8 f   ccb.obj
 0001:00000cbb       _addtoscanque              00401cbb f   ccb.obj
 0001:00000d19       _svSetConnectOption        00401d19 f   ccb.obj
 0001:00000ef4       _svGetConnectOption        00401ef4 f   ccb.obj
 0001:00000fbb       _sv_who                    00401fbb f   ccb.obj
 0001:000013ff       _in_LUW                    004023ff f   ccb.obj
 0001:00001491       _is_LUW                    00402491 f   ccb.obj
 0001:000014a1       _poll_type_name            004024a1 f   ccb.obj
 0001:00001504       _prepare                   00402504 f   ccb.obj
 0001:000016f6       _complete_phase2           004026f6 f   ccb.obj
 0001:000018eb       _send_phase_msg            004028eb f   ccb.obj
 0001:00001b45       _Cds_2_Phase_Commit        00402b45 f   ccb.obj
 0001:0000205e       _prepared                  0040305e f   ccb.obj
 0001:00002608       _completed_phase2          00403608 f   ccb.obj
 0001:000027d9       _restart_2_phase_commit    004037d9 f   ccb.obj
 0001:000028db       _ask_coordinator           004038db f   ccb.obj
 0001:00002b3d       _client_count              00403b3d f   ccb.obj
 0001:00002bb4       _set_oob_bit               00403bb4 f   ccb.obj
 0001:00002c50       _cds_run_state_name        00403c50 f   cdsv.obj
 0001:00002c63       _get_lan_status            00403c63 f   cdsv.obj
 0001:00002c6d       _close_capture             00403c6d f   cdsv.obj
 0001:00002c94       _open_capture              00403c94 f   cdsv.obj
 0001:00002d7a       _sig_quit_handler          00403d7a f   cdsv.obj
 0001:00002db6       _sig_int_handler           00403db6 f   cdsv.obj
 0001:00002ddb       _set_signal_handling       00403ddb f   cdsv.obj
 0001:00002df0       _WndProc@16                00403df0 f   cdsv.obj
 0001:00002f65       _svmain                    00403f65 f   cdsv.obj
 0001:00003e0c       _sv_stop                   00404e0c f   cdsv.obj
 0001:00003ee9       _do_quiet@16               00404ee9 f   cdsv.obj
 0001:00003ef5       _quiet_point               00404ef5 f   cdsv.obj
 0001:00003fa6       _catastrophe               00404fa6 f   cdsv.obj
 0001:00004000       _myvprintf                 00405000 f   out.obj
 0001:00004067       _myprintf                  00405067 f   out.obj
 0001:00004100       _putout                    00405100 f   out.obj
 0001:000042b0       _my_mre                    004052b0 f   out.obj
 0001:0000453c       _setup_stderr              0040553c f   out.obj
 0001:000047b6       _reset_out_file            004057b6 f   out.obj
 0001:00004890       _cds_send                  00405890 f   server.obj
 0001:000048e5       _svmessage                 004058e5 f   server.obj
 0001:00004967       _assume_primary_role       00405967 f   server.obj
 0001:00004a45       _MakeMyName                00405a45 f   server.obj
 0001:00004a93       _open_server               00405a93 f   server.obj
 0001:00004b18       _unannounce                00405b18 f   server.obj
 0001:00004b7f       _netinit                   00405b7f f   server.obj
 0001:00004cdd       _serveropened              00405cdd f   server.obj
 0001:00004d70       _capture_output            00405d70 f   server.obj
 0001:00004ea7       _handle_msg_to_server      00405ea7 f   server.obj
 0001:000053a9       _nextoutputbuf             004063a9 f   server.obj
 0001:0000542b       _serveroobsend             0040642b f   server.obj
 0001:00005430       _serveroobread             00406430 f   server.obj
 0001:00005437       _serverclose               00406437 f   server.obj
 0001:00005465       _getebuf                   00406465 f   server.obj
 0001:00005526       _relbuf                    00406526 f   server.obj
 0001:000055c8       _call_remote               004065c8 f   server.obj
 0001:00005650       _l3start                   00406650 f   servnt.obj
 0001:000056ab       _listen_for_new_client     004066ab f   servnt.obj
 0001:000057ee       _l2close                   004067ee f   servnt.obj
 0001:000058b1       _senddgdone                004068b1 f   servnt.obj
 0001:00005904       _recvdgdone                00406904 f   servnt.obj
 0001:00005e31       _L2receive                 00406e31 f   servnt.obj
 0001:00005f10       _ReadComp                  00406f10 f   servnt.obj
 0001:00006229       _L2send                    00407229 f   servnt.obj
 0001:0000637b       _WriteComp                 0040737b f   servnt.obj
 0001:000064e8       _AlarmComp@16              004074e8 f   servnt.obj
 0001:0000652c       _l3open                    0040752c f   servnt.obj
 0001:00006670       _ReadParameters            00407670 f   start.obj
 0001:000067ea       _service_main              004077ea f   start.obj
 0001:0000748f       _stop_it                   0040848f f   start.obj
 0001:000074f5       _service_ctrl              004084f5 f   start.obj
 0001:000075a6       _worker_thread             004085a6 f   start.obj
 0001:000075d4       _ReportStatusToSCMgr       004085d4 f   start.obj
 0001:000076da       _WinMain@16                004086da f   start.obj
 0001:00007947       _test_NOT_RUN              00408947 f   start.obj
 0001:000079d0       _svclpack                  004089d0 f   svclpack.obj
 0001:00007f80       _svdbgspack                00408f80 f   svdebug.obj
 0001:00007f91       _svdbgsunpack              00408f91 f   svdebug.obj
 0001:00007fa2       _svdbgsbuf                 00408fa2 f   svdebug.obj
 0001:00007fba       _svdbgscomm                00408fba f   svdebug.obj
 0001:00007fcb       _svdbgsfunc                00408fcb f   svdebug.obj
 0001:00007fdc       _svdbgsall                 00408fdc f   svdebug.obj
 0001:00007ff4       _sverrinit                 00408ff4 f   svdebug.obj
 0001:000080be       _svdbgupack                004090be f   svdebug.obj
 0001:000080cf       _svdbguunpack              004090cf f   svdebug.obj
 0001:000080e0       _svdbgubuf                 004090e0 f   svdebug.obj
 0001:000080f8       _svdbgucomm                004090f8 f   svdebug.obj
 0001:00008109       _svdbgufunc                00409109 f   svdebug.obj
 0001:0000811a       _svdbguall                 0040911a f   svdebug.obj
 0001:00008140       _svdofunc                  00409140 f   svdofunc.obj
 0001:00008770       _svdoscan                  00409770 f   svdofunc.obj
 0001:00008788       _sv_set_from_user          00409788 f   svdofunc.obj
 0001:000087e3       _svIsConnected             004097e3 f   svdofunc.obj
 0001:000087f0       _become_primary            004097f0 f   svftab.obj
 0001:000087f5       _be_shadow                 004097f5 f   svftab.obj
 0001:000087fa       _shadow_setup              004097fa f   svftab.obj
 0001:00008802       _shadow_verify             00409802 f   svftab.obj
 0001:00008809       _shadow_watch              00409809 f   svftab.obj
 0001:0000880e       _sv_oob                    0040980e f   svftab.obj
 0001:00008823       _cdsync                    00409823 f   svftab.obj
 0001:00008837       _parse_arg                 00409837 f   svftab.obj
 0001:00008860       _svcdsinit                 00409860 f   svinit.obj
 0001:00008a50       _svpack                    00409a50 f   svpack.obj
 0001:00009410       _svsetup                   0040a410 f   svsetup.obj
 0001:00009691       _send_setup_info           0040a691 f   svsetup.obj
 0001:0000975a       _partner_setup             0040a75a f   svsetup.obj
 0001:00009800       _svunpack                  0040a800 f   svunpack.obj
 0001:00009cee       _GetTickCount@0            0040acee f   kernel32:KERNEL32.dll
 0001:00009cf4       _GetLastError@0            0040acf4 f   kernel32:KERNEL32.dll
 0001:00009cfa       _ExitProcess@4             0040acfa f   kernel32:KERNEL32.dll
 0001:00009d00       _GetDiskFreeSpaceA@20      0040ad00 f   kernel32:KERNEL32.dll
 0001:00009d06       _GetVolumeInformationA@32  0040ad06 f   kernel32:KERNEL32.dll
 0001:00009d0c       _GetDriveTypeA@4           0040ad0c f   kernel32:KERNEL32.dll
 0001:00009d12       _FlushFileBuffers@4        0040ad12 f   kernel32:KERNEL32.dll
 0001:00009d18       _WriteFile@20              0040ad18 f   kernel32:KERNEL32.dll
 0001:00009d1e       _GetStdHandle@4            0040ad1e f   kernel32:KERNEL32.dll
 0001:00009d24       _GetProcAddress@8          0040ad24 f   kernel32:KERNEL32.dll
 0001:00009d2a       _LoadLibraryA@4            0040ad2a f   kernel32:KERNEL32.dll
 0001:00009d30       _SetStdHandle@8            0040ad30 f   kernel32:KERNEL32.dll
 0001:00009d36       _SetFilePointer@16         0040ad36 f   kernel32:KERNEL32.dll
 0001:00009d3c       _CreateFileA@28            0040ad3c f   kernel32:KERNEL32.dll
 0001:00009d42       _CloseHandle@4             0040ad42 f   kernel32:KERNEL32.dll
 0001:00009d48       _WaitForSingleObject@8     0040ad48 f   kernel32:KERNEL32.dll
 0001:00009d4e       _CreateThread@24           0040ad4e f   kernel32:KERNEL32.dll
 0001:00009d54       _CreateNamedPipeA@32       0040ad54 f   kernel32:KERNEL32.dll
 0001:00009d5a       _LocalFree@4               0040ad5a f   kernel32:KERNEL32.dll
 0001:00009d60       _LocalAlloc@8              0040ad60 f   kernel32:KERNEL32.dll
 0001:00009d66       _CreateEventA@16           0040ad66 f   kernel32:KERNEL32.dll
 0001:00009d6c       _GetComputerNameA@8        0040ad6c f   kernel32:KERNEL32.dll
 0001:00009d72       _GetModuleFileNameA@12     0040ad72 f   kernel32:KERNEL32.dll
 0001:00009d78       _SetEvent@4                0040ad78 f   kernel32:KERNEL32.dll
 0001:00009d7e       _ResumeThread@4            0040ad7e f   kernel32:KERNEL32.dll
 0001:00009d84       _SuspendThread@4           0040ad84 f   kernel32:KERNEL32.dll
 0001:00009d8a       _GetVersion@0              0040ad8a f   kernel32:KERNEL32.dll
 0001:00009d90       _SetTimer@16               0040ad90 f   user32:USER32.dll
 0001:00009d96       _KillTimer@8               0040ad96 f   user32:USER32.dll
 0001:00009d9c       _PostQuitMessage@4         0040ad9c f   user32:USER32.dll
 0001:00009da2       _DestroyWindow@4           0040ada2 f   user32:USER32.dll
 0001:00009da8       _DefWindowProcA@16         0040ada8 f   user32:USER32.dll
 0001:00009dae       _EndPaint@8                0040adae f   user32:USER32.dll
 0001:00009db4       _BeginPaint@8              0040adb4 f   user32:USER32.dll
 0001:00009dba       _DispatchMessageA@4        0040adba f   user32:USER32.dll
 0001:00009dc0       _TranslateMessage@4        0040adc0 f   user32:USER32.dll
 0001:00009dc6       _GetMessageA@16            0040adc6 f   user32:USER32.dll
 0001:00009dcc       _PeekMessageA@20           0040adcc f   user32:USER32.dll
 0001:00009dd2       _ShowWindow@8              0040add2 f   user32:USER32.dll
 0001:00009dd8       _CreateWindowExA@48        0040add8 f   user32:USER32.dll
 0001:00009dde       _RegisterClassA@4          0040adde f   user32:USER32.dll
 0001:00009de4       _LoadCursorA@8             0040ade4 f   user32:USER32.dll
 0001:00009dea       _LoadIconA@8               0040adea f   user32:USER32.dll
 0001:00009df0       _wvsprintfA@12             0040adf0 f   user32:USER32.dll
 0001:00009df6       _wsprintfA                 0040adf6 f   user32:USER32.dll
 0001:00009dfc       _TextOutA@20               0040adfc f   gdi32:GDI32.dll
 0001:00009e02       _GetStockObject@4          0040ae02 f   gdi32:GDI32.dll
 0001:00009e08       _DeregisterEventSource@4   0040ae08 f   advapi32:ADVAPI32.dll
 0001:00009e0e       _ReportEventA@36           0040ae0e f   advapi32:ADVAPI32.dll
 0001:00009e14       _RegisterEventSourceA@8    0040ae14 f   advapi32:ADVAPI32.dll
 0001:00009e1a       _RegQueryValueExA@24       0040ae1a f   advapi32:ADVAPI32.dll
 0001:00009e20       _RegOpenKeyA@12            0040ae20 f   advapi32:ADVAPI32.dll
 0001:00009e26       _SetSecurityDescriptorDacl@16 0040ae26 f   advapi32:ADVAPI32.dll
 0001:00009e2c       _InitializeSecurityDescriptor@8 0040ae2c f   advapi32:ADVAPI32.dll
 0001:00009e32       _RegisterServiceCtrlHandlerA@8 0040ae32 f   advapi32:ADVAPI32.dll
 0001:00009e38       _RegCloseKey@4             0040ae38 f   advapi32:ADVAPI32.dll
 0001:00009e3e       _RegSetValueExA@24         0040ae3e f   advapi32:ADVAPI32.dll
 0001:00009e44       _RegCreateKeyA@12          0040ae44 f   advapi32:ADVAPI32.dll
 0001:00009e4a       _SetServiceStatus@8        0040ae4a f   advapi32:ADVAPI32.dll
 0001:00009e50       _StartServiceCtrlDispatcherA@4 0040ae50 f   advapi32:ADVAPI32.dll
 0001:00009e60       _show_locks                0040ae60 f   cds:cdslock.obj
 0001:0000a1c7       _show_all_locks            0040b1c7 f   cds:cdslock.obj
 0001:0000a241       _lock_held                 0040b241 f   cds:cdslock.obj
 0001:0000a29d       _update_lock_held          0040b29d f   cds:cdslock.obj
 0001:0000a2cc       _add_to_pending_unlocks    0040b2cc f   cds:cdslock.obj
 0001:0000a33e       _cds_unlock                0040b33e f   cds:cdslock.obj
 0001:0000a3cf       _cds_unlock_space          0040b3cf f   cds:cdslock.obj
 0001:0000a411       _clear_table_locks         0040b411 f   cds:cdslock.obj
 0001:0000a437       _cds_clear_locks           0040b437 f   cds:cdslock.obj
 0001:0000a56b       _clear_pending_unlocks     0040b56b f   cds:cdslock.obj
 0001:0000a6b8       _table_lock_holder         0040b6b8 f   cds:cdslock.obj
 0001:0000a6f9       _cds_table_locks           0040b6f9 f   cds:cdslock.obj
 0001:0000a73b       _verify_lock_flag          0040b73b f   cds:cdslock.obj
 0001:0000a777       _cds_lock                  0040b777 f   cds:cdslock.obj
 0001:0000aa09       _cds_lock_rec              0040ba09 f   cds:cdslock.obj
 0001:0000aa36       _cds_rec_visible           0040ba36 f   cds:cdslock.obj
 0001:0000abc1       _Cds_Unlock                0040bbc1 f   cds:cdslock.obj
 0001:0000abf0       _Cds_Lock_Table            0040bbf0 f   cds:cdslock.obj
 0001:0000b23a       _Cds_Unlock_Table          0040c23a f   cds:cdslock.obj
 0001:0000b6b0       _find_context              0040c6b0 f   cds:cdselect.obj
 0001:0000b7e5       _find_context_for_table    0040c7e5 f   cds:cdselect.obj
 0001:0000b871       _find_context_by_table     0040c871 f   cds:cdselect.obj
 0001:0000b8f2       _clear_btloc_for_table     0040c8f2 f   cds:cdselect.obj
 0001:0000b9e1       _find_context_not_for_user 0040c9e1 f   cds:cdselect.obj
 0001:0000ba6d       _verify_select_ptr         0040ca6d f   cds:cdselect.obj
 0001:0000bac2       _build_projection_of_first_rec 0040cac2 f   cds:cdselect.obj
 0001:0000bbbf       _free_projection           0040cbbf f   cds:cdselect.obj
 0001:0000bc06       _Cds_Select                0040cc06 f   cds:cdselect.obj
 0001:0000d286       _Cds_Project               0040e286 f   cds:cdselect.obj
 0001:0000d3db       _Cds_End_Select            0040e3db f   cds:cdselect.obj
 0001:0000d5a1       _cds_free_contexts         0040e5a1 f   cds:cdselect.obj
 0001:0000d68e       _cds_list_contexts         0040e68e f   cds:cdselect.obj
 0001:0000d884       _Cds_Join                  0040e884 f   cds:cdselect.obj
 0001:0000ddc6       _Cds_SelectnFetch          0040edc6 f   cds:cdselect.obj
 0001:0000de8e       _chunk_size                0040ee8e f   cds:cdselect.obj
 0001:0000dee7       _sv_union                  0040eee7 f   cds:cdselect.obj
 0001:0000def9       _svSetStmtOption           0040eef9 f   cds:cdselect.obj
 0001:0000df2f       _svGetStmtOption           0040ef2f f   cds:cdselect.obj
 0001:0000dff0       _Cds_Begin_Work            0040eff0 f   cds:cdsluw.obj
 0001:0000e01f       _Cds_Commit                0040f01f f   cds:cdsluw.obj
 0001:0000e054       _Cds_Rollback              0040f054 f   cds:cdsluw.obj
 0001:0000e0f0       _flflush                   0040f0f0 f   cds:cdslog.obj
 0001:0000e119       _isLogCompleted            0040f119 f   cds:cdslog.obj
 0001:0000e1a0       _do_flush                  0040f1a0 f   cds:cdslog.obj
 0001:0000e28b       _cdslog_open               0040f28b f   cds:cdslog.obj
 0001:0000ecb0       _mark_death                0040fcb0 f   cds:cdslog.obj
 0001:0000ed08       _cdslog                    0040fd08 f   cds:cdslog.obj
 0001:0000fbbc       _cdslog_quiese             00410bbc f   cds:cdslog.obj
 0001:0000fbd7       _Cds_Reset_Log             00410bd7 f   cds:cdslog.obj
 0001:0000fd20       _cds_errmsg                00410d20 f   cds:cdserror.obj
 0001:0000fd2a       _cdsErrMsg                 00410d2a f   cds:cdserror.obj
 0001:0000fd34       _intFromErrMsg             00410d34 f   cds:cdserror.obj
 0001:0000fe45       _cds_set_err               00410e45 f   cds:cdserror.obj
 0001:0000ffd9       _cds_set_warn              00410fd9 f   cds:cdserror.obj
 0001:0001000e       _cds_save_err              0041100e f   cds:cdserror.obj
 0001:0001002f       _cds_restore_err           0041102f f   cds:cdserror.obj
 0001:00010050       _clseterr                  00411050 f   cds:cdserror.obj
 0001:0001006e       _clsetswerr                0041106e f   cds:cdserror.obj
 0001:000100e6       _cds_append_error          004110e6 f   cds:cdserror.obj
 0001:000100fc       _int_from_errmsg           004110fc f   cds:cdserror.obj
 0001:000101e0       _find_table                004111e0 f   cds:tablist.obj
 0001:00010266       _find_table_in             00411266 f   cds:tablist.obj
 0001:000102fd       _find_table_n              004112fd f   cds:tablist.obj
 0001:00010384       _verify_all_tables         00411384 f   cds:tablist.obj
 0001:0001043e       _cds_record_count          0041143e f   cds:tablist.obj
 0001:0001054c       _Cds_Table_Size            0041154c f   cds:tablist.obj
 0001:0001059c       _Cds_Tables                0041159c f   cds:tablist.obj
 0001:000106ba       _cdsTableSizes             004116ba f   cds:tablist.obj
 0001:000108f8       _table_lists_equal         004118f8 f   cds:tablist.obj
 0001:000109cf       _table_lists_diff          004119cf f   cds:tablist.obj
 0001:00010baf       _log_position              00411baf f   cds:tablist.obj
 0001:00010bc3       _print_table_sizes         00411bc3 f   cds:tablist.obj
 0001:00010cc1       _free_table_space          00411cc1 f   cds:tablist.obj
 0001:00010e06       _free_all_tables           00411e06 f   cds:tablist.obj
 0001:00010e79       _un_link                   00411e79 f   cds:tablist.obj
 0001:00010eca       _cdsCopyTables             00411eca f   cds:tablist.obj
 0001:000116b5       _verify_cds_record         004126b5 f   cds:tablist.obj
 0001:00011a5e       _verify_last_record        00412a5e f   cds:tablist.obj
 0001:00011c20       _verify_tables             00412c20 f   cds:tablist.obj
 0001:00012220       _not_run                   00413220 f   cds:cdsfatal.obj
 0001:000122d1       _cdsReportFatalError       004132d1 f   cds:cdsfatal.obj
 0001:00012391       _cdsReportFatalEvent       00413391 f   cds:cdsfatal.obj
 0001:000123d8       _cdsReportFatal            004133d8 f   cds:cdsfatal.obj
 0001:00012513       _cdsReportBugEvent         00413513 f   cds:cdsfatal.obj
 0001:000125f7       _cdsReportStopEvent        004135f7 f   cds:cdsfatal.obj
 0001:000126e7       _cdsreportevent            004136e7 f   cds:cdsfatal.obj
 0001:00012806       _cdsReportEvent            00413806 f   cds:cdsfatal.obj
 0001:0001282c       _cdsReportErrorEvent       0041382c f   cds:cdsfatal.obj
 0001:00012852       _cdsWarningEvent           00413852 f   cds:cdsfatal.obj
 0001:00012878       _cdsWarningEventN          00413878 f   cds:cdsfatal.obj
 0001:000128d0       _deref_field               004138d0 f   cds:cdspql.obj
 0001:00012c5c       _cds_qualify               00413c5c f   cds:cdspql.obj
 0001:00013232       _parse_criteria            00414232 f   cds:cdspql.obj
 0001:00015e60       _cds_bld_ctx_keys          00416e60 f   cds:cdspql.obj
 0001:00017513       _find_indexes_matching_order 00418513 f   cds:cdspql.obj
 0001:000176b2       _find_optimal_index        004186b2 f   cds:cdspql.obj
 0001:00018490       _compare_projections       00419490 f   cds:cdsfind.obj
 0001:0001859f       _cds_set_from_user         0041959f f   cds:cdsfind.obj
 0001:0001860d       _Cds_Find_First            0041960d f   cds:cdsfind.obj
 0001:00019261       _Cds_Find_Last             0041a261 f   cds:cdsfind.obj
 0001:00019329       _Cds_Find_Prev             0041a329 f   cds:cdsfind.obj
 0001:00019534       _Cds_Find_Next             0041a534 f   cds:cdsfind.obj
 0001:0001974a       _Cds_Fetch_Again           0041a74a f   cds:cdsfind.obj
 0001:00019986       _Cds_Find_n                0041a986 f   cds:cdsfind.obj
 0001:0001a1ae       _Cds_Cancel_Scan           0041b1ae f   cds:cdsfind.obj
 0001:0001a26d       _Cds_Get_Key               0041b26d f   cds:cdsfind.obj
 0001:0001a3dd       _sv_find_first             0041b3dd f   cds:cdsfind.obj
 0001:0001a418       _sv_find_next              0041b418 f   cds:cdsfind.obj
 0001:0001b0ed       _free_agg                  0041c0ed f   cds:cdsfind.obj
 0001:0001bb5d       _Cds_Remote_Cancel_Scan    0041cb5d f   cds:cdsfind.obj
 0001:0001bb70       _dbcdsprint                0041cb70 f   cds:cds.obj
 0001:0001bb88       _confirm_log_flush         0041cb88 f   cds:cds.obj
 0001:0001bb9b       _is_meta_table             0041cb9b f   cds:cds.obj
 0001:0001bbed       _Cds_Insert                0041cbed f   cds:cds.obj
 0001:0001c9f2       _svBatchInsert             0041d9f2 f   cds:cds.obj
 0001:0001d1ca       _Cds_Replace               0041e1ca f   cds:cds.obj
 0001:0001e5de       _update_fields             0041f5de f   cds:cds.obj
 0001:0001f3bc       _Cds_Update_Flds           004203bc f   cds:cds.obj
 0001:0001f6e5       _Cds_Update_All            004206e5 f   cds:cds.obj
 0001:0001f98c       _Cds_Delete                0042098c f   cds:cds.obj
 0001:0001fdac       _empty_table               00420dac f   cds:cds.obj
 0001:00020037       _Cds_Delete_All            00421037 f   cds:cds.obj
 0001:000201c1       _Cds_Files                 004211c1 f   cds:cds.obj
 0001:000204e0       _insert_indexes_record     004214e0 f   cds:cdstable.obj
 0001:000205d7       _init_tt                   004215d7 f   cds:cdstable.obj
 0001:0002251d       _Cds_Create_Table          0042351d f   cds:cdstable.obj
 0001:00023c31       _cds_alter_table           00424c31 f   cds:cdstable.obj
 0001:00026424       _Cds_Alter_Table           00427424 f   cds:cdstable.obj
 0001:00026468       _Cds_Rename_Table          00427468 f   cds:cdstable.obj
 0001:00026b0c       _renumber_table            00427b0c f   cds:cdstable.obj
 0001:00027242       _Cds_Copy_Table_Def        00428242 f   cds:cdstable.obj
 0001:00027fef       _Cds_Drop_Table            00428fef f   cds:cdstable.obj
 0001:000283ee       _Cds_Create_Index          004293ee f   cds:cdstable.obj
 0001:00028bce       _Cds_Drop_Index            00429bce f   cds:cdstable.obj
 0001:000290f7       _Cds_Server_Names          0042a0f7 f   cds:cdstable.obj
 0001:000295e0       _Cds_Compress              0042a5e0 f   cds:cdscmprs.obj
 0001:00029f10       _read_btbase               0042af10 f   cds:cdsinit.obj
 0001:00029ff9       _idx_file_ok               0042aff9 f   cds:cdsinit.obj
 0001:0002a10c       _base_file_ok              0042b10c f   cds:cdsinit.obj
 0001:0002a1ae       _restore_msg               0042b1ae f   cds:cdsinit.obj
 0001:0002a1e8       _cds_init                  0042b1e8 f   cds:cdsinit.obj
 0001:0002a298       _calc_btvcount             0042b298 f   cds:cdsinit.obj
 0001:0002a3fb       _do_init                   0042b3fb f   cds:cdsinit.obj
 0001:0002aa35       _check_for_apply_list      0042ba35 f   cds:cdsinit.obj
 0001:0002ac10       _cds_key_high              0042bc10 f   cds:cdskey.obj
 0001:0002ac39       _cds_key_low               0042bc39 f   cds:cdskey.obj
 0001:0002ac62       _setlo                     0042bc62 f   cds:cdskey.obj
 0001:0002ad60       _set_low                   0042bd60 f   cds:cdskey.obj
 0001:0002aeaa       _set_high                  0042beaa f   cds:cdskey.obj
 0001:0002aef3       _segbump                   0042bef3 f   cds:cdskey.obj
 0001:0002b389       _segdecr                   0042c389 f   cds:cdskey.obj
 0001:0002b3bc       _segcmp                    0042c3bc f   cds:cdskey.obj
 0001:0002b51d       _cdspcmpkey                0042c51d f   cds:cdskey.obj
 0001:0002b6a8       _cdsxcmpkey                0042c6a8 f   cds:cdskey.obj
 0001:0002b6e6       _cdsdisplaykey             0042c6e6 f   cds:cdskey.obj
 0001:0002b91c       _displaykey                0042c91c f   cds:cdskey.obj
 0001:0002b9a0       _Need_fd                   0042c9a0 f   cds:virtfd.obj
 0001:0002ba6b       _Verify_fd                 0042ca6b f   cds:virtfd.obj
 0001:0002bb80       _Vfd_free_table            0042cb80 f   cds:virtfd.obj
 0001:0002bbc0       _compare_2                 0042cbc0 f   cds:optbl.obj
 0001:0002cb8a       _op_is_missing             0042db8a f   cds:optbl.obj
 0001:0002cec3       _op_has_a                  0042dec3 f   cds:optbl.obj
 0001:0002cfc0       _normalize_field           0042dfc0 f   cds:cds_subs.obj
 0001:0002d7de       _cds_bld_query_key         0042e7de f   cds:cds_subs.obj
 0001:0002d866       _cds_bld_ins_key           0042e866 f   cds:cds_subs.obj
 0001:0002d89d       _bld_old_keys              0042e89d f   cds:cds_subs.obj
 0001:0002e09a       _regettbuf                 0042f09a f   cds:cds_subs.obj
 0001:0002e1ba       _gettbuf                   0042f1ba f   cds:cds_subs.obj
 0001:0002e383       _freetbuf                  0042f383 f   cds:cds_subs.obj
 0001:0002e45b       _cds_read_base             0042f45b f   cds:cds_subs.obj
 0001:0002e760       _unlog                     0042f760 f   cds:rollback.obj
 0001:0002e895       _rollback                  0042f895 f   cds:rollback.obj
 0001:0002f950       _do_rollbacks              00430950 f   cds:rollback.obj
 0001:00030470       _cdsReadForward            00431470 f   cds:logread.obj
 0001:00030549       _cdsReadBackward           00431549 f   cds:logread.obj
 0001:00030672       _verify_log_record         00431672 f   cds:logread.obj
 0001:0003079d       _read_til_end              0043179d f   cds:logread.obj
 0001:000309aa       _find_log_eof              004319aa f   cds:logread.obj
 0001:00030ddb       _last_action               00431ddb f   cds:logread.obj
 0001:0003110a       _last_clean_point          0043210a f   cds:logread.obj
 0001:000315a0       _LogRead                   004325a0 f   cds:logio.obj
 0001:000316ef       _LogWrite                  004326ef f   cds:logio.obj
 0001:000317c7       _LogSeek                   004327c7 f   cds:logio.obj
 0001:00031929       _my_lseek                  00432929 f   cds:logio.obj
 0001:000319d0       _rollforward               004329d0 f   cds:rollfor.obj
 0001:00032fa0       _rebuild_index             00433fa0 f   cds:cdsindex.obj
 0001:000338e4       _build_index               004348e4 f   cds:cdsindex.obj
 0001:00033d54       _verify_dat                00434d54 f   cds:cdsindex.obj
 0001:000342b0       _cds_set_value             004352b0 f   cds:cdsfield.obj
 0001:00034366       _cdsderef_recfld           00435366 f   cds:cdsfield.obj
 0001:00034443       _append_fld                00435443 f   cds:cdsfield.obj
 0001:00034540       _get_index_record          00435540 f   cds:getindx.obj
 0001:000353d0       _FieldName                 004363d0 f   cds:tabfld.obj
 0001:00035445       _is_good_time              00436445 f   cds:tabfld.obj
 0001:0003559d       _is_good_timestamp         0043659d f   cds:tabfld.obj
 0001:0003568d       _verify_required_fields    0043668d f   cds:tabfld.obj
 0001:00035945       _a_defined_field           00436945 f   cds:tabfld.obj
 0001:00035a50       _cds_log_create_index      00436a50 f   cds:ddl_log.obj
 0001:00035c0e       _cds_log_create_table      00436c0e f   cds:ddl_log.obj
 0001:00035e99       _cds_log_drop_index        00436e99 f   cds:ddl_log.obj
 0001:00036038       _cds_log_alter_table       00437038 f   cds:ddl_log.obj
 0001:00036310       _cmgetenv                  00437310 f   cm:cmgetenv.obj
 0001:0003639e       _cmenvfile_name            0043739e f   cm:cmgetenv.obj
 0001:000363f0       _cmconfig                  004373f0 f   cm:cmconfig.obj
 0001:00036690       _chkmtype                  00437690 f   cm:cmchk.obj
 0001:00036740       _cmbufenough               00437740 f   cm:cmbuf.obj
 0001:00036838       _cmbreget                  00437838 f   cm:cmbuf.obj
 0001:000368f8       _cmbufdump                 004378f8 f   cm:cmbuf.obj
 0001:0003699b       _cmgetebuf                 0043799b f   cm:cmbuf.obj
 0001:00036b11       _cmrelbuf                  00437b11 f   cm:cmbuf.obj
 0001:00036bac       _cmfreebuf                 00437bac f   cm:cmbuf.obj
 0001:00036bfb       _cmbufp                    00437bfb f   cm:cmbuf.obj
 0001:00036c30       _print_Contexts            00437c30 f   cm:cmdbuf.obj
 0001:00036cc5       _prOrder                   00437cc5 f   cm:cmdbuf.obj
 0001:00036e78       _prbuf                     00437e78 f   cm:cmdbuf.obj
 0001:0003842d       _noprbuf                   0043942d f   cm:cmdbuf.obj
 0001:00038450       _cmfind_element            00439450 f   cm:cmfield.obj
 0001:00038645       _cmdereference             00439645 f   cm:cmfield.obj
 0001:00038858       _cmfield                   00439858 f   cm:cmfield.obj
 0001:00038b17       _cm_append_field           00439b17 f   cm:cmfield.obj
 0001:00038f3e       _cm_append_array_hdr       00439f3e f   cm:cmfield.obj
 0001:000390fb       _cm_append_element         0043a0fb f   cm:cmfield.obj
 0001:0003923b       _import_CDS_indirect       0043a23b f   cm:cmfield.obj
 0001:00039470       _type_name                 0043a470 f   cm:cmprint.obj
 0001:00039556       _cmprint                   0043a556 f   cm:cmprint.obj
 0001:00039c05       _cdsprint                  0043ac05 f   cm:cmprint.obj
 0001:00039c40       _ddopen                    0043ac40 f   dataman:dataman.obj
 0001:00039c57       _ddopenp                   0043ac57 f   dataman:dataman.obj
 0001:0003a108       _dictconfig                0043b108 f   dataman:dataman.obj
 0001:0003a345       _dictbldindex              0043b345 f   dataman:dataman.obj
 0001:0003a497       _ddclose                   0043b497 f   dataman:dataman.obj
 0001:0003a548       _dict_release              0043b548 f   dataman:dataman.obj
 0001:0003a777       _dict_release_item         0043b777 f   dataman:dataman.obj
 0001:0003a868       _ddlastupdate              0043b868 f   dataman:dataman.obj
 0001:0003a8bf       _ddcreatetime              0043b8bf f   dataman:dataman.obj
 0001:0003a8ff       _ddpath                    0043b8ff f   dataman:dataman.obj
 0001:0003a926       _ddapplcount               0043b926 f   dataman:dataman.obj
 0001:0003a94f       _open_dict                 0043b94f f   dataman:dataman.obj
 0001:0003a995       _ddhashID                  0043b995 f   dataman:dataman.obj
 0001:0003a9be       _ddgetprojman              0043b9be f   dataman:dataman.obj
 0001:0003a9d1       _DDspillguts               0043b9d1 f   dataman:dataman.obj
 0001:0003a9f7       _ddgetdd                   0043b9f7 f   dataman:dataman.obj
 0001:0003aa0a       _dd_cleanup                0043ba0a f   dataman:dataman.obj
 0001:0003aa40       _cfig_load                 0043ba40 f   dataman:cfgrun.obj
 0001:0003acaa       _cfig_open                 0043bcaa f   dataman:cfgrun.obj
 0001:0003adca       _get_moakeyvalue           0043bdca f   dataman:cfgrun.obj
 0001:0003ae98       _get_moadir                0043be98 f   dataman:cfgrun.obj
 0001:0003aeb9       _get_moaproj               0043beb9 f   dataman:cfgrun.obj
 0001:0003aeda       _get_moacurproj            0043beda f   dataman:cfgrun.obj
 0001:0003af00       _ddapplindex               0043bf00 f   dataman:ddindex.obj
 0001:0003b008       _ddindex                   0043c008 f   dataman:ddindex.obj
 0001:0003b0f0       _dddictindex               0043c0f0 f   dataman:ddindex.obj
 0001:0003b1e0       _ddaget                    0043c1e0 f   dataman:ddread.obj
 0001:0003b2e6       _ddresetopt                0043c2e6 f   dataman:ddread.obj
 0001:0003b2f4       _ddget                     0043c2f4 f   dataman:ddread.obj
 0001:0003bfc7       _ddgetrec                  0043cfc7 f   dataman:ddread.obj
 0001:0003c076       _ddgetitemidx              0043d076 f   dataman:ddread.obj
 0001:0003c290       _load_refs                 0043d290 f   dataman:ddread.obj
 0001:0003c81c       _ddgetstat                 0043d81c f   dataman:ddread.obj
 0001:0003cab4       _fldstosize                0043dab4 f   dataman:ddread.obj
 0001:0003cb34       _fldobjcount               0043db34 f   dataman:ddread.obj
 0001:0003cbf5       _flddupptr                 0043dbf5 f   dataman:ddread.obj
 0001:0003cc0e       _ddclosestobj              0043dc0e f   dataman:ddread.obj
 0001:0003cdac       _ddarraysize               0043ddac f   dataman:ddread.obj
 0001:0003ce0a       _ddgetrowcol               0043de0a f   dataman:ddread.obj
 0001:0003cfb0       _ddapplname                0043dfb0 f   dataman:ddname.obj
 0001:0003d06a       _ddname                    0043e06a f   dataman:ddname.obj
 0001:0003d1a7       _dddictname                0043e1a7 f   dataman:ddname.obj
 0001:0003d1cd       _ddgetbyname               0043e1cd f   dataman:ddname.obj
 0001:0003d2a0       _ddininame                 0043e2a0 f   dataman:ddini.obj
 0001:0003d3d0       _btreegetstat              0043e3d0 f   dataman:ddfmread.obj
 0001:0003d4a2       _fmread                    0043e4a2 f   dataman:ddfmread.obj
 0001:0003d520       _btreeitemindex            0043e520 f   dataman:ddfmindx.obj
 0001:0003d5fa       _btreedaddr                0043e5fa f   dataman:ddfmindx.obj
 0001:0003d6a3       _btreegetbyindex           0043e6a3 f   dataman:ddfmindx.obj
 0001:0003d850       _btreeopen                 0043e850 f   dataman:ddfminit.obj
 0001:0003db12       _btreequickndx             0043eb12 f   dataman:ddfminit.obj
 0001:0003deeb       _btreecountitems           0043eeeb f   dataman:ddfminit.obj
 0001:0003e0dd       _btreebldindex             0043f0dd f   dataman:ddfminit.obj
 0001:0003e2c2       _btreeclose                0043f2c2 f   dataman:ddfminit.obj
 0001:0003e3a6       _ddbuildfname              0043f3a6 f   dataman:ddfminit.obj
 0001:0003e4f0       _btreeitemname             0043f4f0 f   dataman:ddfmname.obj
 0001:0003e5c0       _local_create_group        0043f5c0 f   dataman:ddlocals.obj
 0001:0003e665       _local_allocate            0043f665 f   dataman:ddlocals.obj
 0001:0003e86c       _local_deallocate          0043f86c f   dataman:ddlocals.obj
 0001:0003e948       _local_deallocate_all      0043f948 f   dataman:ddlocals.obj
 0001:0003e9dc       _local_get                 0043f9dc f   dataman:ddlocals.obj
 0001:0003ea74       _local_get_by_name         0043fa74 f   dataman:ddlocals.obj
 0001:0003eb05       _local_index               0043fb05 f   dataman:ddlocals.obj
 0001:0003eb95       _local_name                0043fb95 f   dataman:ddlocals.obj
 0001:0003ec12       _local_name_by_fp          0043fc12 f   dataman:ddlocals.obj
 0001:0003ec6a       _local_set_ddh             0043fc6a f   dataman:ddlocals.obj
 0001:0003ef59       _local_dump_locals         0043ff59 f   dataman:ddlocals.obj
 0001:0003f0b0       _convert_ints              004400b0 f   dataman:ddbytrev.obj
 0001:00040380       _btreeinsertitem           00441380 f   ddmaint:ddfmwrit.obj
 0001:000403fa       _btreeinsert               004413fa f   ddmaint:ddfmwrit.obj
 0001:0004064b       _btreedeleteitem           0044164b f   ddmaint:ddfmwrit.obj
 0001:0004068f       _btreedelete               0044168f f   ddmaint:ddfmwrit.obj
 0001:00040843       _btreeputstat              00441843 f   ddmaint:ddfmwrit.obj
 0001:000409ed       _fmwrite                   004419ed f   ddmaint:ddfmwrit.obj
 0001:00040a69       _btreewrite                00441a69 f   ddmaint:ddfmwrit.obj
 0001:00040d00       _ddsetsignal               00441d00 f   ddmaint:ddsignal.obj
 0001:00040d30       _dd_inc_update             00441d30 f   ddmaint:ddsignal.obj
 0001:00040d42       _dd_dec_update             00441d42 f   ddmaint:ddsignal.obj
 0001:00040e30       _ddput                     00441e30 f   ddmaint:ddwrite.obj
 0001:00041b2c       _dddel                     00442b2c f   ddmaint:ddwrite.obj
 0001:00041e5b       _ddputstat                 00442e5b f   ddmaint:ddwrite.obj
 0001:000421bb       _ddsaveqck                 004431bb f   ddmaint:ddwrite.obj
 0001:00042bb0       _ddaddappl                 00443bb0 f   ddmaint:ddmaint.obj
 0001:00042df9       _ddidentical               00443df9 f   ddmaint:ddmaint.obj
 0001:00043c1b       _legalname                 00444c1b f   ddmaint:ddmaint.obj
 0001:00044110       _decadd                    00445110 f   decmath:DECADD.OBJ
 0001:000443c1       _decsub                    004453c1 f   decmath:DECADD.OBJ
 0001:00044980       _decdiv                    00445980 f   decmath:DECDIV.OBJ
 0001:00044cf3       _decmod                    00445cf3 f   decmath:DECDIV.OBJ
 0001:00045530       _deccmp                    00446530 f   decmath:DECCMP.OBJ
 0001:000457a0       _abscmp                    004467a0 f   decmath:DECMISC.OBJ
 0001:00045810       _decmove                   00446810 f   decmath:DECMISC.OBJ
 0001:00045a19       _dectrim                   00446a19 f   decmath:DECMISC.OBJ
 0001:00045ab0       _decmovlj                  00446ab0 f   decmath:DECMISC.OBJ
 0001:00045bd0       _gl_createfreev            00446bd0 f   listmgr:listmgr.obj
 0001:00045c8d       _gl_createfree             00446c8d f   listmgr:listmgr.obj
 0001:00045ca0       _gl_create                 00446ca0 f   listmgr:listmgr.obj
 0001:00045cd4       _gl_create_head            00446cd4 f   listmgr:listmgr.obj
 0001:00045d06       _gl_append                 00446d06 f   listmgr:listmgr.obj
 0001:00045e44       _gl_insertafter            00446e44 f   listmgr:listmgr.obj
 0001:00045f16       _gl_insertbefore           00446f16 f   listmgr:listmgr.obj
 0001:00045ff1       _gl_remove                 00446ff1 f   listmgr:listmgr.obj
 0001:00046088       _gl_free_head              00447088 f   listmgr:listmgr.obj
 0001:00046106       _gl_free                   00447106 f   listmgr:listmgr.obj
 0001:00046130       _MCNInit                   00447130 f   mcn:mcn.obj
 0001:0004630b       _MCNCleanup                0044730b f   mcn:mcn.obj
 0001:00046331       _MCNAddSocket              00447331 f   mcn:mcn.obj
 0001:00046375       _MCNRemoveSocket           00447375 f   mcn:mcn.obj
 0001:000463c0       _MCNAddMessage             004473c0 f   mcn:mcn.obj
 0001:000463f8       _MCNRemoveMessage          004473f8 f   mcn:mcn.obj
 0001:00046424       _MCNOpenListen             00447424 f   mcn:mcn.obj
 0001:0004644b       _MCNOpenListenEx           0044744b f   mcn:mcn.obj
 0001:000466e4       _MCNConnect                004476e4 f   mcn:mcn.obj
 0001:00046877       _MCNConnectService         00447877 f   mcn:mcn.obj
 0001:00046a63       _MCNPingService            00447a63 f   mcn:mcn.obj
 0001:00046b23       _MCNAsyncConnect           00447b23 f   mcn:mcn.obj
 0001:00046e63       _MCNAsyncConnectService    00447e63 f   mcn:mcn.obj
 0001:00047f06       _MCNAsyncListen            00448f06 f   mcn:mcn.obj
 0001:00048009       _MCNAsyncRecv              00449009 f   mcn:mcn.obj
 0001:0004814c       _MCNAsyncSend              0044914c f   mcn:mcn.obj
 0001:0004828f       _MCNRecv                   0044928f f   mcn:mcn.obj
 0001:0004840a       _MCNSend                   0044940a f   mcn:mcn.obj
 0001:000485dc       _MCNGetAddress             004495dc f   mcn:mcn.obj
 0001:000487bd       _MCNOpenDatagram           004497bd f   mcn:mcn.obj
 0001:000489e9       _MCNAsyncRecvDatagram      004499e9 f   mcn:mcn.obj
 0001:00048b5b       _MCNAsyncSendDatagram      00449b5b f   mcn:mcn.obj
 0001:00048ccd       _MCNCancel                 00449ccd f   mcn:mcn.obj
 0001:00048e45       _MCNClose                  00449e45 f   mcn:mcn.obj
 0001:00048f4a       _MCNMessage                00449f4a f   mcn:mcn.obj
 0001:0004a563       _MCNBuildServerLocate      0044b563 f   mcn:mcn.obj
 0001:0004a5cb       _MCNBuildServerLocationMsg 0044b5cb f   mcn:mcn.obj
 0001:0004a695       _MCNBuildServerLocation    0044b695 f   mcn:mcn.obj
 0001:0004ac4f       _MCNbeat                   0044bc4f f   mcn:mcn.obj
 0001:0004ad4e       _MCNbeatHeart              0044bd4e f   mcn:mcn.obj
 0001:0004b194       _MCNSetULog                0044c194 f   mcn:mcn.obj
 0001:0004b1ef       _MCNULog                   0044c1ef f   mcn:mcn.obj
 0001:0004b3d0       _must_fix                  0044c3d0 f   misc:mustfix.obj
 0001:0004b416       _must_fixe                 0044c416 f   misc:mustfix.obj
 0001:0004b4a0       _swerrorvmsg               0044c4a0 f   misc:swerrorv.obj
 0001:0004b4cc       _swtextvmsg                0044c4cc f   misc:swerrorv.obj
 0001:0004b4f8       _swvargerror               0044c4f8 f   misc:swerrorv.obj
 0001:0004b550       _eraction                  0044c550 f   misc:er.obj
 0001:0004b672       _erbug                     0044c672 f   misc:er.obj
 0001:0004b6fe       _erbugn                    0044c6fe f   misc:er.obj
 0001:0004b734       _ersysn                    0044c734 f   misc:er.obj
 0001:0004b76a       _erfile                    0044c76a f   misc:er.obj
 0001:0004b797       _erspace                   0044c797 f   misc:er.obj
 0001:0004b7c4       _ersys                     0044c7c4 f   misc:er.obj
 0001:0004b7f1       _erusage                   0044c7f1 f   misc:er.obj
 0001:0004b81e       _eruser                    0044c81e f   misc:er.obj
 0001:0004b84b       _erusern                   0044c84b f   misc:er.obj
 0001:0004b890       _mem_alloc                 0044c890 f   misc:memory.obj
 0001:0004b8a2       _mem_free                  0044c8a2 f   misc:memory.obj
 0001:0004b8b9       _mem_realloc               0044c8b9 f   misc:memory.obj
 0001:0004b8cf       _mem_calloc                0044c8cf f   misc:memory.obj
 0001:0004b8e5       _memr_alloc                0044c8e5 f   misc:memory.obj
 0001:0004b968       _memr_free                 0044c968 f   misc:memory.obj
 0001:0004ba07       _memr_realloc              0044ca07 f   misc:memory.obj
 0001:0004ba85       _memr_calloc               0044ca85 f   misc:memory.obj
 0001:0004bac0       _cvxl                      0044cac0 f   misc:cv.obj
 0001:0004bc30       _swerrormsg                0044cc30 f   misc:swerrmsg.obj
 0001:0004bed2       _swtextmsg                 0044ced2 f   misc:swerrmsg.obj
 0001:0004bf20       _go_away                   0044cf20 f   misc:mustfixn.obj
 0001:0004bfa1       _must_fixn                 0044cfa1 f   misc:mustfixn.obj
 0001:0004bff0       _must_stop                 0044cff0 f   misc:mustfixn.obj
 0001:0004c03f       _must_fixen                0044d03f f   misc:mustfixn.obj
 0001:0004c0f0       _msgrtn_init               0044d0f0 f   misc:msgrtn.obj
 0001:0004c1b0       _mri                       0044d1b0 f   misc:msgrtn.obj
 0001:0004c1e6       _mrw                       0044d1e6 f   misc:msgrtn.obj
 0001:0004c21c       _mre                       0044d21c f   misc:msgrtn.obj
 0001:0004c488       _get_mri                   0044d488 f   misc:msgrtn.obj
 0001:0004c49b       _get_mrw                   0044d49b f   misc:msgrtn.obj
 0001:0004c4ae       _get_mre                   0044d4ae f   misc:msgrtn.obj
 0001:0004c54b       _SetMsgbuflen              0044d54b f   misc:msgrtn.obj
 0001:0004c558       _set_mri                   0044d558 f   misc:msgrtn.obj
 0001:0004c576       _set_mrw                   0044d576 f   misc:msgrtn.obj
 0001:0004c594       _set_mre                   0044d594 f   misc:msgrtn.obj
 0001:0004c680       _mem2free                  0044d680 f   misc:mem2free.obj
 0001:0004c73e       _memdofree                 0044d73e f   misc:mem2free.obj
 0001:0004c7c0       _nap                       0044d7c0 f   misc:nap.obj
 0001:0004c7d0       _strindex                  0044d7d0 f   misc:strindex.obj
 0001:0004c890       _getopt                    0044d890 f   misc:getopt.obj
 0001:0004cca0       _moaLoadVerStruct          0044dca0 f   misc:verinfo.obj
 0001:0004cd7d       _moaGetVerString           0044dd7d f   misc:verinfo.obj
 0001:0004ce56       _moaFreeVerStruct          0044de56 f   misc:verinfo.obj
 0001:0004ce6e       _PrintRelInfo              0044de6e f   misc:verinfo.obj
 0001:0004ceed       _moaVerMsg                 0044deed f   misc:verinfo.obj
 0001:0004d070       _dumpbulk                  0044e070 f   misc:dumper.obj
 0001:0004d0ee       _dmpbulk                   0044e0ee f   misc:dumper.obj
 0001:0004d170       _hexdump                   0044e170 f   misc:hexdump.obj
 0001:0004d660       _comm_re_comp              0044e660 f   misc:regcomp.obj
 0001:0004e023       _get_nybble                0044f023 f   misc:regcomp.obj
 0001:0004e090       _field2decwork             0044f090 f   misc:convers.obj
 0001:0004e152       _decwork2field             0044f152 f   misc:convers.obj
 0001:0004e8f7       _str2decwork               0044f8f7 f   misc:convers.obj
 0001:0004eb52       _decwork2str               0044fb52 f   misc:convers.obj
 0001:0004eced       _remove_digits             0044fced f   misc:convers.obj
 0001:0004ee83       _isASCIIfield              0044fe83 f   misc:convers.obj
 0001:0004eec8       _isNUMERICfield            0044fec8 f   misc:convers.obj
 0001:0004ef1c       _isDISPLAYfield            0044ff1c f   misc:convers.obj
 0001:0004ef54       _int2decwork               0044ff54 f   misc:convers.obj
 0001:0004f018       _int2str                   00450018 f   misc:convers.obj
 0001:0004f16a       _str2int                   0045016a f   misc:convers.obj
 0001:0004f2b7       _decwork2int               004502b7 f   misc:convers.obj
 0001:0004f33d       _field2int                 0045033d f   misc:convers.obj
 0001:0004f48f       _int2field                 0045048f f   misc:convers.obj
 0001:0004f6ef       _field2str                 004506ef f   misc:convers.obj
 0001:0004f7b8       _str2field                 004507b8 f   misc:convers.obj
 0001:0004fbec       _strn2decwork              00450bec f   misc:convers.obj
 0001:0004fc40       _strn2field                00450c40 f   misc:convers.obj
 0001:0004fcbb       _field_datalen             00450cbb f   misc:convers.obj
 0001:0004fd6b       _clr_fld_storage           00450d6b f   misc:convers.obj
 0001:0004fe4f       _getSubString              00450e4f f   misc:convers.obj
 0001:0004ffbb       _getSubStrStart            00450fbb f   misc:convers.obj
 0001:0005008b       _getSubStrLen              0045108b f   misc:convers.obj
 0001:00050110       _re_execb                  00451110 f   misc:regexec.obj
 0001:000507b0       _valid_date                004517b0 f   misc:dates.obj
 0001:00050aec       _firstday                  00451aec f   misc:dates.obj
 0001:00050b6b       _yeartype                  00451b6b f   misc:dates.obj
 0001:00050bd1       _day_of_week               00451bd1 f   misc:dates.obj
 0001:00050c9f       _day_of                    00451c9f f   misc:dates.obj
 0001:00050cc3       _month_of                  00451cc3 f   misc:dates.obj
 0001:00050ce7       _year_of                   00451ce7 f   misc:dates.obj
 0001:00050d0b       _date_subtract             00451d0b f   misc:dates.obj
 0001:00050d4c       _days_to                   00451d4c f   misc:dates.obj
 0001:00050e62       _date_add                  00451e62 f   misc:dates.obj
 0001:00051172       _date_compare              00452172 f   misc:dates.obj
 0001:00051241       _date_convert              00452241 f   misc:dates.obj
 0001:0005165f       _day_of_year               0045265f f   misc:dates.obj
 0001:000516e5       _bld_cal                   004526e5 f   misc:dates.obj
 0001:000519ff       _make_date_string          004529ff f   misc:dates.obj
 0001:00051a22       _dayname                   00452a22 f   misc:dates.obj
 0001:00051c3e       _monthname                 00452c3e f   misc:dates.obj
 0001:00051de5       _daycount                  00452de5 f   misc:dates.obj
 0001:00051e00       _prnt                      00452e00 f   misc:hexdmp.obj
 0001:00051eba       _hexdmp                    00452eba f   misc:hexdmp.obj
 0001:000523f0       _show_message              004533f0 f   misc:showmsg.obj
 0001:00052410       _swerror                   00453410 f   misc:swerror.obj
 0001:00052580       _optype                    00453580 f   misc:pclcomn.obj
 0001:0005279c       _tsize                     0045379c f   misc:pclcomn.obj
 0001:00052abd       _separate_names            00453abd f   misc:pclcomn.obj
 0001:00052c9e       _validnumber               00453c9e f   misc:pclcomn.obj
 0001:00052de9       _fld_typename              00453de9 f   misc:pclcomn.obj
 0001:00052e10       _make_filename             00453e10 f   misc:filename.obj
 0001:00053035       _tempdir                   00454035 f   misc:filename.obj
 0001:000531c0       _required_files            004541c0 f   misc:filename.obj
 0001:00053290       _get_byte                  00454290 f   misc:get_byte.obj
 0001:00053830       _date_set_error            00454830 f   misc:date_err.obj
 0001:00053850       _edit_cursorloc            00454850 f   misc:editfill.obj
 0001:00053b53       _editsuffixlength          00454b53 f   misc:editfill.obj
 0001:00053c52       _editstring                00454c52 f   misc:editfill.obj
 0001:00054d7f       _edit_pad                  00455d7f f   misc:editfill.obj
 0001:00054e86       _editlength                00455e86 f   misc:editfill.obj
 0001:00055238       _editfill                  00456238 f   misc:editfill.obj
 0001:00055703       _isspacestr                00456703 f   misc:editfill.obj
 0001:0005573b       _edit_check_valid          0045673b f   misc:editfill.obj
 0001:00055f35       _edit_shift_date           00456f35 f   misc:editfill.obj
 0001:0005618a       _editdatechar              0045718a f   misc:editfill.obj
 0001:00056491       _edit_errfill              00457491 f   misc:editfill.obj
 0001:000564ee       _edit_de_edit              004574ee f   misc:editfill.obj
 0001:00056900       _NLSInit                   00457900 f   nls:nls.obj
 0001:00056a40       _moaLoadString             00457a40 f   nls:nls.obj
 0001:00056afe       _IME_WndProc@16            00457afe f   nls:nls.obj
 0001:00056b80       _clUnregisterClass         00457b80 f   shcl:clinit.obj
 0001:00056bb9       _clwindow                  00457bb9 f   shcl:clinit.obj
 0001:00056df3       _cds_udp_port              00457df3 f   shcl:clinit.obj
 0001:00056ff9       _clinit_inner              00457ff9 f   shcl:clinit.obj
 0001:00057793       _cdsInit                   00458793 f   shcl:clinit.obj
 0001:000577bf       _cdsInitCcb                004587bf f   shcl:clinit.obj
 0001:000577fc       _cdsPing_inner             004587fc f   shcl:clinit.obj
 0001:000578cc       _cdsPing                   004588cc f   shcl:clinit.obj
 0001:00057950       _cdsPop                    00458950 f   shcl:clmultis.obj
 0001:00057bbf       _cdsClearStack             00458bbf f   shcl:clmultis.obj
 0001:00057bd6       _cdsPush                   00458bd6 f   shcl:clmultis.obj
 0001:00057e5e       _no_table                  00458e5e f   shcl:clmultis.obj
 0001:00057e7a       _add_to_tab_list           00458e7a f   shcl:clmultis.obj
 0001:00057fe7       _cltab_list                00458fe7 f   shcl:clmultis.obj
 0001:000580e0       _find_cltab                004590e0 f   shcl:clmultis.obj
 0001:0005825b       _remove_cltab              0045925b f   shcl:clmultis.obj
 0001:000582f3       _new_clconnect             004592f3 f   shcl:clmultis.obj
 0001:000583d8       _find_ccb                  004593d8 f   shcl:clmultis.obj
 0001:000584b3       _isConnected               004594b3 f   shcl:clmultis.obj
 0001:0005852d       _find_coordinator          0045952d f   shcl:clmultis.obj
 0001:00058612       _remove_clconnect          00459612 f   shcl:clmultis.obj
 0001:000586d3       _close_all_clconnects      004596d3 f   shcl:clmultis.obj
 0001:00058740       _close_clconnect           00459740 f   shcl:clmultis.obj
 0001:0005897d       _close_cds_connect         0045997d f   shcl:clmultis.obj
 0001:000589b3       _find_clcontext            004599b3 f   shcl:clmultis.obj
 0001:00058a71       _find_clcontext_in_ccb     00459a71 f   shcl:clmultis.obj
 0001:00058b25       _find_clcontext_by_rptr    00459b25 f   shcl:clmultis.obj
 0001:00058bb4       _remove_clcontext          00459bb4 f   shcl:clmultis.obj
 0001:00058c6c       _remove_contexts_on_table  00459c6c f   shcl:clmultis.obj
 0001:00058d2f       _rm_tbl_clcontext          00459d2f f   shcl:clmultis.obj
 0001:00058d60       _remove_clcontexts         00459d60 f   shcl:clmultis.obj
 0001:00058e04       _rm_all_clcontexts         00459e04 f   shcl:clmultis.obj
 0001:00058e3a       _get_clcontext             00459e3a f   shcl:clmultis.obj
 0001:00059111       _get_join_context          0045a111 f   shcl:clmultis.obj
 0001:0005941a       _isolate_tab_name          0045a41a f   shcl:clmultis.obj
 0001:0005945f       _end_clluw                 0045a45f f   shcl:clmultis.obj
 0001:000594dd       _two_phase_commit          0045a4dd f   shcl:clmultis.obj
 0001:000596cd       _complete_the_action       0045a6cd f   shcl:clmultis.obj
 0001:00059857       _list_clcontexts           0045a857 f   shcl:clmultis.obj
 0001:00059940       _clrun                     0045a940 f   shcl:clrun.obj
 0001:00059f44       _clnwrun                   0045af44 f   shcl:clrun.obj
 0001:00059fad       _clwait                    0045afad f   shcl:clrun.obj
 0001:0005a280       _clstatinit                0045b280 f   shcl:clstat.obj
 0001:0005a2be       _clsetstats                0045b2be f   shcl:clstat.obj
 0001:0005a2fa       _clusetstats               0045b2fa f   shcl:clstat.obj
 0001:0005a310       _clsvsetup                 0045b310 f   shcl:clsvfunc.obj
 0001:0005a560       _create_clrb               0045b560 f   shcl:clrb.obj
 0001:0005a620       _find_clrb                 0045b620 f   shcl:clrb.obj
 0001:0005a6b4       _destroy_clrb              0045b6b4 f   shcl:clrb.obj
 0001:0005a707       _release_clrb              0045b707 f   shcl:clrb.obj
 0001:0005a765       _close_connect_clrbs       0045b765 f   shcl:clrb.obj
 0001:0005a830       _cldbgsbuf                 0045b830 f   shcl:cldebug.obj
 0001:0005a848       _cldbgscomm                0045b848 f   shcl:cldebug.obj
 0001:0005a859       _cldbgsfunc                0045b859 f   shcl:cldebug.obj
 0001:0005a86a       _cldbgsall                 0045b86a f   shcl:cldebug.obj
 0001:0005a882       _clerrinit                 0045b882 f   shcl:cldebug.obj
 0001:0005a921       _cldbgubuf                 0045b921 f   shcl:cldebug.obj
 0001:0005a939       _cldbgucomm                0045b939 f   shcl:cldebug.obj
 0001:0005a94a       _cldbgufunc                0045b94a f   shcl:cldebug.obj
 0001:0005a95b       _cldbguall                 0045b95b f   shcl:cldebug.obj
 0001:0005a980       _clpack                    0045b980 f   shcl:clpack.obj
 0001:0005af70       _clunpack                  0045bf70 f   shcl:clunpack.obj
 0001:0005b420       _Cds_Initial_with_ccb      0045c420 f   shcl:clcdinit.obj
 0001:0005b4d0       _Cds_Initial               0045c4d0 f   shcl:clcdinit.obj
 0001:0005b50f       _Cds_Init                  0045c50f f   shcl:clcdinit.obj
 0001:0005b539       _clAllocCDSEnv             0045c539 f   shcl:clcdinit.obj
 0001:0005b72e       _clAllocEnv                0045c72e f   shcl:clcdinit.obj
 0001:0005b747       _clFreeEnv                 0045c747 f   shcl:clcdinit.obj
 0001:0005b84a       _memset                    0045c84a f   MSVCRTD:MSVCRTD.dll
 0001:0005b850       _strcmp                    0045c850 f   MSVCRTD:MSVCRTD.dll
 0001:0005b856       __write                    0045c856 f   MSVCRTD:MSVCRTD.dll
 0001:0005b85c       _strncmp                   0045c85c f   MSVCRTD:MSVCRTD.dll
 0001:0005b862       _memcpy                    0045c862 f   MSVCRTD:MSVCRTD.dll
 0001:0005b868       _strcpy                    0045c868 f   MSVCRTD:MSVCRTD.dll
 0001:0005b86e       _strlen                    0045c86e f   MSVCRTD:MSVCRTD.dll
 0001:0005b874       _memcmp                    0045c874 f   MSVCRTD:MSVCRTD.dll
 0001:0005b87a       _strncpy                   0045c87a f   MSVCRTD:MSVCRTD.dll
 0001:0005b880       __assert                   0045c880 f   MSVCRTD:MSVCRTD.dll
 0001:0005b886       _strcat                    0045c886 f   MSVCRTD:MSVCRTD.dll
 0001:0005b88c       _ctime                     0045c88c f   MSVCRTD:MSVCRTD.dll
 0001:0005b892       _time                      0045c892 f   MSVCRTD:MSVCRTD.dll
 0001:0005b898       __close                    0045c898 f   MSVCRTD:MSVCRTD.dll
 0001:0005b89e       __open                     0045c89e f   MSVCRTD:MSVCRTD.dll
 0001:0005b8a4       _signal                    0045c8a4 f   MSVCRTD:MSVCRTD.dll
 0001:0005b8aa       __unlink                   0045c8aa f   MSVCRTD:MSVCRTD.dll
 0001:0005b8b0       __creat                    0045c8b0 f   MSVCRTD:MSVCRTD.dll
 0001:0005b8b6       _rename                    0045c8b6 f   MSVCRTD:MSVCRTD.dll
 0001:0005b8bc       __errno                    0045c8bc f   MSVCRTD:MSVCRTD.dll
 0001:0005b8c2       __access                   0045c8c2 f   MSVCRTD:MSVCRTD.dll
 0001:0005b8c8       _atoi                      0045c8c8 f   MSVCRTD:MSVCRTD.dll
 0001:0005b8ce       _exit                      0045c8ce f   MSVCRTD:MSVCRTD.dll
 0001:0005b8d4       _sprintf                   0045c8d4 f   MSVCRTD:MSVCRTD.dll
 0001:0005b8e0       _abort                     0045c8e0 f   MSVCRTD:MSVCRTD.dll
 0001:0005b8e6       _fflush                    0045c8e6 f   MSVCRTD:MSVCRTD.dll
 0001:0005b8ec       _fwrite                    0045c8ec f   MSVCRTD:MSVCRTD.dll
 0001:0005b8f2       __vsnprintf                0045c8f2 f   MSVCRTD:MSVCRTD.dll
 0001:0005b8f8       __stat                     0045c8f8 f   MSVCRTD:MSVCRTD.dll
 0001:0005b8fe       _tolower                   0045c8fe f   MSVCRTD:MSVCRTD.dll
 0001:0005b904       _strtol                    0045c904 f   MSVCRTD:MSVCRTD.dll
 0001:0005b90a       _getenv                    0045c90a f   MSVCRTD:MSVCRTD.dll
 0001:0005b910       _WinMainCRTStartup         0045c910 f   MSVCRTD:crtexew.obj
 0001:0005bb0a       __commit                   0045cb0a f   MSVCRTD:MSVCRTD.dll
 0001:0005bb10       __isctype                  0045cb10 f   MSVCRTD:MSVCRTD.dll
 0001:0005bb16       _vsprintf                  0045cb16 f   MSVCRTD:MSVCRTD.dll
 0001:0005bb1c       _qsort                     0045cb1c f   MSVCRTD:MSVCRTD.dll
 0001:0005bb30       __alloca_probe             0045cb30 f   MSVCRTD:chkstk.obj
 0001:0005bb30       __chkstk                   0045cb30 f   MSVCRTD:chkstk.obj
 0001:0005bb60       __read                     0045cb60 f   MSVCRTD:MSVCRTD.dll
 0001:0005bb66       __lseek                    0045cb66 f   MSVCRTD:MSVCRTD.dll
 0001:0005bb6c       _toupper                   0045cb6c f   MSVCRTD:MSVCRTD.dll
 0001:0005bb72       _strchr                    0045cb72 f   MSVCRTD:MSVCRTD.dll
 0001:0005bb78       __locking                  0045cb78 f   MSVCRTD:MSVCRTD.dll
 0001:0005bb7e       _strtok                    0045cb7e f   MSVCRTD:MSVCRTD.dll
 0001:0005bb84       __chdir                    0045cb84 f   MSVCRTD:MSVCRTD.dll
 0001:0005bb8a       ___p__pgmptr               0045cb8a f   MSVCRTD:MSVCRTD.dll
 0001:0005bb90       _memchr                    0045cb90 f   MSVCRTD:MSVCRTD.dll
 0001:0005bb96       _sscanf                    0045cb96 f   MSVCRTD:MSVCRTD.dll
 0001:0005bb9c       _putchar                   0045cb9c f   MSVCRTD:MSVCRTD.dll
 0001:0005bba2       _puts                      0045cba2 f   MSVCRTD:MSVCRTD.dll
 0001:0005bba8       _printf                    0045cba8 f   MSVCRTD:MSVCRTD.dll
 0001:0005bbae       _fprintf                   0045cbae f   MSVCRTD:MSVCRTD.dll
 0001:0005bbb4       _fputs                     0045cbb4 f   MSVCRTD:MSVCRTD.dll
 0001:0005bbba       _free                      0045cbba f   MSVCRTD:MSVCRTD.dll
 0001:0005bbc0       _calloc                    0045cbc0 f   MSVCRTD:MSVCRTD.dll
 0001:0005bbc6       _fclose                    0045cbc6 f   MSVCRTD:MSVCRTD.dll
 0001:0005bbcc       _malloc                    0045cbcc f   MSVCRTD:MSVCRTD.dll
 0001:0005bbd2       _realloc                   0045cbd2 f   MSVCRTD:MSVCRTD.dll
 0001:0005bbd8       _fgets                     0045cbd8 f   MSVCRTD:MSVCRTD.dll
 0001:0005bbde       _fopen                     0045cbde f   MSVCRTD:MSVCRTD.dll
 0001:0005bbe4       _fputc                     0045cbe4 f   MSVCRTD:MSVCRTD.dll
 0001:0005bbea       __splitpath                0045cbea f   MSVCRTD:MSVCRTD.dll
 0001:0005bbf0       __snprintf                 0045cbf0 f   MSVCRTD:MSVCRTD.dll
 0001:0005bbf6       _abs                       0045cbf6 f   MSVCRTD:MSVCRTD.dll
 0001:0005bbfc       __exit                     0045cbfc f   MSVCRTD:MSVCRTD.dll
 0001:0005bc02       __XcptFilter               0045cc02 f   MSVCRTD:MSVCRTD.dll
 0001:0005bc08       ___getmainargs             0045cc08 f   MSVCRTD:MSVCRTD.dll
 0001:0005bc0e       __initterm                 0045cc0e f   MSVCRTD:MSVCRTD.dll
 0001:0005bc20       __setdefaultprecision      0045cc20 f   MSVCRTD:fp8.obj
 0001:0005bc38       ___setusermatherr          0045cc38 f   MSVCRTD:MSVCRTD.dll
 0001:0005bc40       __matherr                  0045cc40 f   MSVCRTD:merr.obj
 0001:0005bc50       __setargv                  0045cc50 f   MSVCRTD:dllargv.obj
 0001:0005bc56       ___p__commode              0045cc56 f   MSVCRTD:MSVCRTD.dll
 0001:0005bc5c       ___p__fmode                0045cc5c f   MSVCRTD:MSVCRTD.dll
 0001:0005bc70       __onexit                   0045cc70 f   MSVCRTD:atonexit.obj
 0001:0005bcb0       _atexit                    0045ccb0 f   MSVCRTD:atonexit.obj
 0001:0005bcc8       ___set_app_type            0045ccc8 f   MSVCRTD:MSVCRTD.dll
 0001:0005bcce       __except_handler3          0045ccce f   MSVCRTD:MSVCRTD.dll
 0001:0005bcd4       __controlfp                0045ccd4 f   MSVCRTD:MSVCRTD.dll
 0001:0005bcda       ___dllonexit               0045ccda f   MSVCRTD:MSVCRTD.dll
 0001:0005bce0       _inet_ntoa@4               0045cce0 f   wsock32:WSOCK32.dll
 0001:0005bce6       _gethostbyname@4           0045cce6 f   wsock32:WSOCK32.dll
 0001:0005bcec       _WSAGetLastError@0         0045ccec f   wsock32:WSOCK32.dll
 0001:0005bcf2       _gethostname@8             0045ccf2 f   wsock32:WSOCK32.dll
 0001:0005bcf8       _WSAStartup@8              0045ccf8 f   wsock32:WSOCK32.dll
 0001:0005bcfe       _WSACleanup@0              0045ccfe f   wsock32:WSOCK32.dll
 0001:0005bd04       _listen@8                  0045cd04 f   wsock32:WSOCK32.dll
 0001:0005bd0a       _ntohs@4                   0045cd0a f   wsock32:WSOCK32.dll
 0001:0005bd10       _getsockname@12            0045cd10 f   wsock32:WSOCK32.dll
 0001:0005bd16       _bind@12                   0045cd16 f   wsock32:WSOCK32.dll
 0001:0005bd1c       _closesocket@4             0045cd1c f   wsock32:WSOCK32.dll
 0001:0005bd22       _socket@12                 0045cd22 f   wsock32:WSOCK32.dll
 0001:0005bd28       _connect@12                0045cd28 f   wsock32:WSOCK32.dll
 0001:0005bd2e       _WSACancelAsyncRequest@4   0045cd2e f   wsock32:WSOCK32.dll
 0001:0005bd34       _WSAAsyncGetHostByName@20  0045cd34 f   wsock32:WSOCK32.dll
 0001:0005bd3a       _ioctlsocket@12            0045cd3a f   wsock32:WSOCK32.dll
 0001:0005bd40       _WSAAsyncGetServByName@24  0045cd40 f   wsock32:WSOCK32.dll
 0001:0005bd46       _setsockopt@20             0045cd46 f   wsock32:WSOCK32.dll
 0001:0005bd4c       _htonl@4                   0045cd4c f   wsock32:WSOCK32.dll
 0001:0005bd52       _htons@4                   0045cd52 f   wsock32:WSOCK32.dll
 0001:0005bd58       _WSAAsyncSelect@16         0045cd58 f   wsock32:WSOCK32.dll
 0001:0005bd5e       _sendto@24                 0045cd5e f   wsock32:WSOCK32.dll
 0001:0005bd64       _recvfrom@24               0045cd64 f   wsock32:WSOCK32.dll
 0001:0005bd6a       _getservbyname@8           0045cd6a f   wsock32:WSOCK32.dll
 0001:0005bd70       _getsockopt@20             0045cd70 f   wsock32:WSOCK32.dll
 0001:0005bd76       _accept@12                 0045cd76 f   wsock32:WSOCK32.dll
 0001:0005bd7c       _send@16                   0045cd7c f   wsock32:WSOCK32.dll
 0001:0005bd82       _ntohl@4                   0045cd82 f   wsock32:WSOCK32.dll
 0001:0005bd88       _recv@16                   0045cd88 f   wsock32:WSOCK32.dll
 0001:0005bd8e       _select@20                 0045cd8e f   wsock32:WSOCK32.dll
 0001:0005bd94       _LeaveCriticalSection@4    0045cd94 f   kernel32:KERNEL32.dll
 0001:0005bd9a       _EnterCriticalSection@4    0045cd9a f   kernel32:KERNEL32.dll
 0001:0005bda0       _SetThreadPriority@8       0045cda0 f   kernel32:KERNEL32.dll
 0001:0005bda6       _InitializeCriticalSection@4 0045cda6 f   kernel32:KERNEL32.dll
 0001:0005bdac       _SleepEx@8                 0045cdac f   kernel32:KERNEL32.dll
 0001:0005bdb2       _GetFileSize@8             0045cdb2 f   kernel32:KERNEL32.dll
 0001:0005bdb8       _GetCurrentThread@0        0045cdb8 f   kernel32:KERNEL32.dll
 0001:0005bdbe       _ReadFile@20               0045cdbe f   kernel32:KERNEL32.dll
 0001:0005bdc4       _GetPrivateProfileStringA@24 0045cdc4 f   kernel32:KERNEL32.dll
 0001:0005bdca       _TerminateThread@8         0045cdca f   kernel32:KERNEL32.dll
 0001:0005bdd0       _DeleteCriticalSection@4   0045cdd0 f   kernel32:KERNEL32.dll
 0001:0005bdd6       _Sleep@4                   0045cdd6 f   kernel32:KERNEL32.dll
 0001:0005bddc       _OpenFile@12               0045cddc f   kernel32:KERNEL32.dll
 0001:0005bde2       _lstrcpyA@8                0045cde2 f   kernel32:KERNEL32.dll
 0001:0005bde8       _lstrcatA@8                0045cde8 f   kernel32:KERNEL32.dll
 0001:0005bdee       _GetLocaleInfoA@16         0045cdee f   kernel32:KERNEL32.dll
 0001:0005bdf4       _GetSystemDefaultLangID@0  0045cdf4 f   kernel32:KERNEL32.dll
 0001:0005bdfa       _FreeLibrary@4             0045cdfa f   kernel32:KERNEL32.dll
 0001:0005be00       _GlobalFree@4              0045ce00 f   kernel32:KERNEL32.dll
 0001:0005be06       _GlobalUnlock@4            0045ce06 f   kernel32:KERNEL32.dll
 0001:0005be0c       _GlobalHandle@4            0045ce0c f   kernel32:KERNEL32.dll
 0001:0005be12       _GetCurrentThreadId@0      0045ce12 f   kernel32:KERNEL32.dll
 0001:0005be18       _GetModuleHandleA@4        0045ce18 f   kernel32:KERNEL32.dll
 0001:0005be1e       _GetStartupInfoA@4         0045ce1e f   kernel32:KERNEL32.dll
 0001:0005be24       _LoadStringA@16            0045ce24 f   user32:USER32.dll
 0001:0005be2a       _UnregisterClassA@8        0045ce2a f   user32:USER32.dll
 0001:0005be30       _UpdateWindow@4            0045ce30 f   user32:USER32.dll
 0001:0005be36       _RegOpenKeyExA@20          0045ce36 f   advapi32:ADVAPI32.dll
 0001:0005be3c       _GetUserNameA@8            0045ce3c f   advapi32:ADVAPI32.dll
 0001:0005be42       _GetFileVersionInfoA@16    0045ce42 f   version:VERSION.dll
 0001:0005be48       _GetFileVersionInfoSizeA@8 0045ce48 f   version:VERSION.dll
 0001:0005be4e       _VerQueryValueA@16         0045ce4e f   version:VERSION.dll
 0001:0005be60       _btgivvar                  0045ce60 f   cbtree:btvarlen.obj
 0001:0005c122       _btdelvar                  0045d122 f   cbtree:btvarlen.obj
 0001:0005c354       _btnxtrecv                 0045d354 f   cbtree:btvarlen.obj
 0001:0005c3ea       _btnxtvar                  0045d3ea f   cbtree:btvarlen.obj
 0001:0005c442       _btsizvar                  0045d442 f   cbtree:btvarlen.obj
 0001:0005c469       _btsiz_var                 0045d469 f   cbtree:btvarlen.obj
 0001:0005c492       _btlastvrec                0045d492 f   cbtree:btvarlen.obj
 0001:0005c623       _writzeros                 0045d623 f   cbtree:btvarlen.obj
 0001:0005ca20       _remove_corrupt_file       0045da20 f   cbtree:cbtree.obj
 0001:0005cac6       _cbtree                    0045dac6 f   cbtree:cbtree.obj
 0001:0005d460       _getfhdr                   0045e460 f   cbtree:getfhdr.obj
 0001:0005d5d0       _btcellspi                 0045e5d0 f   cbtree:btcinit.obj
 0001:0005d672       _btcinit                   0045e672 f   cbtree:btcinit.obj
 0001:0005da28       _btrterm                   0045ea28 f   cbtree:btcinit.obj
 0001:0005dab0       _alloc                     0045eab0 f   cbtree:alloc.obj
 0001:0005dac0       _ckerror                   0045eac0 f   cbtree:ckerror.obj
 0001:0005dd67       _cberror                   0045ed67 f   cbtree:ckerror.obj
 0001:0005ded0       _deletbtr                  0045eed0 f   cbtree:deletbtr.obj
 0001:0005e009       _delnode                   0045f009 f   cbtree:deletbtr.obj
 0001:0005e100       _initdat                   0045f100 f   cbtree:initdat.obj
 0001:0005e340       _creatbtr                  0045f340 f   cbtree:creatbtr.obj
 0001:0005e353       _vcreatbtr                 0045f353 f   cbtree:creatbtr.obj
 0001:0005efc0       _btrinit1                  0045ffc0 f   cbtree:btrinit1.obj
 0001:0005f000       _bt_open                   00460000 f   cbtree:btopen.obj
 0001:0005f020       _putfhdr                   00460020 f   cbtree:putfhdr.obj
 0001:0005f170       _mtch_loc                  00460170 f   cbtree:cbhdrrtn.obj
 0001:0005f1b9       _wrap_hdr                  004601b9 f   cbtree:cbhdrrtn.obj
 0001:0005f26a       _free_svkey                0046026a f   cbtree:cbhdrrtn.obj
 0001:0005f291       _free_gtkey                00460291 f   cbtree:cbhdrrtn.obj
 0001:0005f310       _pushdown                  00460310 f   cbtree:stackop.obj
 0001:0005f361       _poptop                    00460361 f   cbtree:stackop.obj
 0001:0005f397       _relstack                  00460397 f   cbtree:stackop.obj
 0001:0005f3b0       _freekeys                  004603b0 f   cbtree:freekeys.obj
 0001:0005f400       _btrdelet                  00460400 f   cbtree:btrdelet.obj
 0001:0005f74c       _cmptnode                  0046074c f   cbtree:btrdelet.obj
 0001:00060280       _btrisrt                   00461280 f   cbtree:btrisrt.obj
 0001:00060ca0       _btstrcpy                  00461ca0 f   cbtree:btstrcpy.obj
 0001:00060d10       _btrgets                   00461d10 f   cbtree:btrgets.obj
 0001:00061aa0       _binarysr                  00462aa0 f   cbtree:btbinary.obj
 0001:00061c4c       _binarydt                  00462c4c f   cbtree:btbinary.obj
 0001:00061ef8       _binarydu                  00462ef8 f   cbtree:btbinary.obj
 0001:00062000       _binvalsr                  00463000 f   cbtree:btbinval.obj
 0001:0006218b       _longcast                  0046318b f   cbtree:btbinval.obj
 0001:000621b9       _binvaldt                  004631b9 f   cbtree:btbinval.obj
 0001:00062514       _binvaldu                  00463514 f   cbtree:btbinval.obj
 0001:00062640       _getroot                   00463640 f   cbtree:getbtree.obj
 0001:000626e5       _getidxr                   004636e5 f   cbtree:getbtree.obj
 0001:00062aff       _addvidx                   00463aff f   cbtree:getbtree.obj
 0001:00062b04       _mvidxblk                  00463b04 f   cbtree:getbtree.obj
 0001:00062c0d       _updvidxp                  00463c0d f   cbtree:getbtree.obj
 0001:00062c12       _vidxdel                   00463c12 f   cbtree:getbtree.obj
 0001:00062c5f       _strsave                   00463c5f f   cbtree:getbtree.obj
 0001:00062ce0       _lockunlk                  00463ce0 f   cbtree:lockunlk.obj
 0001:00062cf0       _btstrcmp                  00463cf0 f   cbtree:btstrcmp.obj
 0001:00062d9d       _btlongcmp                 00463d9d f   cbtree:btstrcmp.obj
 0001:00062e70       _cb_malloc                 00463e70 f   cbtree:cbmemory.obj
 0001:00063178       _cb_calloc                 00464178 f   cbtree:cbmemory.obj
 0001:000631a8       _cb_free                   004641a8 f   cbtree:cbmemory.obj
 0001:00063320       _getbase                   00464320 f   cbtree:getbase.obj
 0001:00063440       _getinfo                   00464440 f   cbtree:getinfo.obj
 0001:00063550       _findroot                  00464550 f   cbtree:findroot.obj
 0001:00063800       _fdgets                    00464800 f   cbtree:fdgets.obj
 0001:0006387f       _fdgetc                    0046487f f   cbtree:fdgets.obj
 0001:000638b0       _deletrec                  004648b0 f   cbtree:deletrec.obj
 0001:000639b0       _giveidxr                  004649b0 f   cbtree:giveidxr.obj
 0001:00063c50       _cpyltbro                  00464c50 f   cbtree:cpyltbro.obj
 0001:00064050       _cpyrtbro                  00465050 f   cbtree:cpyrtbro.obj
 0001:00064660       _putroot                   00465660 f   cbtree:putbtree.obj
 0001:000646df       _putidxr                   004656df f   cbtree:putbtree.obj
 0001:00064a73       _keyadd                    00465a73 f   cbtree:putbtree.obj
 0001:00064ab0       _updilvl                   00465ab0 f   cbtree:updilvl.obj
 0001:00064c20       _deleteky                  00465c20 f   cbtree:deleteky.obj
 0001:00064ca0       _adjstack                  00465ca0 f   cbtree:adjstack.obj
 0001:00064e30       _blkshft                   00465e30 f   cbtree:blkshft.obj
 0001:00064f00       _insertky                  00465f00 f   cbtree:btinsplt.obj
 0001:00064fba       _spltnode                  00465fba f   cbtree:btinsplt.obj
 0001:00065130       _strnncpy                  00466130 f   cbtree:strnncpy.obj
 0001:000651b0       _btstrncm                  004661b0 f   cbtree:btstrncm.obj
 0001:00065300       _strnlcpy                  00466300 f   cbtree:strnlcpy.obj
 0001:00065390       _cmsend                    00466390 f   cm:cmsend.obj
 0001:000655a0       _cmwait                    004665a0 f   cm:cmrecv.obj
 0001:00065842       _cmrecv                    00466842 f   cm:cmrecv.obj
 0001:000661e0       _cmstats_init              004671e0 f   cm:cmstat.obj
 0001:00066456       _s_stat                    00467456 f   cm:cmstat.obj
 0001:0006662f       _cmstats_print             0046762f f   cm:cmstat.obj
 0001:00066d10       _rt_wait                   00467d10 f   cmsync:cmsync.obj
 0001:00066d55       _rt_signal                 00467d55 f   cmsync:cmsync.obj
 0001:00066d5c       __umask                    00467d5c f   MSVCRTD:MSVCRTD.dll
 0001:00066d62       __getcwd                   00467d62 f   MSVCRTD:MSVCRTD.dll
 0001:00066d68       __getpid                   00467d68 f   MSVCRTD:MSVCRTD.dll
 0001:00066d6e       __putenv                   00467d6e f   MSVCRTD:MSVCRTD.dll
 0001:00066d74       __stricmp                  00467d74 f   MSVCRTD:MSVCRTD.dll
 0001:00066d7a       __fstat                    00467d7a f   MSVCRTD:MSVCRTD.dll
 0001:00066d80       __sopen                    00467d80 f   MSVCRTD:MSVCRTD.dll
 0002:00000000       __imp__StartServiceCtrlDispatcherA@4 00468000     advapi32:ADVAPI32.dll
 0002:00000004       __imp__SetServiceStatus@8  00468004     advapi32:ADVAPI32.dll
 0002:00000008       __imp__RegCreateKeyA@12    00468008     advapi32:ADVAPI32.dll
 0002:0000000c       __imp__RegSetValueExA@24   0046800c     advapi32:ADVAPI32.dll
 0002:00000010       __imp__RegCloseKey@4       00468010     advapi32:ADVAPI32.dll
 0002:00000014       __imp__RegisterServiceCtrlHandlerA@8 00468014     advapi32:ADVAPI32.dll
 0002:00000018       __imp__InitializeSecurityDescriptor@8 00468018     advapi32:ADVAPI32.dll
 0002:0000001c       __imp__SetSecurityDescriptorDacl@16 0046801c     advapi32:ADVAPI32.dll
 0002:00000020       __imp__RegOpenKeyA@12      00468020     advapi32:ADVAPI32.dll
 0002:00000024       __imp__RegQueryValueExA@24 00468024     advapi32:ADVAPI32.dll
 0002:00000028       __imp__RegisterEventSourceA@8 00468028     advapi32:ADVAPI32.dll
 0002:0000002c       __imp__ReportEventA@36     0046802c     advapi32:ADVAPI32.dll
 0002:00000030       __imp__DeregisterEventSource@4 00468030     advapi32:ADVAPI32.dll
 0002:00000034       __imp__RegOpenKeyExA@20    00468034     advapi32:ADVAPI32.dll
 0002:00000038       __imp__GetUserNameA@8      00468038     advapi32:ADVAPI32.dll
 0002:0000003c       \177ADVAPI32_NULL_THUNK_DATA 0046803c     advapi32:ADVAPI32.dll
 0002:00000040       __imp__TextOutA@20         00468040     gdi32:GDI32.dll
 0002:00000044       __imp__GetStockObject@4    00468044     gdi32:GDI32.dll
 0002:00000048       \177GDI32_NULL_THUNK_DATA  00468048     gdi32:GDI32.dll
 0002:0000004c       __imp__SuspendThread@4     0046804c     kernel32:KERNEL32.dll
 0002:00000050       __imp__CreateEventA@16     00468050     kernel32:KERNEL32.dll
 0002:00000054       __imp__GetComputerNameA@8  00468054     kernel32:KERNEL32.dll
 0002:00000058       __imp__GetModuleFileNameA@12 00468058     kernel32:KERNEL32.dll
 0002:0000005c       __imp__SetEvent@4          0046805c     kernel32:KERNEL32.dll
 0002:00000060       __imp__LocalFree@4         00468060     kernel32:KERNEL32.dll
 0002:00000064       __imp__LocalAlloc@8        00468064     kernel32:KERNEL32.dll
 0002:00000068       __imp__GetVersion@0        00468068     kernel32:KERNEL32.dll
 0002:0000006c       __imp__CreateThread@24     0046806c     kernel32:KERNEL32.dll
 0002:00000070       __imp__WaitForSingleObject@8 00468070     kernel32:KERNEL32.dll
 0002:00000074       __imp__GetStartupInfoA@4   00468074     kernel32:KERNEL32.dll
 0002:00000078       __imp__ResumeThread@4      00468078     kernel32:KERNEL32.dll
 0002:0000007c       __imp__CreateNamedPipeA@32 0046807c     kernel32:KERNEL32.dll
 0002:00000080       __imp__GlobalHandle@4      00468080     kernel32:KERNEL32.dll
 0002:00000084       __imp__GlobalUnlock@4      00468084     kernel32:KERNEL32.dll
 0002:00000088       __imp__GlobalFree@4        00468088     kernel32:KERNEL32.dll
 0002:0000008c       __imp__FreeLibrary@4       0046808c     kernel32:KERNEL32.dll
 0002:00000090       __imp__GetSystemDefaultLangID@0 00468090     kernel32:KERNEL32.dll
 0002:00000094       __imp__GetLocaleInfoA@16   00468094     kernel32:KERNEL32.dll
[...]
 0003:000195cc       _cldebug                   004845cc     <common>
 0003:000195e0       _Gbuf                      004845e0     <common>
 0003:00019644       ___onexitend               00484644     <common>
 0003:00019648       ___onexitbegin             00484648     <common>
 0003:0001964c       __adjust_fdiv              0048464c     <common>

 entry point at        0001:0005b910

 Static symbols

 0001:00009384       _svpkfree                  0040a384 f   svpack.obj
 0001:00007f4b       _enough                    00408f4b f   svclpack.obj
 0001:00006b3c       _get_options               00407b3c f   start.obj
 0001:00007295       _print_usage               00408295 f   start.obj
 0001:000073d4       _setup_logging             004083d4 f   start.obj
 0001:00007647       _StopCDService             00408647 f   start.obj
 0001:00005b7f       _l2start                   00406b7f f   servnt.obj
 0001:00006123       _ListenComp                00407123 f   servnt.obj
 0001:000052f2       _send_oob                  004062f2 f   server.obj
 0001:00003a9d       _check_space               00404a9d f   cdsv.obj
 0001:00003de8       _daemonize                 00404de8 f   cdsv.obj
 0001:00003e7a       _quiet_time_expired@16     00404e7a f   cdsv.obj
 0001:00000b34       _pare_scan_que             00401b34 f   ccb.obj
 0001:00001639       _find_by_tran_id           00402639 f   ccb.obj
 0001:00001cc2       _queue_msg                 00402cc2 f   ccb.obj
 0001:00001ec7       _add_to_phase_que          00402ec7 f   ccb.obj
 0001:00001f6a       _connect_to_participant    00402f6a f   ccb.obj
 0001:000023f6       _send_all_completions      004033f6 f   ccb.obj
 0001:00002955       _phase_time_out@16         00403955 f   ccb.obj
 0001:0006246d       _get_neighbor              0046346d f   cbtree:btbinval.obj
 0001:0005ee2d       _newindex                  0045fe2d f   cbtree:creatbtr.obj
 0001:0005c2a7       _unlink_ub                 0045d2a7 f   cbtree:btvarlen.obj
 0001:0005c6ed       _read_ub                   0045d6ed f   cbtree:btvarlen.obj
 0001:0005c8ae       _remove_index              0045d8ae f   cbtree:btvarlen.obj
 0001:0005c912       _write_ub                  0045d912 f   cbtree:btvarlen.obj
 0001:00034867       _build_next_hi_low         00435867 f   cds:getindx.obj
 0001:00034c85       _reset_right_parts         00435c85 f   cds:getindx.obj
 0001:00034e4c       _bump_left                 00435e4c f   cds:getindx.obj
 0001:00035099       _build_this_hi_low         00436099 f   cds:getindx.obj
 0001:00032f2b       _recovery_failed           00433f2b f   cds:rollfor.obj
 0001:0002eca8       _die_f                     0042fca8 f   cds:rollback.obj
 0001:0002ed7b       _un_do                     0042fd7b f   cds:rollback.obj
 0001:0002f8a6       _die                       004308a6 f   cds:rollback.obj
 0001:0002fe67       _re_acquire_lock           00430e67 f   cds:rollback.obj
 0001:0002d6af       _integer_value             0042e6af f   cds:cds_subs.obj
 0001:0002d92e       _cds_bld_key               0042e92e f   cds:cds_subs.obj
 0001:0002c7f8       _int_value                 0042d7f8 f   cds:optbl.obj
 0001:0002c8ec       _numeric_compare           0042d8ec f   cds:optbl.obj
 0001:0002cba1       _op_is_not_missing         0042dba1 f   cds:optbl.obj
 0001:0002cbbb       _op_gt                     0042dbbb f   cds:optbl.obj
 0001:0002cbe5       _op_ge                     0042dbe5 f   cds:optbl.obj
 0001:0002cc0f       _op_lt                     0042dc0f f   cds:optbl.obj
 0001:0002cc31       _op_le                     0042dc31 f   cds:optbl.obj
 0001:0002cc53       _op_eq                     0042dc53 f   cds:optbl.obj
 0001:0002cc9f       _op_ne                     0042dc9f f   cds:optbl.obj
 0001:0002cceb       _op_match                  0042dceb f   cds:optbl.obj
 0001:0002cd82       _op_not_match              0042dd82 f   cds:optbl.obj
 0001:0002cd9c       _op_bit_and                0042dd9c f   cds:optbl.obj
 0001:0002ce1d       _op_bit_nand               0042de1d f   cds:optbl.obj
 0001:0002cf9e       _op_and                    0042df9e f   cds:optbl.obj
 0001:0002cfad       _op_or                     0042dfad f   cds:optbl.obj
 0001:0002ada9       _sethi                     0042bda9 f   cds:cdskey.obj
 0001:0002af26       _segbump_inner             0042bf26 f   cds:cdskey.obj
 0001:0002b15b       _segdecr_inner             0042c15b f   cds:cdskey.obj
 0001:0002b784       _segsprintf                0042c784 f   cds:cdskey.obj
 0001:00029e11       _remove_index              0042ae11 f   cds:cdscmprs.obj
 0001:00029ebf       _unlink_once_file          0042aebf f   cds:cdscmprs.obj
 0001:0002052d       _must_fixcn                0042152d f   cds:cdstable.obj
 0001:00020544       _build_indexes_record      00421544 f   cds:cdstable.obj
 0001:00020a81       _init_fields               00421a81 f   cds:cdstable.obj
 0001:00020b95       _translate_field_name      00421b95 f   cds:cdstable.obj
 0001:00020d78       _append_table              00421d78 f   cds:cdstable.obj
 0001:00020e00       _mk_ddtime                 00421e00 f   cds:cdstable.obj
 0001:00020f08       _cds_mkdb                  00421f08 f   cds:cdstable.obj
 0001:000213f8       _build_tables_record       004223f8 f   cds:cdstable.obj
 0001:00021475       _set_fields_values         00422475 f   cds:cdstable.obj
 0001:0002152f       _insert_fields_record      0042252f f   cds:cdstable.obj
 0001:000215a6       _build_fields_record       004225a6 f   cds:cdstable.obj
 0001:0002167a       _set_fields_of_indexes     0042267a f   cds:cdstable.obj
 0001:000216f4       _set_fields_of_fields      004226f4 f   cds:cdstable.obj
 0001:0002176e       _setup_table               0042276e f   cds:cdstable.obj
 0001:000221c2       _bug_at                    004231c2 f   cds:cdstable.obj
 0001:000221de       _deref_int_field           004231de f   cds:cdstable.obj
 0001:00022279       _getFieldsList             00423279 f   cds:cdstable.obj
 0001:00022fd7       _make_internal_name        00423fd7 f   cds:cdstable.obj
 0001:0002304b       _select_tables_rec         0042404b f   cds:cdstable.obj
 0001:000231d2       _process_index_list        004241d2 f   cds:cdstable.obj
 0001:0002368b       _process_field_list        0042468b f   cds:cdstable.obj
 0001:000239c7       _make_insert_index_records 004249c7 f   cds:cdstable.obj
 0001:00023b3a       _make_insert_field_records 00424b3a f   cds:cdstable.obj
 0001:000258fc       _delete_field_records      004268fc f   cds:cdstable.obj
 0001:00025ab4       _YorN                      00426ab4 f   cds:cdstable.obj
 0001:00025b54       _validfieldlength          00426b54 f   cds:cdstable.obj
 0001:00025bd0       _validsize                 00426bd0 f   cds:cdstable.obj
 0001:00025bec       _validrange                00426bec f   cds:cdstable.obj
 0001:00025d66       _validfilesize             00426d66 f   cds:cdstable.obj
 0001:00025d82       _validlockretry            00426d82 f   cds:cdstable.obj
 0001:00025d9b       _validlocksleep            00426d9b f   cds:cdstable.obj
 0001:00025db4       _cds_drop_column           00426db4 f   cds:cdstable.obj
 0001:0002639f       _field_in_primary_key      0042739f f   cds:cdstable.obj
 0001:000278f2       _available_table_number    004288f2 f   cds:cdstable.obj
 0001:00027a13       _drop_table_records        00428a13 f   cds:cdstable.obj
 0001:00027af5       _drop_index_records        00428af5 f   cds:cdstable.obj
 0001:00027d72       _drop_field_records        00428d72 f   cds:cdstable.obj
 0001:000292a5       _add_table_number          0042a2a5 f   cds:cdstable.obj
 0001:00029348       _remove_table_number       0042a348 f   cds:cdstable.obj
 0001:000293b8       _new_table_number          0042a3b8 f   cds:cdstable.obj
 0001:0002947c       _find_idx_by_tabno         0042a47c f   cds:cdstable.obj
 0001:0001c324       _find_key_lock             0041d324 f   cds:cds.obj
 0001:0001c3cb       _show_index                0041d3cb f   cds:cds.obj
 0001:0001c507       _show_key_field_def        0041d507 f   cds:cds.obj
 0001:0001c5bc       _show_btcommo              0041d5bc f   cds:cds.obj
 0001:0001c629       _insert_base_record        0041d629 f   cds:cds.obj
 0001:0001d0f7       _add_key_lock              0041e0f7 f   cds:cds.obj
 0001:0001d301       _replace                   0041e301 f   cds:cds.obj
 0001:0001e45f       _update_base_in_place      0041f45f f   cds:cds.obj
 0001:0001f65f       _null_update               0042065f f   cds:cds.obj
 0001:000186c9       _cdsfindfirst              004196c9 f   cds:cdsfind.obj
 0001:00018828       _cdsfind_qualify           00419828 f   cds:cdsfind.obj
 0001:00018dbc       _findjoin                  00419dbc f   cds:cdsfind.obj
 0001:0001910d       _cdsfindlast               0041a10d f   cds:cdsfind.obj
 0001:00019464       _cdsfindprev               0041a464 f   cds:cdsfind.obj
 0001:0001967a       _cdsfindnext               0041a67a f   cds:cdsfind.obj
 0001:0001a30a       _Get_By_Index              0041b30a f   cds:cdsfind.obj
 0001:0001a453       _project_buffer            0041b453 f   cds:cdsfind.obj
 0001:0001a8e1       _get_projection_values     0041b8e1 f   cds:cdsfind.obj
 0001:0001aaec       _update_agg                0041baec f   cds:cdsfind.obj
 0001:0001b17b       _agg_buffer                0041c17b f   cds:cdsfind.obj
 0001:0001b8b2       _project_join              0041c8b2 f   cds:cdsfind.obj
 0001:00012a16       _cdsderef_fld              00413a16 f   cds:cdspql.obj
 0001:00012b72       _deref_from_index          00413b72 f   cds:cdspql.obj
 0001:00012cf2       _do_ops                    00413cf2 f   cds:cdspql.obj
 0001:00013551       _pushop                    00414551 f   cds:cdspql.obj
 0001:0001358a       _distribute_criteria       0041458a f   cds:cdspql.obj
 0001:00013937       _do_criteria               00414937 f   cds:cdspql.obj
 0001:00013ce6       _set_and_index             00414ce6 f   cds:cdspql.obj
 0001:00013d3d       _do_parse                  00414d3d f   cds:cdspql.obj
 0001:00014bae       _push_fixed                00415bae f   cds:cdspql.obj
 0001:00014c24       _push_ft_fixed             00415c24 f   cds:cdspql.obj
 0001:00014c89       _push_const                00415c89 f   cds:cdspql.obj
 0001:00014cf5       _push_hex_const            00415cf5 f   cds:cdspql.obj
 0001:00014e96       _push_pattern              00415e96 f   cds:cdspql.obj
 0001:00014f64       _push_field_ref            00415f64 f   cds:cdspql.obj
 0001:00015009       _in_index                  00416009 f   cds:cdspql.obj
 0001:000150ab       _reset_match_op            004160ab f   cds:cdspql.obj
 0001:0001511c       _parse_binary              0041611c f   cds:cdspql.obj
 0001:00015925       _pushint                   00416925 f   cds:cdspql.obj
 0001:00015982       _find_sub_context          00416982 f   cds:cdspql.obj
 0001:00015a05       _cds_parse_fld             00416a05 f   cds:cdspql.obj
 0001:00015d50       _validop                   00416d50 f   cds:cdspql.obj
 0001:00015de4       _is_meta                   00416de4 f   cds:cdspql.obj
 0001:00017ac0       _count_indexed_fields      00418ac0 f   cds:cdspql.obj
 0001:00018438       _idx_in_matching           00419438 f   cds:cdspql.obj
 0001:00012288       _crash_abort               00413288 f   cds:cdsfatal.obj
 0001:00012499       _get_event_source          00413499 f   cds:cdsfatal.obj
 0001:000108d6       _compare                   004118d6 f   cds:tablist.obj
 0001:00011312       _replicate_tfile           00412312 f   cds:tablist.obj
 0001:00012030       _verify_first_records      00413030 f   cds:tablist.obj
 0001:0000fe8a       _erset                     00410e8a f   cds:cdserror.obj
 0001:0000ff07       _get_text                  00410f07 f   cds:cdserror.obj
 0001:0000e53b       _log_thread                0040f53b f   cds:cdslog.obj
 0001:0000e5c3       _verify_log                0040f5c3 f   cds:cdslog.obj
 0001:0000ecd7       _note_current_sizes        0040fcd7 f   cds:cdslog.obj
 0001:0000b987       _next_context_by_table     0040c987 f   cds:cdselect.obj
 0001:0000cb0b       _build_projection          0040db0b f   cds:cdselect.obj
 0001:0000d132       _free_criteria             0040e132 f   cds:cdselect.obj
 0001:0000ac9f       _lock_tables               0040bc9f f   cds:cdslock.obj
 0001:0000b356       _upd_lk_list               0040c356 f   cds:cdslock.obj
 0001:0000b52c       _bld_tbl_list              0040c52c f   cds:cdslock.obj
 0001:00065c9e       _cmxrecv                   00466c9e f   cm:cmrecv.obj
 0001:00065d74       _read_io_done              00466d74 f   cm:cmrecv.obj
 0001:000654fb       _cmxsend                   004664fb f   cm:cmsend.obj
 0001:00039927       _cm_print_value            0043a927 f   cm:cmprint.obj
 0001:00036e9b       _prmsg                     00437e9b f   cm:cmdbuf.obj
 0001:00037d77       _find_Context              00438d77 f   cm:cmdbuf.obj
 0001:00037df5       _pr_lock                   00438df5 f   cm:cmdbuf.obj
 0001:00037e84       _pr_luw                    00438e84 f   cm:cmdbuf.obj
 0001:00037f1b       _print_join_list           00438f1b f   cm:cmdbuf.obj
 0001:00038051       _prtype                    00439051 f   cm:cmdbuf.obj
 0001:0003806b       _prio                      0043906b f   cm:cmdbuf.obj
 0001:00038085       _prwhere                   00439085 f   cm:cmdbuf.obj
 0001:0003809f       _prlong                    0043909f f   cm:cmdbuf.obj
 0001:000380bd       _prchar                    004390bd f   cm:cmdbuf.obj
 0001:000380d7       _printg                    004390d7 f   cm:cmdbuf.obj
 0001:000380f1       _prstr                     004390f1 f   cm:cmdbuf.obj
 0001:0003810b       _projection_list           0043910b f   cm:cmdbuf.obj
 0001:0003e626       _local_free_group          0043f626 f   dataman:ddlocals.obj
 0001:0003ec77       _local_make_field          0043fc77 f   dataman:ddlocals.obj
 0001:0003f089       _ddlocal_arraysize         00440089 f   dataman:ddlocals.obj
 0001:0003e3ea       _nt_open                   0043f3ea f   dataman:ddfminit.obj
 0001:0003b3cf       _ddgetobj                  0043c3cf f   dataman:ddread.obj
 0001:0003cee6       _ddinobj                   0043dee6 f   dataman:ddread.obj
 0001:00043ca9       _alpha                     00444ca9 f   ddmaint:ddmaint.obj
 0001:00043ce2       _digit                     00444ce2 f   ddmaint:ddmaint.obj
 0001:00043d02       _fldobjcmp                 00444d02 f   ddmaint:ddmaint.obj
 0001:00040d70       _dictabort                 00441d70 f   ddmaint:ddsignal.obj
 0001:00044f34       _lodiv                     00445f34 f   decmath:DECDIV.OBJ
 0001:00044403       _loadd                     00445403 f   decmath:DECADD.OBJ
 0001:000446ac       _losub                     004456ac f   decmath:DECADD.OBJ
 0001:00045da9       _gl_addfree                00446da9 f   listmgr:listmgr.obj
 0001:00046652       _OpenSocket                00447652 f   mcn:mcn.obj
 0001:000472cf       _GotHostByName             004482cf f   mcn:mcn.obj
 0001:000473fc       _RemoveAsyncConnect        004483fc f   mcn:mcn.obj
 0001:000474bb       _GotServByName             004484bb f   mcn:mcn.obj
 0001:000475f8       _AsyncConnect              004485f8 f   mcn:mcn.obj
 0001:00047785       _LocateServer              00448785 f   mcn:mcn.obj
 0001:00047910       _SendLocate                00448910 f   mcn:mcn.obj
 0001:00047b2f       _RecvLocate                00448b2f f   mcn:mcn.obj
 0001:00047e10       _TimerProc@16              00448e10 f   mcn:mcn.obj
 0001:0004901e       _HandleSockets             0044a01e f   mcn:mcn.obj
 0001:000497bc       _HandleGetXByY             0044a7bc f   mcn:mcn.obj
 0001:000498a4       _MySend                    0044a8a4 f   mcn:mcn.obj
 0001:00049c5e       _MyRecv                    0044ac5e f   mcn:mcn.obj
 0001:00049f77       _GetAddress                0044af77 f   mcn:mcn.obj
 0001:0004a045       _FindAddress               0044b045 f   mcn:mcn.obj
 0001:0004a6ac       _ExtractServerLocation     0044b6ac f   mcn:mcn.obj
 0001:0004a8bb       _PrintSocketError          0044b8bb f   mcn:mcn.obj
 0001:0004a94c       _CallBack                  0044b94c f   mcn:mcn.obj
 0001:0004a997       _GetNextReqId              0044b997 f   mcn:mcn.obj
 0001:0004a9c7       _CancelRequests            0044b9c7 f   mcn:mcn.obj
 0001:0004aa3f       _FindCcb                   0044ba3f f   mcn:mcn.obj
 0001:0004aaf8       _AddCcb                    0044baf8 f   mcn:mcn.obj
 0001:0004abca       _RemoveCcb                 0044bbca f   mcn:mcn.obj
 0001:0004ac1e       _RemoveCcbp                0044bc1e f   mcn:mcn.obj
 0001:0004ad8b       _heartbeat_thread          0044bd8b f   mcn:mcn.obj
 0001:0004ae91       _AddRcb                    0044be91 f   mcn:mcn.obj
 0001:0004aeff       _RemoveRcb                 0044beff f   mcn:mcn.obj
 0001:0004af34       _FindRcbOp                 0044bf34 f   mcn:mcn.obj
 0001:0004afbb       _FindNextRcbOp             0044bfbb f   mcn:mcn.obj
 0001:0004b03c       _FindRcbOldest             0044c03c f   mcn:mcn.obj
 0001:0004b082       _MCNPrintRCBs              0044c082 f   mcn:mcn.obj
 0001:0004b124       _MCNLog                    0044c124 f   mcn:mcn.obj
 0001:00052f87       _check_working_dir         00453f87 f   misc:filename.obj
 0001:000530fc       _get_keyvalue              004540fc f   misc:filename.obj
 0001:000520dc       _myfputc                   004530dc f   misc:hexdmp.obj
 0001:000520f9       _dumpline                  004530f9 f   misc:hexdmp.obj
 0001:000522da       _myfputs                   004532da f   misc:hexdmp.obj
 0001:000522f9       _print_byte                004532f9 f   misc:hexdmp.obj
 0001:0005233b       _hex_nybble                0045333b f   misc:hexdmp.obj
 0001:00052365       _show_offset               00453365 f   misc:hexdmp.obj
 0001:00051b31       _shortdayname              00452b31 f   misc:dates.obj
 0001:00050230       _pmatch                    00451230 f   misc:regexec.obj
 0001:00050792       _re_fail                   00451792 f   misc:regexec.obj
 0001:0004ec73       _gt_int_max                0044fc73 f   misc:convers.obj
 0001:0004dfe9       _chset                     0044efe9 f   misc:regcomp.obj
 0001:0004d38d       _dumpline                  0044e38d f   misc:hexdump.obj
 0001:0004d569       _print_byte                0044e569 f   misc:hexdump.obj
 0001:0004d5ad       _hex_nybble                0044e5ad f   misc:hexdump.obj
 0001:0004d5d7       _show_offset               0044e5d7 f   misc:hexdump.obj
 0001:0004cbfb       _ERR                       0044dbfb f   misc:getopt.obj
 0001:0004c252       _mr                        0044d252 f   misc:msgrtn.obj
 0001:0004c4c1       _getmrs                    0044d4c1 f   misc:msgrtn.obj
 0001:0004c5b2       _setmrs                    0044d5b2 f   misc:msgrtn.obj
 0001:0004bcf4       _er_itoa                   0044ccf4 f   misc:swerrmsg.obj
 0001:0004bd59       _get_message_text          0044cd59 f   misc:swerrmsg.obj
 0001:0004b614       _crash_abort               0044c614 f   misc:er.obj
 0001:0004b69f       _erprint                   0044c69f f   misc:er.obj
 0001:0005a521       _xclsvsetup                0045b521 f   shcl:clsvfunc.obj
 0001:00059a9b       _clsend                    0045aa9b f   shcl:clrun.obj
 0001:00059d7a       _clrecv                    0045ad7a f   shcl:clrun.obj
 0001:000588c7       _rm_connect_tables         004598c7 f   shcl:clmultis.obj
 0001:00058fab       _add_clcontext             00459fab f   shcl:clmultis.obj
 0001:00056d52       _WndProc@16                00457d52 f   shcl:clinit.obj
 0001:0005720f       _Cds_Connect               0045820f f   shcl:clinit.obj
 0001:0005bb30       _$$$00001                  0045cb30 f   MSVCRTD:chkstk.obj
 0001:0005bb3c       probepages                 0045cb3c f   MSVCRTD:chkstk.obj
 0001:0005bb50       lastpage                   0045cb50 f   MSVCRTD:chkstk.obj
