 RtClient

 Timestamp is 363f6bf6 (Tue Nov 03 12:47:50 1998)

 Preferred load address is 13000000

 Start         Length     Name                   Class
 0001:00000000 000324b2H .text                   CODE
 0001:000324c0 0000480aH .text$AFX_AUX           CODE
 0001:00036cd0 00006016H .text$AFX_COL1          CODE
 0001:0003ccf0 00004562H .text$AFX_COL2          CODE
 0001:00041260 0001342aH .text$AFX_CORE1         CODE
 0001:00054690 0000c491H .text$AFX_CORE2         CODE
 0001:00060b30 00011eceH .text$AFX_CORE3         CODE
 0001:00072a00 0000d821H .text$AFX_CORE4         CODE
 0001:00080230 000047c1H .text$AFX_DBG1          CODE
 0001:00084a00 0000c85bH .text$AFX_DBG2          CODE
 0001:00091260 000076ceH .text$AFX_INIT          CODE
 0001:00098930 0000366bH .text$AFX_OLE1          CODE
 0001:0009bfa0 00003c01H .text$AFX_OLE5          CODE
 0001:0009fbb0 000001fdH .text$AFX_TERM          CODE
 0001:0009fdb0 000021baH .text$x                 CODE
 0002:00000000 00008388H .rdata                  DATA
 0002:00008388 00002584H .rdata$r                DATA
 0002:0000a910 00003d30H .xdata$x                DATA
 0002:0000e640 00000313H .edata                  DATA
 0003:00000000 00000004H .CRT$XCA                DATA
 0003:00000004 00000008H .CRT$XCC                DATA
 0003:0000000c 00000018H .CRT$XCL                DATA
 0003:00000024 00000084H .CRT$XCU                DATA
 0003:000000a8 00000004H .CRT$XCZ                DATA
 0003:000000ac 00000004H .CRT$XIA                DATA
 0003:000000b0 00000008H .CRT$XIC                DATA
 0003:000000b8 00000004H .CRT$XIY                DATA
 0003:000000bc 00000004H .CRT$XIZ                DATA
 0003:000000c0 00000004H .CRT$XPA                DATA
 0003:000000c4 00000004H .CRT$XPX                DATA
 0003:000000c8 00000004H .CRT$XPZ                DATA
 0003:000000cc 00000004H .CRT$XTA                DATA
 0003:000000d0 00000004H .CRT$XTB                DATA
 0003:000000d4 00000004H .CRT$XTZ                DATA
 0003:000000e0 0000c254H .data                   DATA
 0003:0000c338 00003704H .bss                    DATA
 0004:00000000 000000dcH .idata$2                DATA
 0004:000000dc 00000014H .idata$3                DATA
 0004:000000f0 00000b04H .idata$4                DATA
 0004:00000bf4 00000b04H .idata$5                DATA
 0004:000016f8 00002b50H .idata$6                DATA
 0005:00000000 00000058H .rsrc$01                DATA
 0005:00000060 000003e4H .rsrc$02                DATA

  Address         Publics by Value              Rva+Base   Lib:Object

 0001:0000003f       ?CreateObject@@YAHPBDPAPAVCOleDispatch@@@Z 1300103f f OleDispatch.obj
 0001:00000100       ?AddObject@@YAXPAUIDispatch@@PAPAVCOleDispatch@@@Z 13001100 f OleDispatch.obj
 0001:00000190       ?FindObject@@YAHPAVCOleDispatch@@@Z 13001190 f OleDispatch.obj
 0001:000001e8       ?RemoveObject@@YAHPAVCOleDispatch@@@Z 130011e8 f OleDispatch.obj
 0001:00000250       ?RemoveAllObjects@@YAXXZ   13001250 f OleDispatch.obj
 0001:000002ce       ??0COleDispatch@@QAE@XZ    130012ce f OleDispatch.obj
 0001:0000033c       ??1COleDispatch@@QAE@XZ    1300133c f OleDispatch.obj
 0001:00000396       ?CreateDispatch@COleDispatch@@QAEHPBD@Z 13001396 f OleDispatch.obj
 0001:000004f0       ?SetDispatch@COleDispatch@@QAEXPAUIDispatch@@@Z 130014f0 f OleDispatch.obj
 0001:0000058e       ?GetDispatch@COleDispatch@@QAEPAUIDispatch@@XZ 1300158e f OleDispatch.obj
 0001:000005b6       ?ReleaseDispatch@COleDispatch@@QAEXXZ 130015b6 f OleDispatch.obj
 0001:00000724       ?GetPropertyValue@COleDispatch@@QAEHJPAUtagVARIANT@@J0@Z 13001724 f OleDispatch.obj
 0001:000007b9       ?SetPropertyValue@COleDispatch@@QAEHJJPAUtagVARIANT@@@Z 130017b9 f OleDispatch.obj
 0001:00000834       ?InvokeMethod@COleDispatch@@QAEHJPAUtagVARIANT@@J0@Z 13001834 f OleDispatch.obj
 0001:000008cf       ?SetMethodInfo@COleDispatch@@QAEHPBDFF0@Z 130018cf f OleDispatch.obj
 0001:00000a4f       ?GetMethodInfo@COleDispatch@@QAEHPBDPAJPAGPAF3PAPAY02G@Z 13001a4f f OleDispatch.obj
 0001:00000eb2       ?GetPropertyInfo@COleDispatch@@QAEHPBDPAJPAG@Z 13001eb2 f OleDispatch.obj
 0001:000011b6       ?GetDispid@COleDispatch@@AAEHPBDPAJ@Z 130021b6 f OleDispatch.obj
 0001:00001264       ?GetParamTypes@COleDispatch@@AAEHFPBDPAPAY02G@Z 13002264 f OleDispatch.obj
 0001:000014fe       ?GetParamVarType@COleDispatch@@AAEHPBDPAY02G@Z 130024fe f OleDispatch.obj
 0001:00001657       ?GetVarType@COleDispatch@@AAEHDPAG@Z 13002657 f OleDispatch.obj
 0001:00001780       ??_GCOleDispatch@@QAEPAXI@Z 13002780 f OleDispatch.obj
 0001:000017b0       ?rtconst2byval@@YAXPAURTOBJ@@PAUtagVARIANT@@@Z 130027b0 f rt2var.obj
 0001:000019e3       ?rtarray2safearray@@YAXPAUFIELD@@PAPAUtagSAFEARRAY@@G@Z 130029e3 f rt2var.obj
 0001:00001bc1       ?rtfield2saelement@@YAXPAUFIELD@@PAUtagSAFEARRAY@@PAJG@Z 13002bc1 f rt2var.obj
 0001:00001d5f       ?rtfield2byref@@YAXPAUFIELD@@PAUtagVARIANT@@G@Z 13002d5f f rt2var.obj
 0001:00002616       ?rtfield2byval@@YAXPAUFIELD@@PAUtagVARIANT@@G@Z 13003616 f rt2var.obj
 0001:00002ddd       ?rtfield2variant@@YAXPAUFIELD@@PAUtagVARIANT@@@Z 13003ddd f rt2var.obj
 0001:000031eb       ?variant2rtarray@@YAXUtagVARIANT@@PAUFIELD@@@Z 130041eb f rt2var.obj
 0001:00003550       ?saelement2rtfield@@YAXPAUtagSAFEARRAY@@PAJGPAUFIELD@@@Z 13004550 f rt2var.obj
 0001:00003754       ?variant2rtfield@@YAXUtagVARIANT@@PAUFIELD@@@Z 13004754 f rt2var.obj
 0001:00003c20       _DllMain@12                13004c20 f rtapi.obj
 0001:00003c50       _RtDllInit                 13004c50 f rtapi.obj
 0001:00003c57       _RtDllExit                 13004c57 f rtapi.obj
 0001:00003c63       _RtCreateObject            13004c63 f rtapi.obj
 0001:00003cf2       _RtDeleteObject            13004cf2 f rtapi.obj
 0001:00003d61       _RtPropertyGet             13004d61 f rtapi.obj
 0001:0000401a       _RtPropertySet             1300501a f rtapi.obj
 0001:000042bc       _RtDefineMethod            130052bc f rtapi.obj
 0001:000043b1       _RtInvokeMethod            130053b1 f rtapi.obj
 0001:00004f2c       _decwork2str               13005f2c f rt:rt.dll
 0001:00004f32       _ddaget                    13005f32 f rt:rt.dll
 0001:00004f38       _ddarraysize               13005f38 f rt:rt.dll
 0001:00004f3e       _field2str                 13005f3e f rt:rt.dll
 0001:00004f44       _decwork2float             13005f44 f rt:rt.dll
 0001:00004f4a       _field2decwork             13005f4a f rt:rt.dll
 0001:00004f50       _field2int                 13005f50 f rt:rt.dll
 0001:00004f56       _str2field                 13005f56 f rt:rt.dll
 0001:00004f5c       _decwork2field             13005f5c f rt:rt.dll
 0001:00004f62       _float2decwork             13005f62 f rt:rt.dll
 0001:00004f68       _int2field                 13005f68 f rt:rt.dll
 0001:00004f6e       _rtobj2str                 13005f6e f rt:rt.dll
 0001:00004f74       _rtobj2int                 13005f74 f rt:rt.dll
 0001:00004f80       __tcscmp                   13005f80 f nafxcwd:afxinl1.obj
 0001:00004fa0       __tcsicmp                  13005fa0 f nafxcwd:afxinl1.obj
 0001:00004fc0       __tcscoll                  13005fc0 f nafxcwd:afxinl1.obj
 0001:00004fe0       ?data@CStringData@@QAEPADXZ 13005fe0 f nafxcwd:strcore.obj
 0001:00005000       __tcschr                   13006000 f nafxcwd:strcore.obj
 0001:00005020       __tcspbrk                  13006020 f nafxcwd:strcore.obj
 0001:00005040       __tcsupr                   13006040 f nafxcwd:strcore.obj
 0001:00005060       __tcslwr                   13006060 f nafxcwd:strcore.obj
 0001:00005080       __tcsrev                   13006080 f nafxcwd:strcore.obj
 0001:000050a0       __tcsspn                   130060a0 f nafxcwd:strex.obj
 0001:000050c0       __tcscspn                  130060c0 f nafxcwd:strex.obj
 0001:000050e0       __tcsrchr                  130060e0 f nafxcwd:strex.obj
 0001:00005100       __tcsstr                   13006100 f nafxcwd:strex.obj
 0001:00005120       __tcsinc                   13006120 f nafxcwd:strex.obj
 0001:00005140       __tclen                    13006140 f nafxcwd:strex.obj
 0001:00005160       ??8@YAHABU_GUID@@0@Z       13006160 f nafxcwd:oleunk.obj
 0001:00005180       ??0COleVariant@@QAE@ABUtagVARIANT@@@Z 13006180 f nafxcwd:olevar.obj
 0001:000051ad       ??0COleVariant@@QAE@PBUtagVARIANT@@@Z 130061ad f nafxcwd:olevar.obj
 0001:000051da       ??0COleVariant@@QAE@ABV0@@Z 130061da f nafxcwd:olevar.obj
 0001:00005207       ??0COleVariant@@QAE@PBDG@Z 13006207 f nafxcwd:olevar.obj
 0001:0000530b       ?SetString@COleVariant@@QAEXPBDG@Z 1300630b f nafxcwd:olevar.obj
 0001:00005414       ??0COleVariant@@QAE@FG@Z   13006414 f nafxcwd:olevar.obj
 0001:000054a2       ??0COleVariant@@QAE@JG@Z   130064a2 f nafxcwd:olevar.obj
 0001:0000555f       ?Clear@COleVariant@@QAEXXZ 1300655f f nafxcwd:olevar.obj
 0001:000055b4       ?ChangeType@COleVariant@@QAEXGPAUtagVARIANT@@@Z 130065b4 f nafxcwd:olevar.obj
 0001:00005605       ?Attach@COleVariant@@QAEXAAUtagVARIANT@@@Z 13006605 f nafxcwd:olevar.obj
 0001:00005634       ?Detach@COleVariant@@QAE?AUtagVARIANT@@XZ 13006634 f nafxcwd:olevar.obj
 0001:00005682       ??8COleVariant@@QBEHABUtagVARIANT@@@Z 13006682 f nafxcwd:olevar.obj
 0001:0000593f       ??4COleVariant@@QAEABV0@ABUtagVARIANT@@@Z 1300693f f nafxcwd:olevar.obj
 0001:00005963       ??4COleVariant@@QAEABV0@PBUtagVARIANT@@@Z 13006963 f nafxcwd:olevar.obj
 0001:00005987       ??4COleVariant@@QAEABV0@ABV0@@Z 13006987 f nafxcwd:olevar.obj
 0001:000059ab       ??4COleVariant@@QAEABV0@QBD@Z 130069ab f nafxcwd:olevar.obj
 0001:00005a4c       ??4COleVariant@@QAEABV0@ABVCString@@@Z 13006a4c f nafxcwd:olevar.obj
 0001:00005aeb       ??4COleVariant@@QAEABV0@E@Z 13006aeb f nafxcwd:olevar.obj
 0001:00005b21       ??4COleVariant@@QAEABV0@F@Z 13006b21 f nafxcwd:olevar.obj
 0001:00005b91       ??4COleVariant@@QAEABV0@J@Z 13006b91 f nafxcwd:olevar.obj
 0001:00005c13       ??4COleVariant@@QAEABV0@ABVCOleCurrency@@@Z 13006c13 f nafxcwd:olevar.obj
 0001:00005c51       ??4COleVariant@@QAEABV0@M@Z 13006c51 f nafxcwd:olevar.obj
 0001:00005c87       ??4COleVariant@@QAEABV0@N@Z 13006c87 f nafxcwd:olevar.obj
 0001:00005cc3       ??4COleVariant@@QAEABV0@ABVCOleDateTime@@@Z 13006cc3 f nafxcwd:olevar.obj
 0001:00005d01       ??4COleVariant@@QAEABV0@ABVCByteArray@@@Z 13006d01 f nafxcwd:olevar.obj
 0001:00005d44       ??4COleVariant@@QAEABV0@ABVCLongBinary@@@Z 13006d44 f nafxcwd:olevar.obj
 0001:00005d9a       ?AfxVariantInit@@YGXPAUtagVARIANT@@@Z 13006d9a f nafxcwd:olevar.obj
 0001:00005db1       ??6@YGAAVCDumpContext@@AAV0@VCOleVariant@@@Z 13006db1 f nafxcwd:olevar.obj
 0001:000061ac       ??6@YGAAVCArchive@@AAV0@VCOleVariant@@@Z 130071ac f nafxcwd:olevar.obj
 0001:0000660a       ??5@YGAAVCArchive@@AAV0@AAVCOleVariant@@@Z 1300760a f nafxcwd:olevar.obj
 0001:000069f3       ?ConstructElements@@YGXPAVCOleVariant@@H@Z 130079f3 f nafxcwd:olevar.obj
 0001:00006a83       ?DestructElements@@YGXPAVCOleVariant@@H@Z 13007a83 f nafxcwd:olevar.obj
 0001:00006aed       ?CopyElements@@YGXPAVCOleVariant@@PBV1@H@Z 13007aed f nafxcwd:olevar.obj
 0001:00006b98       ?SerializeElements@@YGXAAVCArchive@@PAVCOleVariant@@H@Z 13007b98 f nafxcwd:olevar.obj
 0001:00006c52       ?DumpElements@@YGXAAVCDumpContext@@PBVCOleVariant@@H@Z 13007c52 f nafxcwd:olevar.obj
 0001:00006c98       ?HashKey@@YGIABUtagVARIANT@@@Z 13007c98 f nafxcwd:olevar.obj
 0001:0000734f       ??0COleCurrency@@QAE@JJ@Z  1300834f f nafxcwd:olevar.obj
 0001:00007379       ??4COleCurrency@@QAEABV0@TtagCY@@@Z 13008379 f nafxcwd:olevar.obj
 0001:000073a1       ??4COleCurrency@@QAEABV0@ABV0@@Z 130083a1 f nafxcwd:olevar.obj
 0001:000073cd       ??4COleCurrency@@QAEABV0@ABUtagVARIANT@@@Z 130083cd f nafxcwd:olevar.obj
 0001:000074e2       ??MCOleCurrency@@QBEHABV0@@Z 130084e2 f nafxcwd:olevar.obj
 0001:0000757b       ??OCOleCurrency@@QBEHABV0@@Z 1300857b f nafxcwd:olevar.obj
 0001:00007614       ??NCOleCurrency@@QBEHABV0@@Z 13008614 f nafxcwd:olevar.obj
 0001:000076ac       ??PCOleCurrency@@QBEHABV0@@Z 130086ac f nafxcwd:olevar.obj
 0001:00007744       ??HCOleCurrency@@QBE?AV0@ABV0@@Z 13008744 f nafxcwd:olevar.obj
 0001:00007838       ??GCOleCurrency@@QBE?AV0@ABV0@@Z 13008838 f nafxcwd:olevar.obj
 0001:0000792c       ??GCOleCurrency@@QBE?AV0@XZ 1300892c f nafxcwd:olevar.obj
 0001:000079b6       ??DCOleCurrency@@QBE?AV0@J@Z 130089b6 f nafxcwd:olevar.obj
 0001:00007d04       ??KCOleCurrency@@QBE?AV0@J@Z 13008d04 f nafxcwd:olevar.obj
 0001:00008067       ?SetCurrency@COleCurrency@@QAEXJJ@Z 13009067 f nafxcwd:olevar.obj
 0001:00008117       ?ParseCurrency@COleCurrency@@QAEHPBDKK@Z 13009117 f nafxcwd:olevar.obj
 0001:000082ad       ?Format@COleCurrency@@QBE?AVCString@@KK@Z 130092ad f nafxcwd:olevar.obj
 0001:00008440       ??6@YGAAVCDumpContext@@AAV0@VCOleCurrency@@@Z 13009440 f nafxcwd:olevar.obj
 0001:000084dc       ??6@YGAAVCArchive@@AAV0@VCOleCurrency@@@Z 130094dc f nafxcwd:olevar.obj
 0001:00008507       ??5@YGAAVCArchive@@AAV0@AAVCOleCurrency@@@Z 13009507 f nafxcwd:olevar.obj
 0001:00008538       ?GetTickCount@COleDateTime@@SG?AV1@XZ 13009538 f nafxcwd:olevar.obj
 0001:00008555       ?GetYear@COleDateTime@@QBEHXZ 13009555 f nafxcwd:olevar.obj
 0001:00008590       ?GetMonth@COleDateTime@@QBEHXZ 13009590 f nafxcwd:olevar.obj
 0001:000085cb       ?GetDay@COleDateTime@@QBEHXZ 130095cb f nafxcwd:olevar.obj
 0001:00008606       ?GetHour@COleDateTime@@QBEHXZ 13009606 f nafxcwd:olevar.obj
 0001:00008641       ?GetMinute@COleDateTime@@QBEHXZ 13009641 f nafxcwd:olevar.obj
 0001:0000867c       ?GetSecond@COleDateTime@@QBEHXZ 1300967c f nafxcwd:olevar.obj
 0001:000086b7       ?GetDayOfWeek@COleDateTime@@QBEHXZ 130096b7 f nafxcwd:olevar.obj
 0001:000086f2       ?GetDayOfYear@COleDateTime@@QBEHXZ 130096f2 f nafxcwd:olevar.obj
 0001:0000872d       ??4COleDateTime@@QAEABV0@ABUtagVARIANT@@@Z 1300972d f nafxcwd:olevar.obj
 0001:0000883f       ??4COleDateTime@@QAEABV0@N@Z 1300983f f nafxcwd:olevar.obj
 0001:00008867       ??4COleDateTime@@QAEABV0@ABJ@Z 13009867 f nafxcwd:olevar.obj
 0001:00008910       ??4COleDateTime@@QAEABV0@ABU_SYSTEMTIME@@@Z 13009910 f nafxcwd:olevar.obj
 0001:00008966       ??4COleDateTime@@QAEABV0@ABU_FILETIME@@@Z 13009966 f nafxcwd:olevar.obj
 0001:00008a0a       ??MCOleDateTime@@QBEHABV0@@Z 13009a0a f nafxcwd:olevar.obj
 0001:00008aaf       ??OCOleDateTime@@QBEHABV0@@Z 13009aaf f nafxcwd:olevar.obj
 0001:00008b54       ??NCOleDateTime@@QBEHABV0@@Z 13009b54 f nafxcwd:olevar.obj
 0001:00008bf9       ??PCOleDateTime@@QBEHABV0@@Z 13009bf9 f nafxcwd:olevar.obj
 0001:00008c9e       ??HCOleDateTime@@QBE?AV0@ABVCOleDateTimeSpan@@@Z 13009c9e f nafxcwd:olevar.obj
 0001:00008d63       ??GCOleDateTime@@QBE?AV0@ABVCOleDateTimeSpan@@@Z 13009d63 f nafxcwd:olevar.obj
 0001:00008e28       ??GCOleDateTime@@QBE?AVCOleDateTimeSpan@@ABV0@@Z 13009e28 f nafxcwd:olevar.obj
 0001:00008ee4       ?SetDateTime@COleDateTime@@QAEHHHHHHH@Z 13009ee4 f nafxcwd:olevar.obj
 0001:00008f2c       ?ParseDateTime@COleDateTime@@QAEHPBDKK@Z 13009f2c f nafxcwd:olevar.obj
 0001:000090bc       ?Format@COleDateTime@@QBE?AVCString@@KK@Z 1300a0bc f nafxcwd:olevar.obj
 0001:0000924f       ?Format@COleDateTime@@QBE?AVCString@@PBD@Z 1300a24f f nafxcwd:olevar.obj
 0001:000093ae       ?Format@COleDateTime@@QBE?AVCString@@I@Z 1300a3ae f nafxcwd:olevar.obj
 0001:0000944e       ?CheckRange@COleDateTime@@IAEXXZ 1300a44e f nafxcwd:olevar.obj
 0001:00009487       ??6@YGAAVCDumpContext@@AAV0@VCOleDateTime@@@Z 1300a487 f nafxcwd:olevar.obj
 0001:00009523       ??6@YGAAVCArchive@@AAV0@VCOleDateTime@@@Z 1300a523 f nafxcwd:olevar.obj
 0001:00009546       ??5@YGAAVCArchive@@AAV0@AAVCOleDateTime@@@Z 1300a546 f nafxcwd:olevar.obj
 0001:00009568       ?GetHours@COleDateTimeSpan@@QBEJXZ 1300a568 f nafxcwd:olevar.obj
 0001:000095c5       ?GetMinutes@COleDateTimeSpan@@QBEJXZ 1300a5c5 f nafxcwd:olevar.obj
 0001:00009629       ?GetSeconds@COleDateTimeSpan@@QBEJXZ 1300a629 f nafxcwd:olevar.obj
 0001:00009693       ??4COleDateTimeSpan@@QAEABV0@N@Z 1300a693 f nafxcwd:olevar.obj
 0001:000096bb       ??4COleDateTimeSpan@@QAEABV0@ABV0@@Z 1300a6bb f nafxcwd:olevar.obj
 0001:000096e7       ??HCOleDateTimeSpan@@QBE?AV0@ABV0@@Z 1300a6e7 f nafxcwd:olevar.obj
 0001:0000978c       ??GCOleDateTimeSpan@@QBE?AV0@ABV0@@Z 1300a78c f nafxcwd:olevar.obj
 0001:00009831       ?SetDateTimeSpan@COleDateTimeSpan@@QAEXJHHH@Z 1300a831 f nafxcwd:olevar.obj
 0001:00009871       ?Format@COleDateTimeSpan@@QBE?AVCString@@PBD@Z 1300a871 f nafxcwd:olevar.obj
 0001:000099d0       ?Format@COleDateTimeSpan@@QBE?AVCString@@I@Z 1300a9d0 f nafxcwd:olevar.obj
 0001:00009a70       ?CheckRange@COleDateTimeSpan@@QAEXXZ 1300aa70 f nafxcwd:olevar.obj
 0001:00009aa9       ??6@YGAAVCDumpContext@@AAV0@VCOleDateTimeSpan@@@Z 1300aaa9 f nafxcwd:olevar.obj
 0001:00009b49       ??6@YGAAVCArchive@@AAV0@VCOleDateTimeSpan@@@Z 1300ab49 f nafxcwd:olevar.obj
 0001:00009b6c       ??5@YGAAVCArchive@@AAV0@AAVCOleDateTimeSpan@@@Z 1300ab6c f nafxcwd:olevar.obj
 0001:0000a148       ??0COleSafeArray@@QAE@ABUtagSAFEARRAY@@G@Z 1300b148 f nafxcwd:olevar.obj
 0001:0000a1a6       ??0COleSafeArray@@QAE@PBUtagSAFEARRAY@@G@Z 1300b1a6 f nafxcwd:olevar.obj
 0001:0000a204       ??0COleSafeArray@@QAE@ABV0@@Z 1300b204 f nafxcwd:olevar.obj
 0001:0000a245       ??0COleSafeArray@@QAE@ABUtagVARIANT@@@Z 1300b245 f nafxcwd:olevar.obj
 0001:0000a286       ??0COleSafeArray@@QAE@PBUtagVARIANT@@@Z 1300b286 f nafxcwd:olevar.obj
 0001:0000a2c7       ?Attach@COleSafeArray@@QAEXAAUtagVARIANT@@@Z 1300b2c7 f nafxcwd:olevar.obj
 0001:0000a328       ?Detach@COleSafeArray@@QAE?AUtagVARIANT@@XZ 1300b328 f nafxcwd:olevar.obj
 0001:0000a376       ??4COleSafeArray@@QAEAAV0@ABV0@@Z 1300b376 f nafxcwd:olevar.obj
 0001:0000a3cc       ??4COleSafeArray@@QAEAAV0@ABUtagVARIANT@@@Z 1300b3cc f nafxcwd:olevar.obj
 0001:0000a422       ??4COleSafeArray@@QAEAAV0@PBUtagVARIANT@@@Z 1300b422 f nafxcwd:olevar.obj
 0001:0000a478       ??4COleSafeArray@@QAEAAV0@ABVCOleVariant@@@Z 1300b478 f nafxcwd:olevar.obj
 0001:0000a4ce       ??8COleSafeArray@@QBEHABUtagSAFEARRAY@@@Z 1300b4ce f nafxcwd:olevar.obj
 0001:0000a4eb       ??8COleSafeArray@@QBEHPBUtagSAFEARRAY@@@Z 1300b4eb f nafxcwd:olevar.obj
 0001:0000a508       ??8COleSafeArray@@QBEHABV0@@Z 1300b508 f nafxcwd:olevar.obj
 0001:0000a540       ??8COleSafeArray@@QBEHABUtagVARIANT@@@Z 1300b540 f nafxcwd:olevar.obj
 0001:0000a578       ??8COleSafeArray@@QBEHPBUtagVARIANT@@@Z 1300b578 f nafxcwd:olevar.obj
 0001:0000a5b0       ??8COleSafeArray@@QBEHABVCOleVariant@@@Z 1300b5b0 f nafxcwd:olevar.obj
 0001:0000a5e8       ?CreateOneDim@COleSafeArray@@QAEXGKPAXJ@Z 1300b5e8 f nafxcwd:olevar.obj
 0001:0000a673       ?GetOneDimSize@COleSafeArray@@QAEKXZ 1300b673 f nafxcwd:olevar.obj
 0001:0000a6d2       ?ResizeOneDim@COleSafeArray@@QAEXK@Z 1300b6d2 f nafxcwd:olevar.obj
 0001:0000a727       ?Create@COleSafeArray@@QAEXGKPAK@Z 1300b727 f nafxcwd:olevar.obj
 0001:0000a850       ?Create@COleSafeArray@@QAEXGKPAUtagSAFEARRAYBOUND@@@Z 1300b850 f nafxcwd:olevar.obj
 0001:0000a9ce       ?AccessData@COleSafeArray@@QAEXPAPAX@Z 1300b9ce f nafxcwd:olevar.obj
 0001:0000a9f2       ?UnaccessData@COleSafeArray@@QAEXXZ 1300b9f2 f nafxcwd:olevar.obj
 0001:0000aa10       ?AllocData@COleSafeArray@@QAEXXZ 1300ba10 f nafxcwd:olevar.obj
 0001:0000aa2e       ?AllocDescriptor@COleSafeArray@@QAEXK@Z 1300ba2e f nafxcwd:olevar.obj
 0001:0000aa52       ?Copy@COleSafeArray@@QAEXPAPAUtagSAFEARRAY@@@Z 1300ba52 f nafxcwd:olevar.obj
 0001:0000aa76       ?GetLBound@COleSafeArray@@QAEXKPAJ@Z 1300ba76 f nafxcwd:olevar.obj
 0001:0000aa9e       ?GetUBound@COleSafeArray@@QAEXKPAJ@Z 1300ba9e f nafxcwd:olevar.obj
 0001:0000aac6       ?GetElement@COleSafeArray@@QAEXPAJPAX@Z 1300bac6 f nafxcwd:olevar.obj
 0001:0000aaee       ?PtrOfIndex@COleSafeArray@@QAEXPAJPAPAX@Z 1300baee f nafxcwd:olevar.obj
 0001:0000ab16       ?PutElement@COleSafeArray@@QAEXPAJPAX@Z 1300bb16 f nafxcwd:olevar.obj
 0001:0000ab3e       ?Redim@COleSafeArray@@QAEXPAUtagSAFEARRAYBOUND@@@Z 1300bb3e f nafxcwd:olevar.obj
 0001:0000ab62       ?Lock@COleSafeArray@@QAEXXZ 1300bb62 f nafxcwd:olevar.obj
 0001:0000ab80       ?Unlock@COleSafeArray@@QAEXXZ 1300bb80 f nafxcwd:olevar.obj
 0001:0000ab9e       ?Destroy@COleSafeArray@@QAEXXZ 1300bb9e f nafxcwd:olevar.obj
 0001:0000abbc       ?DestroyData@COleSafeArray@@QAEXXZ 1300bbbc f nafxcwd:olevar.obj
 0001:0000abda       ?DestroyDescriptor@COleSafeArray@@QAEXXZ 1300bbda f nafxcwd:olevar.obj
 0001:0000abf8       ?AfxSafeArrayInit@@YGXPAVCOleSafeArray@@@Z 1300bbf8 f nafxcwd:olevar.obj
 0001:0000ac0f       ?DDX_Text@@YGXPAVCDataExchange@@HAAVCOleDateTime@@@Z 1300bc0f f nafxcwd:olevar.obj
 0001:0000ad17       ?DDX_Text@@YGXPAVCDataExchange@@HAAVCOleCurrency@@@Z 1300bd17 f nafxcwd:olevar.obj
 0001:0000ae20       ??_GCOleVariant@@QAEPAXI@Z 1300be20 f nafxcwd:olevar.obj
 0001:0000ae50       ??2@YAPAXIPAX@Z            1300be50 f nafxcwd:olevar.obj
 0001:0000ae60       ?HashKey@@YGIK@Z           1300be60 f nafxcwd:olevar.obj
 0001:0000ae70       ?AddHead@?$CTypedSimpleList@PAUCRuntimeClass@@@@QAEXPAUCRuntimeClass@@@Z 1300be70 f nafxcwd:objcore.obj
 0001:0000ae90       ??B?$CTypedSimpleList@PAUCRuntimeClass@@@@QAEPAUCRuntimeClass@@XZ 1300be90 f nafxcwd:objcore.obj
 0001:0000aeb0       ?GetHead@CSimpleList@@QBEPAXXZ 1300beb0 f nafxcwd:objcore.obj
 0001:0000aec0       ??C?$CThreadLocal@V_AFX_THREAD_STATE@@@@QAEPAV_AFX_THREAD_STATE@@XZ 1300bec0 f nafxcwd:except.obj
 0001:0000aee0       ?GetData@?$CThreadLocal@V_AFX_THREAD_STATE@@@@QAEPAV_AFX_THREAD_STATE@@XZ 1300bee0 f nafxcwd:except.obj
 0001:0000af30       ?CreateObject@?$CThreadLocal@V_AFX_THREAD_STATE@@@@SGPAVCNoTrackObject@@XZ 1300bf30 f nafxcwd:except.obj
 0001:0000afa0       ?Construct@CSimpleList@@QAEXH@Z 1300bfa0 f nafxcwd:afxstate.obj
 0001:0000afe0       ??1CNoTrackObject@@UAE@XZ  1300bfe0 f nafxcwd:afxstate.obj
 0001:0000b000       ??_GCNoTrackObject@@UAEPAXI@Z 1300c000 f nafxcwd:afxstate.obj
 0001:0000b000       ??_ECNoTrackObject@@UAEPAXI@Z 1300c000 f nafxcwd:afxstate.obj
 0001:0000b030       ??0CTypeLibCache@@QAE@XZ   1300c030 f nafxcwd:afxstate.obj
 0001:0000b070       ??0?$CTypedSimpleList@PAVCFrameWnd@@@@QAE@H@Z 1300c070 f nafxcwd:afxstate.obj
 0001:0000b090       ??0CSimpleList@@QAE@H@Z    1300c090 f nafxcwd:afxstate.obj
 0001:0000b0c0       ??0?$CTypedSimpleList@PAUCRuntimeClass@@@@QAE@H@Z 1300c0c0 f nafxcwd:afxstate.obj
 0001:0000b0e0       ??0?$CTypedSimpleList@PAVCOleObjectFactory@@@@QAE@H@Z 1300c0e0 f nafxcwd:afxstate.obj
 0001:0000b100       ??0?$CTypedSimpleList@PAVCOleControlLock@@@@QAE@H@Z 1300c100 f nafxcwd:afxstate.obj
 0001:0000b120       ?GetData@?$CThreadLocal@VAFX_MODULE_THREAD_STATE@@@@QAEPAVAFX_MODULE_THREAD_STATE@@XZ 1300c120 f nafxcwd:afxstate.obj
 0001:0000b170       ?CreateObject@?$CThreadLocal@VAFX_MODULE_THREAD_STATE@@@@SGPAVCNoTrackObject@@XZ 1300c170 f nafxcwd:afxstate.obj
 0001:0000b1e0       ??B?$CThreadLocal@V_AFX_THREAD_STATE@@@@QAEPAV_AFX_THREAD_STATE@@XZ 1300c1e0 f nafxcwd:afxstate.obj
 0001:0000b200       ??0CNoTrackObject@@QAE@XZ  1300c200 f nafxcwd:afxstate.obj
 0001:0000b220       ??1CHandleMap@@QAE@XZ      1300c220 f nafxcwd:afxstate.obj
 0001:0000b280       ?UnlockResource@@YGHPAX@Z  1300c280 f nafxcwd:dlgcore.obj
 0001:0000b290       ??_9@$BNA@AE               1300c290 f nafxcwd:dlgcore.obj
 0001:0000b2a0       ??_9@$BMM@AE               1300c2a0 f nafxcwd:dlgcore.obj
 0001:0000b2b0       ??B?$CProcessLocal@V_AFX_WIN_STATE@@@@QAEPAV_AFX_WIN_STATE@@XZ 1300c2b0 f nafxcwd:wincore.obj
 0001:0000b2d0       ?GetData@?$CProcessLocal@V_AFX_WIN_STATE@@@@QAEPAV_AFX_WIN_STATE@@XZ 1300c2d0 f nafxcwd:wincore.obj
 0001:0000b320       ?CreateObject@?$CProcessLocal@V_AFX_WIN_STATE@@@@SGPAVCNoTrackObject@@XZ 1300c320 f nafxcwd:wincore.obj
 0001:0000b390       ?GetDataNA@?$CProcessLocal@V_AFX_CTL3D_STATE@@@@QAEPAV_AFX_CTL3D_STATE@@XZ 1300c390 f nafxcwd:wincore.obj
 0001:0000b3a0       ?GetNextWindow@@YAPAUHWND__@@PAU1@I@Z 1300c3a0 f nafxcwd:wincore.obj
 0001:0000b3c0       ?LookupPermanent@CHandleMap@@QAEPAVCObject@@PAX@Z 1300c3c0 f nafxcwd:wincore.obj
 0001:0000b3e0       ?LookupTemporary@CHandleMap@@QAEPAVCObject@@PAX@Z 1300c3e0 f nafxcwd:wincore.obj
 0001:0000b400       ??B?$CProcessLocal@V_AFX_CTL3D_STATE@@@@QAEPAV_AFX_CTL3D_STATE@@XZ 1300c400 f nafxcwd:wincore.obj
 0001:0000b420       ?GetData@?$CProcessLocal@V_AFX_CTL3D_STATE@@@@QAEPAV_AFX_CTL3D_STATE@@XZ 1300c420 f nafxcwd:wincore.obj
 0001:0000b470       ?CreateObject@?$CProcessLocal@V_AFX_CTL3D_STATE@@@@SGPAVCNoTrackObject@@XZ 1300c470 f nafxcwd:wincore.obj
 0001:0000b4e0       ??0_AFX_CTL3D_STATE@@QAE@XZ 1300c4e0 f nafxcwd:wincore.obj
 0001:0000b500       ??_E_AFX_CTL3D_STATE@@UAEPAXI@Z 1300c500 f nafxcwd:wincore.obj
 0001:0000b500       ??_G_AFX_CTL3D_STATE@@UAEPAXI@Z 1300c500 f nafxcwd:wincore.obj
 0001:0000b530       ?IsEqualGUID@@YAHABU_GUID@@0@Z 1300c530 f nafxcwd:cmdtarg.obj
 0001:0000b550       ?DrawState@@YGHPAUHDC__@@PAUHBRUSH__@@P6GH0JIHH@ZJIHHHHI@Z 1300c550 f nafxcwd:afxinl2.obj
 0001:0000b590       ?GetData@?$CProcessLocal@V_AFX_DEBUG_STATE@@@@QAEPAV_AFX_DEBUG_STATE@@XZ 1300c590 f nafxcwd:dumpinit.obj
 0001:0000b5e0       ?CreateObject@?$CProcessLocal@V_AFX_DEBUG_STATE@@@@SGPAVCNoTrackObject@@XZ 1300c5e0 f nafxcwd:dumpinit.obj
 0001:0000b650       ?ocslen@@YAIPBG@Z          1300c650 f nafxcwd:olemisc.obj
 0001:0000b660       ?ocscpy@@YAPAGPAGPBG@Z     1300c660 f nafxcwd:olemisc.obj
 0001:0000b690       ??0CArchiveStream@@QAE@PAVCArchive@@@Z 1300c690 f nafxcwd:arcstrm.obj
 0001:0000b6ba       ?AddRef@CArchiveStream@@UAGKXZ 1300c6ba f nafxcwd:arcstrm.obj
 0001:0000b6c6       ?Release@CArchiveStream@@UAGKXZ 1300c6c6 f nafxcwd:arcstrm.obj
 0001:0000b6cf       ?QueryInterface@CArchiveStream@@UAGJABU_GUID@@PAPAX@Z 1300c6cf f nafxcwd:arcstrm.obj
 0001:0000b711       ?Read@CArchiveStream@@UAGJPAXKPAK@Z 1300c711 f nafxcwd:arcstrm.obj
 0001:0000b811       ?Write@CArchiveStream@@UAGJPBXKPAK@Z 1300c811 f nafxcwd:arcstrm.obj
 0001:0000b914       ?Seek@CArchiveStream@@UAGJT_LARGE_INTEGER@@KPAT_ULARGE_INTEGER@@@Z 1300c914 f nafxcwd:arcstrm.obj
 0001:0000ba3d       ?SetSize@CArchiveStream@@UAGJT_ULARGE_INTEGER@@@Z 1300ca3d f nafxcwd:arcstrm.obj
 0001:0000ba49       ?CopyTo@CArchiveStream@@UAGJPAUIStream@@T_ULARGE_INTEGER@@PAT3@2@Z 1300ca49 f nafxcwd:arcstrm.obj
 0001:0000ba55       ?Commit@CArchiveStream@@UAGJK@Z 1300ca55 f nafxcwd:arcstrm.obj
 0001:0000ba61       ?Revert@CArchiveStream@@UAGJXZ 1300ca61 f nafxcwd:arcstrm.obj
 0001:0000ba6d       ?LockRegion@CArchiveStream@@UAGJT_ULARGE_INTEGER@@0K@Z 1300ca6d f nafxcwd:arcstrm.obj
 0001:0000ba79       ?UnlockRegion@CArchiveStream@@UAGJT_ULARGE_INTEGER@@0K@Z 1300ca79 f nafxcwd:arcstrm.obj
 0001:0000ba85       ?Stat@CArchiveStream@@UAGJPAUtagSTATSTG@@K@Z 1300ca85 f nafxcwd:arcstrm.obj
 0001:0000ba91       ?Clone@CArchiveStream@@UAGJPAPAUIStream@@@Z 1300ca91 f nafxcwd:arcstrm.obj
 0001:0000baa0       ??0IStream@@QAE@XZ         1300caa0 f nafxcwd:arcstrm.obj
 0001:0000bac0       ??0ISequentialStream@@QAE@XZ 1300cac0 f nafxcwd:arcstrm.obj
 0001:0000bae0       ?GetSize@CRecentFileList@@QBEHXZ 1300cae0 f nafxcwd:appui.obj
 0001:0000bb00       ??ACRecentFileList@@QAEAAVCString@@H@Z 1300cb00 f nafxcwd:appui.obj
 0001:0000bb50       ?GetNextPtr@CSimpleList@@QBEPAPAXPAX@Z 1300cb50 f nafxcwd:afxtls.obj
 0001:0000bb90       ??0?$CTypedSimpleList@PAUCThreadData@@@@QAE@H@Z 1300cb90 f nafxcwd:afxtls.obj
 0001:0000bbb0       ?AddHead@?$CTypedSimpleList@PAUCThreadData@@@@QAEXPAUCThreadData@@@Z 1300cbb0 f nafxcwd:afxtls.obj
 0001:0000bbd0       ??B?$CTypedSimpleList@PAUCThreadData@@@@QAEPAUCThreadData@@XZ 1300cbd0 f nafxcwd:afxtls.obj
 0001:0000bbf0       ?Remove@?$CTypedSimpleList@PAUCThreadData@@@@QAEHPAUCThreadData@@@Z 1300cbf0 f nafxcwd:afxtls.obj
 0001:0000bc10       ??2CThreadSlotData@@SGPAXIPAX@Z 1300cc10 f nafxcwd:afxtls.obj
 0001:0000bc20       ??B?$CTypedSimpleList@PAVCFrameWnd@@@@QAEPAVCFrameWnd@@XZ 1300cc20 f nafxcwd:thrdcore.obj
 0001:0000bc40       ??B?$CThreadLocal@VAFX_MODULE_THREAD_STATE@@@@QAEPAVAFX_MODULE_THREAD_STATE@@XZ 1300cc40 f nafxcwd:thrdcore.obj
 0001:0000bc60       ?GetDataNA@?$CThreadLocal@V_AFX_THREAD_STATE@@@@QAEPAV_AFX_THREAD_STATE@@XZ 1300cc60 f nafxcwd:thrdcore.obj
 0001:0000bc80       ??B?$CThreadLocal@V_AFX_CTL3D_THREAD@@@@QAEPAV_AFX_CTL3D_THREAD@@XZ 1300cc80 f nafxcwd:thrdcore.obj
 0001:0000bca0       ?GetData@?$CThreadLocal@V_AFX_CTL3D_THREAD@@@@QAEPAV_AFX_CTL3D_THREAD@@XZ 1300cca0 f nafxcwd:thrdcore.obj
 0001:0000bcf0       ?CreateObject@?$CThreadLocal@V_AFX_CTL3D_THREAD@@@@SGPAVCNoTrackObject@@XZ 1300ccf0 f nafxcwd:thrdcore.obj
 0001:0000bd60       ??0_AFX_CTL3D_THREAD@@QAE@XZ 1300cd60 f nafxcwd:thrdcore.obj
 0001:0000bd80       ??_E_AFX_CTL3D_THREAD@@UAEPAXI@Z 1300cd80 f nafxcwd:thrdcore.obj
 0001:0000bd80       ??_G_AFX_CTL3D_THREAD@@UAEPAXI@Z 1300cd80 f nafxcwd:thrdcore.obj
 0001:0000bdb0       ?T2CA@@YAPBDPBD@Z          1300cdb0 f nafxcwd:appcore.obj
 0001:0000bdc0       ??1CDragListBox@@UAE@XZ    1300cdc0 f nafxcwd:winctrl2.obj
 0001:0000be11       ?PreSubclassWindow@CDragListBox@@UAEXXZ 1300ce11 f nafxcwd:winctrl2.obj
 0001:0000be7d       ?BeginDrag@CDragListBox@@UAEHVCPoint@@@Z 1300ce7d f nafxcwd:winctrl2.obj
 0001:0000beba       ?CancelDrag@CDragListBox@@UAEXVCPoint@@@Z 1300ceba f nafxcwd:winctrl2.obj
 0001:0000bed7       ?Dragging@CDragListBox@@UAEIVCPoint@@@Z 1300ced7 f nafxcwd:winctrl2.obj
 0001:0000bf2f       ?Dropped@CDragListBox@@UAEXHVCPoint@@@Z 1300cf2f f nafxcwd:winctrl2.obj
 0001:0000c074       ?DrawInsert@CDragListBox@@UAEXH@Z 1300d074 f nafxcwd:winctrl2.obj
 0001:0000c0b0       ?DrawSingle@CDragListBox@@QAEXH@Z 1300d0b0 f nafxcwd:winctrl2.obj
 0001:0000c1b6       ?OnChildNotify@CDragListBox@@MAEHIIJPAJ@Z 1300d1b6 f nafxcwd:winctrl2.obj
 0001:0000c31b       ?GetMessageMap@CToolBarCtrl@@MBEPBUAFX_MSGMAP@@XZ 1300d31b f nafxcwd:winctrl2.obj
 0001:0000c32b       ?Create@CToolBarCtrl@@QAEHKABUtagRECT@@PAVCWnd@@I@Z 1300d32b f nafxcwd:winctrl2.obj
 0001:0000c3ad       ??1CToolBarCtrl@@UAE@XZ    1300d3ad f nafxcwd:winctrl2.obj
 0001:0000c3fe       ?AddBitmap@CToolBarCtrl@@QAEHHPAVCBitmap@@@Z 1300d3fe f nafxcwd:winctrl2.obj
 0001:0000c46a       ?AddBitmap@CToolBarCtrl@@QAEHHI@Z 1300d46a f nafxcwd:winctrl2.obj
 0001:0000c4fc       ?SaveState@CToolBarCtrl@@QAEXPAUHKEY__@@PBD1@Z 1300d4fc f nafxcwd:winctrl2.obj
 0001:0000c566       ?RestoreState@CToolBarCtrl@@QAEXPAUHKEY__@@PBD1@Z 1300d566 f nafxcwd:winctrl2.obj
 0001:0000c5d0       ?AddString@CToolBarCtrl@@QAEHI@Z 1300d5d0 f nafxcwd:winctrl2.obj
 0001:0000c65c       ?OnCreate@CToolBarCtrl@@IAEHPAUtagCREATESTRUCTA@@@Z 1300d65c f nafxcwd:winctrl2.obj
 0001:0000c68b       ?Create@CStatusBarCtrl@@QAEHKABUtagRECT@@PAVCWnd@@I@Z 1300d68b f nafxcwd:winctrl2.obj
 0001:0000c70d       ??1CStatusBarCtrl@@UAE@XZ  1300d70d f nafxcwd:winctrl2.obj
 0001:0000c75e       ?GetText@CStatusBarCtrl@@QBEHPBDHPAH@Z 1300d75e f nafxcwd:winctrl2.obj
 0001:0000c803       ?GetText@CStatusBarCtrl@@QBE?AVCString@@HPAH@Z 1300d803 f nafxcwd:winctrl2.obj
 0001:0000c92f       ?GetTextLength@CStatusBarCtrl@@QBEHHPAH@Z 1300d92f f nafxcwd:winctrl2.obj
 0001:0000c9d2       ?GetBorders@CStatusBarCtrl@@QBEHAAH00@Z 1300d9d2 f nafxcwd:winctrl2.obj
 0001:0000ca4e       ?DrawItem@CStatusBarCtrl@@UAEXPAUtagDRAWITEMSTRUCT@@@Z 1300da4e f nafxcwd:winctrl2.obj
 0001:0000ca84       ?OnChildNotify@CStatusBarCtrl@@MAEHIIJPAJ@Z 1300da84 f nafxcwd:winctrl2.obj
 0001:0000caee       ?GetMessageMap@CListCtrl@@MBEPBUAFX_MSGMAP@@XZ 1300daee f nafxcwd:winctrl2.obj
 0001:0000cafe       ?Create@CListCtrl@@QAEHKABUtagRECT@@PAVCWnd@@I@Z 1300dafe f nafxcwd:winctrl2.obj
 0001:0000cb80       ??1CListCtrl@@UAE@XZ       1300db80 f nafxcwd:winctrl2.obj
 0001:0000cbd1       ?GetItemRect@CListCtrl@@QBEHHPAUtagRECT@@I@Z 1300dbd1 f nafxcwd:winctrl2.obj
 0001:0000cc31       ?InsertColumn@CListCtrl@@QAEHHPBDHHH@Z 1300dc31 f nafxcwd:winctrl2.obj
 0001:0000cc8d       ?InsertItem@CListCtrl@@QAEHIHPBDIIHJ@Z 1300dc8d f nafxcwd:winctrl2.obj
 0001:0000cd0a       ?HitTest@CListCtrl@@QBEHVCPoint@@PAI@Z 1300dd0a f nafxcwd:winctrl2.obj
 0001:0000cd82       ?SetItem@CListCtrl@@QAEHHHIPBDHIIJ@Z 1300dd82 f nafxcwd:winctrl2.obj
 0001:0000ce0a       ?GetItemText@CListCtrl@@QBE?AVCString@@HH@Z 1300de0a f nafxcwd:winctrl2.obj
 0001:0000cf0f       ?GetItemText@CListCtrl@@QBEHHHPADH@Z 1300df0f f nafxcwd:winctrl2.obj
 0001:0000cf8b       ?GetItemData@CListCtrl@@QBEKH@Z 1300df8b f nafxcwd:winctrl2.obj
 0001:0000d021       ?DrawItem@CListCtrl@@UAEXPAUtagDRAWITEMSTRUCT@@@Z 1300e021 f nafxcwd:winctrl2.obj
 0001:0000d057       ?OnChildNotify@CListCtrl@@MAEHIIJPAJ@Z 1300e057 f nafxcwd:winctrl2.obj
 0001:0000d0c1       ?RemoveImageList@CListCtrl@@IAEXH@Z 1300e0c1 f nafxcwd:winctrl2.obj
 0001:0000d106       ?OnNcDestroy@CListCtrl@@IAEXXZ 1300e106 f nafxcwd:winctrl2.obj
 0001:0000d137       ?CreateDragImage@CListCtrl@@QAEPAVCImageList@@HPAUtagPOINT@@@Z 1300e137 f nafxcwd:winctrl2.obj
 0001:0000d1ff       ?GetMessageMap@CTreeCtrl@@MBEPBUAFX_MSGMAP@@XZ 1300e1ff f nafxcwd:winctrl2.obj
 0001:0000d20f       ?Create@CTreeCtrl@@QAEHKABUtagRECT@@PAVCWnd@@I@Z 1300e20f f nafxcwd:winctrl2.obj
 0001:0000d291       ??1CTreeCtrl@@UAE@XZ       1300e291 f nafxcwd:winctrl2.obj
 0001:0000d2e2       ?GetItemRect@CTreeCtrl@@QBEHPAU_TREEITEM@@PAUtagRECT@@H@Z 1300e2e2 f nafxcwd:winctrl2.obj
 0001:0000d342       ?GetItemText@CTreeCtrl@@QBE?AVCString@@PAU_TREEITEM@@@Z 1300e342 f nafxcwd:winctrl2.obj
 0001:0000d446       ?GetItemImage@CTreeCtrl@@QBEHPAU_TREEITEM@@AAH1@Z 1300e446 f nafxcwd:winctrl2.obj
 0001:0000d4c7       ?GetItemState@CTreeCtrl@@QBEIPAU_TREEITEM@@I@Z 1300e4c7 f nafxcwd:winctrl2.obj
 0001:0000d55a       ?GetItemData@CTreeCtrl@@QBEKPAU_TREEITEM@@@Z 1300e55a f nafxcwd:winctrl2.obj
 0001:0000d5e0       ?ItemHasChildren@CTreeCtrl@@QBEHPAU_TREEITEM@@@Z 1300e5e0 f nafxcwd:winctrl2.obj
 0001:0000d648       ?SetItem@CTreeCtrl@@QAEHPAU_TREEITEM@@IPBDHHIIJ@Z 1300e648 f nafxcwd:winctrl2.obj
 0001:0000d6d0       ?InsertItem@CTreeCtrl@@QAEPAU_TREEITEM@@IPBDHHIIJPAU2@1@Z 1300e6d0 f nafxcwd:winctrl2.obj
 0001:0000d75e       ?HitTest@CTreeCtrl@@QBEPAU_TREEITEM@@VCPoint@@PAI@Z 1300e75e f nafxcwd:winctrl2.obj
 0001:0000d7d6       ?RemoveImageList@CTreeCtrl@@IAEXH@Z 1300e7d6 f nafxcwd:winctrl2.obj
 0001:0000d81b       ?OnDestroy@CTreeCtrl@@QAEXXZ 1300e81b f nafxcwd:winctrl2.obj
 0001:0000d842       ?CreateDragImage@CTreeCtrl@@QAEPAVCImageList@@PAU_TREEITEM@@@Z 1300e842 f nafxcwd:winctrl2.obj
 0001:0000d908       ?Create@CSpinButtonCtrl@@QAEHKABUtagRECT@@PAVCWnd@@I@Z 1300e908 f nafxcwd:winctrl2.obj
 0001:0000d98a       ??1CSpinButtonCtrl@@UAE@XZ 1300e98a f nafxcwd:winctrl2.obj
 0001:0000d9db       ?GetRange@CSpinButtonCtrl@@QBEXAAH0@Z 1300e9db f nafxcwd:winctrl2.obj
 0001:0000da51       ?Create@CSliderCtrl@@QAEHKABUtagRECT@@PAVCWnd@@I@Z 1300ea51 f nafxcwd:winctrl2.obj
 0001:0000dad3       ??1CSliderCtrl@@UAE@XZ     1300ead3 f nafxcwd:winctrl2.obj
 0001:0000db24       ?GetRange@CSliderCtrl@@QBEXAAH0@Z 1300eb24 f nafxcwd:winctrl2.obj
 0001:0000db7c       ?SetRange@CSliderCtrl@@QAEXHHH@Z 1300eb7c f nafxcwd:winctrl2.obj
 0001:0000dba9       ?GetSelection@CSliderCtrl@@QBEXAAH0@Z 1300eba9 f nafxcwd:winctrl2.obj
 0001:0000dc1d       ?SetSelection@CSliderCtrl@@QAEXHH@Z 1300ec1d f nafxcwd:winctrl2.obj
 0001:0000dc8b       ?Create@CProgressCtrl@@QAEHKABUtagRECT@@PAVCWnd@@I@Z 1300ec8b f nafxcwd:winctrl2.obj
 0001:0000dd0d       ??1CProgressCtrl@@UAE@XZ   1300ed0d f nafxcwd:winctrl2.obj
 0001:0000dd5e       ?Create@CHeaderCtrl@@QAEHKABUtagRECT@@PAVCWnd@@I@Z 1300ed5e f nafxcwd:winctrl2.obj
 0001:0000dde0       ??1CHeaderCtrl@@UAE@XZ     1300ede0 f nafxcwd:winctrl2.obj
 0001:0000de31       ?DrawItem@CHeaderCtrl@@UAEXPAUtagDRAWITEMSTRUCT@@@Z 1300ee31 f nafxcwd:winctrl2.obj
 0001:0000de67       ?OnChildNotify@CHeaderCtrl@@MAEHIIJPAJ@Z 1300ee67 f nafxcwd:winctrl2.obj
 0001:0000ded1       ?Create@CHotKeyCtrl@@QAEHKABUtagRECT@@PAVCWnd@@I@Z 1300eed1 f nafxcwd:winctrl2.obj
 0001:0000df53       ??1CHotKeyCtrl@@UAE@XZ     1300ef53 f nafxcwd:winctrl2.obj
 0001:0000dfa4       ?GetHotKey@CHotKeyCtrl@@QBEXAAG0@Z 1300efa4 f nafxcwd:winctrl2.obj
 0001:0000e025       ?GetMessageMap@CTabCtrl@@MBEPBUAFX_MSGMAP@@XZ 1300f025 f nafxcwd:winctrl2.obj
 0001:0000e035       ?Create@CTabCtrl@@QAEHKABUtagRECT@@PAVCWnd@@I@Z 1300f035 f nafxcwd:winctrl2.obj
 0001:0000e0b7       ??1CTabCtrl@@UAE@XZ        1300f0b7 f nafxcwd:winctrl2.obj
 0001:0000e108       ?DrawItem@CTabCtrl@@UAEXPAUtagDRAWITEMSTRUCT@@@Z 1300f108 f nafxcwd:winctrl2.obj
 0001:0000e13e       ?OnChildNotify@CTabCtrl@@MAEHIIJPAJ@Z 1300f13e f nafxcwd:winctrl2.obj
 0001:0000e1a8       ?OnDestroy@CTabCtrl@@IAEXXZ 1300f1a8 f nafxcwd:winctrl2.obj
 0001:0000e1ef       ?Create@CAnimateCtrl@@QAEHKABUtagRECT@@PAVCWnd@@I@Z 1300f1ef f nafxcwd:winctrl2.obj
 0001:0000e271       ??1CAnimateCtrl@@UAE@XZ    1300f271 f nafxcwd:winctrl2.obj
 0001:0000e2c2       ??1CRichEditCtrl@@UAE@XZ   1300f2c2 f nafxcwd:winctrl2.obj
 0001:0000e313       ??0CImageList@@QAE@XZ      1300f313 f nafxcwd:winctrl2.obj
 0001:0000e33c       ??1CImageList@@UAE@XZ      1300f33c f nafxcwd:winctrl2.obj
 0001:0000e38d       ?Detach@CImageList@@QAEPAU_IMAGELIST@@XZ 1300f38d f nafxcwd:winctrl2.obj
 0001:0000e46b       ?DeleteImageList@CImageList@@QAEHXZ 1300f46b f nafxcwd:winctrl2.obj
 0001:0000e492       ?DeleteTempMap@CImageList@@SGXXZ 1300f492 f nafxcwd:winctrl2.obj
 0001:0000e4b5       ?FromHandle@CImageList@@SGPAV1@PAU_IMAGELIST@@@Z 1300f4b5 f nafxcwd:winctrl2.obj
 0001:0000e531       ?FromHandlePermanent@CImageList@@SGPAV1@PAU_IMAGELIST@@@Z 1300f531 f nafxcwd:winctrl2.obj
 0001:0000e59a       ?Create@CImageList@@QAEHHHIHH@Z 1300f59a f nafxcwd:winctrl2.obj
 0001:0000e5ca       ?Create@CImageList@@QAEHIHHK@Z 1300f5ca f nafxcwd:winctrl2.obj
 0001:0000e634       ?Create@CImageList@@QAEHPBDHHK@Z 1300f634 f nafxcwd:winctrl2.obj
 0001:0000e66a       ?Create@CImageList@@QAEHAAV1@H0HHH@Z 1300f66a f nafxcwd:winctrl2.obj
 0001:0000e6a4       ?Attach@CImageList@@QAEHPAU_IMAGELIST@@@Z 1300f6a4 f nafxcwd:winctrl2.obj
 0001:0000e758       ?Read@CImageList@@QAEHPAVCArchive@@@Z 1300f758 f nafxcwd:winctrl2.obj
 0001:0000e7fd       ?Write@CImageList@@QAEHPAVCArchive@@@Z 1300f7fd f nafxcwd:winctrl2.obj
 0001:0000e897       ?Dump@CImageList@@UBEXAAVCDumpContext@@@Z 1300f897 f nafxcwd:winctrl2.obj
 0001:0000e8d8       ?AssertValid@CImageList@@UBEXXZ 1300f8d8 f nafxcwd:winctrl2.obj
 0001:0000e99a       ??0CDragListBox@@QAE@XZ    1300f99a f nafxcwd:winctrl2.obj
 0001:0000e9c3       ?ItemFromPt@CDragListBox@@QBEHVCPoint@@H@Z 1300f9c3 f nafxcwd:winctrl2.obj
 0001:0000ea25       ??0CToolBarCtrl@@QAE@XZ    1300fa25 f nafxcwd:winctrl2.obj
 0001:0000ea44       ?EnableButton@CToolBarCtrl@@QAEHHH@Z 1300fa44 f nafxcwd:winctrl2.obj
 0001:0000ea9e       ?CheckButton@CToolBarCtrl@@QAEHHH@Z 1300fa9e f nafxcwd:winctrl2.obj
 0001:0000eaf8       ?PressButton@CToolBarCtrl@@QAEHHH@Z 1300faf8 f nafxcwd:winctrl2.obj
 0001:0000eb52       ?HideButton@CToolBarCtrl@@QAEHHH@Z 1300fb52 f nafxcwd:winctrl2.obj
 0001:0000ebac       ?Indeterminate@CToolBarCtrl@@QAEHHH@Z 1300fbac f nafxcwd:winctrl2.obj
 0001:0000ec06       ?IsButtonEnabled@CToolBarCtrl@@QBEHH@Z 1300fc06 f nafxcwd:winctrl2.obj
 0001:0000ec59       ?IsButtonChecked@CToolBarCtrl@@QBEHH@Z 1300fc59 f nafxcwd:winctrl2.obj
 0001:0000ecac       ?IsButtonPressed@CToolBarCtrl@@QBEHH@Z 1300fcac f nafxcwd:winctrl2.obj
 0001:0000ecff       ?IsButtonHidden@CToolBarCtrl@@QBEHH@Z 1300fcff f nafxcwd:winctrl2.obj
 0001:0000ed52       ?IsButtonIndeterminate@CToolBarCtrl@@QBEHH@Z 1300fd52 f nafxcwd:winctrl2.obj
 0001:0000eda5       ?SetState@CToolBarCtrl@@QAEHHI@Z 1300fda5 f nafxcwd:winctrl2.obj
 0001:0000edff       ?GetState@CToolBarCtrl@@QBEHH@Z 1300fdff f nafxcwd:winctrl2.obj
 0001:0000ee52       ?AddButtons@CToolBarCtrl@@QAEHHPAU_TBBUTTON@@@Z 1300fe52 f nafxcwd:winctrl2.obj
 0001:0000eea7       ?InsertButton@CToolBarCtrl@@QAEHHPAU_TBBUTTON@@@Z 1300fea7 f nafxcwd:winctrl2.obj
 0001:0000eefc       ?DeleteButton@CToolBarCtrl@@QAEHH@Z 1300fefc f nafxcwd:winctrl2.obj
 0001:0000ef4f       ?GetButton@CToolBarCtrl@@QBEHHPAU_TBBUTTON@@@Z 1300ff4f f nafxcwd:winctrl2.obj
 0001:0000efa4       ?GetButtonCount@CToolBarCtrl@@QBEHXZ 1300ffa4 f nafxcwd:winctrl2.obj
 0001:0000eff3       ?CommandToIndex@CToolBarCtrl@@QBEII@Z 1300fff3 f nafxcwd:winctrl2.obj
 0001:0000f046       ?Customize@CToolBarCtrl@@QAEXXZ 13010046 f nafxcwd:winctrl2.obj
 0001:0000f095       ?AddStrings@CToolBarCtrl@@QAEHPBD@Z 13010095 f nafxcwd:winctrl2.obj
 0001:0000f0e8       ?GetItemRect@CToolBarCtrl@@QBEHHPAUtagRECT@@@Z 130100e8 f nafxcwd:winctrl2.obj
 0001:0000f13d       ?SetButtonStructSize@CToolBarCtrl@@QAEXH@Z 1301013d f nafxcwd:winctrl2.obj
 0001:0000f190       ?SetButtonSize@CToolBarCtrl@@QAEHVCSize@@@Z 13010190 f nafxcwd:winctrl2.obj
 0001:0000f1f6       ?SetBitmapSize@CToolBarCtrl@@QAEHVCSize@@@Z 130101f6 f nafxcwd:winctrl2.obj
 0001:0000f25c       ?AutoSize@CToolBarCtrl@@QAEXXZ 1301025c f nafxcwd:winctrl2.obj
 0001:0000f2ab       ?GetToolTips@CToolBarCtrl@@QBEPAVCToolTipCtrl@@XZ 130102ab f nafxcwd:winctrl2.obj
 0001:0000f300       ?SetToolTips@CToolBarCtrl@@QAEXPAVCToolTipCtrl@@@Z 13010300 f nafxcwd:winctrl2.obj
 0001:0000f356       ?SetOwner@CToolBarCtrl@@QAEXPAVCWnd@@@Z 13010356 f nafxcwd:winctrl2.obj
 0001:0000f3ac       ?SetRows@CToolBarCtrl@@QAEXHHPAUtagRECT@@@Z 130103ac f nafxcwd:winctrl2.obj
 0001:0000f415       ?GetRows@CToolBarCtrl@@QBEHXZ 13010415 f nafxcwd:winctrl2.obj
 0001:0000f464       ?SetCmdID@CToolBarCtrl@@QAEHHI@Z 13010464 f nafxcwd:winctrl2.obj
 0001:0000f4b9       ?GetBitmapFlags@CToolBarCtrl@@QBEIXZ 130104b9 f nafxcwd:winctrl2.obj
 0001:0000f508       ??0CStatusBarCtrl@@QAE@XZ  13010508 f nafxcwd:winctrl2.obj
 0001:0000f527       ?SetText@CStatusBarCtrl@@QAEHPBDHH@Z 13010527 f nafxcwd:winctrl2.obj
 0001:0000f59f       ?SetParts@CStatusBarCtrl@@QAEHHPAH@Z 1301059f f nafxcwd:winctrl2.obj
 0001:0000f5f4       ?GetParts@CStatusBarCtrl@@QBEHHPAH@Z 130105f4 f nafxcwd:winctrl2.obj
 0001:0000f649       ?GetBorders@CStatusBarCtrl@@QBEHPAH@Z 13010649 f nafxcwd:winctrl2.obj
 0001:0000f69c       ?SetMinHeight@CStatusBarCtrl@@QAEXH@Z 1301069c f nafxcwd:winctrl2.obj
 0001:0000f6ef       ?SetSimple@CStatusBarCtrl@@QAEHH@Z 130106ef f nafxcwd:winctrl2.obj
 0001:0000f742       ?GetRect@CStatusBarCtrl@@QBEHHPAUtagRECT@@@Z 13010742 f nafxcwd:winctrl2.obj
 0001:0000f797       ??0CListCtrl@@QAE@XZ       13010797 f nafxcwd:winctrl2.obj
 0001:0000f7b6       ?GetBkColor@CListCtrl@@QBEKXZ 130107b6 f nafxcwd:winctrl2.obj
 0001:0000f805       ?SetBkColor@CListCtrl@@QAEHK@Z 13010805 f nafxcwd:winctrl2.obj
 0001:0000f858       ?GetImageList@CListCtrl@@QBEPAVCImageList@@H@Z 13010858 f nafxcwd:winctrl2.obj
 0001:0000f8b1       ?SetImageList@CListCtrl@@QAEPAVCImageList@@PAV2@H@Z 130108b1 f nafxcwd:winctrl2.obj
 0001:0000f911       ?GetItemCount@CListCtrl@@QBEHXZ 13010911 f nafxcwd:winctrl2.obj
 0001:0000f960       ?GetItem@CListCtrl@@QBEHPAUtagLVITEMA@@@Z 13010960 f nafxcwd:winctrl2.obj
 0001:0000f9b3       ?SetItem@CListCtrl@@QAEHPBUtagLVITEMA@@@Z 130109b3 f nafxcwd:winctrl2.obj
 0001:0000fa06       ?SetItemState@CListCtrl@@QAEHHII@Z 13010a06 f nafxcwd:winctrl2.obj
 0001:0000fa62       ?SetItemText@CListCtrl@@QAEHHHPBD@Z 13010a62 f nafxcwd:winctrl2.obj
 0001:0000fabe       ?SetItemData@CListCtrl@@QAEHHK@Z 13010abe f nafxcwd:winctrl2.obj
 0001:0000fb18       ?InsertItem@CListCtrl@@QAEHPBUtagLVITEMA@@@Z 13010b18 f nafxcwd:winctrl2.obj
 0001:0000fb6e       ?InsertItem@CListCtrl@@QAEHHPBD@Z 13010b6e f nafxcwd:winctrl2.obj
 0001:0000fbc6       ?InsertItem@CListCtrl@@QAEHHPBDH@Z 13010bc6 f nafxcwd:winctrl2.obj
 0001:0000fc20       ?DeleteItem@CListCtrl@@QAEHH@Z 13010c20 f nafxcwd:winctrl2.obj
 0001:0000fc76       ?DeleteAllItems@CListCtrl@@QAEHXZ 13010c76 f nafxcwd:winctrl2.obj
 0001:0000fcc8       ?GetCallbackMask@CListCtrl@@QBEIXZ 13010cc8 f nafxcwd:winctrl2.obj
 0001:0000fd1a       ?SetCallbackMask@CListCtrl@@QAEHI@Z 13010d1a f nafxcwd:winctrl2.obj
 0001:0000fd70       ?GetNextItem@CListCtrl@@QBEHHH@Z 13010d70 f nafxcwd:winctrl2.obj
 0001:0000fdcd       ?FindItem@CListCtrl@@QBEHPAUtagLVFINDINFOA@@H@Z 13010dcd f nafxcwd:winctrl2.obj
 0001:0000fe25       ?HitTest@CListCtrl@@QBEHPAUtagLVHITTESTINFO@@@Z 13010e25 f nafxcwd:winctrl2.obj
 0001:0000fe7b       ?SetItemPosition@CListCtrl@@QAEHHUtagPOINT@@@Z 13010e7b f nafxcwd:winctrl2.obj
 0001:0000fed3       ?GetItemPosition@CListCtrl@@QBEHHPAUtagPOINT@@@Z 13010ed3 f nafxcwd:winctrl2.obj
 0001:0000ff2b       ?GetStringWidth@CListCtrl@@QBEHPBD@Z 13010f2b f nafxcwd:winctrl2.obj
 0001:0000ff81       ?EnsureVisible@CListCtrl@@QAEHHH@Z 13010f81 f nafxcwd:winctrl2.obj
 0001:0000ffde       ?Scroll@CListCtrl@@QAEHVCSize@@@Z 13010fde f nafxcwd:winctrl2.obj
 0001:00010036       ?RedrawItems@CListCtrl@@QAEHHH@Z 13011036 f nafxcwd:winctrl2.obj
 0001:0001008e       ?Arrange@CListCtrl@@QAEHI@Z 1301108e f nafxcwd:winctrl2.obj
 0001:000100e4       ?EditLabel@CListCtrl@@QAEPAVCEdit@@H@Z 130110e4 f nafxcwd:winctrl2.obj
 0001:00010140       ?GetEditControl@CListCtrl@@QBEPAVCEdit@@XZ 13011140 f nafxcwd:winctrl2.obj
 0001:00010198       ?GetColumn@CListCtrl@@QBEHHPAUtagLVCOLUMNA@@@Z 13011198 f nafxcwd:winctrl2.obj
 0001:000101f0       ?SetColumn@CListCtrl@@QAEHHPBUtagLVCOLUMNA@@@Z 130111f0 f nafxcwd:winctrl2.obj
 0001:00010248       ?InsertColumn@CListCtrl@@QAEHHPBUtagLVCOLUMNA@@@Z 13011248 f nafxcwd:winctrl2.obj
 0001:000102a0       ?DeleteColumn@CListCtrl@@QAEHH@Z 130112a0 f nafxcwd:winctrl2.obj
 0001:000102f6       ?GetColumnWidth@CListCtrl@@QBEHH@Z 130112f6 f nafxcwd:winctrl2.obj
 0001:0001034c       ?SetColumnWidth@CListCtrl@@QAEHHH@Z 1301134c f nafxcwd:winctrl2.obj
 0001:000103a9       ?GetViewRect@CListCtrl@@QBEHPAUtagRECT@@@Z 130113a9 f nafxcwd:winctrl2.obj
 0001:000103ff       ?GetTextColor@CListCtrl@@QBEKXZ 130113ff f nafxcwd:winctrl2.obj
 0001:00010451       ?SetTextColor@CListCtrl@@QAEHK@Z 13011451 f nafxcwd:winctrl2.obj
 0001:000104a7       ?GetTextBkColor@CListCtrl@@QBEKXZ 130114a7 f nafxcwd:winctrl2.obj
 0001:000104f9       ?SetTextBkColor@CListCtrl@@QAEHK@Z 130114f9 f nafxcwd:winctrl2.obj
 0001:0001054f       ?GetTopIndex@CListCtrl@@QBEHXZ 1301154f f nafxcwd:winctrl2.obj
 0001:000105a1       ?GetCountPerPage@CListCtrl@@QBEHXZ 130115a1 f nafxcwd:winctrl2.obj
 0001:000105f3       ?GetOrigin@CListCtrl@@QBEHPAUtagPOINT@@@Z 130115f3 f nafxcwd:winctrl2.obj
 0001:00010649       ?Update@CListCtrl@@QAEHH@Z 13011649 f nafxcwd:winctrl2.obj
 0001:0001069f       ?SetItemState@CListCtrl@@QAEHHPAUtagLVITEMA@@@Z 1301169f f nafxcwd:winctrl2.obj
 0001:000106f7       ?GetItemState@CListCtrl@@QBEIHI@Z 130116f7 f nafxcwd:winctrl2.obj
 0001:0001074f       ?SetItemCount@CListCtrl@@QAEXH@Z 1301174f f nafxcwd:winctrl2.obj
 0001:000107a5       ?SortItems@CListCtrl@@QAEHP6GHJJJ@ZK@Z 130117a5 f nafxcwd:winctrl2.obj
 0001:000107fd       ?GetSelectedCount@CListCtrl@@QBEIXZ 130117fd f nafxcwd:winctrl2.obj
 0001:0001084f       ??0CTreeCtrl@@QAE@XZ       1301184f f nafxcwd:winctrl2.obj
 0001:0001086e       ?InsertItem@CTreeCtrl@@QAEPAU_TREEITEM@@PAUtagTVINSERTSTRUCTA@@@Z 1301186e f nafxcwd:winctrl2.obj
 0001:000108c4       ?InsertItem@CTreeCtrl@@QAEPAU_TREEITEM@@PBDHHPAU2@1@Z 130118c4 f nafxcwd:winctrl2.obj
 0001:00010926       ?InsertItem@CTreeCtrl@@QAEPAU_TREEITEM@@PBDPAU2@1@Z 13011926 f nafxcwd:winctrl2.obj
 0001:00010984       ?DeleteItem@CTreeCtrl@@QAEHPAU_TREEITEM@@@Z 13011984 f nafxcwd:winctrl2.obj
 0001:000109da       ?DeleteAllItems@CTreeCtrl@@QAEHXZ 130119da f nafxcwd:winctrl2.obj
 0001:00010a2f       ?Expand@CTreeCtrl@@QAEHPAU_TREEITEM@@I@Z 13011a2f f nafxcwd:winctrl2.obj
 0001:00010a87       ?GetCount@CTreeCtrl@@QBEIXZ 13011a87 f nafxcwd:winctrl2.obj
 0001:00010ad9       ?GetIndent@CTreeCtrl@@QBEIXZ 13011ad9 f nafxcwd:winctrl2.obj
 0001:00010b2b       ?SetIndent@CTreeCtrl@@QAEXI@Z 13011b2b f nafxcwd:winctrl2.obj
 0001:00010b81       ?GetImageList@CTreeCtrl@@QBEPAVCImageList@@I@Z 13011b81 f nafxcwd:winctrl2.obj
 0001:00010bdd       ?SetImageList@CTreeCtrl@@QAEPAVCImageList@@PAV2@H@Z 13011bdd f nafxcwd:winctrl2.obj
 0001:00010c40       ?GetNextItem@CTreeCtrl@@QBEPAU_TREEITEM@@PAU2@I@Z 13011c40 f nafxcwd:winctrl2.obj
 0001:00010c98       ?GetChildItem@CTreeCtrl@@QBEPAU_TREEITEM@@PAU2@@Z 13011c98 f nafxcwd:winctrl2.obj
 0001:00010cee       ?GetNextSiblingItem@CTreeCtrl@@QBEPAU_TREEITEM@@PAU2@@Z 13011cee f nafxcwd:winctrl2.obj
 0001:00010d44       ?GetPrevSiblingItem@CTreeCtrl@@QBEPAU_TREEITEM@@PAU2@@Z 13011d44 f nafxcwd:winctrl2.obj
 0001:00010d9a       ?GetParentItem@CTreeCtrl@@QBEPAU_TREEITEM@@PAU2@@Z 13011d9a f nafxcwd:winctrl2.obj
 0001:00010df0       ?GetFirstVisibleItem@CTreeCtrl@@QBEPAU_TREEITEM@@XZ 13011df0 f nafxcwd:winctrl2.obj
 0001:00010e42       ?GetNextVisibleItem@CTreeCtrl@@QBEPAU_TREEITEM@@PAU2@@Z 13011e42 f nafxcwd:winctrl2.obj
 0001:00010e98       ?GetPrevVisibleItem@CTreeCtrl@@QBEPAU_TREEITEM@@PAU2@@Z 13011e98 f nafxcwd:winctrl2.obj
 0001:00010eee       ?GetSelectedItem@CTreeCtrl@@QBEPAU_TREEITEM@@XZ 13011eee f nafxcwd:winctrl2.obj
 0001:00010f40       ?GetDropHilightItem@CTreeCtrl@@QBEPAU_TREEITEM@@XZ 13011f40 f nafxcwd:winctrl2.obj
 0001:00010f92       ?GetRootItem@CTreeCtrl@@QBEPAU_TREEITEM@@XZ 13011f92 f nafxcwd:winctrl2.obj
 0001:00010fe4       ?Select@CTreeCtrl@@QAEHPAU_TREEITEM@@I@Z 13011fe4 f nafxcwd:winctrl2.obj
 0001:0001103c       ?SelectItem@CTreeCtrl@@QAEHPAU_TREEITEM@@@Z 1301203c f nafxcwd:winctrl2.obj
 0001:00011092       ?SelectDropTarget@CTreeCtrl@@QAEHPAU_TREEITEM@@@Z 13012092 f nafxcwd:winctrl2.obj
 0001:000110e8       ?SelectSetFirstVisible@CTreeCtrl@@QAEHPAU_TREEITEM@@@Z 130120e8 f nafxcwd:winctrl2.obj
 0001:0001113e       ?GetItem@CTreeCtrl@@QBEHPAUtagTVITEMA@@@Z 1301213e f nafxcwd:winctrl2.obj
 0001:00011194       ?SetItem@CTreeCtrl@@QAEHPAUtagTVITEMA@@@Z 13012194 f nafxcwd:winctrl2.obj
 0001:000111ea       ?SetItemText@CTreeCtrl@@QAEHPAU_TREEITEM@@PBD@Z 130121ea f nafxcwd:winctrl2.obj
 0001:00011244       ?SetItemImage@CTreeCtrl@@QAEHPAU_TREEITEM@@HH@Z 13012244 f nafxcwd:winctrl2.obj
 0001:000112a0       ?SetItemState@CTreeCtrl@@QAEHPAU_TREEITEM@@II@Z 130122a0 f nafxcwd:winctrl2.obj
 0001:000112fc       ?SetItemData@CTreeCtrl@@QAEHPAU_TREEITEM@@K@Z 130122fc f nafxcwd:winctrl2.obj
 0001:00011356       ?EditLabel@CTreeCtrl@@QAEPAVCEdit@@PAU_TREEITEM@@@Z 13012356 f nafxcwd:winctrl2.obj
 0001:000113b2       ?HitTest@CTreeCtrl@@QBEPAU_TREEITEM@@PAUtagTVHITTESTINFO@@@Z 130123b2 f nafxcwd:winctrl2.obj
 0001:00011408       ?GetEditControl@CTreeCtrl@@QBEPAVCEdit@@XZ 13012408 f nafxcwd:winctrl2.obj
 0001:00011460       ?GetVisibleCount@CTreeCtrl@@QBEIXZ 13012460 f nafxcwd:winctrl2.obj
 0001:000114b2       ?SortChildren@CTreeCtrl@@QAEHPAU_TREEITEM@@@Z 130124b2 f nafxcwd:winctrl2.obj
 0001:00011508       ?EnsureVisible@CTreeCtrl@@QAEHPAU_TREEITEM@@@Z 13012508 f nafxcwd:winctrl2.obj
 0001:0001155e       ?SortChildrenCB@CTreeCtrl@@QAEHPAUtagTVSORTCB@@@Z 1301255e f nafxcwd:winctrl2.obj
 0001:000115b4       ??0CHotKeyCtrl@@QAE@XZ     130125b4 f nafxcwd:winctrl2.obj
 0001:000115d3       ?SetHotKey@CHotKeyCtrl@@QAEXGG@Z 130125d3 f nafxcwd:winctrl2.obj
 0001:00011641       ?GetHotKey@CHotKeyCtrl@@QBEKXZ 13012641 f nafxcwd:winctrl2.obj
 0001:00011693       ?SetRules@CHotKeyCtrl@@QAEXGG@Z 13012693 f nafxcwd:winctrl2.obj
 0001:000116f6       ?Activate@CToolTipCtrl@@QAEXH@Z 130126f6 f nafxcwd:winctrl2.obj
 0001:0001174c       ?SetToolInfo@CToolTipCtrl@@QAEXPAUtagTOOLINFOA@@@Z 1301274c f nafxcwd:winctrl2.obj
 0001:000117a2       ?RelayEvent@CToolTipCtrl@@QAEXPAUtagMSG@@@Z 130127a2 f nafxcwd:winctrl2.obj
 0001:000117f8       ?SetDelayTime@CToolTipCtrl@@QAEXI@Z 130127f8 f nafxcwd:winctrl2.obj
 0001:0001184e       ?GetToolCount@CToolTipCtrl@@QBEHXZ 1301284e f nafxcwd:winctrl2.obj
 0001:000118a0       ??0CSpinButtonCtrl@@QAE@XZ 130128a0 f nafxcwd:winctrl2.obj
 0001:000118bf       ?GetAccel@CSpinButtonCtrl@@QBEIHPAU_UDACCEL@@@Z 130128bf f nafxcwd:winctrl2.obj
 0001:0001191c       ?GetBase@CSpinButtonCtrl@@QBEIXZ 1301291c f nafxcwd:winctrl2.obj
 0001:00011973       ?GetBuddy@CSpinButtonCtrl@@QBEPAVCWnd@@XZ 13012973 f nafxcwd:winctrl2.obj
 0001:000119cb       ?GetPos@CSpinButtonCtrl@@QBEHXZ 130129cb f nafxcwd:winctrl2.obj
 0001:00011a1d       ?GetRange@CSpinButtonCtrl@@QBEKXZ 13012a1d f nafxcwd:winctrl2.obj
 0001:00011a6f       ?SetAccel@CSpinButtonCtrl@@QAEHHPAU_UDACCEL@@@Z 13012a6f f nafxcwd:winctrl2.obj
 0001:00011acc       ?SetBase@CSpinButtonCtrl@@QAEHH@Z 13012acc f nafxcwd:winctrl2.obj
 0001:00011b22       ?SetBuddy@CSpinButtonCtrl@@QAEPAVCWnd@@PAV2@@Z 13012b22 f nafxcwd:winctrl2.obj
 0001:00011b81       ?SetPos@CSpinButtonCtrl@@QAEHH@Z 13012b81 f nafxcwd:winctrl2.obj
 0001:00011bdf       ?SetRange@CSpinButtonCtrl@@QAEXHH@Z 13012bdf f nafxcwd:winctrl2.obj
 0001:00011c48       ??0CSliderCtrl@@QAE@XZ     13012c48 f nafxcwd:winctrl2.obj
 0001:00011c67       ?GetLineSize@CSliderCtrl@@QBEHXZ 13012c67 f nafxcwd:winctrl2.obj
 0001:00011cb9       ?SetLineSize@CSliderCtrl@@QAEHH@Z 13012cb9 f nafxcwd:winctrl2.obj
 0001:00011d0f       ?GetPageSize@CSliderCtrl@@QBEHXZ 13012d0f f nafxcwd:winctrl2.obj
 0001:00011d61       ?SetPageSize@CSliderCtrl@@QAEHH@Z 13012d61 f nafxcwd:winctrl2.obj
 0001:00011db7       ?GetRangeMax@CSliderCtrl@@QBEHXZ 13012db7 f nafxcwd:winctrl2.obj
 0001:00011e09       ?GetRangeMin@CSliderCtrl@@QBEHXZ 13012e09 f nafxcwd:winctrl2.obj
 0001:00011e5b       ?SetRangeMin@CSliderCtrl@@QAEXHH@Z 13012e5b f nafxcwd:winctrl2.obj
 0001:00011eb3       ?SetRangeMax@CSliderCtrl@@QAEXHH@Z 13012eb3 f nafxcwd:winctrl2.obj
 0001:00011f0b       ?ClearSel@CSliderCtrl@@QAEXH@Z 13012f0b f nafxcwd:winctrl2.obj
 0001:00011f61       ?GetChannelRect@CSliderCtrl@@QBEXPAUtagRECT@@@Z 13012f61 f nafxcwd:winctrl2.obj
 0001:00011fb7       ?GetThumbRect@CSliderCtrl@@QBEXPAUtagRECT@@@Z 13012fb7 f nafxcwd:winctrl2.obj
 0001:0001200d       ?GetPos@CSliderCtrl@@QBEHXZ 1301300d f nafxcwd:winctrl2.obj
 0001:0001205f       ?SetPos@CSliderCtrl@@QAEXH@Z 1301305f f nafxcwd:winctrl2.obj
 0001:000120b5       ?VerifyPos@CSliderCtrl@@QAEXXZ 130130b5 f nafxcwd:winctrl2.obj
 0001:00012107       ?ClearTics@CSliderCtrl@@QAEXH@Z 13013107 f nafxcwd:winctrl2.obj
 0001:0001215d       ?GetNumTics@CSliderCtrl@@QBEIXZ 1301315d f nafxcwd:winctrl2.obj
 0001:000121af       ?GetTicArray@CSliderCtrl@@QBEPAKXZ 130131af f nafxcwd:winctrl2.obj
 0001:00012201       ?GetTic@CSliderCtrl@@QBEHH@Z 13013201 f nafxcwd:winctrl2.obj
 0001:00012257       ?GetTicPos@CSliderCtrl@@QBEHH@Z 13013257 f nafxcwd:winctrl2.obj
 0001:000122ad       ?SetTic@CSliderCtrl@@QAEHH@Z 130132ad f nafxcwd:winctrl2.obj
 0001:00012303       ?SetTicFreq@CSliderCtrl@@QAEXH@Z 13013303 f nafxcwd:winctrl2.obj
 0001:00012359       ??0CProgressCtrl@@QAE@XZ   13013359 f nafxcwd:winctrl2.obj
 0001:00012378       ?SetRange@CProgressCtrl@@QAEXHH@Z 13013378 f nafxcwd:winctrl2.obj
 0001:000123e1       ?SetPos@CProgressCtrl@@QAEHH@Z 130133e1 f nafxcwd:winctrl2.obj
 0001:0001243c       ?OffsetPos@CProgressCtrl@@QAEHH@Z 1301343c f nafxcwd:winctrl2.obj
 0001:00012497       ?SetStep@CProgressCtrl@@QAEHH@Z 13013497 f nafxcwd:winctrl2.obj
 0001:000124f2       ?StepIt@CProgressCtrl@@QAEHXZ 130134f2 f nafxcwd:winctrl2.obj
 0001:00012549       ??0CHeaderCtrl@@QAE@XZ     13013549 f nafxcwd:winctrl2.obj
 0001:00012568       ?GetItemCount@CHeaderCtrl@@QBEHXZ 13013568 f nafxcwd:winctrl2.obj
 0001:000125ba       ?InsertItem@CHeaderCtrl@@QAEHHPAU_HD_ITEMA@@@Z 130135ba f nafxcwd:winctrl2.obj
 0001:00012612       ?DeleteItem@CHeaderCtrl@@QAEHH@Z 13013612 f nafxcwd:winctrl2.obj
 0001:00012668       ?GetItem@CHeaderCtrl@@QBEHHPAU_HD_ITEMA@@@Z 13013668 f nafxcwd:winctrl2.obj
 0001:000126c0       ?SetItem@CHeaderCtrl@@QAEHHPAU_HD_ITEMA@@@Z 130136c0 f nafxcwd:winctrl2.obj
 0001:00012718       ?Layout@CHeaderCtrl@@QAEHPAU_HD_LAYOUT@@@Z 13013718 f nafxcwd:winctrl2.obj
 0001:0001276e       ??BCImageList@@QBEPAU_IMAGELIST@@XZ 1301376e f nafxcwd:winctrl2.obj
 0001:0001277f       ?GetSafeHandle@CImageList@@QBEPAU_IMAGELIST@@XZ 1301377f f nafxcwd:winctrl2.obj
 0001:000127a7       ?GetImageCount@CImageList@@QBEHXZ 130137a7 f nafxcwd:winctrl2.obj
 0001:000127e8       ?Add@CImageList@@QAEHPAVCBitmap@@0@Z 130137e8 f nafxcwd:winctrl2.obj
 0001:0001283d       ?Add@CImageList@@QAEHPAVCBitmap@@K@Z 1301383d f nafxcwd:winctrl2.obj
 0001:0001288d       ?Remove@CImageList@@QAEHH@Z 1301388d f nafxcwd:winctrl2.obj
 0001:000128d4       ?Replace@CImageList@@QAEHHPAVCBitmap@@0@Z 130138d4 f nafxcwd:winctrl2.obj
 0001:0001292d       ?Add@CImageList@@QAEHPAUHICON__@@@Z 1301392d f nafxcwd:winctrl2.obj
 0001:00012976       ?Replace@CImageList@@QAEHHPAUHICON__@@@Z 13013976 f nafxcwd:winctrl2.obj
 0001:000129c1       ?ExtractIconA@CImageList@@QAEPAUHICON__@@H@Z 130139c1 f nafxcwd:winctrl2.obj
 0001:00012a0a       ?Draw@CImageList@@QAEHPAVCDC@@HUtagPOINT@@I@Z 13013a0a f nafxcwd:winctrl2.obj
 0001:00012a86       ?SetBkColor@CImageList@@QAEKK@Z 13013a86 f nafxcwd:winctrl2.obj
 0001:00012acd       ?GetBkColor@CImageList@@QBEKXZ 13013acd f nafxcwd:winctrl2.obj
 0001:00012b0e       ?SetOverlayImage@CImageList@@QAEHHH@Z 13013b0e f nafxcwd:winctrl2.obj
 0001:00012b59       ?GetImageInfo@CImageList@@QBEHHPAU_IMAGEINFO@@@Z 13013b59 f nafxcwd:winctrl2.obj
 0001:00012ba4       ?BeginDrag@CImageList@@QAEHHVCPoint@@@Z 13013ba4 f nafxcwd:winctrl2.obj
 0001:00012bf3       ?EndDrag@CImageList@@SGXXZ 13013bf3 f nafxcwd:winctrl2.obj
 0001:00012bfe       ?DragMove@CImageList@@SGHVCPoint@@@Z 13013bfe f nafxcwd:winctrl2.obj
 0001:00012c13       ?SetDragCursorImage@CImageList@@QAEHHVCPoint@@@Z 13013c13 f nafxcwd:winctrl2.obj
 0001:00012c62       ?DragShowNolock@CImageList@@SGHH@Z 13013c62 f nafxcwd:winctrl2.obj
 0001:00012c73       ?GetDragImage@CImageList@@SGPAV1@PAUtagPOINT@@0@Z 13013c73 f nafxcwd:winctrl2.obj
 0001:00012c8e       ?DragEnter@CImageList@@SGHPAVCWnd@@VCPoint@@@Z 13013c8e f nafxcwd:winctrl2.obj
 0001:00012cac       ?DragLeave@CImageList@@SGHPAVCWnd@@@Z 13013cac f nafxcwd:winctrl2.obj
 0001:00012cc2       ??0CTabCtrl@@QAE@XZ        13013cc2 f nafxcwd:winctrl2.obj
 0001:00012ce1       ?GetImageList@CTabCtrl@@QBEPAVCImageList@@XZ 13013ce1 f nafxcwd:winctrl2.obj
 0001:00012d39       ?SetImageList@CTabCtrl@@QAEPAVCImageList@@PAV2@@Z 13013d39 f nafxcwd:winctrl2.obj
 0001:00012d9a       ?GetItemCount@CTabCtrl@@QBEHXZ 13013d9a f nafxcwd:winctrl2.obj
 0001:00012dec       ?GetItem@CTabCtrl@@QBEHHPAUtagTCITEMA@@@Z 13013dec f nafxcwd:winctrl2.obj
 0001:00012e44       ?SetItem@CTabCtrl@@QAEHHPAUtagTCITEMA@@@Z 13013e44 f nafxcwd:winctrl2.obj
 0001:00012e9c       ?InsertItem@CTabCtrl@@QAEHHPAUtagTCITEMA@@@Z 13013e9c f nafxcwd:winctrl2.obj
 0001:00012ef4       ?DeleteItem@CTabCtrl@@QAEHH@Z 13013ef4 f nafxcwd:winctrl2.obj
 0001:00012f4a       ?DeleteAllItems@CTabCtrl@@QAEHXZ 13013f4a f nafxcwd:winctrl2.obj
 0001:00012f9c       ?GetItemRect@CTabCtrl@@QBEHHPAUtagRECT@@@Z 13013f9c f nafxcwd:winctrl2.obj
 0001:00012ff4       ?GetCurSel@CTabCtrl@@QBEHXZ 13013ff4 f nafxcwd:winctrl2.obj
 0001:00013046       ?SetCurSel@CTabCtrl@@QAEHH@Z 13014046 f nafxcwd:winctrl2.obj
 0001:0001309c       ?HitTest@CTabCtrl@@QBEHPAUtagTCHITTESTINFO@@@Z 1301409c f nafxcwd:winctrl2.obj
 0001:000130f2       ?AdjustRect@CTabCtrl@@QAEXHPAUtagRECT@@@Z 130140f2 f nafxcwd:winctrl2.obj
 0001:0001314a       ?SetItemSize@CTabCtrl@@QAE?AVCSize@@V2@@Z 1301414a f nafxcwd:winctrl2.obj
 0001:000131bf       ?RemoveImage@CTabCtrl@@QAEXH@Z 130141bf f nafxcwd:winctrl2.obj
 0001:00013215       ?SetPadding@CTabCtrl@@QAEXVCSize@@@Z 13014215 f nafxcwd:winctrl2.obj
 0001:0001327e       ?GetRowCount@CTabCtrl@@QBEHXZ 1301427e f nafxcwd:winctrl2.obj
 0001:000132d0       ?GetTooltips@CTabCtrl@@QBEPAVCToolTipCtrl@@XZ 130142d0 f nafxcwd:winctrl2.obj
 0001:00013328       ?SetTooltips@CTabCtrl@@QAEXPAVCToolTipCtrl@@@Z 13014328 f nafxcwd:winctrl2.obj
 0001:00013381       ?GetCurFocus@CTabCtrl@@QBEHXZ 13014381 f nafxcwd:winctrl2.obj
 0001:000133d3       ??0CAnimateCtrl@@QAE@XZ    130143d3 f nafxcwd:winctrl2.obj
 0001:000133f2       ?Open@CAnimateCtrl@@QAEHPBD@Z 130143f2 f nafxcwd:winctrl2.obj
 0001:00013448       ?Open@CAnimateCtrl@@QAEHI@Z 13014448 f nafxcwd:winctrl2.obj
 0001:0001349e       ?Play@CAnimateCtrl@@QAEHIII@Z 1301449e f nafxcwd:winctrl2.obj
 0001:00013509       ?Stop@CAnimateCtrl@@QAEHXZ 13014509 f nafxcwd:winctrl2.obj
 0001:0001355b       ?Close@CAnimateCtrl@@QAEHXZ 1301455b f nafxcwd:winctrl2.obj
 0001:000135ad       ?Seek@CAnimateCtrl@@QAEHI@Z 130145ad f nafxcwd:winctrl2.obj
 0001:00013616       ??0CRichEditCtrl@@QAE@XZ   13014616 f nafxcwd:winctrl2.obj
 0001:00013635       ?CanUndo@CRichEditCtrl@@QBEHXZ 13014635 f nafxcwd:winctrl2.obj
 0001:00013687       ?GetLineCount@CRichEditCtrl@@QBEHXZ 13014687 f nafxcwd:winctrl2.obj
 0001:000136d9       ?GetModify@CRichEditCtrl@@QBEHXZ 130146d9 f nafxcwd:winctrl2.obj
 0001:0001372b       ?SetModify@CRichEditCtrl@@QAEXH@Z 1301472b f nafxcwd:winctrl2.obj
 0001:00013781       ?GetRect@CRichEditCtrl@@QBEXPAUtagRECT@@@Z 13014781 f nafxcwd:winctrl2.obj
 0001:000137d7       ?GetCharPos@CRichEditCtrl@@QBE?AVCPoint@@J@Z 130147d7 f nafxcwd:winctrl2.obj
 0001:0001384a       ?SetOptions@CRichEditCtrl@@QAEXGK@Z 1301484a f nafxcwd:winctrl2.obj
 0001:000138a8       ?EmptyUndoBuffer@CRichEditCtrl@@QAEXXZ 130148a8 f nafxcwd:winctrl2.obj
 0001:000138fa       ?ReplaceSel@CRichEditCtrl@@QAEXPBDH@Z 130148fa f nafxcwd:winctrl2.obj
 0001:00013952       ?SetRect@CRichEditCtrl@@QAEXPBUtagRECT@@@Z 13014952 f nafxcwd:winctrl2.obj
 0001:000139a8       ?Undo@CRichEditCtrl@@QAEHXZ 130149a8 f nafxcwd:winctrl2.obj
 0001:000139fa       ?Clear@CRichEditCtrl@@QAEXXZ 130149fa f nafxcwd:winctrl2.obj
 0001:00013a4c       ?Copy@CRichEditCtrl@@QAEXXZ 13014a4c f nafxcwd:winctrl2.obj
 0001:00013a9e       ?Cut@CRichEditCtrl@@QAEXXZ 13014a9e f nafxcwd:winctrl2.obj
 0001:00013af0       ?Paste@CRichEditCtrl@@QAEXXZ 13014af0 f nafxcwd:winctrl2.obj
 0001:00013b42       ?SetReadOnly@CRichEditCtrl@@QAEHH@Z 13014b42 f nafxcwd:winctrl2.obj
 0001:00013b98       ?GetFirstVisibleLine@CRichEditCtrl@@QBEHXZ 13014b98 f nafxcwd:winctrl2.obj
 0001:00013bea       ?DisplayBand@CRichEditCtrl@@QAEHPAUtagRECT@@@Z 13014bea f nafxcwd:winctrl2.obj
 0001:00013c40       ?GetSel@CRichEditCtrl@@QBEXAAU_charrange@@@Z 13014c40 f nafxcwd:winctrl2.obj
 0001:00013c96       ?LimitText@CRichEditCtrl@@QAEXJ@Z 13014c96 f nafxcwd:winctrl2.obj
 0001:00013cec       ?LineFromChar@CRichEditCtrl@@QBEJJ@Z 13014cec f nafxcwd:winctrl2.obj
 0001:00013d42       ?SetSel@CRichEditCtrl@@QAEXAAU_charrange@@@Z 13014d42 f nafxcwd:winctrl2.obj
 0001:00013d98       ?FindTextA@CRichEditCtrl@@QBEJKPAU_findtextexa@@@Z 13014d98 f nafxcwd:winctrl2.obj
 0001:00013df0       ?FormatRange@CRichEditCtrl@@QAEJPAU_formatrange@@H@Z 13014df0 f nafxcwd:winctrl2.obj
 0001:00013e48       ?GetEventMask@CRichEditCtrl@@QBEJXZ 13014e48 f nafxcwd:winctrl2.obj
 0001:00013e9a       ?GetLimitText@CRichEditCtrl@@QBEJXZ 13014e9a f nafxcwd:winctrl2.obj
 0001:00013eec       ?GetSelText@CRichEditCtrl@@QBEJPAD@Z 13014eec f nafxcwd:winctrl2.obj
 0001:00013f42       ?HideSelection@CRichEditCtrl@@QAEXHH@Z 13014f42 f nafxcwd:winctrl2.obj
 0001:00013f9a       ?RequestResize@CRichEditCtrl@@QAEXXZ 13014f9a f nafxcwd:winctrl2.obj
 0001:00013fec       ?GetSelectionType@CRichEditCtrl@@QBEGXZ 13014fec f nafxcwd:winctrl2.obj
 0001:0001403e       ?SetBackgroundColor@CRichEditCtrl@@QAEKHK@Z 1301503e f nafxcwd:winctrl2.obj
 0001:00014096       ?SetEventMask@CRichEditCtrl@@QAEKK@Z 13015096 f nafxcwd:winctrl2.obj
 0001:000140ec       ?SetOLECallback@CRichEditCtrl@@QAEHPAUIRichEditOleCallback@@@Z 130150ec f nafxcwd:winctrl2.obj
 0001:00014142       ?SetTargetDevice@CRichEditCtrl@@QAEHPAUHDC__@@J@Z 13015142 f nafxcwd:winctrl2.obj
 0001:0001419a       ?SetTargetDevice@CRichEditCtrl@@QAEHAAVCDC@@J@Z 1301519a f nafxcwd:winctrl2.obj
 0001:000141f5       ?StreamIn@CRichEditCtrl@@QAEJHAAU_editstream@@@Z 130151f5 f nafxcwd:winctrl2.obj
 0001:0001424d       ?StreamOut@CRichEditCtrl@@QAEJHAAU_editstream@@@Z 1301524d f nafxcwd:winctrl2.obj
 0001:000142a5       ?GetTextLength@CRichEditCtrl@@QBEJXZ 130152a5 f nafxcwd:winctrl2.obj
 0001:00014300       ??_GCDragListBox@@UAEPAXI@Z 13015300 f nafxcwd:winctrl2.obj
 0001:00014300       ??_ECDragListBox@@UAEPAXI@Z 13015300 f nafxcwd:winctrl2.obj
 0001:00014330       ??_ECToolBarCtrl@@UAEPAXI@Z 13015330 f nafxcwd:winctrl2.obj
 0001:00014330       ??_GCToolBarCtrl@@UAEPAXI@Z 13015330 f nafxcwd:winctrl2.obj
 0001:00014360       ??_GCStatusBarCtrl@@UAEPAXI@Z 13015360 f nafxcwd:winctrl2.obj
 0001:00014360       ??_ECStatusBarCtrl@@UAEPAXI@Z 13015360 f nafxcwd:winctrl2.obj
 0001:00014390       ??_ECListCtrl@@UAEPAXI@Z   13015390 f nafxcwd:winctrl2.obj
 0001:00014390       ??_GCListCtrl@@UAEPAXI@Z   13015390 f nafxcwd:winctrl2.obj
 0001:000143c0       ??_GCTreeCtrl@@UAEPAXI@Z   130153c0 f nafxcwd:winctrl2.obj
 0001:000143c0       ??_ECTreeCtrl@@UAEPAXI@Z   130153c0 f nafxcwd:winctrl2.obj
 0001:000143f0       ??_GCSpinButtonCtrl@@UAEPAXI@Z 130153f0 f nafxcwd:winctrl2.obj
 0001:000143f0       ??_ECSpinButtonCtrl@@UAEPAXI@Z 130153f0 f nafxcwd:winctrl2.obj
 0001:00014420       ??_ECSliderCtrl@@UAEPAXI@Z 13015420 f nafxcwd:winctrl2.obj
 0001:00014420       ??_GCSliderCtrl@@UAEPAXI@Z 13015420 f nafxcwd:winctrl2.obj
 0001:00014450       ??_ECProgressCtrl@@UAEPAXI@Z 13015450 f nafxcwd:winctrl2.obj
 0001:00014450       ??_GCProgressCtrl@@UAEPAXI@Z 13015450 f nafxcwd:winctrl2.obj
 0001:00014480       ??_GCHeaderCtrl@@UAEPAXI@Z 13015480 f nafxcwd:winctrl2.obj
 0001:00014480       ??_ECHeaderCtrl@@UAEPAXI@Z 13015480 f nafxcwd:winctrl2.obj
 0001:000144b0       ??_ECHotKeyCtrl@@UAEPAXI@Z 130154b0 f nafxcwd:winctrl2.obj
 0001:000144b0       ??_GCHotKeyCtrl@@UAEPAXI@Z 130154b0 f nafxcwd:winctrl2.obj
 0001:000144e0       ??_GCTabCtrl@@UAEPAXI@Z    130154e0 f nafxcwd:winctrl2.obj
 0001:000144e0       ??_ECTabCtrl@@UAEPAXI@Z    130154e0 f nafxcwd:winctrl2.obj
 0001:00014510       ??_ECAnimateCtrl@@UAEPAXI@Z 13015510 f nafxcwd:winctrl2.obj
 0001:00014510       ??_GCAnimateCtrl@@UAEPAXI@Z 13015510 f nafxcwd:winctrl2.obj
 0001:00014540       ??_GCRichEditCtrl@@UAEPAXI@Z 13015540 f nafxcwd:winctrl2.obj
 0001:00014540       ??_ECRichEditCtrl@@UAEPAXI@Z 13015540 f nafxcwd:winctrl2.obj
 0001:00014570       ??_ECImageList@@UAEPAXI@Z  13015570 f nafxcwd:winctrl2.obj
 0001:00014570       ??_GCImageList@@UAEPAXI@Z  13015570 f nafxcwd:winctrl2.obj
 0001:000145a0       ??_9@$BOI@AE               130155a0 f nafxcwd:viewcore.obj
 0001:000145b0       ?AddHead@?$CTypedSimpleList@PAVCFrameWnd@@@@QAEXPAVCFrameWnd@@@Z 130155b0 f nafxcwd:winfrm.obj
 0001:000145d0       ?Remove@?$CTypedSimpleList@PAVCFrameWnd@@@@QAEHPAVCFrameWnd@@@Z 130155d0 f nafxcwd:winfrm.obj
 0001:000145f0       ??9@YAHABU_GUID@@0@Z       130155f0 f nafxcwd:oledisp1.obj
 0001:00014610       ?GetFileTitle@@YGFPBDPADG@Z 13015610 f nafxcwd:filecore.obj
 0001:00014630       ??0AFX_COM@@QAE@XZ         13015630 f nafxcwd:filecore.obj
 0001:00014650       ?GetMessageMap@CToolTipCtrl@@MBEPBUAFX_MSGMAP@@XZ 13015650 f nafxcwd:tooltip.obj
 0001:00014660       ??0CToolTipCtrl@@QAE@XZ    13015660 f nafxcwd:tooltip.obj
 0001:000146b9       ?Create@CToolTipCtrl@@QAEHPAVCWnd@@K@Z 130156b9 f nafxcwd:tooltip.obj
 0001:0001471b       ??1CToolTipCtrl@@UAE@XZ    1301571b f nafxcwd:tooltip.obj
 0001:0001477b       ?DestroyToolTipCtrl@CToolTipCtrl@@QAEHXZ 1301577b f nafxcwd:tooltip.obj
 0001:000147ce       ?OnAddTool@CToolTipCtrl@@IAEJIJ@Z 130157ce f nafxcwd:tooltip.obj
 0001:00014873       ?OnDisableModal@CToolTipCtrl@@IAEJIJ@Z 13015873 f nafxcwd:tooltip.obj
 0001:00014893       ?OnWindowFromPoint@CToolTipCtrl@@IAEJIJ@Z 13015893 f nafxcwd:tooltip.obj
 0001:0001496f       ?AddTool@CToolTipCtrl@@QAEHPAVCWnd@@PBDPBUtagRECT@@I@Z 1301596f f nafxcwd:tooltip.obj
 0001:00014a5f       ?AddTool@CToolTipCtrl@@QAEHPAVCWnd@@IPBUtagRECT@@I@Z 13015a5f f nafxcwd:tooltip.obj
 0001:00014b88       ?DelTool@CToolTipCtrl@@QAEXPAVCWnd@@I@Z 13015b88 f nafxcwd:tooltip.obj
 0001:00014c14       ?GetText@CToolTipCtrl@@QBEXAAVCString@@PAVCWnd@@I@Z 13015c14 f nafxcwd:tooltip.obj
 0001:00014cba       ?GetToolInfo@CToolTipCtrl@@QBEHAAVCToolInfo@@PAVCWnd@@I@Z 13015cba f nafxcwd:tooltip.obj
 0001:00014d50       ?HitTest@CToolTipCtrl@@QBEHPAVCWnd@@VCPoint@@PAUtagTOOLINFOA@@@Z 13015d50 f nafxcwd:tooltip.obj
 0001:00014e35       ?SetToolRect@CToolTipCtrl@@QAEXPAVCWnd@@IPBUtagRECT@@@Z 13015e35 f nafxcwd:tooltip.obj
 0001:00014ef3       ?UpdateTipText@CToolTipCtrl@@QAEXPBDPAVCWnd@@I@Z 13015ef3 f nafxcwd:tooltip.obj
 0001:00014f85       ?UpdateTipText@CToolTipCtrl@@QAEXIPAVCWnd@@I@Z 13015f85 f nafxcwd:tooltip.obj
 0001:0001503a       ?FillInToolInfo@CToolTipCtrl@@QBEXAAUtagTOOLINFOA@@PAVCWnd@@I@Z 1301603a f nafxcwd:tooltip.obj
 0001:000150b4       ?EnableToolTips@CWnd@@QAEHH@Z 130160b4 f nafxcwd:tooltip.obj
 0001:000151a8       ?_FilterToolTipMessage@CWnd@@SGXPAUtagMSG@@PAV1@@Z 130161a8 f nafxcwd:tooltip.obj
 0001:000151bb       ?FilterToolTipMessage@CWnd@@QAEXPAUtagMSG@@@Z 130161bb f nafxcwd:tooltip.obj
 0001:000157a0       ??_GCToolTipCtrl@@UAEPAXI@Z 130167a0 f nafxcwd:tooltip.obj
 0001:000157a0       ??_ECToolTipCtrl@@UAEPAXI@Z 130167a0 f nafxcwd:tooltip.obj
 0001:000157d0       ?EnableTypeLib@CCmdTarget@@QAEXXZ 130167d0 f nafxcwd:oletyplb.obj
 0001:0001582a       ?GetTypeInfoOfGuid@CCmdTarget@@QAEJKABU_GUID@@PAPAUITypeInfo@@@Z 1301682a f nafxcwd:oletyplb.obj
 0001:000159ba       ?AfxGetTypeLibCache@@YGPAVCTypeLibCache@@PBU_GUID@@@Z 130169ba f nafxcwd:oletyplb.obj
 0001:00015b77       ?Lock@CTypeLibCache@@QAEXXZ 13016b77 f nafxcwd:oletyplb.obj
 0001:00015bcb       ?Lookup@CTypeLibCache@@QAEHKPAPAUITypeLib@@@Z 13016bcb f nafxcwd:oletyplb.obj
 0001:00015c44       ?Cache@CTypeLibCache@@QAEXKPAUITypeLib@@@Z 13016c44 f nafxcwd:oletyplb.obj
 0001:00015cfc       ?LookupTypeInfo@CTypeLibCache@@QAEHKABU_GUID@@PAPAUITypeInfo@@@Z 13016cfc f nafxcwd:oletyplb.obj
 0001:00015dc4       ?CacheTypeInfo@CTypeLibCache@@QAEXKABU_GUID@@PAUITypeInfo@@@Z 13016dc4 f nafxcwd:oletyplb.obj
 0001:00015e50       __onexit                   13016e50 f libcmtd:onexit.obj
 0001:00015f10       _atexit                    13016f10 f libcmtd:onexit.obj
 0001:00015f30       ___onexitinit              13016f30 f libcmtd:onexit.obj
 0001:00015f80       ?_JumpToContinuation@@YGXPAXPAUEHRegistrationNode@@@Z 13016f80 f libcmtd:trnsctrl.obj
 0001:00015fc0       ?_CallMemberFunction0@@YGXPAX0@Z 13016fc0 f libcmtd:trnsctrl.obj
 0001:00015fd0       ?_CallMemberFunction1@@YGXPAX00@Z 13016fd0 f libcmtd:trnsctrl.obj
 0001:00015fe0       ?_CallMemberFunction2@@YGXPAX00H@Z 13016fe0 f libcmtd:trnsctrl.obj
 0001:00015ff0       ?_UnwindNestedFrames@@YGXPAUEHRegistrationNode@@PAUEHExceptionRecord@@@Z 13016ff0 f libcmtd:trnsctrl.obj
 0001:00016050       ___CxxFrameHandler         13017050 f libcmtd:trnsctrl.obj
 0001:00016090       ___CxxLongjmpUnwind@4      13017090 f libcmtd:trnsctrl.obj
 0001:000160c0       ?_CallCatchBlock2@@YAPAXPAUEHRegistrationNode@@PBU_s_FuncInfo@@PAXHK@Z 130170c0 f libcmtd:trnsctrl.obj
 0001:00016170       ?_CallSETranslator@@YAHPAUEHExceptionRecord@@PAUEHRegistrationNode@@PAX2PBU_s_FuncInfo@@H1@Z 13017170 f libcmtd:trnsctrl.obj
 0001:000162d0       ?_GetRangeOfTrysToCheck@@YAPBU_s_TryBlockMapEntry@@PBU_s_FuncInfo@@HHPAI1@Z 130172d0 f libcmtd:trnsctrl.obj
 0001:00016360       __global_unwind2           13017360 f libcmtd:exsup.obj
 0001:000163a2       __local_unwind2            130173a2 f libcmtd:exsup.obj
 0001:000163fa       __NLG_Return2              130173fa   libcmtd:exsup.obj
 0001:0001640a       __abnormal_termination     1301740a f libcmtd:exsup.obj
 0001:0001642d       __NLG_Notify1              1301742d f libcmtd:exsup.obj
 0001:00016436       __NLG_Notify               13017436 f libcmtd:exsup.obj
 0001:00016449       __NLG_Dispatch             13017449   libcmtd:exsup.obj
 0001:00016450       __alloca_probe             13017450   libcmtd:chkstk.obj
 0001:00016450       __chkstk                   13017450   libcmtd:chkstk.obj
 0001:00016480       _strcpy                    13017480 f libcmtd:strcat.obj
 0001:00016490       _strcat                    13017490 f libcmtd:strcat.obj
 0001:00016570       _strlen                    13017570 f libcmtd:strlen.obj
 0001:000165f0       _strcmp                    130175f0 f libcmtd:strcmp.obj
 0001:00016680       _memcpy                    13017680 f libcmtd:memcpy.obj
 0001:000169c0       _atol                      130179c0 f libcmtd:atox.obj
 0001:00016ac0       _atoi                      13017ac0 f libcmtd:atox.obj
 0001:00016ae0       __atoi64                   13017ae0 f libcmtd:atox.obj
 0001:00016c10       _strncpy                   13017c10 f libcmtd:strncpy.obj
 0001:00016d10       __fpmath                   13017d10 f libcmtd:fpinit.obj
 0001:00016d40       __fpclear                  13017d40 f libcmtd:fpinit.obj
 0001:00016d50       __cfltcvt_init             13017d50 f libcmtd:fpinit.obj
 0001:00016da0       ___setfflag                13017da0 f libcmtd:fpinit.obj
 0001:00016dc0       _memset                    13017dc0 f libcmtd:memset.obj
 0001:00016e20       __CRT_INIT@12              13017e20 f libcmtd:dllcrt0.obj
 0001:00016ff0       __DllMainCRTStartup@12     13017ff0 f libcmtd:dllcrt0.obj
 0001:000170f0       __amsg_exit                130180f0 f libcmtd:dllcrt0.obj
 0001:00017130       ??1type_info@@UAE@XZ       13018130 f libcmtd:typinfo.obj
 0001:00017170       ??_Gtype_info@@UAEPAXI@Z   13018170 f libcmtd:typinfo.obj
 0001:00017170       ??_Etype_info@@UAEPAXI@Z   13018170 f libcmtd:typinfo.obj
 0001:000171a0       ??8type_info@@QBEHABV0@@Z  130181a0 f libcmtd:typinfo.obj
 0001:000171d0       ??9type_info@@QBEHABV0@@Z  130181d0 f libcmtd:typinfo.obj
 0001:00017200       ?before@type_info@@QBEHABV1@@Z 13018200 f libcmtd:typinfo.obj
 0001:00017230       ?raw_name@type_info@@QBEPBDXZ 13018230 f libcmtd:typinfo.obj
 0001:00017250       ??0type_info@@AAE@ABV0@@Z  13018250 f libcmtd:typinfo.obj
 0001:00017270       ??4type_info@@AAEAAV0@ABV0@@Z 13018270 f libcmtd:typinfo.obj
 0001:00017280       _memmove                   13018280 f libcmtd:memmove.obj
 0001:000175c0       _malloc                    130185c0 f libcmtd:dbgheap.obj
 0001:000175e0       __malloc_dbg               130185e0 f libcmtd:dbgheap.obj
 0001:00017610       __nh_malloc                13018610 f libcmtd:dbgheap.obj
 0001:00017630       __nh_malloc_dbg            13018630 f libcmtd:dbgheap.obj
 0001:00017690       __heap_alloc               13018690 f libcmtd:dbgheap.obj
 0001:000176b0       __heap_alloc_dbg           130186b0 f libcmtd:dbgheap.obj
 0001:000179d0       _calloc                    130189d0 f libcmtd:dbgheap.obj
 0001:000179f0       __calloc_dbg               130189f0 f libcmtd:dbgheap.obj
 0001:00017a50       _realloc                   13018a50 f libcmtd:dbgheap.obj
 0001:00017a70       __realloc_dbg              13018a70 f libcmtd:dbgheap.obj
 0001:00017fd0       __expand                   13018fd0 f libcmtd:dbgheap.obj
 0001:00017ff0       __expand_dbg               13018ff0 f libcmtd:dbgheap.obj
 0001:00018030       _free                      13019030 f libcmtd:dbgheap.obj
 0001:00018050       __free_lk                  13019050 f libcmtd:dbgheap.obj
 0001:00018070       __free_dbg                 13019070 f libcmtd:dbgheap.obj
 0001:000180a0       __free_dbg_lk              130190a0 f libcmtd:dbgheap.obj
 0001:00018490       __msize                    13019490 f libcmtd:dbgheap.obj
 0001:000184b0       __msize_dbg                130194b0 f libcmtd:dbgheap.obj
 0001:00018610       __CrtSetBreakAlloc         13019610 f libcmtd:dbgheap.obj
 0001:00018630       __CrtSetDbgBlockType       13019630 f libcmtd:dbgheap.obj
 0001:000186d0       __CrtSetAllocHook          130196d0 f libcmtd:dbgheap.obj
 0001:00018780       __CrtCheckMemory           13019780 f libcmtd:dbgheap.obj
 0001:00018af0       __CrtSetDbgFlag            13019af0 f libcmtd:dbgheap.obj
 0001:00018b20       __CrtDoForAllClientObjects 13019b20 f libcmtd:dbgheap.obj
 0001:00018b90       __CrtIsValidPointer        13019b90 f libcmtd:dbgheap.obj
 0001:00018be0       __CrtIsValidHeapPointer    13019be0 f libcmtd:dbgheap.obj
 0001:00018c70       __CrtIsMemoryBlock         13019c70 f libcmtd:dbgheap.obj
 0001:00018d60       __CrtSetDumpClient         13019d60 f libcmtd:dbgheap.obj
 0001:00018d80       __CrtMemCheckpoint         13019d80 f libcmtd:dbgheap.obj
 0001:00018ef0       __CrtMemDifference         13019ef0 f libcmtd:dbgheap.obj
 0001:00019020       __CrtMemDumpAllObjectsSince 1301a020 f libcmtd:dbgheap.obj
 0001:00019400       __CrtDumpMemoryLeaks       1301a400 f libcmtd:dbgheap.obj
 0001:00019480       __CrtMemDumpStatistics     1301a480 f libcmtd:dbgheap.obj
 0001:00019550       __mbscmp                   1301a550 f libcmtd:mbscmp.obj
 0001:000196c0       __mbsicmp                  1301a6c0 f libcmtd:mbsicmp.obj
 0001:00019960       __mbscoll                  1301a960 f libcmtd:mbscoll.obj
 0001:000199a0       _wcslen                    1301a9a0 f libcmtd:wcslen.obj
 0001:000199d0       __mbschr                   1301a9d0 f libcmtd:mbschr.obj
 0001:00019ac0       __mbspbrk                  1301aac0 f libcmtd:mbspbrk.obj
 0001:00019c00       __mbsupr                   1301ac00 f libcmtd:mbsupr.obj
 0001:00019d00       __mbslwr                   1301ad00 f libcmtd:mbslwr.obj
 0001:00019e00       __mbsrev                   1301ae00 f libcmtd:mbsrev.obj
 0001:00019ef0       __CrtDbgBreak              1301aef0 f libcmtd:dbgrpt.obj
 0001:00019f00       __CrtSetReportMode         1301af00 f libcmtd:dbgrpt.obj
 0001:00019f60       __CrtSetReportFile         1301af60 f libcmtd:dbgrpt.obj
 0001:00019fe0       __CrtSetReportHook         1301afe0 f libcmtd:dbgrpt.obj
 0001:0001a000       __CrtDbgReport             1301b000 f libcmtd:dbgrpt.obj
 0001:0001a6a0       __vsnprintf                1301b6a0 f libcmtd:vsnprint.obj
 0001:0001a7a0       __setmbcp                  1301b7a0 f libcmtd:mbctype.obj
 0001:0001ac10       __getmbcp                  1301bc10 f libcmtd:mbctype.obj
 0001:0001ac20       ___initmbctable            1301bc20 f libcmtd:mbctype.obj
 0001:0001ac30       __mbsspn                   1301bc30 f libcmtd:mbsspn.obj
 0001:0001ad60       __mbscspn                  1301bd60 f libcmtd:mbscspn.obj
 0001:0001ae90       __mbsrchr                  1301be90 f libcmtd:mbsrchr.obj
 0001:0001af60       __mbsstr                   1301bf60 f libcmtd:mbsstr.obj
 0001:0001b040       _vsprintf                  1301c040 f libcmtd:vsprintf.obj
 0001:0001b140       __ismbcdigit               1301c140 f libcmtd:ismbdgt.obj
 0001:0001b220       __mbsinc                   1301c220 f libcmtd:mbsinc.obj
 0001:0001b250       __mbclen                   1301c250 f libcmtd:mbclen.obj
 0001:0001b280       __ismbcspace               1301c280 f libcmtd:ismbspc.obj
 0001:0001b360       __purecall                 1301c360 f libcmtd:purevirt.obj
 0001:0001b370       _memcmp                    1301c370 f libcmtd:memcmp.obj
 0001:0001b41c       __ftol                     1301c41c f libcmtd:ftol.obj
 0001:0001b450       __CxxThrowException@8      1301c450 f libcmtd:throw.obj
 0001:0001b4a0       _labs                      1301c4a0 f libcmtd:labs.obj
 0001:0001b4d0       _time                      1301c4d0 f libcmtd:time.obj
 0001:0001b660       _localtime                 1301c660 f libcmtd:localtim.obj
 0001:0001b8c0       __Getdays                  1301c8c0 f libcmtd:strftime.obj
 0001:0001b9f0       __Getmonths                1301c9f0 f libcmtd:strftime.obj
 0001:0001bb20       __Gettnames                1301cb20 f libcmtd:strftime.obj
 0001:0001be90       _strftime                  1301ce90 f libcmtd:strftime.obj
 0001:0001beb0       __Strftime                 1301ceb0 f libcmtd:strftime.obj
 0001:0001cc60       _modf                      1301dc60 f libcmtd:modf.obj
 0001:0001cdf0       _floor                     1301ddf0 f libcmtd:floor.obj
 0001:0001cf30       _fabs                      1301df30 f libcmtd:fabs.obj
 0001:0001d030       _ceil                      1301e030 f libcmtd:ceil.obj
 0001:0001d170       __dosmaperr                1301e170 f libcmtd:dosmap.obj
 0001:0001d210       __errno                    1301e210 f libcmtd:dosmap.obj
 0001:0001d220       ___doserrno                1301e220 f libcmtd:dosmap.obj
 0001:0001d230       _mktime                    1301e230 f libcmtd:mktime.obj
 0001:0001d250       __mkgmtime                 1301e250 f libcmtd:mktime.obj
[...]
FIXUPS: 3daec 7 8 c 15 e 7 f 18 21 23 1d 13 1b 13 6446a b 8 b fff9bb99
FIXUPS: 3dc2e 57ab6 5 f f 12 11c 12 3b 20 b31d fff9ca63 56 29 12 1e 25
FIXUPS: 3d709 32 48 12 18 13 1d 23 13 32 47 13 13 33 13 40 13 25 28 15
FIXUPS: 3d9ed 13 40 24 13 55 fffff718 57 63 1c 25 11 5a 11 5c 15 18 13
FIXUPS: 3d415 8 15 b 2a 15 18 13 1e 8 15 b 2a 18 1b 13 56 29 18 1b 11c12
FIXUPS: 4f22a 16 9 4c f e 1e 36 2e 17 2e 17 20 24 21 38 40 50 52bd7 c b
FIXUPS: a20b5 fff9af3e 22 7a 33 45 15 1a 3b b 11cfd 5 5 a 22 3e 12 a 12
FIXUPS: 4ef41 12 1e 14 3e 14 16 23 1a 72 29 24 1d 37 3f 23 d 15 e 13 f
FIXUPS: 4f204 14 fffbda13 20 22 1e 2a 18 41 18 953ef b fff6ac4b 20 13 30ebd
FIXUPS: 3dc7d 56 2e0da 17 18 25 124 9f a3 e 1c 29 fffe2d2b 24 31 8 2d 5
FIXUPS: 50b90 13 20 6 d 14 7 14 7 24 6 14 7 d 51466 b 8 b 8 b 8 b ffff3828
FIXUPS: 95942 23 3e 12 25 c1 13 b167 27 fffafce2 33 31 1b 28 57 19 14 7
FIXUPS: 50a64 7 14 7 14 7 14 7 14 7 5 19 7 d 14 7 14 7 14 7 14 7 14 fffff723
FIXUPS: 502bf 30 4d 2e 2b 2c 7b 14 cc 5 f 6 1c b 65 1d 1f 21 75 11 11 12
FIXUPS: 506dd 10 1b f 1e 18 47 38 131 fffff48a 2a 40 33 a3 25 ce 49 29
FIXUPS: 5009b 5 14 3d 7 f 13 35 1d 15 5 d e 44 8 29 15 1e 28 d 11 7 7 fffff722
FIXUPS: 4f9d2 20 22 13 1d 14 25 25 5 14 43 9 1a e 1b 31 11 11 15 b e 8
FIXUPS: 4fbda 10 84 2a 18 8 4c 4e 21 fffff8bb 16 1b 10 1a b 27 14 15 3e
FIXUPS: 4f749 48 21 20 16 b 16 21 17 28 1c 19 25 17 22 13 1d 14 33 18 13
FIXUPS: 4f9b1 19cc 24 f5 29 1e 13 23 88 1e 13 20 5b 17 c 19 6 12 34 50a65
FIXUPS: a213f fffad3c7 1f 20 20 20 1c 10 16 11 1d 5 15 16ef 10 6b c 32
FIXUPS: 50e21 63 9 57 28 b1 f f 10 14 82 2a 6b 14 14 1b 9 1b 1b 2f 2b 41
FIXUPS: 51266 f f 56 18 fffe67ad 7 14 7 d 32 7 1b f d 1d 13 1d 6a5c9 b
FIXUPS: 37bab 13 1d 20 2a 18 41 18 6a4df b ffff3954 5 14 12 1c fffbb186
FIXUPS: 50cb1 34adf 3e 15 1d 2d 1d 3e 15 27 20 33 c0 fffb1e26 70 20 1c
FIXUPS: 378c8 6f 19 20 13 12 b 36 20 15 20 16 14 1b 14 7 5ec70 13 a576
FIXUPS: a0c93 17 14ea b 8 b 9 c 8 c c c b 8 c c c b 8 b ffff44e3 13 1d
FIXUPS: 9676e 1d fffeee0f 20 180 2e 10a5e 30 2c 13 16 13 16 13 16 13 29
FIXUPS: 963c5 a9 1b 84 3c 12 12 12 12 12 28 34 19 2e 11 11 18 39 5 14 12
FIXUPS: 95b74 1f 1a 11 8 10 19 11 28 12 19 11 1ca 1b 18 2d 50 d4 12 f f
FIXUPS: 95ff1 80 f f f f 2d c e c a0 fffbbc1c 7 19 e 2f 7 16 e 6 40 7 17
FIXUPS: 51eaf 17 7 d 14 7 14 7 14 7 14 7 14 7 13 20 6 d d 43b87 fffbc060
FIXUPS: 51bb1 1b 5 17 10 1a 10 2c 1c 14 7 14 7 14 7 14 7 14 7 17 7 17 7
FIXUPS: 51d44 7 17 7 17 7 17 7 44d30 a 5 14 12 b74a b 8 b ffff48a9 20 fffbad06
FIXUPS: 51854 a 8 12 16 1e 49 40 27 40 5e 13 2f 13 62 3b 24 15 18 4a 73d
FIXUPS: 96b63 11 fffe1881 d 5 13 14 1c 10 d 1e 20 18 21 12 8 26 13 1b 1e2b2
FIXUPS: 96844 27 1f 15 28 11d a1 1b a 5 14 b7fa b fffbb663 13 ffff4689
FIXUPS: 51fdb f 19 d 11 1d 1e 9 1a 18 17 20 27 1f 20 29 26 25 14 7 d 27
FIXUPS: 52213 18 24 2d 1b b43c 6 24 6 24 6 24 6 14 7 14 7 d 33 f f f f
FIXUPS: 5d818 f f f d 3a 44 23 44991 b 8 b 8 b fffbad0d 23 8 c 34 e 28
FIXUPS: 5d0c1 6a 21 17 21 44 48 8c a1 26 1c 7f 9e 2c 5a 21 3b 27 13 33
FIXUPS: 5d5fe 61 18 18 20 fffff439 1b 24 f 96 c 23 19 9e c1 13 f 1c 13
FIXUPS: 5cdcc 16 c c 18 1d 1a 8 8 20 3a 1c 28 16 e 28 16 2c fffff757 58
FIXUPS: 5c74f 25 32 20 1b 3b 8 16 8 9 c 34 26 28 a 1a c 8 15 15 28 36 26
FIXUPS: 5c9df 15 13 a 13 2d 8b fffff8fc 1b 1c c 8 10 18 10 49 68 20 15
FIXUPS: 5c554 a 13 1a 28 13 8 8 9 1b 1c 10 9 21 10 9 2d 13 8 9 fffff8c3
FIXUPS: 5bfa3 2d 19 1f 1a 23 12 20 12 20 54 21 90 15 49 14 21 15 16 e f
FIXUPS: 5c2e6 1e 16 e f a d 4d 29 b fffff8e9 29 8 14 1f 7 13 1b 7 1c c
FIXUPS: 5bd88 10 16 10 2e 10 2d 25 20 17 e c 8 18 13 8 9 c 1f a 45 463e3
FIXUPS: 79ffb 13 4d 2a 18 41 18 2825f b ffff4864 5 14 12 1c fffc4dc0 b7
FIXUPS: 5bae9 12 b b b 19 3d 23 18 12 1b 31 4c 23 21 1df31 1d 4a 11 26
FIXUPS: 79cb4 11 93 48 18 14 5a 1d 4a 11 11 5c 14 4e 1d 15 28335 9 b 8
FIXUPS: a22fb 8 b 8 c b 8 fffd7562 21 b 16 2c 17 14 27 39 f 18 16 10 11
FIXUPS: 79a14 39 c f 18 10 16 19 12 10 b 17 8 10 b 20 18 14 fffffa1c 1a
FIXUPS: 795b1 17 8 d a 9 29 b 14 b 13 36 16 d 10 1c 47 14 f 35 16 1e 39
FIXUPS: 797f3 14 f 18 16 23 1a fffff82e 1e 67 12 18 a5 5d 55 67 17 1a 17
FIXUPS: 7937b 17 1c 17 1a 45 8 16 3d b 18 f 9 f 13 17 46 33 a b fffff6a3
FIXUPS: 78c37 1a 38 9 53 1c 25 17 45 12 2a c 19 13 58 13 17 23 72 7d c
FIXUPS: 78f9f 13 1a 39 7 13 1a 16 9 3a fffff505 11 12 13 10 1a 10 19 22
FIXUPS: 78654 6c 50 55 46 6b 14 49 17 35 77 4e 14 4a 17 35 a2 17 17 30
FIXUPS: 78b39 13 c4 fff9c91e 1d 13 1d 13 81a85 11 fffffc00 5 14 12 15 2c
FIXUPS: 96ca0 57 b 1a 2a 45 2a 18 41 18 b54f b ffff4aeb 40 13 56 b480 b
FIXUPS: 78585 29f89 8 b 8 b 8 b 8 b fff72db1 13 1d 13 1d 13 1d 13 1d 13
FIXUPS: 153fb 13 1d 13 1d 13 1d 13 1d 13 1d 13 1d 8ce99 b 8 b 8 b 8 b 8
FIXUPS: a240b 8 17 b 8 b 8 17 b 8 b 8 17 b 8 b 8 b 8 b 8 b 8 fff7236d 5e
FIXUPS: 14920 58 56 52 52 52 52 52 56 52 56 56 56 56 56 58 58 52 52 56
FIXUPS: 14fc0 52 52 58 56 56 58 5b 58 58 ffffebf7 58 56 52 58 52 56 56
FIXUPS: 14170 3f 36 56 69 52 27 31 59 37 3a 56 56 6b 52 52 4e 3a 52 52
FIXUPS: 14751 56 58 13 fffff007 9 39 17 39 47 13 9 3d 49 4b 49 20 1f 3d
FIXUPS: 13aeb 41 4b 4b 6f 55 17 16 1a 3a 27 31 13 1b 33 52 58 ffffef73
FIXUPS: 12e2f 52 58 58 56 56 56 52 56 52 56 52 52 56 56 56 3b 3a 69 5b
FIXUPS: 134bd 5b 3c 3a 52 58 56 58 58 87 41 ffffec4f 31 52 56 56 3b 3a
FIXUPS: 12667 52 63 56 56 56 56 37 3a 5d 57 27 31 52 52 5d 56 2c 33 5e
FIXUPS: 12c53 3a 52 56 52 ffffee7c 13 1d 33 58 56 56 56 56 52 56 56 52
FIXUPS: 11fb8 52 58 56 56 56 56 56 27 33 29 33 29 33 27 33 29 33 56 ffffee40
FIXUPS: 112c6 56 56 5d 56 52 56 52 56 52 52 56 56 58 58 56 58 37 3a 56
FIXUPS: 11919 33 2b 33 56 55 58 52 52 56 29 ffffee06 56 29 33 29 33 27
FIXUPS: 10b3e 56 25 33 27 33 56 52 52 56 5d 58 56 58 58 56 5d 58 58 56
FIXUPS: 11133 33 27 31 58 ffffeef5 55 53 66 66 4f 27 2e 56 56 69 4f 55
FIXUPS: 10513 37 20 58 55 55 53 53 53 3d 37 4f 53 29 30 13 1d 30 4f ffffef3e
FIXUPS: f8ce 1a 15 1b 1a 18 18 22 21 43 48 37 5a 5a 5a 5a 5a 53 53 53 53
FIXUPS: fdc8 5a 53 55 55 53 55 4f 53 4f fffff43b 23 27 1f 23 41 33 24 10
FIXUPS: f650 10 3a 2a 14 13 1c 1b 24 32 20 13 13 17 9 3f 20 13 13 17 10
FIXUPS: f8a6 14 fffff83c 30 3c 17 45 c 15 8 15 1b 18 72 f 42 f 1d 4e f
FIXUPS: f3a8 1b 1c 19 d 14 1d 1e 9 26 16 14 14 1b fffff627 f 38 13 d 25
FIXUPS: eb9f 30 74 55 1b 18 72 f 1f 1b 18 72 f 30 3c 17 3c 1b 18 72 f 3a
FIXUPS: f042 1b 18 72 fffff324 c 15 42 81 50 43 43 43 68 88 8e 68 c 17
FIXUPS: e828 a 8 30 41 11 1e 13 28 1b 18 72 f 3a 5b 1b 18 fffff443 c 15
FIXUPS: df37 18 64 18 3b 39 3c 17 47 c 17 17 a a 8 30 43 11 1e 13 38 1b
FIXUPS: e24f 72 f 38 7e 20 22 fffff375 f 3a 23 9e 23 33 16 24 29 15 42
FIXUPS: d97a 80 72 3c 17 4c 1b 18 72 f 38 8c 32 48 35 78 a4 18 11 28 fffff2dc
FIXUPS: d187 c f 3f 1a 26 48 2a 25 2a 8 4e 1b 18 72 f 3a 1a 52 10 18 6a
FIXUPS: d58e 6a 10 18 4b 14 19 1b 18 fffff769 13 13 42 52 27 3f f 13 2d
FIXUPS: cfd7 17 c f 19 d 13 c f 34 c 3d b c 8 13 8 f 10 1e 10 9 6d6db f
FIXUPS: 7a884 18 61 18 3a 63 2a 1d 1d 1d 1d 13 18 2d 22 13 24 18 89 26
FIXUPS: 7adcb 22 27777 9 9 9 9 b fff6a85d f 6d824 12 12 17 c 1e c c 14
FIXUPS: 7a6c0 9 8 9 12 1e 12 20 1b 10 9 11 c 27 1b 10 9 11 12 a c c c fffffaad
FIXUPS: 7a30e 2a 15 15 d 2e 61 10 17 c 20 10 17 c 16 73 c 32 13 1e 13 13
FIXUPS: 7a5b1 c 10 c 14 c 9 8 9 fffe416f 13 26 13 43dd6 b 8 b 8 c b fffbc20a
FIXUPS: 5e7fe 3c f 43dab b fffd7b35 5 14 12 1b 10 19 28 2a 15 15 d 2e 63
FIXUPS: 7a2cd fffe4162 14 9 19 d 13 3c 8 4c 8 1c 1d 7 f 15 38 12 1c 47
FIXUPS: 5e644 b 1b 18 43 2b 23 17 14 6 14 7 18 fffff70f c 36 1f 21 13 13
FIXUPS: 5df8a 90 10 16 11 3a 13 2b 7b 1d 11 3f 15 13 5a 16 69 2e 50 e 5b
FIXUPS: 5e3b9 25 13 2d 20b30 fff96671 20 81ab7 11 fffc68c4 5e f 36 19 1b
FIXUPS: 5dab8 1f 31 15 1c 1f 11 11 8 57 17 89 27 25 7e 3c 4e 15 23 3f 2f
FIXUPS: 7edb8 17 7 17 7 17 7 23 7 f d 1a 27 18 13 23750 c f b 8 c f b 8
FIXUPS: a267b 8 b 8 b b b fffdc884 fffff97d a8 23 20 23 1b 9 f 23 27 8
FIXUPS: 7ea7d 29 20 f 1a 1a 23 34 42 92 6c 15 17 12 c 5c 25 17 14 7 14
FIXUPS: 7e103 96 b 35 38 27 17 50 7 9 c 20 87 24 86 36 34 1c 18 88 33 24
FIXUPS: 7e5b4 3d a 38 5e 80 76 2d bb 26 fffff3c5 2e 20 31 12 18 1a 29 a
FIXUPS: 7dd65 16 16 29 35 1c 1a 2f 13 55 11 21 3b 13 17 60 16 25 75 17
FIXUPS: 7e093 20 d fffff630 20 20 1d 13 22 3b 8 2d 38 16 5a 23 2a 83 5c
FIXUPS: 7d9db 1f 15 f 22 d 33 6b 22 53 f 8 30 44 1e 2e fffff5dc 13 39 13
FIXUPS: 7d28a 13 b4 e 22 8 11 29 13 b a 13 2d 25 20 1c 84 1d 37 39 20 13
FIXUPS: 7d5eb 20 10 34 65 f fffff388 35 1e 53 8 1e 6f 3b 16 a5 18 12 129
FIXUPS: 7cde7 6c 35 16 18 a 28 16 9b 3c 3b 3c 7b 13 5d 25 15 13 2f fffff370
FIXUPS: 7c600 33 a 5 b a 19 5c 8 59 56 10 23 21 18 17 47 10 48 e 1e 17
FIXUPS: 7c8f6 1e 1f 62 10 1e 49 8 19 fffff675 34 19 33 1c 42 10 2d 2b 28
FIXUPS: 7c25c 34 1f 13 10 10 5 1b 1f 18 11 30 1a 1d 30 1b 16 8b 13 16 18
FIXUPS: 7c4fd fffff6de 24 16 28 18 13 19 1e 2b 37 22 28 4a 1b 7d 29 2a
FIXUPS: 7be90 3f 13 46 2b 20 22 15 1b 17 13 27 28 18 1a fffff40d 16 31
FIXUPS: 7b4e1 3a 6e 16 43 18 17 29 28 23 36 2b 39 39 14 5a 4a 14 3e 54
FIXUPS: 7b940 45 5d 45 2c c2 15 17 22 fffff2a1 1d a b8 12 d 12 22 bd 4d
FIXUPS: 7b091 21 15 f f 1c d 12 12 d 12 28 20 10 a7 c e7 58 68 27 16 25
FIXUPS: 6db19 7 14 7 14 7 14 7 14 7 14 7 d 29547 c5 f3 65 1b 2c 2d 18 1c
FIXUPS: 973fb 13 b2b6 b 8 b 8 b fffcb4d6 13 fffff983 28 4b 32 13 8 8 9
FIXUPS: 6d642 25 13 3b 13 8 bf 11 25 19 13 28 32 11 25 19 16 2a 9d 12d
FIXUPS: 6dac5 25 14 7 fffff36b 14 10 8 9 10 f 23 23 d c 52 17 2e 4e 32
FIXUPS: 6d054 7c 8 1d 11 23 3a 25 1f 4b 3c e7 f c 1c9 39 fffff647 34 e
FIXUPS: 6cbd7 e 1b 21 8 2d 19 3c 23 12 21 c 18 13 18 a 35 3a 38 f 8 9 8
FIXUPS: 6ce31 9 8 9 14 8 fffff6f1 23 3c 21 2e 18 17 1f 57 16 c d 33 91
FIXUPS: 6c7cb 52 14 41 11 25 65 7 16 123 10 6c 1a c c 46 e 1c 2aeab 30
FIXUPS: 97a73 fffd46ad 8 18 2f 2d 17 8 3a 63 af d 12 13 36 b 16 26 b c
FIXUPS: 6c3e6 8 13 d 2d 51 38 26 2f 8 fffa90db 8b56f 13 ffff68b9 41 15
FIXUPS: 97530 24 23 3b 1a 15 18 18 33 3b 1a 15 18 18 33 3b 1a 18 a2 1a
FIXUPS: 97852 a6 2e 28 49 33 8ea0 f f 51 56 13 29 2d 13 1c 1e 20 2a 13
FIXUPS: a0a6a 2a 2f 18 24 1c 24 1bc7 a 8 c c b 8 c c c b ffffdd17 d 19
FIXUPS: a04ce 3f 16 1e 22 1b d 27 16 1e 22 1b d 28 1a 20 3f 1d 27 15 22
FIXUPS: a075e d 38 1a 28 12 13 4e fffff311 1e 13 1a e 82 10c 65 d 59 89
FIXUPS: 9ff75 a3 173 16 22 15 13 1c 19 13 1e 8 5a 20 4f d8 f f f 31 13
FIXUPS: 9f370 1c 6f 2d 1e 22 11 18 25 1e 32 9d 13 45 220 1b 23 50 13 46
FIXUPS: 9f930 13 1e 13 20 52 86 16 10 93 13 1e ffffed1a 15 35 49 19 31
FIXUPS: 9e95d 34 13 17 30 12 2b 45 36 60 58 20 20 20 7f f3 72 37 48 1d
FIXUPS: 9ee59 349 fb 23 66 1e 34d4 8 b fffb1550 13 fffc1893 88979 1f ed
FIXUPS: 9e17e 1f 1b 5f 36 da 64 a6 61 48 7b c5 7e ac 1c 2e 13 23 30 24
FIXUPS: 9e830 19 d fffb5373 13 16 13 39 18 67 21 a 15 17 14 7 19 6 7 d
FIXUPS: a2784 b 8 b 8 c 9 b 8 c b 8 9 b 8 fffb0e34 14 1a 13 b 1c 7d 37
FIXUPS: 53775 13 27 1b 13 24 16 17 16 29 10 1b 1b 10 36 10 23 b5 46 3a
FIXUPS: 53a9b 3a 26 57 fffff485 23 4b 23 79 f 10 6 17 f 10 23 f 3b f 18
FIXUPS: 531df ac 8f 34 63 56 23 1d 5e 1d 29 5a 39 4d 13 3e fffff4f6 d 13
FIXUPS: 52b3c 28 18 2c 46 2b 18 35 24 2a 23 18 4f 14 21 2b 21 18 36 26
FIXUPS: 52e4b 36 26 18 3b 28 20 28 34 fffff551 f 2a 15 19 13 74 1e 49 b
FIXUPS: 52662 1e 13 27 3c 10 15 8c 7d bc 15 a6 18 2a 1a 13 38 2b 18 2b
FIXUPS: 52aca 13 4fd6a b fffcb3bb 20 23 5b 67 29 42 39 67 31 51 23 52 7d
FIXUPS: 6dfb0 12 fffe434e 12 59 12 5f 12 18 10 19 18 c e c 63 45b0f 22
FIXUPS: 98036 17 1e 14 1d 26 64 1a 5b 20 20 20 40 50 16 4e 26 2e 21 f 1a
FIXUPS: 9839d 1f 13 1b 31 15 2f a3d5 b fffb259e 13 42ce0 1d 20 12 12 c
FIXUPS: 97b58 f 15 36 20 10 1d 2d 23 dd 1a 64 1d 27 5c 20 30 52 28 20 2d
FIXUPS: 97f76 1f 3f fffbcb1d 3d 85 1f 27 1f 1a 1f 27 59 2a 1f 4db4d c c
FIXUPS: a2889 c b c c b b c c c b 8 b fffb246b 13 36 c fffffa2d 1f 12 37
FIXUPS: 5487b 13 16 13 16 9 b 12 9 2f 1f 15 10 9 11 43 16 13 16 13 16 9
FIXUPS: 54a48 32 22 d 25 f fffff72f 23 25 1f 18 17 24 6a 3c 34 d 50 22
FIXUPS: 54444 e 12 12 71 3f 41 12 5d 14 11 e cd 4b 29 21 55 f f aead 13
FIXUPS: 53dc8 12 f 1f 21 34 46 f 73 1b f 12 38 1d 16 10 1b 4d 6 37 28 36
FIXUPS: 540f6 27 22 1c 3e 19 1c 2e b13b 3c 2a e0 d 13 3c 4a 21 14 7 14
FIXUPS: 5f579 1f 7 f 8 11 37 7 f d 17 39 432b3 c b 8 c b 8 b fffbc5f5 7
FIXUPS: 5ef6f 20 28 e 17 16 14 25 1b 3a 1b 1a 1c 14 13 49 18 13 33 1b 1d
FIXUPS: 5f1f3 17 13 20 36 27 49 22 16 fffff5f0 10 1e 10 d5 13 2c 11 23
FIXUPS: 5eaa5 31 16 15 1a 4e 4e 60 2c 1e 10 1e 10 6b f0 f 26 a 23 18 3a
FIXUPS: 5eec8 54 43b40 b 9 b 8 9 9 b 8 9 9 b fffbeb76 13 1d b b 2f 12 41412
FIXUPS: a2adf fffbec1c 13 3c f 4139b b fffbbd86 12 28 1e 10 2c55 14 7 14
FIXUPS: 61578 8 3b 7 f 17 39 41363 c c c b 8 c c c b 8 9 9 b 8 9 b 8 b
FIXUPS: a2a49 b fffbe631 38 f 40 f 18 8 16 93 18 1c 13 1a 18 45 1a 1c c
FIXUPS: 61314 27 26 10 13 34 13 44 6f 33 5d 14 6 14 fffff625 19 62 11 67
FIXUPS: 60c95 20 30 26 15 13 6c 13 13 15 22 f 38 f 4f 71 1d 20 21 26 15
FIXUPS: 60fbe 5b 13 13 15 22 fffff657 6e 25 12 e 1e c 1a 3c 68 45 1f 18
FIXUPS: 608fb 22 b f 6 31 f b c 6 8 c 6 f 36 18 34 87 13 fffff7aa 2a f
FIXUPS: 602ef f 21 1e f 69 24 d 13 12 46 19 14 13 d 18 8e 8 22 2c e 6 f
FIXUPS: 6062d 19 b 21 13 17 fffff969 25 7 1a 10 c 29 6 f 13 1a b 26 f 15
FIXUPS: 60146 f 58 12 13 8 11 13 1c 1b c 6 a 8 c f f fffff999 39 8 1c 55
FIXUPS: 5fce3 e 13 2e 18 30 6 30 7b 1b 39 16 22 41 f 10 18 1a 12 17 d 15
FIXUPS: 5ff9c 21 e 17 17 fffff7dc b b 10 3e 1a f f f 28 29 f 13 d 10 34
FIXUPS: 5f975 74 20 13 c 59 20 13 c 25 5b 20 13 c 27 48 fffb6916 1e 13
FIXUPS: 16553 21 92 13 22 15 29 24 40 15 34 16 4c 8c38c b 8 c b 8 b fff73c5a
FIXUPS: 167be 48f25 12 f 11 40 10 5d fffb67f5 13 13 13 1b 9 f 29 14 5e
FIXUPS: 16103 8 11 36 28 39 a8 29 1f 1a 11 76 1a 29 5d 1f 20 18 3c 1d 20
FIXUPS: 164dc fffff5cb 20 32 1f 15 8 18 63 20 1f 4d 20 1f d 25 33 20 1f
FIXUPS: 15d78 20 20 18 12 3a 41 20 20 1f f 50 20 1f 59f8e 14 8 1c 1c e
FIXUPS: 6ff58 1b fffa570d 14 36 2f 15 3d f f 9f 15 13 10 47 26 1d 45 34
FIXUPS: 15994 1d 1d 2f 1f 15 56 59c8a 1e 38 17 8 e 8 143 63 c0 16 38 89
FIXUPS: 6fb25 66 3b 6a 3b 79 18 20 57 18 20 43 5 17 10 29 6b a 28 fffff2dc
FIXUPS: 6f1d7 5d 45 74 1e 3e 1e 2c 17 d 34 19 1b 57 53 f 1a 47 1a 7 24
FIXUPS: 6f607 16 50 10 b 13 17 24 25 b fffff524 19 1a 1c 18 b4 1a 78 41
FIXUPS: 6ee3a 41 32 22 26 8 8 f 5f 1b 3b 1b 3b 1b 35 1f 15 3b 7 2e 2a 3f
FIXUPS: 6f187 fffff558 20 1f d 8 f ae 16 2a 6c 1a 2a 85 16 1f 20 17 1a
FIXUPS: 6ea05 1a e 1c b a4 30 1b 1f 1f 1f 1f 2c 16 fffff440 e 1b 20 d6
FIXUPS: 6e1ac 30 2c 1b 1f 8 f 94 27 47 2a 47 2a 47 2a 35 16 1f 1f 24 8
FIXUPS: 6e52b 7e 2a 6f 2a 5d fffa81b0 20 3a 3f 1d 32 3f 7 1d 15 69 13 39
FIXUPS: 16aa9 21 15 14 30 15 24 39 68 13e 1f 23 57274 b b b b b b fffe73e3
FIXUPS: 55422 c 2a 20 40 3c b 18 14 14 11 11 3c 28 1c 3c 20 a d d 4d503
FIXUPS: a2b7e b 8 1a b fff73c29 20 19 7 24 3e8cb 10 13 6f 18 3b 11 9 e
FIXUPS: 55227 e c 8 13 b 16 27 50 32 2b 9 14 c 14 c 8 13 b 16 1c c c fffffa65
FIXUPS: 54e7c 6 14 7 14 7 14 7 d 47 b 12 8 19 d a c 1b 54 b 12 8 19 d a
FIXUPS: 55058 1b 3f b 12 f 435b2 13 21 12 1b 13 1c 10 20 18 14 15 33 12
FIXUPS: 987f1 31 12 1b 26 13 16 13 22 3a fffbc509 7 c d 6 f d 6 ca63 23
FIXUPS: 619a9 b 36 8 27 13 32 22 45 18 3f238 1e 1d 3c f ffff772c 24 1a
FIXUPS: 9853a 5 e 25 17 10 12 10 4d 19 1e 25 fffd8cc8 13 54 37 a 6 20 1f
FIXUPS: 71424 18 16 1b 8 11 b 18 14 7 f d 22 42 17 13 ffff021e 41 43 2e
FIXUPS: 61856 6 3a 18 f7f5 f a 28 25 f 8 13 25 f 8 6 22 1a 8 5 1d f 8 5
FIXUPS: 71215 f 43 13 11 10 10 14 f 20 11 15 fffffa7d 13 25 f a 28 25 f
FIXUPS: 70e46 13 25 f 16 22 15 24 13 25 f a 28 25 f 8 13 25 f 16 22 15
FIXUPS: 7106b 13 fffffaa0 c 15 f 12 1c f 18 25 c 8 10 25 c 13 e 7 e 10
FIXUPS: 70c7b b 1a 20 e 8 6 1f b 5 2c 22 15 fffffaca 8 21 8 13 15 a c a
FIXUPS: 708cc f 42 16 1e 22 f 1c 10 25 c 18 22 f 1c 10 25 c 18 22 f 1b
FIXUPS: 70af9 fffffa43 1e 16 2e 35 17 11 13 1a d 10 d 1a 11 13 11 18 18
FIXUPS: 706e0 f f 12 4a d 13 13 f 25 29 12 17 19 fffff942 8 27 18 13 21
FIXUPS: 70205 10 13 13 31 18 6c 11 13 25 1b 1a 1d 18 12 13 46 18 12 13
FIXUPS: 704b3 12 13 13 25 f 328b9 b 8 b 8 c b ffff6a46 13 fffd6749 18 13
FIXUPS: 6ffed 1c 12 13 13 24 c 9 13 16 18 f d 18 d 12 1c 10 13 15 32b26
FIXUPS: a2c94 c c 9 b 8 9 b 8 9 9 9 9 9 9 9 9 9 c c c c c c c c c c c c
FIXUPS: a2dd0 ffff6927 c c c c c c 11 f 51 75 939f b 8 9 9 9 9 b 8 9 9
FIXUPS: a2c29 9 9 9 9 9 9 b 8 b ffff68a2 9 6 10 c c c c c c 1e 12 17 22
FIXUPS: 995f8 19 e 11 17 9 6 10 c c c c c c 13 f 15 6 fffffc8c d f f 13
FIXUPS: 993c2 d f d 9 6 10 c c c c c c 1c f d 9 6 10 c c c c c c 12 f fffffcbc
FIXUPS: 991d4 10 c c c c c c 1c f 12 6 10 c c c c c c 12 f 12 6 10 c c
FIXUPS: 99334 c c c 12 fffffc72 c c 25 29 a 14 15 9 6 10 c c c c c c 17
FIXUPS: 99102 d 9 6 10 c c c c c c 22 15 f fffffc01 11 11 f b 6 8 6 c c
FIXUPS: 98e31 11 f 3d 13 13 f d 6 b 2e 11 10 10 10 12 10 6 22 1f f c fffffc22
FIXUPS: 98c13 15 f b 6 d f b 6 d f b 6 d f b 6 d f b 6 d f b 6 19 12 17
FIXUPS: 98d8d 9 19 fffdabef 3f f 2f4b8 b ffff69f7 11 fffd7d15 4b 27347
FIXUPS: 98a0d 14 32 14 4d 10 13 f d 6 b 2e d c c 25 29 a 14 13 f b fffdab18
FIXUPS: 7372a 26 1a 18 13 23 2a 3e 27 36 26 1a 18 13 23 32 2f4e7 c b 8
FIXUPS: a2e4f b 8 b 8 b 8 b fffd0ac8 13 1d fffff88e d 2d 31 31 18 78 2a
FIXUPS: 73386 9c 4c 12 8 14 13 8 10 21 27 17 23 40 1d 16 1d 22 36 26 1a
FIXUPS: 73689 13 23 fffff79f 11 11 15 20 45 15 58 15 2b c c 12 14 2a 14
FIXUPS: 730b9 18 29 18 2e b 13 18 13 16 c 13 25 14 7 14 fffff41a 38 22
FIXUPS: 726e0 29 2e 1b 2e 66 73 22 5a 29 2e 1b 2e 65 187 b 8 13 be 10 49
FIXUPS: 72ca6 19 4f 3b 4c 3b 35 1c fffff455 b 1a 12 14 16 13 12 14 16 c
FIXUPS: 72347 26 20 c 30 17 8 11 1c 15 b f f 34 2f 2e 18 15 f8 8 c fffff8e4
FIXUPS: 71f09 51 20 1b 1e 12 15 19 19 45 13 c 19 1a 10 24 8 17 1c 17 d
FIXUPS: 72165 1a 12 14 16 25 15 1b 18 39 fffff8f1 27 12 b 19 19 45 13 c
FIXUPS: 71c45 14 10 24 8 17 23 51 1a 13 1f f b d 31 13 d 13 28 13 c 20
FIXUPS: 71eeb fffff7c9 29 1b 8d 11 2f f 2c 18 10 19 1b 15 8 21 53 11 43
FIXUPS: 71952 b 55 10 d 10 13 c 20 8d 16 8 51 1d ecb9 1a 56 1f 12 1a 1c
FIXUPS: 808d8 65 a 2257d f b b b 8 f b 8 9 9 9 c c b a fffdd9f5 13 18f88
FIXUPS: 99907 fffd7d89 12 ecba 1f c 15 9 1e 9 c 27 9 1e 9 15 5b 16 28 a
FIXUPS: 805d2 2e 14 19 13 24 10 3c 20 1f 18 f 13 6b 2e fffff91f 10 8 12
FIXUPS: 80136 13 2f 8 3a a d c 9 1c f f 1c 13 13 c c c f 17 33 12 f 1c
FIXUPS: 80326 f c c fffffa37 27 8 27 1a 1a 25 a 17 1a a 21 3c 1b 1b 1e
FIXUPS: 7ff47 1b 1b 1e 1e 14 4b a 17 10 14 a 1e 11 16 29 fffffa08 24 8
FIXUPS: 7fb2a e 5 23 12 33 21 21 10 d e 29 1a 20 8 1f 8 b 9 c 3f 14 f 8
FIXUPS: 7fd39 12 14 8 15 fffff629 37 6c 13 3d 8 8 8 9 8 9 8 11 1e 1a 2d
FIXUPS: 7f583 a 8f b f 1a 20 80 c5 25 29 c 28 51 192 37 fffff518 14 12
FIXUPS: 7efc5 15 1f 4e e 2c 49 56 31 18 18 18 27 12 7 45 12 f 37 21 27
FIXUPS: 7f2cf 3f 1e 13 15 18 10 13 1aed 3b 13 20 28 18 18 13 23 18 45 18
FIXUPS: 81010 22 18 18 13 25 19 32 8 37 1c 23 40 c 8 15 15 9 9 ffffdd71
FIXUPS: 809ce d 10 2a 30 62 1a 13 39 9 32 1d 24 20 5c 15 21 1c 10 22 1b
FIXUPS: 80ccb 20 4b 26 3e 18 31 1c 13 25 1b fff815e7 19 c 8 c 9 47 25 2c
FIXUPS: 255e 43 47 3b 9e792 c 9 c b b b c b 8 9 9 9 9 b fff61946 13 7e209
FIXUPS: 809c0 fff8158d f f c 17 10c a7 4a 75 14 7d f 8 e 12 11 13 17 19
FIXUPS: 2328 8 c 9 1c 18 38 14 8 8 29 11 13 fffff266 12 10 23c 2c 12 18
FIXUPS: 194d 15 12 26 1d f f c 17 43 2c 2c 12 46 73 f c 17 114 12 3f 12d
FIXUPS: 1ec9 2c 12 fffff238 2f 10 25 2b 25 20 8 1c 25 2b b 1c 18 2b 12
FIXUPS: 1363 f 12 31 21 2e 14 f7 b7 2c 14 15 12 10 b 2c 332d 12 44 14 10
FIXUPS: 4a37 18 6 12 44 14 10 3b 15 1e 2c 19 9c2d2 9 9 b fff60193 5 f f
FIXUPS: 1039 24 1b 2b 12 2b 44 2fa2 7c b 1f f 1a 1e 5c 41 7d de 22 125
FIXUPS: 4514 2e 195 28 109 27 24 1a 14 47 14 10 14 37 18 6 12 1c 18 fffff095
FIXUPS: 3a4a 1c 1a f 21 16 bd 16 97 b 28 41 20 4e f 1a 15 19 a1 4c 25 41
FIXUPS: 3edc 4d 41 20 31 10 c2 b 1e fffff35a 1c 1e 41 20 50 f 16 14 19
FIXUPS: 3573 26 19 91 62 2c 2e 26 22 16 26 22 16 35 36 e 19 12 45 39 c2
FIXUPS: 39b4 fffff4a7 19 25 13 22 16 2b 13 22 16 2e 19 2a 1e e 19 12 43
FIXUPS: 3079 39 c2 15 7c 1a 1c 1a f 21 16 bd 16 97 292a 23 23 23 23 23
FIXUPS: 5e13 4d 30 1b 2f ffffc901 23 8d 1f 4d 49 20 40 64 35 be 24 6d 24
FIXUPS: 2bdf 12b 82 51 19 25 19 24fe 13 13 18 2c 56 f 26 3f 33 5a 168 2c
FIXUPS: 56a1 4d 22 54 37 b0 3d 22 54 36 72 5d 38 31 12c 34 be 5f 23 ffffef4f
FIXUPS: 4c9f 16 25 4e c 20 63 f 26 13 1d 31 a6 41 4a 2c 62 4f f 26 13 1d
FIXUPS: 50e0 4b 26 12 b2 36 63 4f f
