TDSPL2.H:/*    (same as RT_XXX defines in /usr/lib/pplus/pcldefs.h)     */
WLISTCSR.H:#include </usr/lib/pplus/wlistcsr.h>
config.h:#define		DEFAULTDIR		"\\pplus"
cswin.h:	DWORD pplus_srvr 	:1;		// pplus native srvr (SNA)
cswin.h:#define	CS_PPLUS_SRVR		0x01		// pplus server
libperf.h:**	"$Header: X:/pplus/src/include/RCS/libperf.h 1.0 1994/03/11 15:55:35 PPLUS Exp $";
tdspl.h:/*    (same as RT_XXX defines in /usr/lib/pplus/pcldefs.h)     */
