 rt

 Timestamp is 363f6c00 (Tue Nov 03 12:48:00 1998)

 Preferred load address is 00400000

 Start         Length     Name                   Class
 0001:00000000 0001eb26H .text                   CODE
 0001:0001eb30 0000027dH .text$x                 CODE
 0002:00000000 00001ae9H .rdata                  DATA
 0002:00001af0 000003a8H .xdata$x                DATA
 0002:00001e98 00000000H .edata                  DATA
 0003:00000000 00000004H .CRT$XCA                DATA
 0003:00000004 00000004H .CRT$XCU                DATA
 0003:00000008 00000004H .CRT$XCZ                DATA
 0003:0000000c 00000004H .CRT$XIA                DATA
 0003:00000010 00000004H .CRT$XIC                DATA
 0003:00000014 00000004H .CRT$XIY                DATA
 0003:00000018 00000004H .CRT$XIZ                DATA
 0003:0000001c 00000004H .CRT$XPA                DATA
 0003:00000020 00000004H .CRT$XPX                DATA
 0003:00000024 00000004H .CRT$XPZ                DATA
 0003:00000028 00000004H .CRT$XTA                DATA
 0003:0000002c 00000004H .CRT$XTB                DATA
 0003:00000030 00000004H .CRT$XTZ                DATA
 0003:00000040 000056d0H .data                   DATA
 0003:00005710 0000168cH .bss                    DATA
 0004:00000000 0000008cH .idata$2                DATA
 0004:0000008c 00000014H .idata$3                DATA
 0004:000000a0 000002b8H .idata$4                DATA
 0004:00000358 000002b8H .idata$5                DATA
 0004:00000610 00000b48H .idata$6                DATA
 0005:00000000 00000188H .rsrc$01                DATA
 0005:00000190 00001050H .rsrc$02                DATA

  Address         Publics by Value              Rva+Base   Lib:Object

 0001:00000000       ?SetException@@YAJABU_GUID@@JPBD@Z 00401000 f Except.obj
 0001:00000180       ?InterfaceSupportsErrorInfo@CMoaTran@@UAGJABU_GUID@@@Z 00401180 f MoaTran.obj
 0001:000001c8       ??0CMoaTran@@QAE@XZ        004011c8 f MoaTran.obj
 0001:000002ea       ??1CMoaTran@@QAE@XZ        004012ea f MoaTran.obj
 0001:00000370       ?ReserveRt@CMoaTran@@UAGJPAJ@Z 00401370 f MoaTran.obj
 0001:00000407       ?ReleaseRt@CMoaTran@@UAGJPAJ@Z 00401407 f MoaTran.obj
 0001:00000441       ?GetField@CMoaTran@@UAGJPAGPAUtagVARIANT@@PAJ@Z 00401441 f MoaTran.obj
 0001:00000537       ?SetField@CMoaTran@@UAGJPAGUtagVARIANT@@PAJ@Z 00401537 f MoaTran.obj
 0001:0000067a       ?Execute@CMoaTran@@UAGJPAGUtagVARIANT@@PAU2@PAJ@Z 0040167a f MoaTran.obj
 0001:0000085c       ?GetDDObj@CMoaTran@@AAEPAXEPBD@Z 0040185c f MoaTran.obj
 0001:00000920       ??0?$IDispatchImpl@UIMoaTran@@$1?IID_IMoaTran@@3U_GUID@@B$1?LIBID_RTSERVERLib@@3U3@B$00$0A@VCComTypeInfoHolder@ATL@@@ATL@@QAE@XZ 00401920 f MoaTran.obj
 0001:00000940       ??1?$IDispatchImpl@UIMoaTran@@$1?IID_IMoaTran@@3U_GUID@@B$1?LIBID_RTSERVERLib@@3U3@B$00$0A@VCComTypeInfoHolder@ATL@@@ATL@@QAE@XZ 00401940 f MoaTran.obj
 0001:00000960       ?GetTypeInfoCount@?$IDispatchImpl@UIMoaTran@@$1?IID_IMoaTran@@3U_GUID@@B$1?LIBID_RTSERVERLib@@3U3@B$00$0A@VCComTypeInfoHolder@ATL@@@ATL@@UAGJPAI@Z 00401960 f MoaTran.obj
 0001:00000980       ?GetTypeInfo@?$IDispatchImpl@UIMoaTran@@$1?IID_IMoaTran@@3U_GUID@@B$1?LIBID_RTSERVERLib@@3U3@B$00$0A@VCComTypeInfoHolder@ATL@@@ATL@@UAGJIKPAPAUITypeInfo@@@Z 00401980 f MoaTran.obj
 0001:000009a0       ?GetIDsOfNames@?$IDispatchImpl@UIMoaTran@@$1?IID_IMoaTran@@3U_GUID@@B$1?LIBID_RTSERVERLib@@3U3@B$00$0A@VCComTypeInfoHolder@ATL@@@ATL@@UAGJABU_GUID@@PAPAGIKPAJ@Z 004019a0 f MoaTran.obj
 0001:000009d0       ?Invoke@?$IDispatchImpl@UIMoaTran@@$1?IID_IMoaTran@@3U_GUID@@B$1?LIBID_RTSERVERLib@@3U3@B$00$0A@VCComTypeInfoHolder@ATL@@@ATL@@UAGJJABU_GUID@@KGPAUtagDISPPARAMS@@PAUtagVARIANT@@PAUtagEXCEPINFO@@PAI@Z 004019d0 f MoaTran.obj
 0001:00000a10       ??0IMoaTran@@QAE@XZ        00401a10 f MoaTran.obj
 0001:00000a30       ??0IDispatch@@QAE@XZ       00401a30 f MoaTran.obj
 0001:00000a50       ??0IUnknown@@QAE@XZ        00401a50 f MoaTran.obj
 0001:00000a70       ??0ISupportErrorInfo@@QAE@XZ 00401a70 f MoaTran.obj
 0001:00000a90       ??0?$CComObjectRootEx@VCComMultiThreadModel@ATL@@@ATL@@QAE@XZ 00401a90 f MoaTran.obj
 0001:00000ac0       ??1?$CComObjectRootEx@VCComMultiThreadModel@ATL@@@ATL@@QAE@XZ 00401ac0 f MoaTran.obj
 0001:00000ae0       ?InlineIsEqualGUID@ATL@@YAHABU_GUID@@0@Z 00401ae0 f MoaTran.obj
 0001:00000b40       ??0CComAutoCriticalSection@ATL@@QAE@XZ 00401b40 f MoaTran.obj
 0001:00000b60       ??1CComAutoCriticalSection@ATL@@QAE@XZ 00401b60 f MoaTran.obj
 0001:00000b80       ??0CComObjectRootBase@ATL@@QAE@XZ 00401b80 f MoaTran.obj
 0001:00000ba0       ?UpdateRegistry@CMoaTran@@SGJH@Z 00401ba0 f RtServer.obj
 0001:00000bd0       ?GetObjectCLSID@?$CComCoClass@VCMoaTran@@$1?CLSID_CMoaTran@@3U_GUID@@B@ATL@@SGABU_GUID@@XZ 00401bd0 f RtServer.obj
 0001:00000be0       ?GetObjectDescription@?$CComCoClass@VCMoaTran@@$1?CLSID_CMoaTran@@3U_GUID@@B@ATL@@SGPBDXZ 00401be0 f RtServer.obj
 0001:00000bf0       ?Unlock@CExeModule@@QAEJXZ 00401bf0 f RtServer.obj
 0001:00000c2d       ?UnregisterServer@CExeModule@@QAEJH@Z 00401c2d f RtServer.obj
 0001:00000c6c       _WinMain@16                00401c6c f RtServer.obj
 0001:00000ed0       ?CreateInstance@?$CComCreator@V?$CComObjectNoLock@VCComClassFactory@ATL@@@ATL@@@ATL@@SGJPAXABU_GUID@@PAPAX@Z 00401ed0 f RtServer.obj
 0001:00001010       ?CreateInstance@?$CComCreator2@V?$CComCreator@V?$CComObject@VCMoaTran@@@ATL@@@ATL@@V?$CComCreator@V?$CComAggObject@VCMoaTran@@@ATL@@@2@@ATL@@SGJPAXABU_GUID@@PAPAX@Z 00402010 f RtServer.obj
 0001:00001090       ??0?$CComObjectNoLock@VCComClassFactory@ATL@@@ATL@@QAE@PAX@Z 00402090 f RtServer.obj
 0001:000010c0       ?AddRef@?$CComObjectNoLock@VCComClassFactory@ATL@@@ATL@@UAGKXZ 004020c0 f RtServer.obj
 0001:000010e0       ?Release@?$CComObjectNoLock@VCComClassFactory@ATL@@@ATL@@UAGKXZ 004020e0 f RtServer.obj
 0001:00001130       ?QueryInterface@?$CComObjectNoLock@VCComClassFactory@ATL@@@ATL@@UAGJABU_GUID@@PAPAX@Z 00402130 f RtServer.obj
 0001:00001150       ?CreateInstance@?$CComCreator@V?$CComObject@VCMoaTran@@@ATL@@@ATL@@SGJPAXABU_GUID@@PAPAX@Z 00402150 f RtServer.obj
 0001:00001290       ?CreateInstance@?$CComCreator@V?$CComAggObject@VCMoaTran@@@ATL@@@ATL@@SGJPAXABU_GUID@@PAPAX@Z 00402290 f RtServer.obj
 0001:000013d0       ??0?$CComObject@VCMoaTran@@@ATL@@QAE@PAX@Z 004023d0 f RtServer.obj
 0001:00001440       ?AddRef@?$CComObject@VCMoaTran@@@ATL@@UAGKXZ 00402440 f RtServer.obj
 0001:00001460       ?Release@?$CComObject@VCMoaTran@@@ATL@@UAGKXZ 00402460 f RtServer.obj
 0001:000014b0       ?QueryInterface@?$CComObject@VCMoaTran@@@ATL@@UAGJABU_GUID@@PAPAX@Z 004024b0 f RtServer.obj
 0001:000014d0       ?_InternalQueryInterface@CMoaTran@@QAEJABU_GUID@@PAPAX@Z 004024d0 f RtServer.obj
 0001:00001500       ?_GetEntries@CMoaTran@@SGPBU_ATL_INTMAP_ENTRY@ATL@@XZ 00402500 f RtServer.obj
 0001:00001510       ??0?$CComAggObject@VCMoaTran@@@ATL@@QAE@PAX@Z 00402510 f RtServer.obj
 0001:00001590       ?FinalConstruct@?$CComAggObject@VCMoaTran@@@ATL@@QAEJXZ 00402590 f RtServer.obj
 0001:000015c0       ?AddRef@?$CComAggObject@VCMoaTran@@@ATL@@UAGKXZ 004025c0 f RtServer.obj
 0001:000015e0       ?InternalAddRef@?$CComObjectRootEx@VCComMultiThreadModelNoCS@ATL@@@ATL@@QAEKXZ 004025e0 f RtServer.obj
 0001:00001630       ?Release@?$CComAggObject@VCMoaTran@@@ATL@@UAGKXZ 00402630 f RtServer.obj
 0001:00001680       ?InternalRelease@?$CComObjectRootEx@VCComMultiThreadModelNoCS@ATL@@@ATL@@QAEKXZ 00402680 f RtServer.obj
 0001:000016a0       ?QueryInterface@?$CComAggObject@VCMoaTran@@@ATL@@UAGJABU_GUID@@PAPAX@Z 004026a0 f RtServer.obj
 0001:000016f0       ??0?$CComContainedObject@VCMoaTran@@@ATL@@QAE@PAX@Z 004026f0 f RtServer.obj
 0001:00001730       ?AddRef@?$CComContainedObject@VCMoaTran@@@ATL@@UAGKXZ 00402730 f RtServer.obj
 0001:00001750       ?Release@?$CComContainedObject@VCMoaTran@@@ATL@@UAGKXZ 00402750 f RtServer.obj
 0001:00001770       ?QueryInterface@?$CComContainedObject@VCMoaTran@@@ATL@@UAGJABU_GUID@@PAPAX@Z 00402770 f RtServer.obj
 0001:00001790       ??_G?$CComObjectNoLock@VCComClassFactory@ATL@@@ATL@@QAEPAXI@Z 00402790 f RtServer.obj
 0001:000017c0       ??1?$CComObjectNoLock@VCComClassFactory@ATL@@@ATL@@QAE@XZ 004027c0 f RtServer.obj
 0001:00001820       ??0CComClassFactory@ATL@@QAE@XZ 00402820 f RtServer.obj
 0001:00001850       ??1CComClassFactory@ATL@@QAE@XZ 00402850 f RtServer.obj
 0001:00001880       ??_G?$CComObject@VCMoaTran@@@ATL@@QAEPAXI@Z 00402880 f RtServer.obj
 0001:000018b0       ??1?$CComObject@VCMoaTran@@@ATL@@QAE@XZ 004028b0 f RtServer.obj
 0001:00001930       ??_G?$CComAggObject@VCMoaTran@@@ATL@@QAEPAXI@Z 00402930 f RtServer.obj
 0001:00001960       ??1?$CComAggObject@VCMoaTran@@@ATL@@QAE@XZ 00402960 f RtServer.obj
 0001:000019d0       ?FinalRelease@?$CComAggObject@VCMoaTran@@@ATL@@QAEXXZ 004029d0 f RtServer.obj
 0001:00001a00       ??0?$CComObjectRootEx@VCComMultiThreadModelNoCS@ATL@@@ATL@@QAE@XZ 00402a00 f RtServer.obj
 0001:00001a20       ??1?$CComContainedObject@VCMoaTran@@@ATL@@QAE@XZ 00402a20 f RtServer.obj
 0001:00001a40       ??0IClassFactory@@QAE@XZ   00402a40 f RtServer.obj
 0001:00001a60       __tcsnicmp                 00402a60 f RtServer.obj
 0001:00001a80       ?QueryInterface@?$CComObject@VCMoaTran@@@ATL@@W3AGJABU_GUID@@PAPAX@Z 00402a80 f RtServer.obj
 0001:00001a90       ?AddRef@?$CComObject@VCMoaTran@@@ATL@@W3AGKXZ 00402a90 f RtServer.obj
 0001:00001aa0       ?Release@?$CComObject@VCMoaTran@@@ATL@@W3AGKXZ 00402aa0 f RtServer.obj
 0001:00001ab0       ?QueryInterface@?$CComContainedObject@VCMoaTran@@@ATL@@W3AGJABU_GUID@@PAPAX@Z 00402ab0 f RtServer.obj
 0001:00001ac0       ?AddRef@?$CComContainedObject@VCMoaTran@@@ATL@@W3AGKXZ 00402ac0 f RtServer.obj
 0001:00001ad0       ?Release@?$CComContainedObject@VCMoaTran@@@ATL@@W3AGKXZ 00402ad0 f RtServer.obj
 0001:00001ae0       ?InlineIsEqualUnknown@ATL@@YAHABU_GUID@@@Z 00402ae0 f RtServer.obj
 0001:00001b30       ?Increment@CComMultiThreadModelNoCS@ATL@@SGKPAJ@Z 00402b30 f RtServer.obj
 0001:00001b50       ?Decrement@CComMultiThreadModelNoCS@ATL@@SGKPAJ@Z 00402b50 f RtServer.obj
 0001:00001b70       ?Init@CComModule@ATL@@QAEXPAU_ATL_OBJMAP_ENTRY@2@PAX@Z 00402b70 f RtServer.obj
 0001:00001bb0       ?Lock@CComModule@ATL@@QAEJXZ 00402bb0 f RtServer.obj
 0001:00001bd0       ?Increment@CComMultiThreadModel@ATL@@SGKPAJ@Z 00402bd0 f RtServer.obj
 0001:00001bf0       ?Unlock@CComModule@ATL@@QAEJXZ 00402bf0 f RtServer.obj
 0001:00001c10       ?Decrement@CComMultiThreadModel@ATL@@SGKPAJ@Z 00402c10 f RtServer.obj
 0001:00001c30       ?RegisterServer@CComModule@ATL@@QAEJHPBU_GUID@@@Z 00402c30 f RtServer.obj
 0001:00001c50       ?UnregisterServer@CComModule@ATL@@QAEJPBU_GUID@@@Z 00402c50 f RtServer.obj
 0001:00001c70       ?RegisterClassObjects@CComModule@ATL@@QAEJKK@Z 00402c70 f RtServer.obj
 0001:00001c90       ?RevokeClassObjects@CComModule@ATL@@QAEJXZ 00402c90 f RtServer.obj
 0001:00001cb0       ?FinalConstruct@CComObjectRootBase@ATL@@QAEJXZ 00402cb0 f RtServer.obj
 0001:00001cc0       ?FinalRelease@CComObjectRootBase@ATL@@QAEXXZ 00402cc0 f RtServer.obj
 0001:00001cd0       ?InternalQueryInterface@CComObjectRootBase@ATL@@SGJPAXPBU_ATL_INTMAP_ENTRY@2@ABU_GUID@@PAPAX@Z 00402cd0 f RtServer.obj
 0001:00001d60       ?OuterAddRef@CComObjectRootBase@ATL@@QAEKXZ 00402d60 f RtServer.obj
 0001:00001d80       ?OuterRelease@CComObjectRootBase@ATL@@QAEKXZ 00402d80 f RtServer.obj
 0001:00001da0       ?OuterQueryInterface@CComObjectRootBase@ATL@@QAEJABU_GUID@@PAPAX@Z 00402da0 f RtServer.obj
 0001:00001dd0       ?SetVoid@CComObjectRootBase@ATL@@QAEXPAX@Z 00402dd0 f RtServer.obj
 0001:00001de0       ?InternalFinalConstructAddRef@CComObjectRootBase@ATL@@QAEXXZ 00402de0 f RtServer.obj
 0001:00001df0       ?InternalFinalConstructRelease@CComObjectRootBase@ATL@@QAEXXZ 00402df0 f RtServer.obj
 0001:00001e30       ?_InternalQueryInterface@CComClassFactory@ATL@@QAEJABU_GUID@@PAPAX@Z 00402e30 f RtServer.obj
 0001:00001e60       ?_GetEntries@CComClassFactory@ATL@@SGPBU_ATL_INTMAP_ENTRY@2@XZ 00402e60 f RtServer.obj
 0001:00001e70       ?SetVoid@CComClassFactory@ATL@@QAEXPAX@Z 00402e70 f RtServer.obj
 0001:00001e90       ?InternalAddRef@?$CComObjectRootEx@VCComMultiThreadModel@ATL@@@ATL@@QAEKXZ 00402e90 f RtServer.obj
 0001:00001ee0       ?InternalRelease@?$CComObjectRootEx@VCComMultiThreadModel@ATL@@@ATL@@QAEKXZ 00402ee0 f RtServer.obj
 0001:00001f00       ?AtlA2WHelper@@YGPAGPAGPBDH@Z 00402f00 f StdAfx.obj
 0001:00001f84       ?AtlW2AHelper@@YGPADPADPBGH@Z 00402f84 f StdAfx.obj
 0001:0000200a       ?AtlDevModeA2W@@YAPAU_devicemodeW@@PAU1@PAU_devicemodeA@@@Z 0040300a f StdAfx.obj
 0001:000020e2       ?AtlTextMetricA2W@@YAPAUtagTEXTMETRICW@@PAU1@PAUtagTEXTMETRICA@@@Z 004030e2 f StdAfx.obj
 0001:000021c1       ?AtlTextMetricW2A@@YAPAUtagTEXTMETRICA@@PAU1@PAUtagTEXTMETRICW@@@Z 004031c1 f StdAfx.obj
 0001:000022b0       ?AtlDevModeW2A@@YAPAU_devicemodeA@@PAU1@PAU_devicemodeW@@@Z 004032b0 f StdAfx.obj
 0001:00002388       ?AtlReportError@ATL@@YGJABU_GUID@@I0JPAX@Z 00403388 f StdAfx.obj
 0001:000023b1       ?AtlReportError@ATL@@YGJABU_GUID@@IKPBG0JPAX@Z 004033b1 f StdAfx.obj
 0001:000023df       ?AtlReportError@ATL@@YGJABU_GUID@@PBDK10J@Z 004033df f StdAfx.obj
 0001:000024ce       ?AtlReportError@ATL@@YGJABU_GUID@@PBD0J@Z 004034ce f StdAfx.obj
 0001:00002574       ?AtlReportError@ATL@@YGJABU_GUID@@PBG0J@Z 00403574 f StdAfx.obj
 0001:00002596       ?AtlReportError@ATL@@YGJABU_GUID@@PBGK10J@Z 00403596 f StdAfx.obj
 0001:000025bc       ??4CComBSTR@ATL@@QAEAAV01@ABV01@@Z 004035bc f StdAfx.obj
 0001:000025f9       ??4CComBSTR@ATL@@QAEAAV01@PBG@Z 004035f9 f StdAfx.obj
 0001:00002624       ?Append@CComBSTR@ATL@@QAEXPBGH@Z 00403624 f StdAfx.obj
 0001:000026a7       ?Append@CComBSTR@ATL@@QAEXPBD@Z 004036a7 f StdAfx.obj
 0001:00002724       ??0CComBSTR@ATL@@QAE@PBD@Z 00403724 f StdAfx.obj
 0001:00002794       ??0CComBSTR@ATL@@QAE@HPBD@Z 00403794 f StdAfx.obj
 0001:00002808       ??4CComBSTR@ATL@@QAEAAV01@PBD@Z 00403808 f StdAfx.obj
 0001:00002884       ?ReadFromStream@CComBSTR@ATL@@QAEJPAUIStream@@@Z 00403884 f StdAfx.obj
 0001:00002964       ?WriteToStream@CComBSTR@ATL@@QAEJPAUIStream@@@Z 00403964 f StdAfx.obj
 0001:00002a22       ??4CComVariant@ATL@@QAEAAV01@PAG@Z 00403a22 f StdAfx.obj
 0001:00002a73       ??4CComVariant@ATL@@QAEAAV01@PBG@Z 00403a73 f StdAfx.obj
 0001:00002ac4       ??4CComVariant@ATL@@QAEAAV01@PBD@Z 00403ac4 f StdAfx.obj
 0001:00002b66       ??4CComVariant@ATL@@QAEAAV01@_N@Z 00403b66 f StdAfx.obj
 0001:00002ba6       ??4CComVariant@ATL@@QAEAAV01@H@Z 00403ba6 f StdAfx.obj
 0001:00002bdc       ??4CComVariant@ATL@@QAEAAV01@E@Z 00403bdc f StdAfx.obj
 0001:00002c12       ??4CComVariant@ATL@@QAEAAV01@F@Z 00403c12 f StdAfx.obj
 0001:00002c4a       ??4CComVariant@ATL@@QAEAAV01@J@Z 00403c4a f StdAfx.obj
 0001:00002c80       ??4CComVariant@ATL@@QAEAAV01@M@Z 00403c80 f StdAfx.obj
 0001:00002cb6       ??4CComVariant@ATL@@QAEAAV01@N@Z 00403cb6 f StdAfx.obj
 0001:00002cf2       ??4CComVariant@ATL@@QAEAAV01@TtagCY@@@Z 00403cf2 f StdAfx.obj
 0001:00002d31       ??4CComVariant@ATL@@QAEAAV01@PAUIDispatch@@@Z 00403d31 f StdAfx.obj
 0001:00002d75       ??4CComVariant@ATL@@QAEAAV01@PAUIUnknown@@@Z 00403d75 f StdAfx.obj
 0001:00002db9       ??8CComVariant@ATL@@QAE_NABUtagVARIANT@@@Z 00403db9 f StdAfx.obj
 0001:00002ff4       ?Attach@CComVariant@ATL@@QAEJPAUtagVARIANT@@@Z 00403ff4 f StdAfx.obj
 0001:0000303a       ?Detach@CComVariant@ATL@@QAEJPAUtagVARIANT@@@Z 0040403a f StdAfx.obj
 0001:00003080       ?ChangeType@CComVariant@ATL@@QAEJGPBUtagVARIANT@@@Z 00404080 f StdAfx.obj
 0001:000030b6       ?InternalClear@CComVariant@ATL@@QAEJXZ 004040b6 f StdAfx.obj
 0001:0000311b       ?InternalCopy@CComVariant@ATL@@QAEXPBUtagVARIANT@@@Z 0040411b f StdAfx.obj
 0001:00003150       ?WriteToStream@CComVariant@ATL@@QAEJPAUIStream@@@Z 00404150 f StdAfx.obj
 0001:000033d8       ?ReadFromStream@CComVariant@ATL@@QAEJPAUIStream@@@Z 004043d8 f StdAfx.obj
 0001:0000362f       ?AddRef@CComTypeInfoHolder@ATL@@QAEXXZ 0040462f f StdAfx.obj
 0001:0000365f       ?Release@CComTypeInfoHolder@ATL@@QAEXXZ 0040465f f StdAfx.obj
 0001:000036bd       ?GetTI@CComTypeInfoHolder@ATL@@QAEJKPAPAUITypeInfo@@@Z 004046bd f StdAfx.obj
 0001:000037f8       ?GetTypeInfo@CComTypeInfoHolder@ATL@@QAEJIKPAPAUITypeInfo@@@Z 004047f8 f StdAfx.obj
 0001:0000382a       ?GetIDsOfNames@CComTypeInfoHolder@ATL@@QAEJABU_GUID@@PAPAGIKPAJ@Z 0040482a f StdAfx.obj
 0001:0000387c       ?Invoke@CComTypeInfoHolder@ATL@@QAEJPAUIDispatch@@JABU_GUID@@KGPAUtagDISPPARAMS@@PAUtagVARIANT@@PAUtagEXCEPINFO@@PAI@Z 0040487c f StdAfx.obj
 0001:000038e9       ?_Break@CComObjectRootBase@ATL@@SGJPAXABU_GUID@@PAPAXK@Z 004048e9 f StdAfx.obj
 0001:000038fb       ?_NoInterface@CComObjectRootBase@ATL@@SGJPAXABU_GUID@@PAPAXK@Z 004048fb f StdAfx.obj
 0001:00003907       ?_Creator@CComObjectRootBase@ATL@@SGJPAXABU_GUID@@PAPAXK@Z 00404907 f StdAfx.obj
 0001:00003928       ?_Delegate@CComObjectRootBase@ATL@@SGJPAXABU_GUID@@PAPAXK@Z 00404928 f StdAfx.obj
 0001:00003965       ?_Chain@CComObjectRootBase@ATL@@SGJPAXABU_GUID@@PAPAXK@Z 00404965 f StdAfx.obj
 0001:0000399a       ?_Cache@CComObjectRootBase@ATL@@SGJPAXABU_GUID@@PAPAXK@Z 0040499a f StdAfx.obj
 0001:00003a01       ?CreateInstance@CComClassFactory@ATL@@UAGJPAUIUnknown@@ABU_GUID@@PAPAX@Z 00404a01 f StdAfx.obj
 0001:00003acb       ?LockServer@CComClassFactory@ATL@@UAGJH@Z 00404acb f StdAfx.obj
 0001:00003af0       ?LockServer@CComClassFactory2Base@ATL@@UAGJH@Z 00404af0 f StdAfx.obj
 0001:00003b15       ?Add@CComDynamicUnkArray@ATL@@QAEKPAUIUnknown@@@Z 00404b15 f StdAfx.obj
 0001:00003c4e       ?Remove@CComDynamicUnkArray@ATL@@QAEHK@Z 00404c4e f StdAfx.obj
 0001:00003cdd       ?AddCreateWndData@CComModule@ATL@@QAEXPAU_AtlCreateWndData@2@PAX@Z 00404cdd f StdAfx.obj
 0001:00003d2d       ?ExtractCreateWndData@CComModule@ATL@@QAEPAXXZ 00404d2d f StdAfx.obj
 0001:00003ddc       ?UpdateRegistryClass@CComModule@ATL@@QAGJABU_GUID@@PBD1IKH@Z 00404ddc f StdAfx.obj
 0001:00003e1d       ?RegisterClassHelper@CComModule@ATL@@QAGJABU_GUID@@PBD1IK@Z 00404e1d f StdAfx.obj
 0001:0000422b       ?UnregisterClassHelper@CComModule@ATL@@QAGJABU_GUID@@PBD1@Z 0040522b f StdAfx.obj
 0001:0000436c       ?Close@CRegKey@ATL@@QAEJXZ 0040536c f StdAfx.obj
 0001:000043a3       ?Create@CRegKey@ATL@@QAEJPAXPBDPADKKPAU_SECURITY_ATTRIBUTES@@PAK@Z 004053a3 f StdAfx.obj
 0001:00004441       ?Open@CRegKey@ATL@@QAEJPAXPBDK@Z 00405441 f StdAfx.obj
 0001:000044ee       ?QueryValue@CRegKey@ATL@@QAEJAAKPBD@Z 004054ee f StdAfx.obj
 0001:0000459b       ?QueryValue@CRegKey@ATL@@QAEJPADPBDPAK@Z 0040559b f StdAfx.obj
 0001:00004647       ?SetValue@CRegKey@ATL@@SGJPAXPBD11@Z 00405647 f StdAfx.obj
 0001:00004705       ?SetKeyValue@CRegKey@ATL@@QAEJPBD00@Z 00405705 f StdAfx.obj
 0001:000047c8       ?SetValue@CRegKey@ATL@@QAEJKPBD@Z 004057c8 f StdAfx.obj
 0001:00004824       ?SetValue@CRegKey@ATL@@QAEJPBD0@Z 00405824 f StdAfx.obj
 0001:000048b9       ?RecurseDeleteKey@CRegKey@ATL@@QAEJPBD@Z 004058b9 f StdAfx.obj
 0001:00004a1a       ??0CSecurityDescriptor@ATL@@QAE@XZ 00405a1a f StdAfx.obj
 0001:00004a59       ??1CSecurityDescriptor@ATL@@QAE@XZ 00405a59 f StdAfx.obj
 0001:00004ae2       ?Initialize@CSecurityDescriptor@ATL@@QAEJXZ 00405ae2 f StdAfx.obj
 0001:00004c70       ?InitializeFromProcessToken@CSecurityDescriptor@ATL@@QAEJH@Z 00405c70 f StdAfx.obj
 0001:00004ce3       ?InitializeFromThreadToken@CSecurityDescriptor@ATL@@QAEJHH@Z 00405ce3 f StdAfx.obj
 0001:00004d82       ?SetOwner@CSecurityDescriptor@ATL@@QAEJPAXH@Z 00405d82 f StdAfx.obj
 0001:00005049       ?SetGroup@CSecurityDescriptor@ATL@@QAEJPAXH@Z 00406049 f StdAfx.obj
 0001:00005310       ?Allow@CSecurityDescriptor@ATL@@QAEJPBDK@Z 00406310 f StdAfx.obj
 0001:00005359       ?Deny@CSecurityDescriptor@ATL@@QAEJPBDK@Z 00406359 f StdAfx.obj
 0001:000053a2       ?Revoke@CSecurityDescriptor@ATL@@QAEJPBD@Z 004063a2 f StdAfx.obj
 0001:000053e7       ?GetProcessSids@CSecurityDescriptor@ATL@@SAJPAPAX0@Z 004063e7 f StdAfx.obj
 0001:000054b8       ?GetThreadSids@CSecurityDescriptor@ATL@@SAJPAPAX0H@Z 004064b8 f StdAfx.obj
 0001:00005557       ?GetTokenSids@CSecurityDescriptor@ATL@@SAJPAXPAPAX1@Z 00406557 f StdAfx.obj
 0001:00005add       ?GetCurrentUserSID@CSecurityDescriptor@ATL@@SAJPAPAX@Z 00406add f StdAfx.obj
 0001:00005bfd       ?GetPrincipalSID@CSecurityDescriptor@ATL@@SAJPBDPAPAX@Z 00406bfd f StdAfx.obj
 0001:00005d64       ?Attach@CSecurityDescriptor@ATL@@QAEJPAX@Z 00406d64 f StdAfx.obj
 0001:0000609d       ?AttachObject@CSecurityDescriptor@ATL@@QAEJPAX@Z 0040709d f StdAfx.obj
 0001:00006196       ?CopyACL@CSecurityDescriptor@ATL@@SAJPAU_ACL@@0@Z 00407196 f StdAfx.obj
 0001:000062b7       ?AddAccessDeniedACEToACL@CSecurityDescriptor@ATL@@SAJPAPAU_ACL@@PBDK@Z 004072b7 f StdAfx.obj
 0001:00006427       ?AddAccessAllowedACEToACL@CSecurityDescriptor@ATL@@SAJPAPAU_ACL@@PBDK@Z 00407427 f StdAfx.obj
 0001:00006597       ?RemovePrincipalFromACL@CSecurityDescriptor@ATL@@SAJPAU_ACL@@PBD@Z 00407597 f StdAfx.obj
 0001:00006738       ?SetPrivilege@CSecurityDescriptor@ATL@@SAJPBDHPAX@Z 00407738 f StdAfx.obj
 0001:000069ad       ?AtlTrace@ATL@@YAXPBDZZ    004079ad f StdAfx.obj
 0001:00006a33       ?AtlInternalQueryInterface@ATL@@YGJPAXPBU_ATL_INTMAP_ENTRY@1@ABU_GUID@@PAPAX@Z 00407a33 f StdAfx.obj
 0001:00006bcd       ?AtlComPtrAssign@ATL@@YGPAUIUnknown@@PAPAU2@PAU2@@Z 00407bcd f StdAfx.obj
 0001:00006c09       ?AtlComQIPtrAssign@ATL@@YGPAUIUnknown@@PAPAU2@PAU2@ABU_GUID@@@Z 00407c09 f StdAfx.obj
 0001:00006c45       ?AtlFreeMarshalStream@ATL@@YGJPAUIStream@@@Z 00407c45 f StdAfx.obj
 0001:00006c6a       ?AtlMarshalPtrInProc@ATL@@YGJPAUIUnknown@@ABU_GUID@@PAPAUIStream@@@Z 00407c6a f StdAfx.obj
 0001:00006cca       ?AtlUnmarshalPtr@ATL@@YGJPAUIStream@@ABU_GUID@@PAPAUIUnknown@@@Z 00407cca f StdAfx.obj
 0001:00006d2a       ?AtlWaitWithMessageLoop@ATL@@YGHPAX@Z 00407d2a f StdAfx.obj
 0001:00006db3       ?AtlAdvise@ATL@@YGJPAUIUnknown@@0ABU_GUID@@PAK@Z 00407db3 f StdAfx.obj
 0001:00006e8e       ?AtlUnadvise@ATL@@YGJPAUIUnknown@@ABU_GUID@@K@Z 00407e8e f StdAfx.obj
 0001:00006f65       ?AtlSetErrorInfo@ATL@@YGJABU_GUID@@PBGK10JPAX@Z 00407f65 f StdAfx.obj
 0001:000072cd       ?AtlModuleInit@ATL@@YGJPAU_ATL_MODULE@1@PAU_ATL_OBJMAP_ENTRY@1@PAX@Z 004082cd f StdAfx.obj
 0001:00007384       ?AtlModuleRegisterClassObjects@ATL@@YGJPAU_ATL_MODULE@1@KK@Z 00408384 f StdAfx.obj
 0001:00007440       ?AtlModuleRevokeClassObjects@ATL@@YGJPAU_ATL_MODULE@1@@Z 00408440 f StdAfx.obj
 0001:000074f4       ?AtlModuleGetClassObject@ATL@@YGJPAU_ATL_MODULE@1@ABU_GUID@@1PAPAX@Z 004084f4 f StdAfx.obj
 0001:0000764a       ?AtlModuleTerm@ATL@@YGJPAU_ATL_MODULE@1@@Z 0040864a f StdAfx.obj
 0001:00007750       ?AtlModuleRegisterServer@ATL@@YGJPAU_ATL_MODULE@1@HPBU_GUID@@@Z 00408750 f StdAfx.obj
 0001:00007880       ?AtlModuleUnregisterServer@ATL@@YGJPAU_ATL_MODULE@1@PBU_GUID@@@Z 00408880 f StdAfx.obj
 0001:00007981       ?AtlModuleUpdateRegistryFromResourceD@ATL@@YGJPAU_ATL_MODULE@1@PBGHPAU_ATL_REGMAP_ENTRY@1@PAUIRegistrar@@@Z 00408981 f StdAfx.obj
 0001:00007cf8       ?AtlModuleRegisterTypeLib@ATL@@YGJPAU_ATL_MODULE@1@PBG@Z 00408cf8 f StdAfx.obj
 0001:000080c0       ?ocslen@@YAIPBG@Z          004090c0 f StdAfx.obj
 0001:000080d0       ?Length@CComBSTR@ATL@@QBEIXZ 004090d0 f StdAfx.obj
 0001:000080f0       ?Copy@CComBSTR@ATL@@QBEPAGXZ 004090f0 f StdAfx.obj
 0001:00008120       ??0CComBSTR@ATL@@QAE@XZ    00409120 f StdAfx.obj
 0001:00008140       ??1CComBSTR@ATL@@QAE@XZ    00409140 f StdAfx.obj
 0001:00008160       ??0CComVariant@ATL@@QAE@XZ 00409160 f StdAfx.obj
 0001:00008180       ??1CComVariant@ATL@@QAE@XZ 00409180 f StdAfx.obj
 0001:000081a0       ?Clear@CComVariant@ATL@@QAEJXZ 004091a0 f StdAfx.obj
 0001:000081c0       ?Copy@CComVariant@ATL@@QAEJPBUtagVARIANT@@@Z 004091c0 f StdAfx.obj
 0001:000081e0       ??0?$CComPtr@UIPersistStream@@@ATL@@QAE@XZ 004091e0 f StdAfx.obj
 0001:00008200       ??1?$CComPtr@UIPersistStream@@@ATL@@QAE@XZ 00409200 f StdAfx.obj
 0001:00008230       ??B?$CComPtr@UIPersistStream@@@ATL@@QAEPAUIPersistStream@@XZ 00409230 f StdAfx.obj
 0001:00008240       ??I?$CComPtr@UIPersistStream@@@ATL@@QAEPAPAUIPersistStream@@XZ 00409240 f StdAfx.obj
 0001:00008290       ?Detach@CComBSTR@ATL@@QAEPAGXZ 00409290 f StdAfx.obj
 0001:000082c0       ??0CRegKey@ATL@@QAE@XZ     004092c0 f StdAfx.obj
 0001:000082e0       ??1CRegKey@ATL@@QAE@XZ     004092e0 f StdAfx.obj
 0001:00008300       ??BCRegKey@ATL@@QBEPAXXZ   00409300 f StdAfx.obj
 0001:00008310       ?Attach@CRegKey@ATL@@QAEXPAX@Z 00409310 f StdAfx.obj
 0001:00008360       ?begin@CComDynamicUnkArray@ATL@@QAEPAPAUIUnknown@@XZ 00409360 f StdAfx.obj
 0001:00008390       ?end@CComDynamicUnkArray@ATL@@QAEPAPAUIUnknown@@XZ 00409390 f StdAfx.obj
 0001:000083d0       ?DeleteSubKey@CRegKey@ATL@@QAEJPBD@Z 004093d0 f StdAfx.obj
 0001:00008430       ??0?$CComPtr@UIConnectionPointContainer@@@ATL@@QAE@XZ 00409430 f StdAfx.obj
 0001:00008450       ??1?$CComPtr@UIConnectionPointContainer@@@ATL@@QAE@XZ 00409450 f StdAfx.obj
 0001:00008480       ??I?$CComPtr@UIConnectionPointContainer@@@ATL@@QAEPAPAUIConnectionPointContainer@@XZ 00409480 f StdAfx.obj
 0001:000084d0       ??C?$CComPtr@UIConnectionPointContainer@@@ATL@@QAEPAUIConnectionPointContainer@@XZ 004094d0 f StdAfx.obj
 0001:00008520       ??0?$CComPtr@UIConnectionPoint@@@ATL@@QAE@XZ 00409520 f StdAfx.obj
 0001:00008540       ??1?$CComPtr@UIConnectionPoint@@@ATL@@QAE@XZ 00409540 f StdAfx.obj
 0001:00008570       ??I?$CComPtr@UIConnectionPoint@@@ATL@@QAEPAPAUIConnectionPoint@@XZ 00409570 f StdAfx.obj
 0001:000085c0       ??C?$CComPtr@UIConnectionPoint@@@ATL@@QAEPAUIConnectionPoint@@XZ 004095c0 f StdAfx.obj
 0001:00008610       ??0?$CComPtr@UICreateErrorInfo@@@ATL@@QAE@XZ 00409610 f StdAfx.obj
 0001:00008630       ??1?$CComPtr@UICreateErrorInfo@@@ATL@@QAE@XZ 00409630 f StdAfx.obj
 0001:00008660       ??I?$CComPtr@UICreateErrorInfo@@@ATL@@QAEPAPAUICreateErrorInfo@@XZ 00409660 f StdAfx.obj
 0001:000086b0       ??C?$CComPtr@UICreateErrorInfo@@@ATL@@QAEPAUICreateErrorInfo@@XZ 004096b0 f StdAfx.obj
 0001:00008700       ??0?$CComPtr@UIErrorInfo@@@ATL@@QAE@XZ 00409700 f StdAfx.obj
 0001:00008720       ??1?$CComPtr@UIErrorInfo@@@ATL@@QAE@XZ 00409720 f StdAfx.obj
 0001:00008750       ??B?$CComPtr@UIErrorInfo@@@ATL@@QAEPAUIErrorInfo@@XZ 00409750 f StdAfx.obj
 0001:00008760       ??I?$CComPtr@UIErrorInfo@@@ATL@@QAEPAPAUIErrorInfo@@XZ 00409760 f StdAfx.obj
 0001:000087b0       ?RegisterClassObject@_ATL_OBJMAP_ENTRY@ATL@@QAGJKK@Z 004097b0 f StdAfx.obj
 0001:00008820       ?RevokeClassObject@_ATL_OBJMAP_ENTRY@ATL@@QAGJXZ 00409820 f StdAfx.obj
 0001:00008840       ?IsEqualGUID@@YAHABU_GUID@@0@Z 00409840 f StdAfx.obj
 0001:00008860       ??0?$CComPtr@UIRegistrar@@@ATL@@QAE@XZ 00409860 f StdAfx.obj
 0001:00008880       ??1?$CComPtr@UIRegistrar@@@ATL@@QAE@XZ 00409880 f StdAfx.obj
 0001:000088b0       ??I?$CComPtr@UIRegistrar@@@ATL@@QAEPAPAUIRegistrar@@XZ 004098b0 f StdAfx.obj
 0001:00008900       ??C?$CComPtr@UIRegistrar@@@ATL@@QAEPAUIRegistrar@@XZ 00409900 f StdAfx.obj
 0001:00008950       ??4?$CComPtr@UIRegistrar@@@ATL@@QAEPAUIRegistrar@@PAU2@@Z 00409950 f StdAfx.obj
 0001:00008970       ?ocscpy@@YAPAGPAGPBG@Z     00409970 f StdAfx.obj
 0001:000089a0       ?CharNextO@@YAPAGPBG@Z     004099a0 f StdAfx.obj
 0001:000089ac       _add_field_rec             004099ac f rt:rt.dll
 0001:000089b2       _field2int                 004099b2 f rt:rt.dll
 0001:000089b8       _async_pcl                 004099b8 f rt:rt.dll
 0001:000089be       _ddget                     004099be f rt:rt.dll
 0001:000089c4       _ddindex                   004099c4 f rt:rt.dll
 0001:000089ca       _ddapplindex               004099ca f rt:rt.dll
 0001:000089d0       _separate_names            004099d0 f rt:rt.dll
 0001:000089d6       _MosaicOA                  004099d6 f rt:rt.dll
 0001:000089dc       ?rtfield2byval@@YAXPAUFIELD@@PAUtagVARIANT@@G@Z 004099dc f rtclient:RtClient.dll
 0001:000089e2       ?rtarray2safearray@@YAXPAUFIELD@@PAPAUtagSAFEARRAY@@G@Z 004099e2 f rtclient:RtClient.dll
 0001:000089e8       ?variant2rtfield@@YAXUtagVARIANT@@PAUFIELD@@@Z 004099e8 f rtclient:RtClient.dll
 0001:000089ee       ?variant2rtarray@@YAXUtagVARIANT@@PAUFIELD@@@Z 004099ee f rtclient:RtClient.dll
 0001:000089f4       _lstrlenA@4                004099f4 f kernel32:KERNEL32.dll
 0001:000089fa       _lstrlenW@4                004099fa f kernel32:KERNEL32.dll
 0001:00008a00       _InitializeCriticalSection@4 00409a00 f kernel32:KERNEL32.dll
 0001:00008a06       _DeleteCriticalSection@4   00409a06 f kernel32:KERNEL32.dll
 0001:00008a0c       _GetCurrentThreadId@0      00409a0c f kernel32:KERNEL32.dll
 0001:00008a12       _InterlockedIncrement@4    00409a12 f kernel32:KERNEL32.dll
 0001:00008a18       _InterlockedDecrement@4    00409a18 f kernel32:KERNEL32.dll
 0001:00008a1e       _MultiByteToWideChar@24    00409a1e f kernel32:KERNEL32.dll
 0001:00008a24       _WideCharToMultiByte@32    00409a24 f kernel32:KERNEL32.dll
 0001:00008a2a       _LeaveCriticalSection@4    00409a2a f kernel32:KERNEL32.dll
 0001:00008a30       _EnterCriticalSection@4    00409a30 f kernel32:KERNEL32.dll
 0001:00008a36       _DebugBreak@0              00409a36 f kernel32:KERNEL32.dll
 0001:00008a3c       _GetModuleHandleA@4        00409a3c f kernel32:KERNEL32.dll
 0001:00008a42       _GetModuleFileNameA@12     00409a42 f kernel32:KERNEL32.dll
 0001:00008a48       _lstrcmpiA@8               00409a48 f kernel32:KERNEL32.dll
 0001:00008a4e       _GetLastError@0            00409a4e f kernel32:KERNEL32.dll
 0001:00008a54       _GetCurrentProcess@0       00409a54 f kernel32:KERNEL32.dll
 0001:00008a5a       _GetCurrentThread@0        00409a5a f kernel32:KERNEL32.dll
 0001:00008a60       _CloseHandle@4             00409a60 f kernel32:KERNEL32.dll
 0001:00008a66       _OutputDebugStringA@4      00409a66 f kernel32:KERNEL32.dll
 0001:00008a6c       _WaitForSingleObject@8     00409a6c f kernel32:KERNEL32.dll
 0001:00008a72       _lstrcpyA@8                00409a72 f kernel32:KERNEL32.dll
 0001:00008a78       _HeapDestroy@4             00409a78 f kernel32:KERNEL32.dll
 0001:00008a7e       _lstrcatA@8                00409a7e f kernel32:KERNEL32.dll
 0001:00008a84       _PostThreadMessageA@16     00409a84 f user32:USER32.dll
 0001:00008a8a       _MessageBoxA@16            00409a8a f user32:USER32.dll
 0001:00008a90       _LoadStringA@16            00409a90 f user32:USER32.dll
 0001:00008a96       _DispatchMessageA@4        00409a96 f user32:USER32.dll
 0001:00008a9c       _TranslateMessage@4        00409a9c f user32:USER32.dll
 0001:00008aa2       _PeekMessageA@20           00409aa2 f user32:USER32.dll
 0001:00008aa8       _MsgWaitForMultipleObjects@20 00409aa8 f user32:USER32.dll
 0001:00008aae       _CharNextA@4               00409aae f user32:USER32.dll
 0001:00008ab4       _RegCloseKey@4             00409ab4 f advapi32:ADVAPI32.dll
 0001:00008aba       _RegCreateKeyExA@36        00409aba f advapi32:ADVAPI32.dll
 0001:00008ac0       _RegOpenKeyExA@20          00409ac0 f advapi32:ADVAPI32.dll
 0001:00008ac6       _RegQueryValueExA@24       00409ac6 f advapi32:ADVAPI32.dll
 0001:00008acc       _RegSetValueExA@24         00409acc f advapi32:ADVAPI32.dll
 0001:00008ad2       _RegEnumKeyExA@32          00409ad2 f advapi32:ADVAPI32.dll
 0001:00008ad8       _RegDeleteKeyA@8           00409ad8 f advapi32:ADVAPI32.dll
 0001:00008ade       _SetSecurityDescriptorDacl@16 00409ade f advapi32:ADVAPI32.dll
 0001:00008ae4       _InitializeSecurityDescriptor@8 00409ae4 f advapi32:ADVAPI32.dll
 0001:00008aea       _IsValidSid@4              00409aea f advapi32:ADVAPI32.dll
 0001:00008af0       _CopySid@12                00409af0 f advapi32:ADVAPI32.dll
 0001:00008af6       _GetLengthSid@4            00409af6 f advapi32:ADVAPI32.dll
 0001:00008afc       _SetSecurityDescriptorOwner@12 00409afc f advapi32:ADVAPI32.dll
 0001:00008b02       _SetSecurityDescriptorGroup@12 00409b02 f advapi32:ADVAPI32.dll
 0001:00008b08       _OpenProcessToken@12       00409b08 f advapi32:ADVAPI32.dll
 0001:00008b0e       _OpenThreadToken@16        00409b0e f advapi32:ADVAPI32.dll
 0001:00008b14       _GetTokenInformation@20    00409b14 f advapi32:ADVAPI32.dll
 0001:00008b1a       _LookupAccountNameA@28     00409b1a f advapi32:ADVAPI32.dll
 0001:00008b20       _IsValidSecurityDescriptor@4 00409b20 f advapi32:ADVAPI32.dll
 0001:00008b26       _GetSecurityDescriptorGroup@12 00409b26 f advapi32:ADVAPI32.dll
 0001:00008b2c       _GetSecurityDescriptorOwner@12 00409b2c f advapi32:ADVAPI32.dll
 0001:00008b32       _SetSecurityDescriptorSacl@16 00409b32 f advapi32:ADVAPI32.dll
 0001:00008b38       _GetSecurityDescriptorSacl@16 00409b38 f advapi32:ADVAPI32.dll
 0001:00008b3e       _IsValidAcl@4              00409b3e f advapi32:ADVAPI32.dll
 0001:00008b44       _AddAccessAllowedAce@16    00409b44 f advapi32:ADVAPI32.dll
 0001:00008b4a       _GetAce@12                 00409b4a f advapi32:ADVAPI32.dll
 0001:00008b50       _InitializeAcl@12          00409b50 f advapi32:ADVAPI32.dll
 0001:00008b56       _GetSecurityDescriptorDacl@16 00409b56 f advapi32:ADVAPI32.dll
 0001:00008b5c       _GetKernelObjectSecurity@20 00409b5c f advapi32:ADVAPI32.dll
 0001:00008b62       _AddAce@20                 00409b62 f advapi32:ADVAPI32.dll
 0001:00008b68       _GetAclInformation@16      00409b68 f advapi32:ADVAPI32.dll
 0001:00008b6e       _AddAccessDeniedAce@16     00409b6e f advapi32:ADVAPI32.dll
 0001:00008b74       _DeleteAce@8               00409b74 f advapi32:ADVAPI32.dll
 0001:00008b7a       _EqualSid@8                00409b7a f advapi32:ADVAPI32.dll
 0001:00008b80       _AdjustTokenPrivileges@24  00409b80 f advapi32:ADVAPI32.dll
 0001:00008b86       _LookupPrivilegeValueA@12  00409b86 f advapi32:ADVAPI32.dll
 0001:00008b8c       _CoUninitialize@0          00409b8c f ole32:ole32.dll
 0001:00008b92       _CoInitialize@4            00409b92 f ole32:ole32.dll
 0001:00008b98       _WriteClassStm@8           00409b98 f ole32:ole32.dll
 0001:00008b9e       _OleSaveToStream@8         00409b9e f ole32:ole32.dll
 0001:00008ba4       _OleLoadFromStream@12      00409ba4 f ole32:ole32.dll
 0001:00008baa       _CoTaskMemFree@4           00409baa f ole32:ole32.dll
 0001:00008bb0       _StringFromCLSID@8         00409bb0 f ole32:ole32.dll
 0001:00008bb6       _CoReleaseMarshalData@4    00409bb6 f ole32:ole32.dll
 0001:00008bbc       _CoMarshalInterface@24     00409bbc f ole32:ole32.dll
 0001:00008bc2       _CreateStreamOnHGlobal@12  00409bc2 f ole32:ole32.dll
 0001:00008bc8       _CoUnmarshalInterface@12   00409bc8 f ole32:ole32.dll
 0001:00008bce       _ProgIDFromCLSID@8         00409bce f ole32:ole32.dll
 0001:00008bd4       _CoRegisterClassObject@20  00409bd4 f ole32:ole32.dll
 0001:00008bda       _CoRevokeClassObject@4     00409bda f ole32:ole32.dll
 0001:00008be0       _CoCreateInstance@20       00409be0 f ole32:ole32.dll
 0001:00008be6       _SetErrorInfo@8            00409be6 f oleaut32:OLEAUT32.dll
 0001:00008bec       _SysAllocString@4          00409bec f oleaut32:OLEAUT32.dll
 0001:00008bf2       _CreateErrorInfo@4         00409bf2 f oleaut32:OLEAUT32.dll
 0001:00008bf8       _VariantClear@4            00409bf8 f oleaut32:OLEAUT32.dll
 0001:00008bfe       _UnRegisterTypeLib@20      00409bfe f oleaut32:OLEAUT32.dll
 0001:00008c04       _SysFreeString@4           00409c04 f oleaut32:OLEAUT32.dll
 0001:00008c0a       _SysAllocStringLen@8       00409c0a f oleaut32:OLEAUT32.dll
 0001:00008c10       _SysAllocStringByteLen@8   00409c10 f oleaut32:OLEAUT32.dll
 0001:00008c16       _SysStringByteLen@4        00409c16 f oleaut32:OLEAUT32.dll
 0001:00008c1c       _SysStringLen@4            00409c1c f oleaut32:OLEAUT32.dll
 0001:00008c22       _VariantInit@4             00409c22 f oleaut32:OLEAUT32.dll
 0001:00008c28       _VariantChangeType@16      00409c28 f oleaut32:OLEAUT32.dll
 0001:00008c2e       _VariantCopy@8             00409c2e f oleaut32:OLEAUT32.dll
 0001:00008c34       _LoadRegTypeLib@20         00409c34 f oleaut32:OLEAUT32.dll
 0001:00008c3a       _RegisterTypeLib@12        00409c3a f oleaut32:OLEAUT32.dll
 0001:00008c40       _LoadTypeLib@8             00409c40 f oleaut32:OLEAUT32.dll
 0001:00008c50       __alloca_probe             00409c50   LIBCMTD:chkstk.obj
 0001:00008c50       __chkstk                   00409c50   LIBCMTD:chkstk.obj
 0001:00008c80       __purecall                 00409c80 f LIBCMTD:purevirt.obj
 0001:00008c90       ??2@YAPAXI@Z               00409c90 f LIBCMTD:new.obj
 0001:00008cb0       ?_JumpToContinuation@@YGXPAXPAUEHRegistrationNode@@@Z 00409cb0 f LIBCMTD:trnsctrl.obj
 0001:00008cf0       ?_CallMemberFunction0@@YGXPAX0@Z 00409cf0 f LIBCMTD:trnsctrl.obj
 0001:00008d00       ?_CallMemberFunction1@@YGXPAX00@Z 00409d00 f LIBCMTD:trnsctrl.obj
 0001:00008d10       ?_CallMemberFunction2@@YGXPAX00H@Z 00409d10 f LIBCMTD:trnsctrl.obj
 0001:00008d20       ?_UnwindNestedFrames@@YGXPAUEHRegistrationNode@@PAUEHExceptionRecord@@@Z 00409d20 f LIBCMTD:trnsctrl.obj
 0001:00008d80       ___CxxFrameHandler         00409d80 f LIBCMTD:trnsctrl.obj
 0001:00008dc0       ___CxxLongjmpUnwind@4      00409dc0 f LIBCMTD:trnsctrl.obj
 0001:00008df0       ?_CallCatchBlock2@@YAPAXPAUEHRegistrationNode@@PBU_s_FuncInfo@@PAXHK@Z 00409df0 f LIBCMTD:trnsctrl.obj
 0001:00008ea0       ?_CallSETranslator@@YAHPAUEHExceptionRecord@@PAUEHRegistrationNode@@PAX2PBU_s_FuncInfo@@H1@Z 00409ea0 f LIBCMTD:trnsctrl.obj
 0001:00009000       ?_GetRangeOfTrysToCheck@@YAPBU_s_TryBlockMapEntry@@PBU_s_FuncInfo@@HHPAI1@Z 0040a000 f LIBCMTD:trnsctrl.obj
 0001:00009090       __global_unwind2           0040a090 f LIBCMTD:exsup.obj
 0001:000090d2       __local_unwind2            0040a0d2 f LIBCMTD:exsup.obj
 0001:0000912a       __NLG_Return2              0040a12a   LIBCMTD:exsup.obj
 0001:0000913a       __abnormal_termination     0040a13a f LIBCMTD:exsup.obj
 0001:0000915d       __NLG_Notify1              0040a15d f LIBCMTD:exsup.obj
 0001:00009166       __NLG_Notify               0040a166 f LIBCMTD:exsup.obj
 0001:00009179       __NLG_Dispatch             0040a179   LIBCMTD:exsup.obj
 0001:00009180       _strlen                    0040a180 f LIBCMTD:strlen.obj
 0001:00009200       ??3@YAXPAX@Z               0040a200 f LIBCMTD:dbgdel.obj
 0001:000092b0       __CrtDbgBreak              0040a2b0 f LIBCMTD:dbgrpt.obj
 0001:000092c0       __CrtSetReportMode         0040a2c0 f LIBCMTD:dbgrpt.obj
 0001:00009320       __CrtSetReportFile         0040a320 f LIBCMTD:dbgrpt.obj
 0001:000093a0       __CrtSetReportHook         0040a3a0 f LIBCMTD:dbgrpt.obj
 0001:000093c0       __CrtDbgReport             0040a3c0 f LIBCMTD:dbgrpt.obj
 0001:00009a60       _memmove                   0040aa60 f LIBCMTD:memmove.obj
 0001:00009da0       __mbsnbicmp                0040ada0 f LIBCMTD:mbsnbicm.obj
 0001:0000a100       _memcpy                    0040b100 f LIBCMTD:memcpy.obj
 0001:0000a440       __fpmath                   0040b440 f LIBCMTD:fpinit.obj
 0001:0000a470       __fpclear                  0040b470 f LIBCMTD:fpinit.obj
 0001:0000a480       __cfltcvt_init             0040b480 f LIBCMTD:fpinit.obj
 0001:0000a4d0       ___setfflag                0040b4d0 f LIBCMTD:fpinit.obj
 0001:0000a4f0       _memcmp                    0040b4f0 f LIBCMTD:memcmp.obj
 0001:0000a5a0       _malloc                    0040b5a0 f LIBCMTD:dbgheap.obj
 0001:0000a5c0       __malloc_dbg               0040b5c0 f LIBCMTD:dbgheap.obj
 0001:0000a5f0       __nh_malloc                0040b5f0 f LIBCMTD:dbgheap.obj
 0001:0000a610       __nh_malloc_dbg            0040b610 f LIBCMTD:dbgheap.obj
 0001:0000a670       __heap_alloc               0040b670 f LIBCMTD:dbgheap.obj
 0001:0000a690       __heap_alloc_dbg           0040b690 f LIBCMTD:dbgheap.obj
 0001:0000a9b0       _calloc                    0040b9b0 f LIBCMTD:dbgheap.obj
 0001:0000a9d0       __calloc_dbg               0040b9d0 f LIBCMTD:dbgheap.obj
 0001:0000aa30       _realloc                   0040ba30 f LIBCMTD:dbgheap.obj
 0001:0000aa50       __realloc_dbg              0040ba50 f LIBCMTD:dbgheap.obj
 0001:0000afb0       __expand                   0040bfb0 f LIBCMTD:dbgheap.obj
 0001:0000afd0       __expand_dbg               0040bfd0 f LIBCMTD:dbgheap.obj
 0001:0000b010       _free                      0040c010 f LIBCMTD:dbgheap.obj
 0001:0000b030       __free_lk                  0040c030 f LIBCMTD:dbgheap.obj
 0001:0000b050       __free_dbg                 0040c050 f LIBCMTD:dbgheap.obj
 0001:0000b080       __free_dbg_lk              0040c080 f LIBCMTD:dbgheap.obj
 0001:0000b470       __msize                    0040c470 f LIBCMTD:dbgheap.obj
 0001:0000b490       __msize_dbg                0040c490 f LIBCMTD:dbgheap.obj
 0001:0000b5f0       __CrtSetBreakAlloc         0040c5f0 f LIBCMTD:dbgheap.obj
 0001:0000b610       __CrtSetDbgBlockType       0040c610 f LIBCMTD:dbgheap.obj
 0001:0000b6b0       __CrtSetAllocHook          0040c6b0 f LIBCMTD:dbgheap.obj
 0001:0000b760       __CrtCheckMemory           0040c760 f LIBCMTD:dbgheap.obj
 0001:0000bad0       __CrtSetDbgFlag            0040cad0 f LIBCMTD:dbgheap.obj
 0001:0000bb00       __CrtDoForAllClientObjects 0040cb00 f LIBCMTD:dbgheap.obj
 0001:0000bb70       __CrtIsValidPointer        0040cb70 f LIBCMTD:dbgheap.obj
 0001:0000bbc0       __CrtIsValidHeapPointer    0040cbc0 f LIBCMTD:dbgheap.obj
 0001:0000bc50       __CrtIsMemoryBlock         0040cc50 f LIBCMTD:dbgheap.obj
 0001:0000bd40       __CrtSetDumpClient         0040cd40 f LIBCMTD:dbgheap.obj
 0001:0000bd60       __CrtMemCheckpoint         0040cd60 f LIBCMTD:dbgheap.obj
 0001:0000bed0       __CrtMemDifference         0040ced0 f LIBCMTD:dbgheap.obj
 0001:0000c000       __CrtMemDumpAllObjectsSince 0040d000 f LIBCMTD:dbgheap.obj
 0001:0000c3e0       __CrtDumpMemoryLeaks       0040d3e0 f LIBCMTD:dbgheap.obj
 0001:0000c460       __CrtMemDumpStatistics     0040d460 f LIBCMTD:dbgheap.obj
 0001:0000c530       _memset                    0040d530 f LIBCMTD:memset.obj
 0001:0000c590       _vsprintf                  0040d590 f LIBCMTD:vsprintf.obj
 0001:0000c690       _WinMainCRTStartup         0040d690 f LIBCMTD:wincrt0.obj
 0001:0000c8d0       __amsg_exit                0040d8d0 f LIBCMTD:wincrt0.obj
 0001:0000c900       ___InternalCxxFrameHandler 0040d900 f LIBCMTD:frame.obj
 0001:0000ce70       ___FrameUnwindToState      0040de70 f LIBCMTD:frame.obj
 0001:0000d490       ?_DestructExceptionObject@@YAXPAUEHExceptionRecord@@E@Z 0040e490 f LIBCMTD:frame.obj
 0001:0000d570       __CallSettingFrame@12      0040e570 f LIBCMTD:lowhelpr.obj
 0001:0000d597       __NLG_Return               0040e597   LIBCMTD:lowhelpr.obj
 0001:0000d5c0       __mtinit                   0040e5c0 f LIBCMTD:tidtable.obj
 0001:0000d650       __mtterm                   0040e650 f LIBCMTD:tidtable.obj
 0001:0000d680       __initptd                  0040e680 f LIBCMTD:tidtable.obj
 0001:0000d6a0       __getptd                   0040e6a0 f LIBCMTD:tidtable.obj
 0001:0000d740       __freeptd                  0040e740 f LIBCMTD:tidtable.obj
 0001:0000d830       ___threadid                0040e830 f LIBCMTD:tidtable.obj
 0001:0000d840       ___threadhandle            0040e840 f LIBCMTD:tidtable.obj
 0001:0000d850       ?terminate@@YAXXZ          0040e850 f LIBCMTD:hooks.obj
 0001:0000d8e0       ?unexpected@@YAXXZ         0040e8e0 f LIBCMTD:hooks.obj
 0001:0000d900       ?_inconsistency@@YAXXZ     0040e900 f LIBCMTD:hooks.obj
 0001:0000d990       __mtinitlocks              0040e990 f LIBCMTD:mlock.obj
 0001:0000d9d0       __mtdeletelocks            0040e9d0 f LIBCMTD:mlock.obj
 0001:0000da70       __lock                     0040ea70 f LIBCMTD:mlock.obj
 0001:0000db10       __unlock                   0040eb10 f LIBCMTD:mlock.obj
 0001:0000db30       __lock_file                0040eb30 f LIBCMTD:mlock.obj
 0001:0000db70       __lock_file2               0040eb70 f LIBCMTD:mlock.obj
 0001:0000dba0       __unlock_file              0040eba0 f LIBCMTD:mlock.obj
 0001:0000dbe0       __unlock_file2             0040ebe0 f LIBCMTD:mlock.obj
 0001:0000dc10       __lockerr_exit             0040ec10 f LIBCMTD:mlock.obj
 0001:0000dc30       __itoa                     0040ec30 f LIBCMTD:xtoa.obj
 0001:0000dd50       __ltoa                     0040ed50 f LIBCMTD:xtoa.obj
 0001:0000dd90       __ultoa                    0040ed90 f LIBCMTD:xtoa.obj
 0001:0000ddb0       __i64toa                   0040edb0 f LIBCMTD:xtoa.obj
 0001:0000dee0       __ui64toa                  0040eee0 f LIBCMTD:xtoa.obj
 0001:0000df00       __snprintf                 0040ef00 f LIBCMTD:snprintf.obj
 0001:0000e000       _strcpy                    0040f000 f LIBCMTD:strcat.obj
 0001:0000e010       _strcat                    0040f010 f LIBCMTD:strcat.obj
 0001:0000e0f0       __vsnprintf                0040f0f0 f LIBCMTD:vsnprint.obj
 0001:0000e1f0       __cinit                    0040f1f0 f LIBCMTD:crt0dat.obj
 0001:0000e230       _exit                      0040f230 f LIBCMTD:crt0dat.obj
 0001:0000e250       __exit                     0040f250 f LIBCMTD:crt0dat.obj
 0001:0000e270       __cexit                    0040f270 f LIBCMTD:crt0dat.obj
 0001:0000e290       __c_exit                   0040f290 f LIBCMTD:crt0dat.obj
 0001:0000e3a0       __lockexit                 0040f3a0 f LIBCMTD:crt0dat.obj
 0001:0000e3b0       __unlockexit               0040f3b0 f LIBCMTD:crt0dat.obj
 0001:0000e3f0       _signal                    0040f3f0 f LIBCMTD:winsig.obj
 0001:0000e6c0       _raise                     0040f6c0 f LIBCMTD:winsig.obj
 0001:0000e970       ___fpecode                 0040f970 f LIBCMTD:winsig.obj
 0001:0000e980       ___pxcptinfoptrs           0040f980 f LIBCMTD:winsig.obj
 0001:0000e990       ___crtMessageBoxA          0040f990 f LIBCMTD:crtmbox.obj
 0001:0000ea50       _strncpy                   0040fa50 f LIBCMTD:strncpy.obj
 0001:0000eb50       __setmbcp                  0040fb50 f LIBCMTD:mbctype.obj
 0001:0000efc0       __getmbcp                  0040ffc0 f LIBCMTD:mbctype.obj
 0001:0000efd0       ___initmbctable            0040ffd0 f LIBCMTD:mbctype.obj
 0001:0000efe0       __strnicmp                 0040ffe0 f LIBCMTD:strnicmp.obj
 0001:0000f0f0       __setdefaultprecision      004100f0 f LIBCMTD:fp8.obj
 0001:0000f110       __ms_p5_test_fdiv          00410110 f LIBCMTD:testfdiv.obj
 0001:0000f170       __ms_p5_mp_test_fdiv       00410170 f LIBCMTD:testfdiv.obj
 0001:0000f1c0       __forcdecpt                004101c0 f LIBCMTD:cvt.obj
 0001:0000f270       __cropzeros                00410270 f LIBCMTD:cvt.obj
 0001:0000f350       __positive                 00410350 f LIBCMTD:cvt.obj
 0001:0000f380       __fassign                  00410380 f LIBCMTD:cvt.obj
 0001:0000f3d0       __cftoe                    004103d0 f LIBCMTD:cvt.obj
 0001:0000f5d0       __cftof                    004105d0 f LIBCMTD:cvt.obj
 0001:0000f790       __cftog                    00410790 f LIBCMTD:cvt.obj
 0001:0000f880       __cfltcvt                  00410880 f LIBCMTD:cvt.obj
 0001:0000f910       ?_set_new_handler@@YAP6AHI@ZP6AHI@Z@Z 00410910 f LIBCMTD:handler.obj
 0001:0000f940       ?_query_new_handler@@YAP6AHI@ZXZ 00410940 f LIBCMTD:handler.obj
 0001:0000f950       __callnewh                 00410950 f LIBCMTD:handler.obj
 0001:0000f980       __malloc_base              00410980 f LIBCMTD:malloc.obj
 0001:0000f9a0       __nh_malloc_base           004109a0 f LIBCMTD:malloc.obj
 0001:0000fa20       __heap_alloc_base          00410a20 f LIBCMTD:malloc.obj
 0001:0000fa90       __CrtDefaultAllocHook      00410a90 f LIBCMTD:dbghook.obj
 0001:0000faa0       __expand_base              00410aa0 f LIBCMTD:expand.obj
 0001:0000fb60       __realloc_base             00410b60 f LIBCMTD:realloc.obj
 0001:0000fd60       __free_base                00410d60 f LIBCMTD:free.obj
 0001:0000fde0       __heapchk                  00410de0 f LIBCMTD:heapchk.obj
 0001:0000fe60       __heapset                  00410e60 f LIBCMTD:heapchk.obj
 0001:0000fe70       __heap_init                00410e70 f LIBCMTD:heapinit.obj
 0001:0000fec0       __heap_term                00410ec0 f LIBCMTD:heapinit.obj
 0001:0000ff10       __get_sbh_threshold        00410f10 f LIBCMTD:sbheap.obj
 0001:0000ff20       __set_sbh_threshold        00410f20 f LIBCMTD:sbheap.obj
 0001:0000ff50       ___sbh_new_region          00410f50 f LIBCMTD:sbheap.obj
 0001:00010130       ___sbh_release_region      00411130 f LIBCMTD:sbheap.obj
 0001:000101b0       ___sbh_decommit_pages      004111b0 f LIBCMTD:sbheap.obj
 0001:00010310       ___sbh_find_block          00411310 f LIBCMTD:sbheap.obj
 0001:000103a0       ___sbh_free_block          004113a0 f LIBCMTD:sbheap.obj
 0001:00010410       ___sbh_alloc_block         00411410 f LIBCMTD:sbheap.obj
 0001:000107d0       ___sbh_alloc_block_from_page 004117d0 f LIBCMTD:sbheap.obj
 0001:00010a80       ___sbh_resize_block        00411a80 f LIBCMTD:sbheap.obj
 0001:00010bf0       ___sbh_heap_check          00411bf0 f LIBCMTD:sbheap.obj
 0001:00010e30       _sprintf                   00411e30 f LIBCMTD:sprintf.obj
 0001:00010f30       __isctype                  00411f30 f LIBCMTD:isctype.obj
 0001:00010ff0       __flsbuf                   00411ff0 f LIBCMTD:_flsbuf.obj
 0001:00011270       __output                   00412270 f LIBCMTD:output.obj
 0001:00012110       __XcptFilter               00413110 f LIBCMTD:winxfltr.obj
 0001:00012330       __ismbbkalnum              00413330 f LIBCMTD:ismbbyte.obj
 0001:00012350       __ismbbkprint              00413350 f LIBCMTD:ismbbyte.obj
 0001:00012370       __ismbbkpunct              00413370 f LIBCMTD:ismbbyte.obj
 0001:00012390       __ismbbalnum               00413390 f LIBCMTD:ismbbyte.obj
 0001:000123b0       __ismbbalpha               004133b0 f LIBCMTD:ismbbyte.obj
 0001:000123d0       __ismbbgraph               004133d0 f LIBCMTD:ismbbyte.obj
 0001:000123f0       __ismbbprint               004133f0 f LIBCMTD:ismbbyte.obj
 0001:00012410       __ismbbpunct               00413410 f LIBCMTD:ismbbyte.obj
 0001:00012430       __ismbblead                00413430 f LIBCMTD:ismbbyte.obj
 0001:00012450       __ismbbtrail               00413450 f LIBCMTD:ismbbyte.obj
 0001:00012470       __ismbbkana                00413470 f LIBCMTD:ismbbyte.obj
 0001:00012520       __setenvp                  00413520 f LIBCMTD:stdenvp.obj
 0001:00012660       __setargv                  00413660 f LIBCMTD:stdargv.obj
 0001:00012b60       ___crtGetEnvironmentStringsW 00413b60 f LIBCMTD:aw_env.obj
 0001:00012de0       ___crtGetEnvironmentStringsA 00413de0 f LIBCMTD:aw_env.obj
 0001:00013000       __ioinit                   00414000 f LIBCMTD:ioinit.obj
 0001:00013330       __ioterm                   00414330 f LIBCMTD:ioinit.obj
 0001:000133d4       __except_handler3          004143d4 f LIBCMTD:exsup3.obj
 0001:00013491       __seh_longjmp_unwind@4     00414491 f LIBCMTD:exsup3.obj
 0001:000134b0       __FF_MSGBANNER             004144b0 f LIBCMTD:crt0msg.obj
 0001:00013500       __NMSG_WRITE               00414500 f LIBCMTD:crt0msg.obj
 0001:00013700       __GET_RTERRMSG             00414700 f LIBCMTD:crt0msg.obj
 0001:00013750       ?__CxxUnhandledExceptionFilter@@YGJPAU_EXCEPTION_POINTERS@@@Z 00414750 f LIBCMTD:unhandld.obj
 0001:000137c0       ?__CxxSetUnhandledExceptionFilter@@YAXXZ 004147c0 f LIBCMTD:unhandld.obj
 0001:000137e0       ?__CxxRestoreUnhandledExceptionFilter@@YAXXZ 004147e0 f LIBCMTD:unhandld.obj
 0001:00013800       ?_ValidateRead@@YAHPBXI@Z  00414800 f LIBCMTD:validate.obj
 0001:00013830       ?_ValidateWrite@@YAHPAXI@Z 00414830 f LIBCMTD:validate.obj
 0001:00013860       ?_ValidateExecute@@YAHP6GHXZ@Z 00414860 f LIBCMTD:validate.obj
 0001:00013890       _strcmp                    00414890 f LIBCMTD:strcmp.obj
 0001:00013920       _abort                     00414920 f LIBCMTD:abort.obj
 0001:00013950       ___initstdio               00414950 f LIBCMTD:_file.obj
 0001:00013a80       ___endstdio                00414a80 f LIBCMTD:_file.obj
 0001:00013aa0       __aulldiv                  00414aa0 f LIBCMTD:ulldiv.obj
 0001:00013b10       __aullrem                  00414b10 f LIBCMTD:ullrem.obj
 0001:00013b90       __dosmaperr                00414b90 f LIBCMTD:dosmap.obj
 0001:00013c30       __errno                    00414c30 f LIBCMTD:dosmap.obj
 0001:00013c40       ___doserrno                00414c40 f LIBCMTD:dosmap.obj
 0001:00013c50       _setlocale                 00414c50 f LIBCMTD:setlocal.obj
 0001:000142d0       __expandlocale             004152d0 f LIBCMTD:setlocal.obj
 0001:00014460       ___init_dummy              00415460 f LIBCMTD:setlocal.obj
 0001:00014470       __strcats                  00415470 f LIBCMTD:setlocal.obj
 0001:000144c0       ___lc_strtolc              004154c0 f LIBCMTD:setlocal.obj
 0001:00014620       ___lc_lctostr              00415620 f LIBCMTD:setlocal.obj
 0001:00014690       __tolower                  00415690 f LIBCMTD:tolower.obj
 0001:000146a0       _tolower                   004156a0 f LIBCMTD:tolower.obj
 0001:00014740       __tolower_lk               00415740 f LIBCMTD:tolower.obj
 0001:00014870       __statusfp                 00415870 f LIBCMTD:ieee87.obj
 0001:00014890       __clearfp                  00415890 f LIBCMTD:ieee87.obj
 0001:000148b0       __control87                004158b0 f LIBCMTD:ieee87.obj
 0001:00014900       __controlfp                00415900 f LIBCMTD:ieee87.obj
 0001:00014920       __fpreset                  00415920 f LIBCMTD:ieee87.obj
 0001:00014d10       __ZeroTail                 00415d10 f LIBCMTD:intrncvt.obj
 0001:00014da0       __IncMan                   00415da0 f LIBCMTD:intrncvt.obj
 0001:00014e50       __RoundMan                 00415e50 f LIBCMTD:intrncvt.obj
 0001:00014f30       __CopyMan                  00415f30 f LIBCMTD:intrncvt.obj
 0001:00014f80       __FillZeroMan              00415f80 f LIBCMTD:intrncvt.obj
 0001:00014fb0       __IsZeroMan                00415fb0 f LIBCMTD:intrncvt.obj
 0001:00014ff0       __ShrMan                   00415ff0 f LIBCMTD:intrncvt.obj
 0001:000150e0       __ld12cvt                  004160e0 f LIBCMTD:intrncvt.obj
 0001:00015330       __ld12tod                  00416330 f LIBCMTD:intrncvt.obj
 0001:00015350       __ld12tof                  00416350 f LIBCMTD:intrncvt.obj
 0001:00015370       __ld12told                 00416370 f LIBCMTD:intrncvt.obj
 0001:00015430       __atodbl                   00416430 f LIBCMTD:intrncvt.obj
 0001:00015470       __atoldbl                  00416470 f LIBCMTD:intrncvt.obj
 0001:000154b0       __atoflt                   004164b0 f LIBCMTD:intrncvt.obj
 0001:000154f0       __fptostr                  004164f0 f LIBCMTD:_fptostr.obj
 0001:000155e0       __fltout2                  004165e0 f LIBCMTD:cfout.obj
 0001:00015660       ___dtold                   00416660 f LIBCMTD:cfout.obj
 0001:000157d0       __fptrap                   004167d0 f LIBCMTD:crt0fp.obj
 0001:000157e0       ___crtGetStringTypeW       004167e0 f LIBCMTD:aw_str.obj
 0001:000159f0       ___crtGetStringTypeA       004169f0 f LIBCMTD:aw_str.obj
 0001:00015b50       __lseek                    00416b50 f LIBCMTD:lseek.obj
 0001:00015be0       __lseek_lk                 00416be0 f LIBCMTD:lseek.obj
 0001:00015ca0       __write                    00416ca0 f LIBCMTD:write.obj
 0001:00015d30       __write_lk                 00416d30 f LIBCMTD:write.obj
 0001:00015fb0       __getbuf                   00416fb0 f LIBCMTD:_getbuf.obj
 0001:00016080       __isatty                   00417080 f LIBCMTD:isatty.obj
 0001:000160c0       _wctomb                    004170c0 f LIBCMTD:wctomb.obj
 0001:00016140       __wctomb_lk                00417140 f LIBCMTD:wctomb.obj
 0001:000161e0       _wcslen                    004171e0 f LIBCMTD:wcslen.obj
 0001:00016210       __fcloseall                00417210 f LIBCMTD:closeall.obj
 0001:000162f0       _fflush                    004172f0 f LIBCMTD:fflush.obj
 0001:00016340       __fflush_lk                00417340 f LIBCMTD:fflush.obj
 0001:00016390       __flush                    00417390 f LIBCMTD:fflush.obj
 0001:00016450       __flushall                 00417450 f LIBCMTD:fflush.obj
 0001:000165a0       ___init_time               004175a0 f LIBCMTD:inittime.obj
 0001:000170e0       ___init_numeric            004180e0 f LIBCMTD:initnum.obj
 0001:00017410       ___init_monetary           00418410 f LIBCMTD:initmon.obj
 0001:00017870       ___init_ctype              00418870 f LIBCMTD:initctyp.obj
 0001:00017c10       ___init_collate            00418c10 f LIBCMTD:initcoll.obj
 0001:00017c20       _strcspn                   00418c20 f LIBCMTD:strcspn.obj
 0001:00017c60       _strncmp                   00418c60 f LIBCMTD:strncmp.obj
 0001:00017ca0       _strpbrk                   00418ca0 f LIBCMTD:strpbrk.obj
 0001:00017ce0       ___get_qualified_locale    00418ce0 f LIBCMTD:getqloc.obj
 0001:00018380       ___crtLCMapStringW         00419380 f LIBCMTD:aw_map.obj
 0001:00018690       ___crtLCMapStringA         00419690 f LIBCMTD:aw_map.obj
 0001:000189a0       ___addl                    004199a0 f LIBCMTD:mantold.obj
 0001:000189e0       ___add_12                  004199e0 f LIBCMTD:mantold.obj
 0001:00018a90       ___shl_12                  00419a90 f LIBCMTD:mantold.obj
 0001:00018af0       ___shr_12                  00419af0 f LIBCMTD:mantold.obj
 0001:00018b60       ___mtold12                 00419b60 f LIBCMTD:mantold.obj
 0001:00018ca0       ___strgtold12              00419ca0 f LIBCMTD:strgtold.obj
 0001:000197e0       ___STRINGTOLD              0041a7e0 f LIBCMTD:strgtold.obj
 0001:00019830       _$I10_OUTPUT               0041a830 f LIBCMTD:x10fout.obj
 0001:00019d50       __alloc_osfhnd             0041ad50 f LIBCMTD:osfinfo.obj
 0001:00019f40       __set_osfhnd               0041af40 f LIBCMTD:osfinfo.obj
 0001:0001a000       __free_osfhnd              0041b000 f LIBCMTD:osfinfo.obj
 0001:0001a0e0       __get_osfhandle            0041b0e0 f LIBCMTD:osfinfo.obj
 0001:0001a150       __open_osfhandle           0041b150 f LIBCMTD:osfinfo.obj
 0001:0001a240       __lock_fhandle             0041b240 f LIBCMTD:osfinfo.obj
 0001:0001a2d0       __unlock_fhandle           0041b2d0 f LIBCMTD:osfinfo.obj
 0001:0001a300       _fclose                    0041b300 f LIBCMTD:fclose.obj
 0001:0001a390       __fclose_lk                0041b390 f LIBCMTD:fclose.obj
 0001:0001a450       __commit                   0041b450 f LIBCMTD:commit.obj
 0001:0001a530       __Getdays                  0041b530 f LIBCMTD:strftime.obj
 0001:0001a660       __Getmonths                0041b660 f LIBCMTD:strftime.obj
 0001:0001a790       __Gettnames                0041b790 f LIBCMTD:strftime.obj
 0001:0001ab00       _strftime                  0041bb00 f LIBCMTD:strftime.obj
 0001:0001ab20       __Strftime                 0041bb20 f LIBCMTD:strftime.obj
 0001:0001b8d0       ___getlocaleinfo           0041c8d0 f LIBCMTD:inithelp.obj
 0001:0001bb60       _localeconv                0041cb60 f LIBCMTD:lconv.obj
 0001:0001bb70       ___crtGetLocaleInfoW       0041cb70 f LIBCMTD:aw_loc.obj
 0001:0001bcf0       ___crtGetLocaleInfoA       0041ccf0 f LIBCMTD:aw_loc.obj
 0001:0001be80       _wcstol                    0041ce80 f LIBCMTD:wcstol.obj
 0001:0001c180       _wcstoul                   0041d180 f LIBCMTD:wcstol.obj
 0001:0001c1a0       _atol                      0041d1a0 f LIBCMTD:atox.obj
 0001:0001c2a0       _atoi                      0041d2a0 f LIBCMTD:atox.obj
 0001:0001c2c0       __atoi64                   0041d2c0 f LIBCMTD:atox.obj
 0001:0001c3f0       __stricmp                  0041d3f0 f LIBCMTD:stricmp.obj
 0001:0001c3f0       __strcmpi                  0041d3f0 f LIBCMTD:stricmp.obj
 0001:0001c4c0       ___ld12mul                 0041d4c0 f LIBCMTD:tenpow.obj
 0001:0001c910       ___multtenpow12            0041d910 f LIBCMTD:tenpow.obj
 0001:0001c9e0       __close                    0041d9e0 f LIBCMTD:close.obj
 0001:0001ca60       __close_lk                 0041da60 f LIBCMTD:close.obj
 0001:0001cb10       __freebuf                  0041db10 f LIBCMTD:_freebuf.obj
 0001:0001cbb0       ___tzset                   0041dbb0 f LIBCMTD:tzset.obj
 0001:0001cbf0       __tzset                    0041dbf0 f LIBCMTD:tzset.obj
 0001:0001cf70       __isindst                  0041df70 f LIBCMTD:tzset.obj
 0001:0001d4a0       _towupper                  0041e4a0 f LIBCMTD:towupper.obj
 0001:0001d550       __towupper_lk              0041e550 f LIBCMTD:towupper.obj
 0001:0001d610       _iswctype                  0041e610 f LIBCMTD:iswctype.obj
 0001:0001d690       _is_wctype                 0041e690 f LIBCMTD:iswctype.obj
 0001:0001d6b0       __allmul                   0041e6b0 f LIBCMTD:llmul.obj
 0001:0001d6f0       _wcstombs                  0041e6f0 f LIBCMTD:wcstombs.obj
 0001:0001d770       __wcstombs_lk              0041e770 f LIBCMTD:wcstombs.obj
 0001:0001dad0       _getenv                    0041ead0 f LIBCMTD:getenv.obj
 0001:0001db00       __getenv_lk                0041eb00 f LIBCMTD:getenv.obj
 0001:0001dbc0       __mbsnbicoll               0041ebc0 f LIBCMTD:mbsnbico.obj
 0001:0001dc10       ___wtomb_environ           0041ec10 f LIBCMTD:wtombenv.obj
 0001:0001dcc0       ___crtCompareStringW       0041ecc0 f LIBCMTD:aw_cmp.obj
 0001:0001dfc0       ___crtCompareStringA       0041efc0 f LIBCMTD:aw_cmp.obj
 0001:0001e3d0       ___crtsetenv               0041f3d0 f LIBCMTD:setenv.obj
 0001:0001e820       __mbschr                   0041f820 f LIBCMTD:mbschr.obj
 0001:0001e920       _strchr                    0041f920 f LIBCMTD:strchr.obj
 0001:0001e926       ___from_strstr_to_strchr   0041f926   LIBCMTD:strchr.obj
 0001:0001e9dc       _RtlUnwind@16              0041f9dc f kernel32:KERNEL32.dll
 0001:0001e9e2       _GetStdHandle@4            0041f9e2 f kernel32:KERNEL32.dll
 0001:0001e9e8       _WriteFile@20              0041f9e8 f kernel32:KERNEL32.dll
 0001:0001e9ee       _GetProcAddress@8          0041f9ee f kernel32:KERNEL32.dll
 0001:0001e9f4       _LoadLibraryA@4            0041f9f4 f kernel32:KERNEL32.dll
 0001:0001e9fa       _IsBadWritePtr@8           0041f9fa f kernel32:KERNEL32.dll
 0001:0001ea00       _IsBadReadPtr@8            0041fa00 f kernel32:KERNEL32.dll
 0001:0001ea06       _HeapValidate@12           0041fa06 f kernel32:KERNEL32.dll
 0001:0001ea0c       _GetStartupInfoA@4         0041fa0c f kernel32:KERNEL32.dll
 0001:0001ea12       _GetCommandLineA@0         0041fa12 f kernel32:KERNEL32.dll
 0001:0001ea18       _GetVersion@0              0041fa18 f kernel32:KERNEL32.dll
 0001:0001ea1e       _TlsSetValue@8             0041fa1e f kernel32:KERNEL32.dll
 0001:0001ea24       _TlsAlloc@0                0041fa24 f kernel32:KERNEL32.dll
 0001:0001ea2a       _TlsFree@4                 0041fa2a f kernel32:KERNEL32.dll
 0001:0001ea30       _SetLastError@4            0041fa30 f kernel32:KERNEL32.dll
 0001:0001ea36       _TlsGetValue@4             0041fa36 f kernel32:KERNEL32.dll
 0001:0001ea3c       _ExitProcess@4             0041fa3c f kernel32:KERNEL32.dll
 0001:0001ea42       _FatalAppExitA@8           0041fa42 f kernel32:KERNEL32.dll
 0001:0001ea48       _TerminateProcess@8        0041fa48 f kernel32:KERNEL32.dll
 0001:0001ea4e       _SetConsoleCtrlHandler@8   0041fa4e f kernel32:KERNEL32.dll
 0001:0001ea54       _GetCPInfo@8               0041fa54 f kernel32:KERNEL32.dll
 0001:0001ea5a       _GetACP@0                  0041fa5a f kernel32:KERNEL32.dll
 0001:0001ea60       _GetOEMCP@0                0041fa60 f kernel32:KERNEL32.dll
 0001:0001ea66       _HeapAlloc@12              0041fa66 f kernel32:KERNEL32.dll
 0001:0001ea6c       _HeapReAlloc@16            0041fa6c f kernel32:KERNEL32.dll
 0001:0001ea72       _HeapFree@12               0041fa72 f kernel32:KERNEL32.dll
 0001:0001ea78       _HeapCreate@12             0041fa78 f kernel32:KERNEL32.dll
 0001:0001ea7e       _VirtualFree@12            0041fa7e f kernel32:KERNEL32.dll
 0001:0001ea84       _VirtualAlloc@16           0041fa84 f kernel32:KERNEL32.dll
 0001:0001ea8a       _UnhandledExceptionFilter@4 0041fa8a f kernel32:KERNEL32.dll
 0001:0001ea90       _FreeEnvironmentStringsA@4 0041fa90 f kernel32:KERNEL32.dll
 0001:0001ea96       _FreeEnvironmentStringsW@4 0041fa96 f kernel32:KERNEL32.dll
 0001:0001ea9c       _GetEnvironmentStrings@0   0041fa9c f kernel32:KERNEL32.dll
 0001:0001eaa2       _GetEnvironmentStringsW@0  0041faa2 f kernel32:KERNEL32.dll
 0001:0001eaa8       _SetHandleCount@4          0041faa8 f kernel32:KERNEL32.dll
 0001:0001eaae       _GetFileType@4             0041faae f kernel32:KERNEL32.dll
 0001:0001eab4       _SetUnhandledExceptionFilter@4 0041fab4 f kernel32:KERNEL32.dll
 0001:0001eaba       _IsBadCodePtr@4            0041faba f kernel32:KERNEL32.dll
 0001:0001eac0       _Sleep@4                   0041fac0 f kernel32:KERNEL32.dll
 0001:0001eac6       _GetStringTypeA@20         0041fac6 f kernel32:KERNEL32.dll
 0001:0001eacc       _GetStringTypeW@16         0041facc f kernel32:KERNEL32.dll
 0001:0001ead2       _SetFilePointer@16         0041fad2 f kernel32:KERNEL32.dll
 0001:0001ead8       _IsValidLocale@8           0041fad8 f kernel32:KERNEL32.dll
 0001:0001eade       _IsValidCodePage@4         0041fade f kernel32:KERNEL32.dll
 0001:0001eae4       _GetUserDefaultLCID@0      0041fae4 f kernel32:KERNEL32.dll
 0001:0001eaea       _LCMapStringA@24           0041faea f kernel32:KERNEL32.dll
 0001:0001eaf0       _LCMapStringW@24           0041faf0 f kernel32:KERNEL32.dll
 0001:0001eaf6       _SetStdHandle@8            0041faf6 f kernel32:KERNEL32.dll
 0001:0001eafc       _FlushFileBuffers@4        0041fafc f kernel32:KERNEL32.dll
 0001:0001eb02       _GetLocaleInfoA@16         0041fb02 f kernel32:KERNEL32.dll
 0001:0001eb08       _GetLocaleInfoW@16         0041fb08 f kernel32:KERNEL32.dll
 0001:0001eb0e       _GetTimeZoneInformation@4  0041fb0e f kernel32:KERNEL32.dll
 0001:0001eb14       _CompareStringA@24         0041fb14 f kernel32:KERNEL32.dll
 0001:0001eb1a       _CompareStringW@24         0041fb1a f kernel32:KERNEL32.dll
 0001:0001eb20       _SetEnvironmentVariableA@8 0041fb20 f kernel32:KERNEL32.dll
 0002:00000058       ??_7CMoaTran@@6BISupportErrorInfo@@@ 00420058   MoaTran.obj
 0002:00000068       ??_7CMoaTran@@6B?$IDispatchImpl@UIMoaTran@@$1?IID_IMoaTran@@3U_GUID@@B$1?LIBID_RTSERVERLib@@3U3@B$00$0A@VCComTypeInfoHolder@ATL@@@ATL@@@ 00420068   MoaTran.obj
 0002:00000098       ??_7IMoaTran@@6B@          00420098   MoaTran.obj
 0002:000000c8       ??_7IDispatch@@6B@         004200c8   MoaTran.obj
 0002:000000e8       ??_7IUnknown@@6B@          004200e8   MoaTran.obj
 0002:000000f8       ??_7ISupportErrorInfo@@6B@ 004200f8   MoaTran.obj
 0002:00000108       _IID_IMoaTran              00420108   RtServer.obj
 0002:00000118       _LIBID_RTSERVERLib         00420118   RtServer.obj
 0002:00000128       _CLSID_CMoaTran            00420128   RtServer.obj
 0002:00000138       ??_7?$CComObjectNoLock@VCComClassFactory@ATL@@@ATL@@6B@ 00420138   RtServer.obj
 0002:00000150       ??_7?$CComObject@VCMoaTran@@@ATL@@6BISupportErrorInfo@@@ 00420150   RtServer.obj
 0002:00000160       ??_7?$CComObject@VCMoaTran@@@ATL@@6B?$IDispatchImpl@UIMoaTran@@$1?IID_IMoaTran@@3U_GUID@@B$1?LIBID_RTSERVERLib@@3U3@B$00$0A@VCComTypeInfoHolder@ATL@@@1@@ 00420160   RtServer.obj
 0002:00000190       ?_entries@?1??_GetEntries@CMoaTran@@SGPBU_ATL_INTMAP_ENTRY@ATL@@XZ@4PBU34@B 00420190   RtServer.obj
 0002:000001c0       ??_7?$CComAggObject@VCMoaTran@@@ATL@@6B@ 004201c0   RtServer.obj
 0002:000001d0       ??_7?$CComContainedObject@VCMoaTran@@@ATL@@6BISupportErrorInfo@@@ 004201d0   RtServer.obj
 0002:000001e0       ??_7?$CComContainedObject@VCMoaTran@@@ATL@@6B?$IDispatchImpl@UIMoaTran@@$1?IID_IMoaTran@@3U_GUID@@B$1?LIBID_RTSERVERLib@@3U3@B$00$0A@VCComTypeInfoHolder@ATL@@@1@@ 004201e0   RtServer.obj
 0002:00000210       ??_7CComClassFactory@ATL@@6B@ 00420210   RtServer.obj
 0002:00000228       ??_7IClassFactory@@6B@     00420228   RtServer.obj
 0002:00000240       ?_entries@?1??_GetEntries@CComClassFactory@ATL@@SGPBU_ATL_INTMAP_ENTRY@3@XZ@4PBU43@B 00420240   RtServer.obj
 0002:00000258       _IID_IRegistrar            00420258   StdAfx.obj
 0002:00000268       _CLSID_Registrar           00420268   StdAfx.obj
 0002:000002f8       _IID_IErrorInfo            004202f8   uuid:oaidl_i_guid12.obj
 0002:00000308       _IID_ISupportErrorInfo     00420308   uuid:oaidl_i_guid14.obj
 0002:00000318       _IID_IDispatch             00420318   uuid:oaidl_i_guid4.obj
 0002:00000328       _IID_IClassFactory         00420328   uuid:unknwn_i_guid1.obj
 0002:00000338       _GUID_NULL                 00420338   uuid:cguid_i_guid0.obj
 0002:00000348       _IID_IPersistStream        00420348   uuid:objidl_i_guid12.obj
 0002:00000358       _IID_IUnknown              00420358   uuid:unknwn_i_guid0.obj
 0002:00000368       _IID_IConnectionPointContainer 00420368   uuid:ocidl_i_guid3.obj
 0002:00000378       ??_C@_0L@OFGA@dbgdel?4cpp?$AA@ 00420378   LIBCMTD:dbgdel.obj
 0002:00000384       ??_C@_0CH@PHOC@_BLOCK_TYPE_IS_VALID?$CIpHead?9?$DOnBlo@ 00420384   LIBCMTD:dbgdel.obj
 0002:000003ac       ??_C@_0BB@BLL@Assertion?5Failed?$AA@ 004203ac   LIBCMTD:dbgrpt.obj
 0002:000003c0       ??_C@_05CKBG@Error?$AA@    004203c0   LIBCMTD:dbgrpt.obj
 0002:000003c8       ??_C@_07JCGI@Warning?$AA@  004203c8   LIBCMTD:dbgrpt.obj
 0002:000003d0       ??_C@_0M@ODEP@?$CFs?$CI?$CFd?$CJ?5?3?5?$CFs?$AA@ 004203d0   LIBCMTD:dbgrpt.obj
 0002:000003dc       ??_C@_01BJG@?6?$AA@        004203dc   LIBCMTD:dbgrpt.obj
 0002:000003e0       ??_C@_01FEHD@?$AN?$AA@     004203e0   LIBCMTD:dbgrpt.obj
 0002:000003e4       ??_C@_0BC@OIMC@Assertion?5failed?$CB?$AA@ 004203e4   LIBCMTD:dbgrpt.obj
 0002:000003f8       ??_C@_0BD@BEAK@Assertion?5failed?3?5?$AA@ 004203f8   LIBCMTD:dbgrpt.obj
 0002:0000040c       ??_C@_0CL@LCCP@_CrtDbgReport?3?5String?5too?5long?5o@ 0042040c   LIBCMTD:dbgrpt.obj
 0002:00000438       ??_C@_0DC@EMDK@Second?5Chance?5Assertion?5Failed?3?5@ 00420438   LIBCMTD:dbgrpt.obj
 0002:0000046c       ??_C@_09NJAK@wsprintfA?$AA@ 0042046c   LIBCMTD:dbgrpt.obj
 0002:00000478       ??_C@_0L@HKL@user32?4dll?$AA@ 00420478   LIBCMTD:dbgrpt.obj
 0002:00000484       ??_C@_0CD@GCMD@Microsoft?5Visual?5C?$CL?$CL?5Debug?5Libra@ 00420484   LIBCMTD:dbgrpt.obj
 0002:000004a8       ??_C@_0FD@EBDD@Debug?5?$CFs?$CB?6?6Program?3?5?$CFs?$CFs?$CFs?$CFs?$CFs?$CFs@ 004204a8   LIBCMTD:dbgrpt.obj
 0002:000004fc       ??_C@_09DCKN@?6Module?3?5?$AA@ 004204fc   LIBCMTD:dbgrpt.obj
 0002:00000508       ??_C@_07HJII@?6File?3?5?$AA@ 00420508   LIBCMTD:dbgrpt.obj
 0002:00000510       ??_C@_07LFGN@?6Line?3?5?$AA@ 00420510   LIBCMTD:dbgrpt.obj
 0002:00000518       ??_C@_02JJJH@?6?6?$AA@     00420518   LIBCMTD:dbgrpt.obj
 0002:0000051c       ??_C@_0N@NOAB@Expression?3?5?$AA@ 0042051c   LIBCMTD:dbgrpt.obj
 0002:0000052c       ??_C@_00A@?$AA@            0042052c   LIBCMTD:dbgrpt.obj
 0002:00000530       ??_C@_0HD@BHFH@?6?6For?5information?5on?5how?5your?5pr@ 00420530   LIBCMTD:dbgrpt.obj
 0002:000005a4       ??_C@_03NAME@?4?4?4?$AA@   004205a4   LIBCMTD:dbgrpt.obj
 0002:000005a8       ??_C@_0BH@NNCD@?$DMprogram?5name?5unknown?$DO?$AA@ 004205a8   LIBCMTD:dbgrpt.obj
 0002:000005c0       ??_C@_08GFHP@dbgrpt?4c?$AA@ 004205c0   LIBCMTD:dbgrpt.obj
 0002:000005cc       ??_C@_0BG@FBEA@szUserMessage?5?$CB?$DN?5NULL?$AA@ 004205cc   LIBCMTD:dbgrpt.obj
 0002:000005e4       ??_C@_06DPMO@Client?$AA@   004205e4   LIBCMTD:dbgheap.obj
 0002:000005ec       ??_C@_06BAFM@Ignore?$AA@   004205ec   LIBCMTD:dbgheap.obj
 0002:000005f4       ??_C@_03DICE@CRT?$AA@      004205f4   LIBCMTD:dbgheap.obj
 0002:000005f8       ??_C@_06BILL@Normal?$AA@   004205f8   LIBCMTD:dbgheap.obj
 0002:00000600       ??_C@_04NEN@Free?$AA@      00420600   LIBCMTD:dbgheap.obj
 0002:00000608       ??_C@_0DC@CGID@Error?3?5memory?5allocation?3?5bad?5me@ 00420608   LIBCMTD:dbgheap.obj
 0002:0000063c       ??_C@_0CE@FMIA@Invalid?5allocation?5size?3?5?$CFu?5byte@ 0042063c   LIBCMTD:dbgheap.obj
 0002:00000660       ??_C@_02DILL@?$CFs?$AA@    00420660   LIBCMTD:dbgheap.obj
 0002:00000664       ??_C@_0CB@CPBI@Client?5hook?5allocation?5failure?4?6@ 00420664   LIBCMTD:dbgheap.obj
 0002:00000688       ??_C@_0DF@DKHF@Client?5hook?5allocation?5failure?5a@ 00420688   LIBCMTD:dbgheap.obj
 0002:000006c0       ??_C@_09IMJC@dbgheap?4c?$AA@ 004206c0   LIBCMTD:dbgheap.obj
 0002:000006cc       ??_C@_0BC@EPKL@_CrtCheckMemory?$CI?$CJ?$AA@ 004206cc   LIBCMTD:dbgheap.obj
 0002:000006e0       ??_C@_0BK@JDHA@_pFirstBlock?5?$DN?$DN?5pOldBlock?$AA@ 004206e0   LIBCMTD:dbgheap.obj
 0002:000006fc       ??_C@_0BJ@NMEF@_pLastBlock?5?$DN?$DN?5pOldBlock?$AA@ 004206fc   LIBCMTD:dbgheap.obj
 0002:00000718       ??_C@_0DC@BOCN@fRealloc?5?$HM?$HM?5?$CI?$CBfRealloc?5?$CG?$CG?5pNewBl@ 00420718   LIBCMTD:dbgheap.obj
 0002:0000074c       ??_C@_0DK@DKOM@_BLOCK_TYPE?$CIpOldBlock?9?$DOnBlockUse@ 0042074c   LIBCMTD:dbgheap.obj
 0002:00000788       ??_C@_0EF@EDKM@pOldBlock?9?$DOnLine?5?$DN?$DN?5IGNORE_LINE?5@ 00420788   LIBCMTD:dbgheap.obj
 0002:000007d0       ??_C@_0CC@GPMO@_CrtIsValidHeapPointer?$CIpUserData@ 004207d0   LIBCMTD:dbgheap.obj
 0002:000007f4       ??_C@_0CN@FHGE@Allocation?5too?5large?5or?5negative@ 004207f4   LIBCMTD:dbgheap.obj
 0002:00000824       ??_C@_0CE@EAMN@Client?5hook?5re?9allocation?5failur@ 00420824   LIBCMTD:dbgheap.obj
 0002:00000848       ??_C@_0DI@KKMM@Client?5hook?5re?9allocation?5failur@ 00420848   LIBCMTD:dbgheap.obj
 0002:00000880       ??_C@_0BG@JCEC@_pFirstBlock?5?$DN?$DN?5pHead?$AA@ 00420880   LIBCMTD:dbgheap.obj
 0002:00000898       ??_C@_0BF@NLNN@_pLastBlock?5?$DN?$DN?5pHead?$AA@ 00420898   LIBCMTD:dbgheap.obj
 0002:000008b0       ??_C@_0BO@PLHH@pHead?9?$DOnBlockUse?5?$DN?$DN?5nBlockUse?$AA@ 004208b0   LIBCMTD:dbgheap.obj
 0002:000008d0       ??_C@_0DN@KKIO@pHead?9?$DOnLine?5?$DN?$DN?5IGNORE_LINE?5?$CG?$CG?5p@ 004208d0   LIBCMTD:dbgheap.obj
 0002:00000910       ??_C@_0CK@OJNB@DAMAGE?3?5after?5?$CFhs?5block?5?$CI?$CD?$CFd?$CJ?5at@ 00420910   LIBCMTD:dbgheap.obj
 0002:0000093c       ??_C@_0CL@IJIL@DAMAGE?3?5before?5?$CFhs?5block?5?$CI?$CD?$CFd?$CJ?5a@ 0042093c   LIBCMTD:dbgheap.obj
 0002:00000968       ??_C@_0BL@MBNA@Client?5hook?5free?5failure?4?6?$AA@ 00420968   LIBCMTD:dbgheap.obj
 0002:00000984       ??_C@_0DK@EKKL@memory?5check?5error?5at?50x?$CF08X?5?$DN?50@ 00420984   LIBCMTD:dbgheap.obj
 0002:000009c0       ??_C@_0CJ@GCII@?$CFhs?5located?5at?50x?$CF08X?5is?5?$CFu?5byte@ 004209c0   LIBCMTD:dbgheap.obj
 0002:000009ec       ??_C@_0CA@EJPI@?$CFhs?5allocated?5at?5file?5?$CFhs?$CI?$CFd?$CJ?4?6?$AA@ 004209ec   LIBCMTD:dbgheap.obj
 0002:00000a0c       ??_C@_0CJ@LHHG@DAMAGE?3?5on?5top?5of?5Free?5block?5at?5@ 00420a0c   LIBCMTD:dbgheap.obj
 0002:00000a38       ??_C@_07GJHM@DAMAGED?$AA@  00420a38   LIBCMTD:dbgheap.obj
 0002:00000a40       ??_C@_0CL@ODIE@_heapchk?5fails?5with?5unknown?5retu@ 00420a40   LIBCMTD:dbgheap.obj
 0002:00000a6c       ??_C@_0CC@EHNC@_heapchk?5fails?5with?5_HEAPBADPTR?4@ 00420a6c   LIBCMTD:dbgheap.obj
 0002:00000a90       ??_C@_0CC@JNDP@_heapchk?5fails?5with?5_HEAPBADEND?4@ 00420a90   LIBCMTD:dbgheap.obj
 0002:00000ab4       ??_C@_0CD@DNMG@_heapchk?5fails?5with?5_HEAPBADNODE@ 00420ab4   LIBCMTD:dbgheap.obj
 0002:00000ad8       ??_C@_0CE@JMCB@_heapchk?5fails?5with?5_HEAPBADBEGI@ 00420ad8   LIBCMTD:dbgheap.obj
 0002:00000afc       ??_C@_0CD@MEMI@Bad?5memory?5block?5found?5at?50x?$CF08X@ 00420afc   LIBCMTD:dbgheap.obj
 0002:00000b20       ??_C@_0CI@GMAO@_CrtMemCheckPoint?3?5NULL?5state?5po@ 00420b20   LIBCMTD:dbgheap.obj
 0002:00000b48       ??_C@_0CI@MNAE@_CrtMemDifference?3?5NULL?5state?5po@ 00420b48   LIBCMTD:dbgheap.obj
 0002:00000b70       ??_C@_0BH@PKIJ@Object?5dump?5complete?4?6?$AA@ 00420b70   LIBCMTD:dbgheap.obj
 0002:00000b88       ??_C@_0DB@DBPF@crt?5block?5at?50x?$CF08X?0?5subtype?5?$CFx?0@ 00420b88   LIBCMTD:dbgheap.obj
 0002:00000bbc       ??_C@_0CI@JLM@normal?5block?5at?50x?$CF08X?0?5?$CFu?5bytes@ 00420bbc   LIBCMTD:dbgheap.obj
 0002:00000be4       ??_C@_0DE@PFEA@client?5block?5at?50x?$CF08X?0?5subtype?5@ 00420be4   LIBCMTD:dbgheap.obj
 0002:00000c18       ??_C@_06MBCE@?$HL?$CFld?$HN?5?$AA@ 00420c18   LIBCMTD:dbgheap.obj
 0002:00000c20       ??_C@_0L@BLDJ@?$CFhs?$CI?$CFd?$CJ?5?3?5?$AA@ 00420c20   LIBCMTD:dbgheap.obj
 0002:00000c2c       ??_C@_0BE@FEMA@?$CDFile?5Error?$CD?$CI?$CFd?$CJ?5?3?5?$AA@ 00420c2c   LIBCMTD:dbgheap.obj
 0002:00000c40       ??_C@_0BE@FPPM@Dumping?5objects?5?9?$DO?6?$AA@ 00420c40   LIBCMTD:dbgheap.obj
 0002:00000c54       ??_C@_0BA@POLM@?5Data?3?5?$DM?$CFs?$DO?5?$CFs?6?$AA@ 00420c54   LIBCMTD:dbgheap.obj
 0002:00000c64       ??_C@_05JLAO@?$CF?42X?5?$AA@ 00420c64   LIBCMTD:dbgheap.obj
 0002:00000c6c       ??_C@_0BI@KONA@Detected?5memory?5leaks?$CB?6?$AA@ 00420c6c   LIBCMTD:dbgheap.obj
 0002:00000c84       ??_C@_0BP@LCCN@Total?5allocations?3?5?$CFld?5bytes?4?6?$AA@ 00420c84   LIBCMTD:dbgheap.obj
 0002:00000ca4       ??_C@_0CB@COID@Largest?5number?5used?3?5?$CFld?5bytes?4?6@ 00420ca4   LIBCMTD:dbgheap.obj
 0002:00000cc8       ??_C@_0BO@MEJD@?$CFld?5bytes?5in?5?$CFld?5?$CFhs?5Blocks?4?6?$AA@ 00420cc8   LIBCMTD:dbgheap.obj
 0002:00000ce8       ??_C@_0P@LNLA@format?5?$CB?$DN?5NULL?$AA@ 00420ce8   LIBCMTD:vsprintf.obj
 0002:00000cf8       ??_C@_0L@HE@vsprintf?4c?$AA@ 00420cf8   LIBCMTD:vsprintf.obj
 0002:00000d04       ??_C@_0P@OOIN@string?5?$CB?$DN?5NULL?$AA@ 00420d04   LIBCMTD:vsprintf.obj
 0002:00000d6c       ??_C@_0L@ENLJ@tidtable?4c?$AA@ 00420d6c   LIBCMTD:tidtable.obj
 0002:00000da8       ??_C@_07PDLA@mlock?4c?$AA@ 00420da8   LIBCMTD:mlock.obj
 0002:00000db0       ??_C@_09NEAG@sprintf?4c?$AA@ 00420db0   LIBCMTD:snprintf.obj
 0002:00000dbc       ??_C@_08CNMA@winsig?4c?$AA@ 00420dbc   LIBCMTD:winsig.obj
 0002:00000dc8       ??_C@_0BD@NJFP@GetLastActivePopup?$AA@ 00420dc8   LIBCMTD:crtmbox.obj
 0002:00000ddc       ??_C@_0BA@GILI@GetActiveWindow?$AA@ 00420ddc   LIBCMTD:crtmbox.obj
 0002:00000dec       ??_C@_0M@PKCK@MessageBoxA?$AA@ 00420dec   LIBCMTD:crtmbox.obj
 0002:00000e00       ??_C@_0BK@JEGK@IsProcessorFeaturePresent?$AA@ 00420e00   LIBCMTD:testfdiv.obj
 0002:00000e1c       ??_C@_08OBID@KERNEL32?$AA@ 00420e1c   LIBCMTD:testfdiv.obj
 0002:00000e30       ??_C@_05OFLO@e?$CL000?$AA@ 00420e30   LIBCMTD:cvt.obj
 0002:00000e38       ??_C@_0DP@IHIN@?$CI?$CCinconsistent?5IOB?5fields?$CC?0?5stre@ 00420e38   LIBCMTD:_flsbuf.obj
 0002:00000e78       ??_C@_09LGEI@_flsbuf?4c?$AA@ 00420e78   LIBCMTD:_flsbuf.obj
 0002:00000e84       ??_C@_0M@KJPK@str?5?$CB?$DN?5NULL?$AA@ 00420e84   LIBCMTD:_flsbuf.obj
 0002:00000e90       ___lookuptable             00420e90   LIBCMTD:output.obj
 0002:00000eec       ??_C@_1O@POHA@?$AA?$CI?$AAn?$AAu?$AAl?$AAl?$AA?$CJ?$AA?$AA@ 00420eec   LIBCMTD:output.obj
 0002:00000efc       ??_C@_06ONKE@?$CInull?$CJ?$AA@ 00420efc   LIBCMTD:output.obj
 0002:00000f04       ??_C@_08MIHI@output?4c?$AA@ 00420f04   LIBCMTD:output.obj
 0002:00000f10       ??_C@_0P@PIHB@ch?5?$CB?$DN?5_T?$CI?8?20?8?$CJ?$AA@ 00420f10   LIBCMTD:output.obj
 0002:00000f20       ??_C@_09IGKD@stdenvp?4c?$AA@ 00420f20   LIBCMTD:stdenvp.obj
 0002:00000f2c       ??_C@_09MPMN@stdargv?4c?$AA@ 00420f2c   LIBCMTD:stdargv.obj
 0002:00000f38       ??_C@_08FFKK@aw_env?4c?$AA@ 00420f38   LIBCMTD:aw_env.obj
 0002:00000f44       ??_C@_08KFDJ@ioinit?4c?$AA@ 00420f44   LIBCMTD:ioinit.obj
 0002:00000f50       ??_C@_0P@GGKG@runtime?5error?5?$AA@ 00420f50   LIBCMTD:crt0msg.obj
 0002:00000f60       ??_C@_02PIMC@?$AN?6?$AA@   00420f60   LIBCMTD:crt0msg.obj
 0002:00000f64       ??_C@_0O@DELO@TLOSS?5error?$AN?6?$AA@ 00420f64   LIBCMTD:crt0msg.obj
 0002:00000f74       ??_C@_0N@OMLL@SING?5error?$AN?6?$AA@ 00420f74   LIBCMTD:crt0msg.obj
 0002:00000f84       ??_C@_0P@OJAK@DOMAIN?5error?$AN?6?$AA@ 00420f84   LIBCMTD:crt0msg.obj
 0002:00000f94       ??_C@_0CF@EANP@R6028?$AN?6?9?5unable?5to?5initialize?5he@ 00420f94   LIBCMTD:crt0msg.obj
 0002:00000fbc       ??_C@_0DF@ECGN@R6027?$AN?6?9?5not?5enough?5space?5for?5lo@ 00420fbc   LIBCMTD:crt0msg.obj
 0002:00000ff4       ??_C@_0DF@FKAC@R6026?$AN?6?9?5not?5enough?5space?5for?5st@ 00420ff4   LIBCMTD:crt0msg.obj
 0002:0000102c       ??_C@_0CG@DPMN@R6025?$AN?6?9?5pure?5virtual?5function?5c@ 0042102c   LIBCMTD:crt0msg.obj
 0002:00001054       ??_C@_0DF@CKIP@R6024?$AN?6?9?5not?5enough?5space?5for?5_o@ 00421054   LIBCMTD:crt0msg.obj
[...]
 0004:000004e8       __imp__SetLastError@4      004294e8   kernel32:KERNEL32.dll
 0004:000004ec       __imp__TlsGetValue@4       004294ec   kernel32:KERNEL32.dll
 0004:000004f0       __imp__TlsFree@4           004294f0   kernel32:KERNEL32.dll
 0004:000004f4       __imp__TlsAlloc@0          004294f4   kernel32:KERNEL32.dll
 0004:000004f8       __imp__TlsSetValue@8       004294f8   kernel32:KERNEL32.dll
 0004:000004fc       __imp__GetVersion@0        004294fc   kernel32:KERNEL32.dll
 0004:00000500       __imp__GetCommandLineA@0   00429500   kernel32:KERNEL32.dll
 0004:00000504       __imp__GetStartupInfoA@4   00429504   kernel32:KERNEL32.dll
 0004:00000508       __imp__HeapValidate@12     00429508   kernel32:KERNEL32.dll
 0004:0000050c       __imp__IsBadReadPtr@8      0042950c   kernel32:KERNEL32.dll
 0004:00000510       __imp__IsBadWritePtr@8     00429510   kernel32:KERNEL32.dll
 0004:00000514       __imp__LoadLibraryA@4      00429514   kernel32:KERNEL32.dll
 0004:00000518       __imp__RtlUnwind@16        00429518   kernel32:KERNEL32.dll
 0004:0000051c       __imp__GetProcAddress@8    0042951c   kernel32:KERNEL32.dll
 0004:00000520       __imp__WriteFile@20        00429520   kernel32:KERNEL32.dll
 0004:00000524       __imp__GetStdHandle@4      00429524   kernel32:KERNEL32.dll
 0004:00000528       \177KERNEL32_NULL_THUNK_DATA 00429528   kernel32:KERNEL32.dll
 0004:0000052c       __imp__LoadRegTypeLib@20   0042952c   oleaut32:OLEAUT32.dll
 0004:00000530       __imp__VariantCopy@8       00429530   oleaut32:OLEAUT32.dll
 0004:00000534       __imp__VariantChangeType@16 00429534   oleaut32:OLEAUT32.dll
 0004:00000538       __imp__VariantInit@4       00429538   oleaut32:OLEAUT32.dll
 0004:0000053c       __imp__SysStringLen@4      0042953c   oleaut32:OLEAUT32.dll
 0004:00000540       __imp__SysStringByteLen@4  00429540   oleaut32:OLEAUT32.dll
 0004:00000544       __imp__SysAllocStringByteLen@8 00429544   oleaut32:OLEAUT32.dll
 0004:00000548       __imp__SysAllocStringLen@8 00429548   oleaut32:OLEAUT32.dll
 0004:0000054c       __imp__SysFreeString@4     0042954c   oleaut32:OLEAUT32.dll
 0004:00000550       __imp__UnRegisterTypeLib@20 00429550   oleaut32:OLEAUT32.dll
 0004:00000554       __imp__VariantClear@4      00429554   oleaut32:OLEAUT32.dll
 0004:00000558       __imp__CreateErrorInfo@4   00429558   oleaut32:OLEAUT32.dll
 0004:0000055c       __imp__SysAllocString@4    0042955c   oleaut32:OLEAUT32.dll
 0004:00000560       __imp__SetErrorInfo@8      00429560   oleaut32:OLEAUT32.dll
 0004:00000564       __imp__LoadTypeLib@8       00429564   oleaut32:OLEAUT32.dll
 0004:00000568       __imp__RegisterTypeLib@12  00429568   oleaut32:OLEAUT32.dll
 0004:0000056c       \177OLEAUT32_NULL_THUNK_DATA 0042956c   oleaut32:OLEAUT32.dll
 0004:00000570       __imp_?variant2rtarray@@YAXUtagVARIANT@@PAUFIELD@@@Z 00429570   rtclient:RtClient.dll
 0004:00000574       __imp_?variant2rtfield@@YAXUtagVARIANT@@PAUFIELD@@@Z 00429574   rtclient:RtClient.dll
 0004:00000578       __imp_?rtarray2safearray@@YAXPAUFIELD@@PAPAUtagSAFEARRAY@@G@Z 00429578   rtclient:RtClient.dll
 0004:0000057c       __imp_?rtfield2byval@@YAXPAUFIELD@@PAUtagVARIANT@@G@Z 0042957c   rtclient:RtClient.dll
 0004:00000580       \177RtClient_NULL_THUNK_DATA 00429580   rtclient:RtClient.dll
 0004:00000584       __imp__MsgWaitForMultipleObjects@20 00429584   user32:USER32.dll
 0004:00000588       __imp__PeekMessageA@20     00429588   user32:USER32.dll
 0004:0000058c       __imp__TranslateMessage@4  0042958c   user32:USER32.dll
 0004:00000590       __imp__DispatchMessageA@4  00429590   user32:USER32.dll
 0004:00000594       __imp__LoadStringA@16      00429594   user32:USER32.dll
 0004:00000598       __imp__MessageBoxA@16      00429598   user32:USER32.dll
 0004:0000059c       __imp__CharNextA@4         0042959c   user32:USER32.dll
 0004:000005a0       __imp__PostThreadMessageA@16 004295a0   user32:USER32.dll
 0004:000005a4       \177USER32_NULL_THUNK_DATA 004295a4   user32:USER32.dll
 0004:000005a8       __imp__CoUninitialize@0    004295a8   ole32:ole32.dll
 0004:000005ac       __imp__OleSaveToStream@8   004295ac   ole32:ole32.dll
 0004:000005b0       __imp__CoTaskMemFree@4     004295b0   ole32:ole32.dll
 0004:000005b4       __imp__OleLoadFromStream@12 004295b4   ole32:ole32.dll
 0004:000005b8       __imp__CoRevokeClassObject@4 004295b8   ole32:ole32.dll
 0004:000005bc       __imp__CoCreateInstance@20 004295bc   ole32:ole32.dll
 0004:000005c0       __imp__StringFromCLSID@8   004295c0   ole32:ole32.dll
 0004:000005c4       __imp__CoReleaseMarshalData@4 004295c4   ole32:ole32.dll
 0004:000005c8       __imp__CoMarshalInterface@24 004295c8   ole32:ole32.dll
 0004:000005cc       __imp__CreateStreamOnHGlobal@12 004295cc   ole32:ole32.dll
 0004:000005d0       __imp__CoUnmarshalInterface@12 004295d0   ole32:ole32.dll
 0004:000005d4       __imp__ProgIDFromCLSID@8   004295d4   ole32:ole32.dll
 0004:000005d8       __imp__CoRegisterClassObject@20 004295d8   ole32:ole32.dll
 0004:000005dc       __imp__WriteClassStm@8     004295dc   ole32:ole32.dll
 0004:000005e0       __imp__CoInitialize@4      004295e0   ole32:ole32.dll
 0004:000005e4       \177ole32_NULL_THUNK_DATA  004295e4   ole32:ole32.dll
 0004:000005e8       __imp__ddapplindex         004295e8   rt:rt.dll
 0004:000005ec       __imp__MosaicOA            004295ec   rt:rt.dll
 0004:000005f0       __imp__separate_names      004295f0   rt:rt.dll
 0004:000005f4       __imp__RTddh               004295f4   rt:rt.dll
 0004:000005f8       __imp__add_field_rec       004295f8   rt:rt.dll
 0004:000005fc       __imp__ddindex             004295fc   rt:rt.dll
 0004:00000600       __imp__ddget               00429600   rt:rt.dll
 0004:00000604       __imp__async_pcl           00429604   rt:rt.dll
 0004:00000608       __imp__field2int           00429608   rt:rt.dll
 0004:0000060c       \177rt_NULL_THUNK_DATA     0042960c   rt:rt.dll

 entry point at        0001:0000c690

 Static symbols

 0001:00004152       ?AtlRegisterProgID@ATL@@YGJPBD00@Z 00405152 f StdAfx.obj
 0001:00008019       ?AtlGetDirLen@ATL@@YGIPBG@Z 00409019 f StdAfx.obj
 0001:00000c5d       _$E4                       00401c5d f RtServer.obj
 0001:00000c67       _$E3                       00401c67 f RtServer.obj
 0001:00000e35       ?ParseOption@@YAHPADPBD@Z  00401e35 f RtServer.obj
 0001:0001e910       _$$$00001                  0041f910 f LIBCMTD:strchr.obj
 0001:0001e6b0       _findenv                   0041f6b0 f LIBCMTD:setenv.obj
 0001:0001e730       _copy_environ              0041f730 f LIBCMTD:setenv.obj
 0001:0001df60       _wcsncnt                   0041ef60 f LIBCMTD:aw_cmp.obj
 0001:0001e380       _strncnt                   0041f380 f LIBCMTD:aw_cmp.obj
 0001:0001da60       _wcsncnt                   0041ea60 f LIBCMTD:wcstombs.obj
 0001:0001cc10       __tzset_lk                 0041dc10 f LIBCMTD:tzset.obj
 0001:0001cfa0       __isindst_lk               0041dfa0 f LIBCMTD:tzset.obj
 0001:0001d2a0       _cvtdate                   0041e2a0 f LIBCMTD:tzset.obj
 0001:0001bea0       _wcstoxl                   0041cea0 f LIBCMTD:wcstol.obj
 0001:0001acb0       __expandtime               0041bcb0 f LIBCMTD:strftime.obj
 0001:0001b2e0       __store_str                0041c2e0 f LIBCMTD:strftime.obj
 0001:0001b330       __store_num                0041c330 f LIBCMTD:strftime.obj
 0001:0001b3e0       __store_number             0041c3e0 f LIBCMTD:strftime.obj
 0001:0001b490       __store_winword            0041c490 f LIBCMTD:strftime.obj
 0001:00018630       _wcsncnt                   00419630 f LIBCMTD:aw_map.obj
 0001:00018950       _strncnt                   00419950 f LIBCMTD:aw_map.obj
 0001:000180a0       _trans_lang_lang           004190a0 f LIBCMTD:getqloc.obj
 0001:00018130       _trans_ctry_ctry           00419130 f LIBCMTD:getqloc.obj
 0001:000181c0       _trans_ctry_lang           004191c0 f LIBCMTD:getqloc.obj
 0001:00018240       _testSpecialCtry           00419240 f LIBCMTD:getqloc.obj
 0001:00018270       _match_ctry_lang           00419270 f LIBCMTD:getqloc.obj
 0001:00017540       __get_lc_lconv             00418540 f LIBCMTD:initmon.obj
 0001:00017750       _fix_grouping              00418750 f LIBCMTD:initmon.obj
 0001:000177d0       __free_lc_lconv            004187d0 f LIBCMTD:initmon.obj
 0001:00017390       _fix_grouping              00418390 f LIBCMTD:initnum.obj
 0001:00016680       __get_lc_time              00417680 f LIBCMTD:inittime.obj
 0001:00016c10       __free_lc_time             00417c10 f LIBCMTD:inittime.obj
 0001:00016f20       _storeTimeFmt              00417f20 f LIBCMTD:inittime.obj
 0001:00016460       _flsall                    00417460 f LIBCMTD:fflush.obj
 0001:00014980       __abstract_cw              00415980 f LIBCMTD:ieee87.obj
 0001:00014b00       __hw_cw                    00415b00 f LIBCMTD:ieee87.obj
 0001:00014c60       __abstract_sw              00415c60 f LIBCMTD:ieee87.obj
 0001:00014040       __setlocale_set_cat        00415040 f LIBCMTD:setlocal.obj
 0001:000141d0       __setlocale_get_all        004151d0 f LIBCMTD:setlocal.obj
 0001:00012730       _parse_cmdline             00413730 f LIBCMTD:stdargv.obj
 0001:000124b0       _x_ismbbtype               004134b0 f LIBCMTD:ismbbyte.obj
 0001:000122d0       _xcptlookup                004132d0 f LIBCMTD:winxfltr.obj
 0001:00011fa0       _write_char                00412fa0 f LIBCMTD:output.obj
 0001:00012020       _write_multi_char          00413020 f LIBCMTD:output.obj
 0001:00012060       _write_string              00413060 f LIBCMTD:output.obj
 0001:000120b0       _get_int_arg               004130b0 f LIBCMTD:output.obj
 0001:000120d0       _get_int64_arg             004130d0 f LIBCMTD:output.obj
 0001:000120f0       _get_short_arg             004130f0 f LIBCMTD:output.obj
 0001:0000f450       __cftoe2                   00410450 f LIBCMTD:cvt.obj
 0001:0000f640       __cftof2                   00410640 f LIBCMTD:cvt.obj
 0001:0000f8e0       __shift                    004108e0 f LIBCMTD:cvt.obj
 0001:0000ee70       _getSystemCP               0040fe70 f LIBCMTD:mbctype.obj
 0001:0000eed0       _CPtoLCID                  0040fed0 f LIBCMTD:mbctype.obj
 0001:0000ef50       _setSBCS                   0040ff50 f LIBCMTD:mbctype.obj
 0001:0000e620       _ctrlevent_capture@4       0040f620 f LIBCMTD:winsig.obj
 0001:0000e910       _siglookup                 0040f910 f LIBCMTD:winsig.obj
 0001:0000e2b0       _doexit                    0040f2b0 f LIBCMTD:crt0dat.obj
 0001:0000e3c0       __initterm                 0040f3c0 f LIBCMTD:crt0dat.obj
 0001:0000dc80       _xtoa                      0040ec80 f LIBCMTD:xtoa.obj
 0001:0000de00       _x64toa@20                 0040ee00 f LIBCMTD:xtoa.obj
 0001:0000c9f0       ?FindHandler@@YAXPAUEHExceptionRecord@@PAUEHRegistrationNode@@PAU_CONTEXT@@PAXPBU_s_FuncInfo@@EH1@Z 0040d9f0 f LIBCMTD:frame.obj
 0001:0000cc90       ?FindHandlerForForeignException@@YAXPAUEHExceptionRecord@@PAUEHRegistrationNode@@PAU_CONTEXT@@PAXPBU_s_FuncInfo@@HH1@Z 0040dc90 f LIBCMTD:frame.obj
 0001:0000cdb0       ?TypeMatch@@YAHPBU_s_HandlerType@@PBU_s_CatchableType@@PBU_s_ThrowInfo@@@Z 0040ddb0 f LIBCMTD:frame.obj
 0001:0000cf70       ?FrameUnwindFilter@@YAHPAU_EXCEPTION_POINTERS@@@Z 0040df70 f LIBCMTD:frame.obj
 0001:0000cfa0       ?CatchIt@@YAXPAUEHExceptionRecord@@PAUEHRegistrationNode@@PAU_CONTEXT@@PAXPBU_s_FuncInfo@@PBU_s_HandlerType@@PBU_s_CatchableType@@PBU_s_TryBlockMapEntry@@H1@Z 0040dfa0 f LIBCMTD:frame.obj
 0001:0000d060       ?CallCatchBlock@@YAPAXPAUEHExceptionRecord@@PAUEHRegistrationNode@@PAU_CONTEXT@@PBU_s_FuncInfo@@PAXHK@Z 0040e060 f LIBCMTD:frame.obj
 0001:0000d1b0       ?ExFilterRethrow@@YAHPAU_EXCEPTION_POINTERS@@@Z 0040e1b0 f LIBCMTD:frame.obj
 0001:0000d200       ?BuildCatchObject@@YAXPAUEHExceptionRecord@@PAUEHRegistrationNode@@PBU_s_HandlerType@@PBU_s_CatchableType@@@Z 0040e200 f LIBCMTD:frame.obj
 0001:0000d520       ?AdjustPointer@@YAPAXPAXABUPMD@@@Z 0040e520 f LIBCMTD:frame.obj
 0001:0000aa90       _realloc_help              0040ba90 f LIBCMTD:dbgheap.obj
 0001:0000b6d0       _CheckBytes                0040c6d0 f LIBCMTD:dbgheap.obj
 0001:0000c2c0       __printMemBlockData        0040d2c0 f LIBCMTD:dbgheap.obj
 0001:00009750       _CrtMessageWindow          0040a750 f LIBCMTD:dbgrpt.obj
 0001:000090b0       __unwind_handler           0040a0b0 f LIBCMTD:exsup.obj
 0001:00008e60       ?CatchGuardHandler@@YA?AW4_EXCEPTION_DISPOSITION@@PAUEHExceptionRecord@@PAUCatchGuardRN@@PAX2@Z 00409e60 f LIBCMTD:trnsctrl.obj
 0001:00008f70       ?TranslatorGuardHandler@@YA?AW4_EXCEPTION_DISPOSITION@@PAUEHExceptionRecord@@PAUTranslatorGuardRN@@PAX2@Z 00409f70 f LIBCMTD:trnsctrl.obj
 0001:00008c50       _$$$00001                  00409c50 f LIBCMTD:chkstk.obj

FIXUPS: aa06 19 19 a fffff7d3 55 1f a fffffe11 fffffca4 60 33 63 4f 9e
FIXUPS: 9fbe 19 52 47 fffffc2a ffffffec 17c6 a fffff973 f 2cc 39 13 fffff2d9
FIXUPS: a4d4 2a 18 38 16 2b 14 2e 18 18 7a 63 34 47 1e d 2f 15 11 1d 21
FIXUPS: a82b 26 19d 22cd 5a 11 5c 1b ec 33 49 10e 1a a1 20 31 28 4f 3a
FIXUPS: d201 18 45 18 f 1a 88 69 2a 34 39 16 7c 2a 28 ffffdf3c 10bc 62
FIXUPS: c5b6 1f 45 c 5a 1f 93 57 8 51 2b 28 28 28 16 94 2b 32 2b 39 20
FIXUPS: ca59 33 22 67 47 80 1f 5e 15 fffff369 1e d 18 20 1c 10 a 24 1c
FIXUPS: c100 1d 1f 62 34 3b 2b 3b 45 2b c 41 6b 56 36 c 2b 1c 2c 1c 16
FIXUPS: c4e4 fffff2d5 54 21 128 1e 1b 33 2f 51 15 1e d 35 21 1b 1c 6b 28
FIXUPS: bbd4 4f 18 1f 5b 66 25 25 b3 19 59 5f 54 85 175e b f 5 10 1e 8
FIXUPS: d77a 5 42 aa c 23 10 33 9 fffffcd0 2a 45 4a ffffdf45 26 28 15 18
FIXUPS: b63c 1d 25 2f 1c 69 28 29c9 24 b 37 a e5 12 24 f 1f 12 1e 26 f
FIXUPS: e35d 12 21 d a 13 16 13 28 14 15 14 7 17 7b 20 fffff20c b 35e 11
FIXUPS: da9c 31 51 ba 38 27 36 a 20 27 25 b0 65 ce 36 12 38 4c 31 16 f
FIXUPS: dfff 37 19 4e b b b 2d 18 a7e 44 2c fffffc8d 12 2f 25 b 8 74 fffffc5a
FIXUPS: e5ef 2e 37 81 2a 21 62 1a 1a 1a 1a 1a e fffffd7d 22 fffff36a 32
FIXUPS: d9d9 41 41 10 182f 1b 77 12 13 19 b 31 10 fffffd60 2a 44 4b fffffd5d
FIXUPS: ef56 44 4b fffffc69 18 11b 21 4b 4a 17 a8 fffffb3a 60 13 a 34 a
FIXUPS: eb55 12de 15 7 e 179 fffff451 43 9 82 24 27 2a 17 58 50 44 1d 16
FIXUPS: f764 13 28 16 1d a 99 ff 10 fffff889 12 1d 20 1e 1212 61 102 27
FIXUPS: 1062c 98 35 68 12 40 33 48 3c 36 1c 1a 18 17 fffff8a5 ffffff54
FIXUPS: 10071 25 a 31 fffffa88 c 18 15 7 10a 45 ff da1 43 14 37 1b 40 14
FIXUPS: 10cde 14 a c 39 fffffd8f 14 36 14 f fffffe51 48 29 3e f d fffffebe
FIXUPS: 10932 fffff89c 28 19f 20 3a 2f 1a 1bd8 108 10 3e 54 4d 28 fffffd98
FIXUPS: 11e5c 2a 45 4b fffff19b 236 11a 9e a3 102 119 fffff738 ffffff59
FIXUPS: 10df6 12 27 b 2a ffffff0d 14 1d a c fffffdb9 25a6 13 fffff23c 34
FIXUPS: 123be cb 67 133 18 21 34 30 a8 e2 142 ba 31 1e 2a 1b 116 25 122
FIXUPS: 12d55 30 75 32 22 26 177 55 53 c52 2f 69 1a 16 12a 4a 94 2b fffff6d8
FIXUPS: 136d3 13 22 fffffe50 28 1f 29 26 17 12 1c fffffd09 20 20 23 20
FIXUPS: 133df 20 1d 20 20 2d 1555 a6 10 fffffe92 a a fffffe40 1b fffffd3f
FIXUPS: 144f0 77 6e 57 15 17 1d 14 13 14 1a 19 fffffd4c d 11 2f 25 fffffb77
FIXUPS: 1402b e8 29a fffff882 2e 1603 25 2a 9b 19 1b 26 2e 1b 14 19 19
FIXUPS: 15444 67 27 40 2a 45 2e 33 4a 25 2b fffff519 31 21 1f d 21 10 fffffd4d
FIXUPS: 149c6 d52 6d a5 fffff445 43 8c 48 51 19 2f 2d 39 21 5a 38 47 17
FIXUPS: 14fc7 11 1a 22 10 43 26 c 47 1b 40 3e 31 4e 4e c7a 14 270 19 1c
FIXUPS: 1618c 2a 3a 10 13 16 26 1e 41 93 20 68 82 10 30 10 30 10 fffff3a6
FIXUPS: 158a2 21 24 2a 19 c fffffdb3 1c 15d8 14 14 f 6d 1a2 b 10 3e b fffffbfb
FIXUPS: 16b8d 14 14 f 27 11 4c fffffc89 5d 98 e e 103 59 fffffc98 fffffe19
FIXUPS: 16617 29 ffffff8c fffff828 41 20dd 36 1c 1c 2c 11b fffff236 e c
FIXUPS: 17326 22 28 78 6e 21 68 33 40 25 f fffffc9a 5c 41 1f fffffe0c 21
FIXUPS: 1711c 50 5e fffffe04 37 fffffccd fff 11 11 11 11 11 11 11 11 11
FIXUPS: 17d7b 11 11 11 11 11 11 11 11 11 11 11 14 14 14 14 14 14 14 14
FIXUPS: 17eea 14 fffffa4c 1f 1f 1f 1f 1f 1f 1f 1f 1f 1f 22 22 22 22 22
FIXUPS: 17b4c 22 22 22 22 18 3c 11 11 11 11 11 10 11 11 11 629 16 3b fffff288
FIXUPS: 175e1 10 e 1e 11 25 11 5e 1f 1f 1f 1f 1f 1c 1f 1f 1f 1f 1f 1f 1f
FIXUPS: 17871 1f 1f 1f 1f 1f 1f cde 17 1f 1f 1f 1f 1f 1f 1f 1f 1f bd 11
FIXUPS: 18816 11 11 11 11 fffff8b9 1d 1d 17 16 11 11 46 13 14 5b 11 10
FIXUPS: 182b9 eb2 6c fffff6d6 1f 19 19 19 106 65 a6 22 17 e 15 e e e 2b
FIXUPS: 18bea fffff845 1f 10 e 4c 11 4f 11 4d 1f 1f 1f 1f 15e6 c 27 6c
FIXUPS: 193f5 a0 7c 78 62 e 13 e eb 9b c9 a3 e 13 e fffff3fb 41 52 1d 22
FIXUPS: 18e92 92 6a 1b 89 2c 29 54 210a 18 31 3d 2f fffff6c8 43 33 24 bd
FIXUPS: 1aae6 9b 32 43 c 10 c fffff34c 14d eb 1c8 8c 152 6d 248 13 fffff1e7
FIXUPS: 19a18 35 35 13a c 2ac5 110 ffffece5 17 2e 2d a 16 fffffe11 31 c
FIXUPS: 1b371 4c 27 f f 27 fffff938 82 2f 83 7d 11 b8 b d6 b 65 b 66 2f
FIXUPS: 1b1da 93c 54 84 8d 7e 23 23 23 3a 51 24 51 2a 28 45 2d 2d 28 28
FIXUPS: 1bfbf 29 41 84 3a 24 31 36 50 a 21 164 31c fffff05d 51 9 2e 9 6e
FIXUPS: 1b7de 37 15 1e 14 1c 1c 1c 1b 36 3a 9 2e 9 48 9 2e 9 2e 9 2c 9
FIXUPS: 1ba9b 9 2c 9 13b9 3c 136 27 11 d8 7e fffffaa7 88 13 ea 96 13 fffffab5
FIXUPS: 1c94f 2c 32 20 2e 14 1b 43 6f ffffea8d 15 1b 50 9 2e 9 71 15 29e4
FIXUPS: 1e0f9 53 25 23 fffff999 3a fffffeab b 14 c f 1e 1b c 10 29 2d fffffc27
FIXUPS: 1d78e 4f 1e9 fffffa9b 24 a 23 fffffd08 85 69 33 8c 34 1182 14 8e
FIXUPS: 1e5eb fffff5d4 11 14 12 8 7 1b 2b 17 af 16 3e e 15 18 c 18 17 a
FIXUPS: 1ddfa 3b 5b 52 6c 29 c d b0 f05 f3 19 fc 140 72 5c e fffff8f7 43
FIXUPS: 1ebee fffffee9 c d 2e 29 19 2c fffffb8c 24 13 62 3e 6b 60 64 54
FIXUPS: 1e9fe 3b fffffc31 34 fffffe62 fffe2be1 1e755 f 58 28 29 fffffaf6
FIXUPS: 1f429 29 3a 40 3e 33 4b 59 5a c 19 42 3c a7 19 28 c 21 fffff542
FIXUPS: 1ed4e e4 81 63 e 13 fffe286e 1c 1c 2c 21 1c 50 19 15 1f 22 1e22f
FIXUPS: 1fb40 b 8 28 b fffe1da5 a 18 48 28 41 1d 20 40 20 b 28 fffff5a2
FIXUPS: 1085 48 12d b 35 17 50 14 14 62 24 f 7a 1c 8a 14 17 42 14 22 53
FIXUPS: 1588 17 1f 3e 2a 22 1c 60 14 1a 2a 23 1b 1e51d b fffe2d5c b 22
FIXUPS: 2a2b 20 25 16 10 10 10 10 10 c1 28 40 45 1c 24 18 55 30 24 d1 2a
FIXUPS: 2e4a 6c 18 1e ffffe2c0 3c 141e 18 1f 25 2a 24 30 1b 3f 20 28 19
FIXUPS: 27ae 4f f 1d428 b fffe2bec b 3f 16 13 59 a f 1d344 b fffe2cdc 13
FIXUPS: 299a a 12 fffff8ad 1d952 c fffe2709 24 1f 34 b 8 e 3e 1d835 c fffe280f
FIXUPS: 2414 1d7e0 b fffe284b 23 25 2d 21 a 46 b f 1a 1d6b3 b fffe297c
FIXUPS: 25a9 21 fffff7c0 2d 1f 21 29 58 2f 63 24 1f 31 b b e 3e 1dbb5 c
FIXUPS: 2033 2b 16 27 2f 23 25 2d 4b 24 1f 34 b b e 1db79 b fffe93e2 db
FIXUPS: 92eb 4b c0 b0 50 a0 50 a0 50 b0 c8 88 50 3a 2b ffff822b b 3c 56
FIXUPS: 1c61 36 22 23 15 1e 25 13 1e 71fe 48 f 82 30 16c28 9 9 b 8 b b
FIXUPS: 1fcda 8 b 8 b 8 b 8 b b b 8 9 b 8 9 b b c b fffe89dd 40 30 55 35
FIXUPS: 88a1 40 30 4e 64 1e 19 a 73 1d 1a 47 24 7e 1d 47 39 3a 34 33 49
FIXUPS: 8d58 64 1d 58 20 f2 ffffefd8 24 f a2 51 5f 20 2e 12 1a 13 44 33
FIXUPS: 81cb 34 23 11 26 18 39 43 ba 3d 3e 41 3d 36 41 40 4a ca 40 ffffeed3
FIXUPS: 758a 1c 63 79 4d 47 15 8c 7d a1 b7 49 2d 54 30 31 5e 32 28b f c
FIXUPS: 7e0f d 28 24 f 36 f c 22 d ffffec9d e9 1f 45 1b 42 16 32 53 10c
FIXUPS: 6ff1 30 2c 16 a7 5c 14 c 148 52 23 57 40 15 1f c 24 52 23 43 15
FIXUPS: 7534 ffffeda0 1b 3a 49 45 c8 25 a2 90 47 2d 89 2c 2d 85 3a 20 51
FIXUPS: 68a3 2d 89 2c 2d 85 37 20 16 12 61 3a 1d 16 ffffefe4 22 14 72 2d
FIXUPS: 5c7d d 21 1e 27 f 2a 21 1e 42 77 2c 30 33 88 1b 3e 7c 1b 49 77
FIXUPS: 6114 30 33 88 1b 3e fffff324 45 67 57 17 24 19 18 55 17 26 19 18
FIXUPS: 57ee 5a 2f 6d 24 2d 55 2d 22 f 18 77 18 18 18 18 2c 21 22 fffff434
FIXUPS: 4fa9 c 27 16 16 32 40 5d 12 88 25 17 13 16 3e 3d 14 25 25 3b 14
FIXUPS: 5319 9 10 20 77 5d 41 3f 21 82 fffff04c 22 18 11f 2d ff 25 5c f5
FIXUPS: 4a25 34 1f 1e 44 c 19 c 4b 20 27 16 39 38 76 16 14e 17 b9 20 23
FIXUPS: 4f34 25 ffffed75 3c 32 44 196 78 73 18 48 65 21 45 a2 18 35 10
FIXUPS: 423b 19 29 56 f 3e f 11 11 c f f 98 13c 13 1e ffffefc6 1e 2a 26
FIXUPS: 35e7 4a 2a 1c 6a 14 12 10 47 14 5c 14 6c 14 48 2f b1 a3 51 5a 36
FIXUPS: 3b22 5c 40 36 36 38 36 fffff285 2a 5a 2a 69 1e 15 18 18 33 42 1e
FIXUPS: 3142 a9 1e 18 b9 1e 15 18 18 33 39 2e 28 44 14 31 14 22 30 44
