 rt

 Timestamp is 363f6bdb (Tue Nov 03 12:47:23 1998)

 Preferred load address is 11000000

 Start         Length     Name                   Class
 0001:00000000 000e572aH .text                   CODE
 0002:00000000 00000b61H .rdata                  DATA
 0002:00000b70 00003095H .edata                  DATA
 0003:00000000 00000004H .CRT$XCA                DATA
 0003:00000004 00000004H .CRT$XCZ                DATA
 0003:00000008 00000004H .CRT$XIA                DATA
 0003:0000000c 00000004H .CRT$XIZ                DATA
 0003:00000010 00017687H .data                   DATA
 0003:00017698 00028ea4H .bss                    DATA
 0004:00000000 000000c8H .idata$2                DATA
 0004:000000c8 00000014H .idata$3                DATA
 0004:000000dc 000006fcH .idata$4                DATA
 0004:000007d8 000006fcH .idata$5                DATA
 0004:00000ed4 00001850H .idata$6                DATA
 0005:00000000 00000058H .rsrc$01                DATA
 0005:00000060 00000398H .rsrc$02                DATA

  Address         Publics by Value              Rva+Base   Lib:Object

 0001:00000000       _cal                       11001000 f cal.obj
 0001:00000020       _cal_opt                   11001020 f cal.obj
 0001:000015e8       _cal_reverse               110025e8 f cal.obj
 0001:00001690       _calculator                11002690 f calc.obj
 0001:00004100       _combobox_msg@16           11005100 f control.obj
 0001:000044fa       _redrawn_by_Windows        110054fa f control.obj
 0001:00004523       _subedit_msg@16            11005523 f control.obj
 0001:000045f0       _datacollect               110055f0 f datacoll.obj
 0001:0000630e       _fld_boxtype               1100730e f datacoll.obj
 0001:0000646a       _drawfldbox                1100746a f datacoll.obj
 0001:00006547       _drawfield                 11007547 f datacoll.obj
 0001:00006715       _display_rect              11007715 f datacoll.obj
 0001:00006774       _makefieldtext             11007774 f datacoll.obj
 0001:00006bc6       _setfont                   11007bc6 f datacoll.obj
 0001:00006bff       _dovalidation              11007bff f datacoll.obj
 0001:00006eb6       _doduringentry             11007eb6 f datacoll.obj
 0001:00006ff9       _do_vals                   11007ff9 f datacoll.obj
 0001:000073ee       _copy_pick                 110083ee f datacoll.obj
 0001:000079d7       _dc_set_te_text            110089d7 f datacoll.obj
 0001:00007c0d       _dc_do_editted_te          11008c0d f datacoll.obj
 0001:00009d84       _field_focus               1100ad84 f datacoll.obj
 0001:0000a3b2       _fp_from_dlp               1100b3b2 f datacoll.obj
 0001:0000a3eb       _copy_from_combobox        1100b3eb f datacoll.obj
 0001:0000a650       _dump_field                1100b650 f debug.obj
 0001:0000a91e       _makeobj                   1100b91e f debug.obj
 0001:0000a94f       _debug_dl                  1100b94f f debug.obj
 0001:0000ad01       _dumpscreenlist            1100bd01 f debug.obj
 0001:0000aecb       _dumptran                  1100becb f debug.obj
 0001:0000b07c       _dump_fld_stacks           1100c07c f debug.obj
 0001:0000b225       _dump_navlist              1100c225 f debug.obj
 0001:0000b2f4       _dump_gl                   1100c2f4 f debug.obj
 0001:0000b3b3       _dump_timers               1100c3b3 f debug.obj
 0001:0000b49a       _show_menuname             1100c49a f debug.obj
 0001:0000b4d7       _show_funkeydefs           1100c4d7 f debug.obj
 0001:0000b5ab       _print_fkeydef             1100c5ab f debug.obj
 0001:0000b691       _get_object_name           1100c691 f debug.obj
 0001:0000b7e7       _dump_flags                1100c7e7 f debug.obj
 0001:0000b965       _df_ind                    1100c965 f debug.obj
 0001:0000ba33       _debug_somelist            1100ca33 f debug.obj
 0001:0000ba58       _df_dumparea               1100ca58 f debug.obj
 0001:0000bbb1       _dump_misc_info            1100cbb1 f debug.obj
 0001:0000be4f       _dump_field_test           1100ce4f f debug.obj
 0001:0000c740       _dump_fldlist              1100d740 f debug.obj
 0001:0000c7b3       _dc_getname                1100d7b3 f debug.obj
 0001:0000c840       _demo_mode                 1100d840 f demo.obj
 0001:0000ca80       _rterrmsg                  1100da80 f errorbox.obj
 0001:0000d479       _rterrorbox                1100e479 f errorbox.obj
 0001:0000d553       _unshow_err                1100e553 f errorbox.obj
 0001:0000d641       _unshow_fyi                1100e641 f errorbox.obj
 0001:0000d72f       _unshow_efmsg              1100e72f f errorbox.obj
 0001:0000d8df       _rterrmsg_via_list         1100e8df f errorbox.obj
 0001:0000dd6b       _msgbox                    1100ed6b f errorbox.obj
 0001:0000de38       _ofb_msgbox                1100ee38 f errorbox.obj
 0001:0000de60       _rtAllocCDSEnv             1100ee60 f execcds.obj
 0001:0000dea8       _exec_cds                  1100eea8 f execcds.obj
 0001:000121a4       _transform_cdserror        110131a4 f execcds.obj
 0001:000122f1       _cdsretry                  110132f1 f execcds.obj
 0001:000124bf       _catastrophe               110134bf f execcds.obj
 0001:00013570       _exec_comm                 11014570 f execcomm.obj
 0001:000148b5       _comm_get_pcl_ptr          110158b5 f execcomm.obj
 0001:00014b00       _exec_crt                  11015b00 f execcrt.obj
 0001:00015650       _exec_dde                  11016650 f execdde.obj
 0001:00016acf       _DdeCallback@32            11017acf f execdde.obj
 0001:00017493       _ProcessDDEInit@4          11018493 f execdde.obj
 0001:000174cd       _ProcessDDEConnect@12      110184cd f execdde.obj
 0001:000176db       _ProcessDDEAdvise@16       110186db f execdde.obj
 0001:000177b7       _ProcessDDEServer@8        110187b7 f execdde.obj
 0001:00017999       _ProcessDDEConfig@8        11018999 f execdde.obj
 0001:00017b66       _ProcessDDESendData@20     11018b66 f execdde.obj
 0001:00017cd9       _ProcessDDERequest@16      11018cd9 f execdde.obj
 0001:00017e8c       _ProcessDDEPoke@20         11018e8c f execdde.obj
 0001:00017f19       _ProcessDDEExecute@16      11018f19 f execdde.obj
 0001:00017f88       _ProcessDDEDisconnect@4    11018f88 f execdde.obj
 0001:00017fa4       _ProcessDDEAbandonTrans@8  11018fa4 f execdde.obj
 0001:00017fbf       _ProcessDDEConversation@8  11018fbf f execdde.obj
 0001:00017fda       _ProcessDDEUninit@0        11018fda f execdde.obj
 0001:0001802d       _ProcessDDEQueryNextServ@8 1101902d f execdde.obj
 0001:00018069       _IsServiceSupported        11019069 f execdde.obj
 0001:000180be       _IsTopicSupported          110190be f execdde.obj
 0001:000182a4       _GetServiceTopicNames      110192a4 f execdde.obj
 0001:00018359       _FillPCLClientCallBackParams 11019359 f execdde.obj
 0001:000183c2       _FillPCLServerCallBackParams 110193c2 f execdde.obj
 0001:00018416       _mre_nofunc                11019416 f execdde.obj
 0001:00018443       _mre_nofld                 11019443 f execdde.obj
 0001:00018457       _mre_nohconv               11019457 f execdde.obj
 0001:00018470       _exec_declare              11019470 f execdll.obj
 0001:00018687       _exec_dll                  11019687 f execdll.obj
 0001:0001950b       _DLL_FreeLibs              1101a50b f execdll.obj
 0001:000195d0       _exec_draw                 1101a5d0 f execdraw.obj
 0001:0001d210       _exec_print                1101e210 f execprt.obj
 0001:00020de6       _print_package             11021de6 f execprt.obj
 0001:00021700       _printer_open              11022700 f execprt.obj
 0001:00022274       _printabort@8              11023274 f execprt.obj
 0001:00022f83       _GetSizeFromWidthHeight    11023f83 f execprt.obj
 0001:0002303f       _GetWidthHeightFromSize    1102403f f execprt.obj
 0001:0002309b       _printer_close             1102409b f execprt.obj
 0001:00024526       _printformatting           11025526 f execprt.obj
 0001:00024923       _addprtbuff                11025923 f execprt.obj
 0001:00024a65       _rt_nop_verb_msg           11025a65 f execprt.obj
 0001:000253d9       _PAIparse                  110263d9 f execprt.obj
 0001:00025c7f       _SelectPrintFont           11026c7f f execprt.obj
 0001:0002681c       _GetPrintDC                1102781c f execprt.obj
 0001:00026826       _PrtDrawIcon               11027826 f execprt.obj
 0001:00026d09       _PrtGetBitmapSize          11027d09 f execprt.obj
 0001:00026d2d       _PrtDrawBitmap             11027d2d f execprt.obj
 0001:000272d1       _logrtwaitchks             110282d1 f execprt.obj
 0001:00027771       _printdebug                11028771 f execprt.obj
 0001:000278a4       _LogFile                   110288a4 f execprt.obj
 0001:00027950       _dobinop                   11028950 f expr.obj
 0001:000286e9       _exprabort                 110296e9 f expr.obj
 0001:00028724       _determinetype             11029724 f expr.obj
 0001:000289ab       _douniop                   110299ab f expr.obj
 0001:00028ce6       _mystrcmp                  11029ce6 f expr.obj
 0001:00028e28       _opstring                  11029e28 f expr.obj
 0001:00028f90       _undup_fld_list            11029f90 f fldsubs.obj
 0001:00028f9a       _sav_fld_list              11029f9a f fldsubs.obj
 0001:00028fe5       _sav_fld_storage           11029fe5 f fldsubs.obj
 0001:00029047       _clr_fld_list              1102a047 f fldsubs.obj
 0001:00029110       _clr_fld_dlist             1102a110 f fldsubs.obj
 0001:00029225       _clr_fld_explicit          1102a225 f fldsubs.obj
 0001:0002927a       _dup_fld_list              1102a27a f fldsubs.obj
 0001:000292ec       _dup_fld_explicit          1102a2ec f fldsubs.obj
 0001:00029309       _dup_fld_storage           1102a309 f fldsubs.obj
 0001:0002937d       _add_field_rec             1102a37d f fldsubs.obj
 0001:00029480       _help                      1102a480 f help.obj
 0001:00029730       _do_init_statement         1102a730 f initstmt.obj
 0001:0002ae2d       _rt_output_timers          1102be2d f initstmt.obj
 0001:0002af10       _rt_stop_timer             1102bf10 f initstmt.obj
 0001:0002afde       _rt_start_timer            1102bfde f initstmt.obj
 0001:0002aff3       _dump_init_settings        1102bff3 f initstmt.obj
 0001:0002b8f0       _initwinsock               1102c8f0 f io.obj
 0001:0002b940       _spy_on                    1102c940 f io.obj
 0001:0002bcc4       _SpyReadLen                1102ccc4 f io.obj
 0001:0002be3d       _SpyReadDib                1102ce3d f io.obj
 0001:0002c03a       _spy_off                   1102d03a f io.obj
 0001:0002c14f       _rtserverlisten            1102d14f f io.obj
 0001:0002c23c       _killspyserver             1102d23c f io.obj
 0001:0002c288       _spylistendone             1102d288 f io.obj
 0001:0002c403       _spyreaddone               1102d403 f io.obj
 0001:0002c500       _SpySendLen                1102d500 f io.obj
 0001:0002c696       _SpySendDib                1102d696 f io.obj
 0001:0002c7b5       _SpyReadClose              1102d7b5 f io.obj
 0001:0002c7f0       _getuserkey                1102d7f0 f io.obj
 0001:0002cb88       _invoke_localprint         1102db88 f io.obj
 0001:0002cbb8       _ungetuserkey              1102dbb8 f io.obj
 0001:0002cc49       _clear_screen              1102dc49 f io.obj
 0001:0002ce25       _status_update             1102de25 f io.obj
 0001:0002d651       _get_string                1102e651 f io.obj
 0001:0002d7a9       _put_title                 1102e7a9 f io.obj
 0001:0002da8f       _show_cursor               1102ea8f f io.obj
 0001:0002dc24       _show_cursor_full          1102ec24 f io.obj
 0001:0002dd22       _hide_cursor               1102ed22 f io.obj
 0001:0002decb       _save_hide_cursor          1102eecb f io.obj
 0001:0002df0d       _restore_show_cursor       1102ef0d f io.obj
 0001:0002df44       _copykeys                  1102ef44 f io.obj
 0001:0002df4b       _badinput                  1102ef4b f io.obj
 0001:0002df60       _warningbell               1102ef60 f io.obj
 0001:0002df75       _errorbell                 1102ef75 f io.obj
 0001:0002df8a       _copyvideo                 1102ef8a f io.obj
 0001:0002df91       _copyoff                   1102ef91 f io.obj
 0001:0002df96       _xlatefkey                 1102ef96 f io.obj
 0001:0002e0ba       _rt_find_keyval            1102f0ba f io.obj
 0001:0002e0ff       _pcl_exec_error            1102f0ff f io.obj
 0001:0002e537       _appl_alt_key              1102f537 f io.obj
 0001:0002e617       _do_alt_key                1102f617 f io.obj
 0001:0002e7c1       _getfromkeybuff            1102f7c1 f io.obj
 0001:0002e83e       _rt_get_nextkey            1102f83e f io.obj
 0001:0002e867       _addtokeybuff              1102f867 f io.obj
 0001:0002e8e4       _purge_typeahead           1102f8e4 f io.obj
 0001:0002e923       _display_internal_error    1102f923 f io.obj
 0001:0002e94a       _xlate_filename            1102f94a f io.obj
 0001:0002eaf0       _localprint                1102faf0 f localprt.obj
 0001:00030170       _manual                    11031170 f manual.obj
 0001:000319ff       _man_init_fields           110329ff f manual.obj
 0001:00036060       _menu                      11037060 f menus.obj
 0001:00037cc2       _pmenu                     11038cc2 f menus.obj
 0001:00038b08       _do_winmenu                11039b08 f menus.obj
 0001:00038b4f       _rt_listexec               11039b4f f menus.obj
 0001:00039130       _grayrect                  1103a130 f mouse.obj
 0001:00039251       _ScaleRSx                  1103a251 f mouse.obj
 0001:00039288       _ScaleRS                   1103a288 f mouse.obj
 0001:000392d1       _rt_mouse_events           1103a2d1 f mouse.obj
 0001:0003a0cb       _drawcheckbox              1103b0cb f mouse.obj
 0001:0003a180       _drawradiobutton           1103b180 f mouse.obj
 0001:0003a223       _drawTEtext                1103b223 f mouse.obj
 0001:0003a3e4       _drawTEfield               1103b3e4 f mouse.obj
 0001:0003a620       _drawpushbutton            1103b620 f mouse.obj
 0001:0003a631       _drawreliefbutton          1103b631 f mouse.obj
 0001:0003a680       _drawiconbutton            1103b680 f mouse.obj
 0001:0003a6bb       _drawvoidbutton            1103b6bb f mouse.obj
 0001:0003a6f5       _redrawcontrol             1103b6f5 f mouse.obj
 0001:0003a921       _mouse_scroll              1103b921 f mouse.obj
 0001:0003aa2b       _add_alt_key               1103ba2b f mouse.obj
 0001:0003ab02       _render_relief             1103bb02 f mouse.obj
 0001:0003ab1c       _render_control            1103bb1c f mouse.obj
 0001:0003bba2       _alter_button              1103cba2 f mouse.obj
 0001:0003c0b3       _inform_TE_change          1103d0b3 f mouse.obj
 0001:0003c160       _redraw_ctrl               1103d160 f mouse.obj
 0001:0003c358       _do_alter_ctrl             1103d358 f mouse.obj
 0001:0003c846       _allcontrols               1103d846 f mouse.obj
 0001:0003c96c       _calc_control_size         1103d96c f mouse.obj
 0001:0003d000       _multidisplay              1103e000 f multirec.obj
 0001:0003db33       _getmember                 1103eb33 f multirec.obj
 0001:0003e560       _rtclwait                  1103f560 f nwcds.obj
 0001:0003e7a0       _pcl                       1103f7a0 f pcl.obj
 0001:00047a6c       _rt_get_obj_nums           11048a6c f pcl.obj
 0001:00047c61       _rt_get_dd_ptr             11048c61 f pcl.obj
 0001:00047f4d       _async_pcl                 11048f4d f pcl.obj
 0001:00048050       _prefill                   11049050 f pclsubs.obj
 0001:00048161       _navigateback              11049161 f pclsubs.obj
 0001:00048318       _dorefresh                 11049318 f pclsubs.obj
 0001:000486d5       _refreshfield              110496d5 f pclsubs.obj
 0001:0004898b       _keydef_clear              1104998b f pclsubs.obj
 0001:000489d1       _keydef_push               110499d1 f pclsubs.obj
 0001:00048a44       _keydef_pop                11049a44 f pclsubs.obj
 0001:00048b04       _keydef_reset              11049b04 f pclsubs.obj
 0001:00048c26       _plug_comm_ptr             11049c26 f pclsubs.obj
 0001:00048cf4       _plug_at_comm_ptr          11049cf4 f pclsubs.obj
 0001:00048dc2       _start_interval            11049dc2 f pclsubs.obj
 0001:00048de2       _stop_interval             11049de2 f pclsubs.obj
 0001:00048e4f       _do_dprint                 11049e4f f pclsubs.obj
 0001:0004952c       _do_fprint                 1104a52c f pclsubs.obj
 0001:00049bac       _setup_sysinfo             1104abac f pclsubs.obj
 0001:00049bd9       _pcl_doreset               1104abd9 f pclsubs.obj
 0001:00049c8d       _make_tran                 1104ac8d f pclsubs.obj
 0001:00049f01       _remove_tran               1104af01 f pclsubs.obj
 0001:0004a0d7       _rt_list_init              1104b0d7 f pclsubs.obj
 0001:0004a1ef       _make_stringbuff           1104b1ef f pclsubs.obj
 0001:0004a218       _purge_all_screens         1104b218 f pclsubs.obj
 0001:0004a2f3       _stack_clear               1104b2f3 f pclsubs.obj
 0001:0004a3c5       _stack_push                1104b3c5 f pclsubs.obj
 0001:0004a489       _stack_pop                 1104b489 f pclsubs.obj
 0001:0004a530       _stack_reset               1104b530 f pclsubs.obj
 0001:0004a7d7       _lookupstmt                1104b7d7 f pclsubs.obj
 0001:0004a9bf       _tran_start                1104b9bf f pclsubs.obj
 0001:0004aaa7       _tran_finish               1104baa7 f pclsubs.obj
 0001:0004ac3e       _tran_reset_all            1104bc3e f pclsubs.obj
 0001:0004ac76       _rt_redraw                 1104bc76 f pclsubs.obj
 0001:0004b223       _rt_dl_free                1104c223 f pclsubs.obj
 0001:0004b296       _do_settimer               1104c296 f pclsubs.obj
 0001:0004b3c2       _check_timers              1104c3c2 f pclsubs.obj
 0001:0004b5d8       _reset_timers              1104c5d8 f pclsubs.obj
 0001:0004b881       _rt_comboverify            1104c881 f pclsubs.obj
 0001:0004bc28       _rt_combofield             1104cc28 f pclsubs.obj
 0001:0004c410       _rt_display                1104d410 f pclsubs.obj
 0001:0004c55f       _rt_undisplay              1104d55f f pclsubs.obj
 0001:0004c6e0       _rt_collect                1104d6e0 f pclsubs.obj
 0001:0004c793       _rt_combopick              1104d793 f pclsubs.obj
 0001:0004cb82       _CallStack_add             1104db82 f pclsubs.obj
 0001:0004cbd4       _CallStack_remove          1104dbd4 f pclsubs.obj
 0001:0004cc9a       _CallStack_dump            1104dc9a f pclsubs.obj
 0001:0004cdd6       _CallStack_reset           1104ddd6 f pclsubs.obj
 0001:0004cdef       _make_mlfield              1104ddef f pclsubs.obj
 0001:0004cec0       _show_picklist             1104dec0 f picklist.obj
 0001:0004d354       _PickScrollProc@16         1104e354 f picklist.obj
 0001:0004d4a7       _remove_picklist           1104e4a7 f picklist.obj
 0001:0004d6f5       _do_picklist               1104e6f5 f picklist.obj
 0001:0004d893       _display_picklist          1104e893 f picklist.obj
 0001:0004e581       _val_picklist              1104f581 f picklist.obj
 0001:0004e8e4       _plproc                    1104f8e4 f picklist.obj
 0001:00050179       _pl_drawcontrol            11051179 f picklist.obj
 0001:000502eb       _callout_key_filter        110512eb f picklist.obj
 0001:000504f4       _pl_reverse                110514f4 f picklist.obj
 0001:0005073b       _pl_drawstring             1105173b f picklist.obj
 0001:0005089b       _ctl_under_pick            1105189b f picklist.obj
 0001:00050990       _ramalloc                  11051990 f ramalloc.obj
 0001:00050bf0       _rt                        11051bf0 f rt.obj
 0001:00050ed7       _post_cleanup              11051ed7 f rt.obj
 0001:00051073       _titlescreen               11052073 f rt.obj
 0001:000513ce       _initialize                110523ce f rt.obj
 0001:0005204b       _reset_exit                1105304b f rt.obj
 0001:000520c6       _math_error                110530c6 f rt.obj
 0001:000520f4       _init_field                110530f4 f rt.obj
 0001:00052137       _setup_keyboard_input      11053137 f rt.obj
 0001:0005213c       _setup_common_fields       1105313c f rt.obj
 0001:00052273       _setup_hardware_type       11053273 f rt.obj
 0001:000522ed       _init_errfyi               110532ed f rt.obj
 0001:000523ba       _required_field            110533ba f rt.obj
 0001:0005245c       _onechar_setup             1105345c f rt.obj
 0001:00052461       _onechar_terminate         11053461 f rt.obj
 0001:00052466       _rt_set_palette            11053466 f rt.obj
 0001:000524b2       _never_call_this           110534b2 f rt.obj
 0001:00052af1       _ToolsInit                 11053af1 f rt.obj
 0001:00052d7d       _ToolsReInit               11053d7d f rt.obj
 0001:00052e3c       _ToolsClose                11053e3c f rt.obj
 0001:00052e4b       _ToolsOpenRTwindow         11053e4b f rt.obj
 0001:00052f6c       _ToolsCloseRTwindow        11053f6c f rt.obj
 0001:00052f91       _ToolsInitColor            11053f91 f rt.obj
 0001:000530e5       _MosaicOA                  110540e5 f rt.obj
 0001:00053230       _recordcount               11054230 f rtable.obj
 0001:00053273       _setrecord                 11054273 f rtable.obj
 0001:0005331d       _appendfields              1105431d f rtable.obj
 0001:00053af8       _rtaddfield                11054af8 f rtable.obj
 0001:00053d46       _rtaddarray                11054d46 f rtable.obj
 0001:00054019       _extractfields             11055019 f rtable.obj
 0001:0005466e       _rtgetallfields            1105566e f rtable.obj
 0001:000548b9       _rtgetfield                110558b9 f rtable.obj
 0001:00054bb6       _rtgetarray                11055bb6 f rtable.obj
 0001:00054ef8       _fieldcriteria             11055ef8 f rtable.obj
 0001:00054f84       _listcriteria              11055f84 f rtable.obj
 0001:000559d7       _buildcriteria             110569d7 f rtable.obj
 0001:000564f4       _rtdereference             110574f4 f rtable.obj
 0001:0005652e       _rt_get_ail                1105752e f rtable.obj
 0001:00056670       _DllMain@12                11057670 f rtdll.obj
 0001:000566d0       __lstrMyCmp                110576d0 f rtfonts.obj
 0001:00056724       _rt_drawtext               11057724 f rtfonts.obj
 0001:00056ef4       _point2pix                 11057ef4 f rtfonts.obj
 0001:00056f0d       _fontfromcache             11057f0d f rtfonts.obj
 0001:00056f91       _fonttocache               11057f91 f rtfonts.obj
 0001:0005704d       _fontdelcache              1105804d f rtfonts.obj
 0001:0005709d       _selectfont                1105809d f rtfonts.obj
 0001:00057a1e       _get_font_handle           11058a1e f rtfonts.obj
 0001:00057a28       _getfont                   11058a28 f rtfonts.obj
 0001:00057a69       _getunscaledfont           11058a69 f rtfonts.obj
 0001:00057a86       _scaletext                 11058a86 f rtfonts.obj
 0001:00057ad7       _addiscfonts               11058ad7 f rtfonts.obj
 0001:00057b66       _InitFontStuff             11058b66 f rtfonts.obj
 0001:00057bce       _TermFonts                 11058bce f rtfonts.obj
 0001:00057c30       _openwindow                11058c30 f rtwindow.obj
 0001:00057cdc       _InitApplication           11058cdc f rtwindow.obj
 0001:00057da7       _InitInstance              11058da7 f rtwindow.obj
 0001:00057f6e       _mousemove_setcursor       11058f6e f rtwindow.obj
 0001:00057f99       _ControlProc               11058f99 f rtwindow.obj
 0001:00058415       _rt_clearwindow            11059415 f rtwindow.obj
 0001:00058472       _WndProc@16                11059472 f rtwindow.obj
 0001:00059220       _do_PCLredraw              1105a220 f rtwindow.obj
 0001:0005958b       _winnt_keycode             1105a58b f rtwindow.obj
 0001:00059c1d       _Bell                      1105ac1d f rtwindow.obj
 0001:00059c2a       _InitColor                 1105ac2a f rtwindow.obj
 0001:00059cf7       _SetRGBColor               1105acf7 f rtwindow.obj
 0001:00059e14       _getdc                     1105ae14 f rtwindow.obj
 0001:00059e70       _setdc                     1105ae70 f rtwindow.obj
 0001:00059e92       _releasedc                 1105ae92 f rtwindow.obj
 0001:00059ee2       _timerproc                 1105aee2 f rtwindow.obj
 0001:0005a25b       _window_init               1105b25b f rtwindow.obj
 0001:0005a2c9       _set_physicalsize          1105b2c9 f rtwindow.obj
 0001:0005a332       _set_maxsize               1105b332 f rtwindow.obj
 0001:0005a7b7       _check_maxsize             1105b7b7 f rtwindow.obj
 0001:0005a947       _rtwdw_resize              1105b947 f rtwindow.obj
 0001:0005ac7e       _ctrl_is_active            1105bc7e f rtwindow.obj
 0001:0005ad45       _fieldfromscrap            1105bd45 f rtwindow.obj
 0001:0005ae58       _fieldtoscrap              1105be58 f rtwindow.obj
 0001:0005af9b       _scrap_remove_cr           1105bf9b f rtwindow.obj
 0001:0005aff5       _scrap_add_cr              1105bff5 f rtwindow.obj
 0001:0005b09e       _GetPersonality            1105c09e f rtwindow.obj
 0001:0005b81a       _GetColorsFromINIFile      1105c81a f rtwindow.obj
 0001:0005bc4d       _getSysPal                 1105cc4d f rtwindow.obj
 0001:0005bd8c       _getSystemColors           1105cd8c f rtwindow.obj
 0001:0005bef2       _KeyboardProc@12           1105cef2 f rtwindow.obj
 0001:0005bf51       _gsp_event                 1105cf51 f rtwindow.obj
 0001:0005c07b       _get_hwnd_4iba             1105d07b f rtwindow.obj
 0001:0005c085       _get_RTs_wndprocaddr       1105d085 f rtwindow.obj
 0001:0005c08f       _ToolsClearRTsGlobals      1105d08f f rtwindow.obj
 0001:0005c180       _getkey                    1105d180 f single.obj
 0001:0005c2de       _singlestep                1105d2de f single.obj
 0001:0005ebcb       _show_OFB_source           1105fbcb f single.obj
 0001:0005ec8c       _set_watch_field           1105fc8c f single.obj
 0001:0005ee97       _checkwatch                1105fe97 f single.obj
 0001:0005f420       _rt_wait                   11060420 f synch.obj
 0001:0005f6bf       _t_waitcompletion@16       110606bf f synch.obj
 0001:0005f6e5       _t_reset@16                110606e5 f synch.obj
 0001:0005f719       _t_key@16                  11060719 f synch.obj
 0001:0005f74d       _rt_signal                 1106074d f synch.obj
 0001:0005f760       _TEActivate                11060760 f textedit.obj
 0001:0005f7a6       _TEDeactivate              110607a6 f textedit.obj
 0001:0005f7ff       _TESetSelect               110607ff f textedit.obj
 0001:0005f83a       _TEGetSelect               1106083a f textedit.obj
 0001:0005f88e       _TEGetText                 1106088e f textedit.obj
 0001:0005f8f2       _TEAvailable               110608f2 f textedit.obj
 0001:0005f9d2       _TECtrl2window             110609d2 f textedit.obj
 0001:0005fa45       _TEProc@16                 11060a45 f textedit.obj
 0001:000600dc       _TESelView                 110610dc f textedit.obj
 0001:00060110       _TEAutoWrap                11061110 f textedit.obj
 0001:00060115       _TESetJust                 11061115 f textedit.obj
 0001:0006011a       _TELeading                 1106111a f textedit.obj
 0001:0006011f       _TEKey                     1106111f f textedit.obj
 0001:000603f3       _TEActivated               110613f3 f textedit.obj
 0001:0006041a       _TEDelete                  1106141a f textedit.obj
 0001:0006044f       _TECut                     1106144f f textedit.obj
 0001:00060489       _TECopy                    11061489 f textedit.obj
 0001:000604c3       _TEPaste                   110614c3 f textedit.obj
 0001:00060506       _TEUpdate                  11061506 f textedit.obj
 0001:000605c6       _TENew                     110615c6 f textedit.obj
 0001:00060a5d       _TEDispose                 11061a5d f textedit.obj
 0001:00060ab6       _TESetText                 11061ab6 f textedit.obj
 0001:00060b19       _GetStretchFieldInfo       11061b19 f textedit.obj
 0001:00060be4       _TEVisLine                 11061be4 f textedit.obj
 0001:00060e2d       _TEClick                   11061e2d f textedit.obj
 0001:00060fce       _TESetColor                11061fce f textedit.obj
 0001:00061131       _TEButtonUp                11062131 f textedit.obj
 0001:000611a0       _TEPasteSetup              110621a0 f textedit.obj
 0001:0006143c       _TEGetPasteString          1106243c f textedit.obj
 0001:0006145d       _TEChange                  1106245d f textedit.obj
 0001:00061517       _TECopytoClip              11062517 f textedit.obj
 0001:000615ad       _TEShowRect                110625ad f textedit.obj
 0001:000615f1       _TESpillGuts               110625f1 f textedit.obj
 0001:00061690       _LocalTextWidth            11062690 f windoman.obj
 0001:000616f4       _LocalCharWidth            110626f4 f windoman.obj
 0001:00061713       _StringWidth               11062713 f windoman.obj
 0001:00061749       _LocalStringWidth          11062749 f windoman.obj
 0001:00061773       _LocalTextWidHit           11062773 f windoman.obj
 0001:00061882       _BlockMove                 11062882 f windoman.obj
 0001:0006189b       _HiWord                    1106289b f windoman.obj
 0001:000618ab       _LoWord                    110628ab f windoman.obj
 0001:000618b8       _ClipRectSect              110628b8 f windoman.obj
 0001:000618f2       _SetClip                   110628f2 f windoman.obj
 0001:00061929       _LocalGetClip              11062929 f windoman.obj
 0001:00061997       _ClipRect                  11062997 f windoman.obj
 0001:00061a76       _DrawControl               11062a76 f windoman.obj
 0001:00061a85       _StringLen                 11062a85 f windoman.obj
 0001:00061a96       _ValidRect                 11062a96 f windoman.obj
 0001:00061b06       _SetWTitle                 11062b06 f windoman.obj
 0001:00061b19       _PenMode                   11062b19 f windoman.obj
 0001:00061b28       _PenSize                   11062b28 f windoman.obj
 0001:00061b42       _PenPat                    11062b42 f windoman.obj
 0001:00061b51       _PenNormal                 11062b51 f windoman.obj
 0001:00061b76       _ShowControl               11062b76 f windoman.obj
 0001:00061bb6       _HideControl               11062bb6 f windoman.obj
 0001:00061bd3       _HideControlNoInval        11062bd3 f windoman.obj
 0001:00061bd8       _HiliteControl             11062bd8 f windoman.obj
 0001:00061ca5       _GetCtlValue               11062ca5 f windoman.obj
 0001:00061cf7       _SetCtlValue               11062cf7 f windoman.obj
 0001:00061d9c       _InvalRect                 11062d9c f windoman.obj
 0001:00061e0e       _SectRect                  11062e0e f windoman.obj
 0001:00061e25       _TextFont                  11062e25 f windoman.obj
 0001:00061e34       _TextFace                  11062e34 f windoman.obj
 0001:00061e43       _TextSize                  11062e43 f windoman.obj
 0001:00061e52       _TextMode                  11062e52 f windoman.obj
 0001:00061e61       _EraseRect                 11062e61 f windoman.obj
 0001:00061eca       _ScrollRect                11062eca f windoman.obj
 0001:00061f47       _ForeColor                 11062f47 f windoman.obj
 0001:00061f94       _BackColor                 11062f94 f windoman.obj
 0001:00061fe1       _IsCtlActive               11062fe1 f windoman.obj
 0001:00062004       _PackBits                  11063004 f windoman.obj
 0001:00062218       _UnpackBits                11063218 f windoman.obj
 0001:00062350       _winmenu                   11063350 f winmenu.obj
 0001:00063ae2       _append_pdm                11064ae2 f winmenu.obj
 0001:00063f14       _delete_pdmenu             11064f14 f winmenu.obj
 0001:00063fdb       _delete_pdm                11064fdb f winmenu.obj
 0001:000641bd       _winmenu_action            110651bd f winmenu.obj
 0001:000644b5       _winmenu_keyaction         110654b5 f winmenu.obj
 0001:0006473d       _PDM_find_by_hpdmenu       1106573d f winmenu.obj
 0001:00064ad5       _set_hmenu                 11065ad5 f winmenu.obj
 0001:00064af1       _pdm_init                  11065af1 f winmenu.obj
 0001:00064b3a       _pdm_exit                  11065b3a f winmenu.obj
 0001:00064c2e       _winmenu_menu_key          11065c2e f winmenu.obj
 0001:00064dd0       _ntohl@4                   11065dd0 f wsock32:WSOCK32.dll
 0001:00064dd6       _PlaySoundA@12             11065dd6 f winmm:WINMM.dll
 0001:00064ddc       _WinExec@8                 11065ddc f kernel32:KERNEL32.dll
 0001:00064de2       _GlobalAlloc@8             11065de2 f kernel32:KERNEL32.dll
 0001:00064de8       _lstrlenA@4                11065de8 f kernel32:KERNEL32.dll
 0001:00064dee       _GlobalFree@4              11065dee f kernel32:KERNEL32.dll
 0001:00064df4       _lstrcpyA@8                11065df4 f kernel32:KERNEL32.dll
 0001:00064dfa       _GetLastError@0            11065dfa f kernel32:KERNEL32.dll
 0001:00064e00       _GetProcAddress@8          11065e00 f kernel32:KERNEL32.dll
 0001:00064e06       _LoadLibraryA@4            11065e06 f kernel32:KERNEL32.dll
 0001:00064e0c       _lstrcmpiA@8               11065e0c f kernel32:KERNEL32.dll
 0001:00064e12       _lstrcatA@8                11065e12 f kernel32:KERNEL32.dll
 0001:00064e18       _FreeLibrary@4             11065e18 f kernel32:KERNEL32.dll
 0001:00064e1e       _Sleep@4                   11065e1e f kernel32:KERNEL32.dll
 0001:00064e24       _GetVersionExA@4           11065e24 f kernel32:KERNEL32.dll
 0001:00064e2a       _GlobalUnlock@4            11065e2a f kernel32:KERNEL32.dll
 0001:00064e30       _GlobalLock@4              11065e30 f kernel32:KERNEL32.dll
 0001:00064e36       _WriteFile@20              11065e36 f kernel32:KERNEL32.dll
 0001:00064e3c       _OpenFile@12               11065e3c f kernel32:KERNEL32.dll
 0001:00064e42       _GetTickCount@0            11065e42 f kernel32:KERNEL32.dll
 0001:00064e48       _GlobalSize@4              11065e48 f kernel32:KERNEL32.dll
 0001:00064e4e       _CloseHandle@4             11065e4e f kernel32:KERNEL32.dll
 0001:00064e54       _GetExitCodeProcess@8      11065e54 f kernel32:KERNEL32.dll
 0001:00064e5a       _WaitForSingleObject@8     11065e5a f kernel32:KERNEL32.dll
 0001:00064e60       _CreateProcessA@40         11065e60 f kernel32:KERNEL32.dll
 0001:00064e66       _GetComputerNameA@8        11065e66 f kernel32:KERNEL32.dll
 0001:00064e6c       _ExitProcess@4             11065e6c f kernel32:KERNEL32.dll
 0001:00064e72       _GetVersion@0              11065e72 f kernel32:KERNEL32.dll
 0001:00064e78       _SetConsoleScreenBufferSize@8 11065e78 f kernel32:KERNEL32.dll
 0001:00064e7e       _GetStdHandle@4            11065e7e f kernel32:KERNEL32.dll
 0001:00064e84       _AllocConsole@0            11065e84 f kernel32:KERNEL32.dll
 0001:00064e8a       _GetCurrentThreadId@0      11065e8a f kernel32:KERNEL32.dll
 0001:00064e90       _GetPrivateProfileStringA@24 11065e90 f kernel32:KERNEL32.dll
 0001:00064e96       _ReadConsoleA@20           11065e96 f kernel32:KERNEL32.dll
 0001:00064e9c       _SetConsoleMode@8          11065e9c f kernel32:KERNEL32.dll
 0001:00064ea2       _SetConsoleTitleA@4        11065ea2 f kernel32:KERNEL32.dll
 0001:00064ea8       _GetCurrentProcessId@0     11065ea8 f kernel32:KERNEL32.dll
 0001:00064eae       _GetConsoleTitleA@8        11065eae f kernel32:KERNEL32.dll
 0001:00064eb4       _SetRect@20                11065eb4 f user32:USER32.dll
 0001:00064eba       _CallWindowProcA@20        11065eba f user32:USER32.dll
 0001:00064ec0       _SendMessageA@16           11065ec0 f user32:USER32.dll
 0001:00064ec6       _GetParent@4               11065ec6 f user32:USER32.dll
 0001:00064ecc       _UnionRect@12              11065ecc f user32:USER32.dll
 0001:00064ed2       _FillRect@12               11065ed2 f user32:USER32.dll
 0001:00064ed8       _SetFocus@4                11065ed8 f user32:USER32.dll
 0001:00064ede       _MessageBoxA@16            11065ede f user32:USER32.dll
 0001:00064ee4       _DdeGetLastError@4         11065ee4 f user32:USER32.dll
 0001:00064eea       _DdeFreeDataHandle@4       11065eea f user32:USER32.dll
 0001:00064ef0       _DdeGetData@16             11065ef0 f user32:USER32.dll
 0001:00064ef6       _DdeQueryStringA@20        11065ef6 f user32:USER32.dll
 0001:00064efc       _DdeInitializeA@16         11065efc f user32:USER32.dll
 0001:00064f02       _DdeConnectList@20         11065f02 f user32:USER32.dll
 0001:00064f08       _DdeConnect@16             11065f08 f user32:USER32.dll
 0001:00064f0e       _wsprintfA                 11065f0e f user32:USER32.dll
 0001:00064f14       _DdeFreeStringHandle@8     11065f14 f user32:USER32.dll
 0001:00064f1a       _DdeCreateStringHandleA@12 11065f1a f user32:USER32.dll
 0001:00064f20       _DdeClientTransaction@32   11065f20 f user32:USER32.dll
 0001:00064f26       _DdeNameService@16         11065f26 f user32:USER32.dll
 0001:00064f2c       _DdePostAdvise@12          11065f2c f user32:USER32.dll
 0001:00064f32       _DdeCreateDataHandle@28    11065f32 f user32:USER32.dll
 0001:00064f38       _DdeDisconnect@4           11065f38 f user32:USER32.dll
 0001:00064f3e       _DdeAbandonTransaction@12  11065f3e f user32:USER32.dll
 0001:00064f44       _DdeEnableCallback@12      11065f44 f user32:USER32.dll
 0001:00064f4a       _DdeUninitialize@4         11065f4a f user32:USER32.dll
 0001:00064f50       _DdeQueryNextServer@8      11065f50 f user32:USER32.dll
 0001:00064f56       _DdeCmpStringHandles@8     11065f56 f user32:USER32.dll
 0001:00064f5c       _DdeQueryConvInfo@12       11065f5c f user32:USER32.dll
 0001:00064f62       _ReleaseDC@8               11065f62 f user32:USER32.dll
 0001:00064f68       _FrameRect@12              11065f68 f user32:USER32.dll
 0001:00064f6e       _GetDC@4                   11065f6e f user32:USER32.dll
 0001:00064f74       _ChildWindowFromPoint@12   11065f74 f user32:USER32.dll
 0001:00064f7a       _SetWindowLongA@12         11065f7a f user32:USER32.dll
 0001:00064f80       _CreateWindowExA@48        11065f80 f user32:USER32.dll
 0001:00064f86       _OffsetRect@12             11065f86 f user32:USER32.dll
 0001:00064f8c       _LookupIconIdFromDirectory@8 11065f8c f user32:USER32.dll
 0001:00064f92       _GetSystemMetrics@4        11065f92 f user32:USER32.dll
 0001:00064f98       _DispatchMessageA@4        11065f98 f user32:USER32.dll
 0001:00064f9e       _TranslateMessage@4        11065f9e f user32:USER32.dll
 0001:00064fa4       _PeekMessageA@20           11065fa4 f user32:USER32.dll
 0001:00064faa       _DestroyWindow@4           11065faa f user32:USER32.dll
 0001:00064fb0       _SetTimer@16               11065fb0 f user32:USER32.dll
 0001:00064fb6       _GetSysColor@4             11065fb6 f user32:USER32.dll
 0001:00064fbc       _PtInRect@12               11065fbc f user32:USER32.dll
 0001:00064fc2       _MoveWindow@24             11065fc2 f user32:USER32.dll
 0001:00064fc8       _SetForegroundWindow@4     11065fc8 f user32:USER32.dll
 0001:00064fce       _GetUpdateRect@12          11065fce f user32:USER32.dll
 0001:00064fd4       _SetScrollRange@20         11065fd4 f user32:USER32.dll
 0001:00064fda       _SetScrollPos@16           11065fda f user32:USER32.dll
 0001:00064fe0       _SetActiveWindow@4         11065fe0 f user32:USER32.dll
 0001:00064fe6       _ShowWindow@8              11065fe6 f user32:USER32.dll
 0001:00064fec       _GetWindowLongA@8          11065fec f user32:USER32.dll
 0001:00064ff2       _GetActiveWindow@0         11065ff2 f user32:USER32.dll
 0001:00064ff8       _GetFocus@0                11065ff8 f user32:USER32.dll
 0001:00064ffe       _GrayStringA@36            11065ffe f user32:USER32.dll
 0001:00065004       _LoadAcceleratorsA@8       11066004 f user32:USER32.dll
 0001:0006500a       _FindWindowA@8             1106600a f user32:USER32.dll
 0001:00065010       _RegisterClassA@4          11066010 f user32:USER32.dll
 0001:00065016       _LoadCursorA@8             11066016 f user32:USER32.dll
 0001:0006501c       _LoadIconA@8               1106601c f user32:USER32.dll
 0001:00065022       _UpdateWindow@4            11066022 f user32:USER32.dll
 0001:00065028       _AppendMenuA@16            11066028 f user32:USER32.dll
 0001:0006502e       _GetSystemMenu@8           1106602e f user32:USER32.dll
 0001:00065034       _ReleaseCapture@0          11066034 f user32:USER32.dll
 0001:0006503a       _SetCapture@4              1106603a f user32:USER32.dll
 0001:00065040       _GetClientRect@8           11066040 f user32:USER32.dll
 0001:00065046       _InvalidateRect@12         11066046 f user32:USER32.dll
 0001:0006504c       _SetWindowsHookExA@16      1106604c f user32:USER32.dll
 0001:00065052       _GetKeyState@4             11066052 f user32:USER32.dll
 0001:00065058       _PostQuitMessage@4         11066058 f user32:USER32.dll
 0001:0006505e       _UnhookWindowsHookEx@4     1106605e f user32:USER32.dll
 0001:00065064       _IsIconic@4                11066064 f user32:USER32.dll
 0001:0006506a       _DefWindowProcA@16         1106606a f user32:USER32.dll
 0001:00065070       _TrackPopupMenu@28         11066070 f user32:USER32.dll
 0001:00065076       _ClientToScreen@8          11066076 f user32:USER32.dll
 0001:0006507c       _CreatePopupMenu@0         1106607c f user32:USER32.dll
 0001:00065082       _IntersectRect@12          11066082 f user32:USER32.dll
 0001:00065088       _EndPaint@8                11066088 f user32:USER32.dll
 0001:0006508e       _IsRectEmpty@4             1106608e f user32:USER32.dll
 0001:00065094       _BeginPaint@8              11066094 f user32:USER32.dll
 0001:0006509a       _CharLowerA@4              1106609a f user32:USER32.dll
 0001:000650a0       _GetKeyboardState@4        110660a0 f user32:USER32.dll
 0001:000650a6       _MessageBeep@4             110660a6 f user32:USER32.dll
 0001:000650ac       _ScrollWindow@20           110660ac f user32:USER32.dll
 0001:000650b2       _GetWindowRect@8           110660b2 f user32:USER32.dll
 0001:000650b8       _CloseClipboard@0          110660b8 f user32:USER32.dll
 0001:000650be       _GetClipboardData@4        110660be f user32:USER32.dll
 0001:000650c4       _OpenClipboard@4           110660c4 f user32:USER32.dll
 0001:000650ca       _SetClipboardData@8        110660ca f user32:USER32.dll
 0001:000650d0       _EmptyClipboard@0          110660d0 f user32:USER32.dll
 0001:000650d6       _PostMessageA@16           110660d6 f user32:USER32.dll
 0001:000650dc       _CallNextHookEx@16         110660dc f user32:USER32.dll
 0001:000650e2       _BringWindowToTop@4        110660e2 f user32:USER32.dll
 0001:000650e8       _KillTimer@8               110660e8 f user32:USER32.dll
 0001:000650ee       _ScreenToClient@8          110660ee f user32:USER32.dll
 0001:000650f4       _EnableMenuItem@12         110660f4 f user32:USER32.dll
 0001:000650fa       _GetMenu@4                 110660fa f user32:USER32.dll
 0001:00065100       _RedrawWindow@16           11066100 f user32:USER32.dll
 0001:00065106       _SetWindowPos@28           11066106 f user32:USER32.dll
 0001:0006510c       _InsertMenuA@20            1106610c f user32:USER32.dll
 0001:00065112       _DestroyMenu@4             11066112 f user32:USER32.dll
 0001:00065118       _ValidateRect@8            11066118 f user32:USER32.dll
 0001:0006511e       _SetWindowTextA@8          1106611e f user32:USER32.dll
 0001:00065124       _InvalidateRgn@12          11066124 f user32:USER32.dll
 0001:0006512a       _ScrollDC@28               1106612a f user32:USER32.dll
 0001:00065130       _WinHelpA@16               11066130 f user32:USER32.dll
 0001:00065136       _GetMenuState@12           11066136 f user32:USER32.dll
 0001:0006513c       _HiliteMenuItem@16         1106613c f user32:USER32.dll
 0001:00065142       _CheckMenuItem@12          11066142 f user32:USER32.dll
 0001:00065148       _GetMenuItemCount@4        11066148 f user32:USER32.dll
 0001:0006514e       _DeleteMenu@12             1106614e f user32:USER32.dll
 0001:00065154       _GetSubMenu@8              11066154 f user32:USER32.dll
 0001:0006515a       _DrawMenuBar@4             1106615a f user32:USER32.dll
 0001:00065160       _SetMenu@8                 11066160 f user32:USER32.dll
 0001:00065166       _CreateMenu@0              11066166 f user32:USER32.dll
 0001:0006516c       _TextOutA@20               1106616c f gdi32:GDI32.dll
 0001:00065172       _Escape@20                 11066172 f gdi32:GDI32.dll
 0001:00065178       _DeleteObject@4            11066178 f gdi32:GDI32.dll
 0001:0006517e       _CreateSolidBrush@4        1106617e f gdi32:GDI32.dll
 0001:00065184       _GetStockObject@4          11066184 f gdi32:GDI32.dll
 0001:0006518a       _GetTextExtentPoint32A@16  1106618a f gdi32:GDI32.dll
 0001:00065190       _GetTextMetricsA@8         11066190 f gdi32:GDI32.dll
 0001:00065196       _GetDeviceCaps@8           11066196 f gdi32:GDI32.dll
 0001:0006519c       _GdiFlush@0                1106619c f gdi32:GDI32.dll
 0001:000651a2       _AbortDoc@4                110661a2 f gdi32:GDI32.dll
 0001:000651a8       _MoveToEx@16               110661a8 f gdi32:GDI32.dll
 0001:000651ae       _CreateHatchBrush@8        110661ae f gdi32:GDI32.dll
 0001:000651b4       _SelectObject@8            110661b4 f gdi32:GDI32.dll
 0001:000651ba       _ExtCreatePen@20           110661ba f gdi32:GDI32.dll
 0001:000651c0       _EndPage@4                 110661c0 f gdi32:GDI32.dll
 0001:000651c6       _SetBkMode@8               110661c6 f gdi32:GDI32.dll
 0001:000651cc       _SetTextAlign@8            110661cc f gdi32:GDI32.dll
 0001:000651d2       _ResetDCA@8                110661d2 f gdi32:GDI32.dll
 0001:000651d8       _StartDocA@8               110661d8 f gdi32:GDI32.dll
 0001:000651de       _SetAbortProc@8            110661de f gdi32:GDI32.dll
 0001:000651e4       _CreateDCA@16              110661e4 f gdi32:GDI32.dll
 0001:000651ea       _StartPage@4               110661ea f gdi32:GDI32.dll
 0001:000651f0       _DeleteDC@4                110661f0 f gdi32:GDI32.dll
 0001:000651f6       _EndDoc@4                  110661f6 f gdi32:GDI32.dll
 0001:000651fc       _GetWindowExtEx@8          110661fc f gdi32:GDI32.dll
 0001:00065202       _SetWindowExtEx@16         11066202 f gdi32:GDI32.dll
 0001:00065208       _SetMapMode@8              11066208 f gdi32:GDI32.dll
 0001:0006520e       _SetViewportOrgEx@16       1106620e f gdi32:GDI32.dll
 0001:00065214       _GetViewportExtEx@8        11066214 f gdi32:GDI32.dll
 0001:0006521a       _SetViewportExtEx@16       1106621a f gdi32:GDI32.dll
 0001:00065220       _LineTo@12                 11066220 f gdi32:GDI32.dll
 0001:00065226       _LPtoDP@12                 11066226 f gdi32:GDI32.dll
 0001:0006522c       _CreateFontIndirectA@4     1106622c f gdi32:GDI32.dll
 0001:00065232       _EnumFontsA@16             11066232 f gdi32:GDI32.dll
 0001:00065238       _StretchBlt@44             11066238 f gdi32:GDI32.dll
 0001:0006523e       _CreateCompatibleDC@4      1106623e f gdi32:GDI32.dll
 0001:00065244       _CreateBitmap@20           11066244 f gdi32:GDI32.dll
 0001:0006524a       _GetBitmapBits@12          1106624a f gdi32:GDI32.dll
 0001:00065250       _StretchDIBits@52          11066250 f gdi32:GDI32.dll
 0001:00065256       _GetObjectA@12             11066256 f gdi32:GDI32.dll
 0001:0006525c       _RealizePalette@4          1106625c f gdi32:GDI32.dll
 0001:00065262       _SelectPalette@12          11066262 f gdi32:GDI32.dll
 0001:00065268       _SetTextColor@8            11066268 f gdi32:GDI32.dll
 0001:0006526e       _SetBkColor@8              1106626e f gdi32:GDI32.dll
 0001:00065274       _CreatePen@12              11066274 f gdi32:GDI32.dll
 0001:0006527a       _SetStretchBltMode@8       1106627a f gdi32:GDI32.dll
 0001:00065280       _BitBlt@36                 11066280 f gdi32:GDI32.dll
 0001:00065286       _GetTextAlign@4            11066286 f gdi32:GDI32.dll
 0001:0006528c       _GetBkColor@4              1106628c f gdi32:GDI32.dll
 0001:00065292       _GetTextColor@4            11066292 f gdi32:GDI32.dll
 0001:00065298       _SetTextCharacterExtra@8   11066298 f gdi32:GDI32.dll
 0001:0006529e       _GetTextCharacterExtra@4   1106629e f gdi32:GDI32.dll
 0001:000652a4       _GetTextExtentPointA@16    110662a4 f gdi32:GDI32.dll
 0001:000652aa       _CreateFontA@56            110662aa f gdi32:GDI32.dll
 0001:000652b0       _SetTextJustification@12   110662b0 f gdi32:GDI32.dll
 0001:000652b6       _ExtTextOutA@32            110662b6 f gdi32:GDI32.dll
 0001:000652bc       _CreatePalette@4           110662bc f gdi32:GDI32.dll
 0001:000652c2       _SetPaletteEntries@16      110662c2 f gdi32:GDI32.dll
 0001:000652c8       _SetWindowOrgEx@16         110662c8 f gdi32:GDI32.dll
 0001:000652ce       _GetTextExtentExPointA@28  110662ce f gdi32:GDI32.dll
 0001:000652d4       _IntersectClipRect@20      110662d4 f gdi32:GDI32.dll
 0001:000652da       _SelectClipRgn@8           110662da f gdi32:GDI32.dll
 0001:000652e0       _GetClipRgn@8              110662e0 f gdi32:GDI32.dll
 0001:000652e6       _CreateRectRgn@16          110662e6 f gdi32:GDI32.dll
 0001:000652ec       _CreateRectRgnIndirect@4   110662ec f gdi32:GDI32.dll
 0001:000652f2       _SetJobA@20                110662f2 f winspool:WINSPOOL.DRV
 0001:000652f8       _GetPrinterA@20            110662f8 f winspool:WINSPOOL.DRV
 0001:000652fe       _OpenPrinterA@12           110662fe f winspool:WINSPOOL.DRV
 0001:00065304       _DocumentPropertiesA@24    11066304 f winspool:WINSPOOL.DRV
 0001:0006530a       _ClosePrinter@4            1106630a f winspool:WINSPOOL.DRV
 0001:00065310       _GetJobA@24                11066310 f winspool:WINSPOOL.DRV
 0001:00065316       _EnumJobsA@32              11066316 f winspool:WINSPOOL.DRV
 0001:0006531c       _GetUserNameA@8            1106631c f advapi32:ADVAPI32.dll
 0001:00065330       _Cds_Initial_with_ccb      11066330 f client:clcdinit.obj
 0001:000653e0       _Cds_Initial               110663e0 f client:clcdinit.obj
 0001:0006541f       _Cds_Init                  1106641f f client:clcdinit.obj
 0001:00065444       _clAllocCDSEnv             11066444 f client:clcdinit.obj
 0001:00065639       _clAllocEnv                11066639 f client:clcdinit.obj
 0001:00065652       _clFreeEnv                 11066652 f client:clcdinit.obj
 0001:00065760       _reportevent               11066760 f client:clstubs.obj
 0001:000658ab       _debug_event               110668ab f client:clstubs.obj
 0001:000658cf       _SetConnectOption          110668cf f client:clstubs.obj
 0001:000658f3       _SetStmtOption             110668f3 f client:clstubs.obj
 0001:00065917       _GetConnectOption          11066917 f client:clstubs.obj
 0001:00065937       _GetStmtOption             11066937 f client:clstubs.obj
 0001:00065957       _cds_select                11066957 f client:clstubs.obj
 0001:000659ea       _cds_selectnfetch          110669ea f client:clstubs.obj
 0001:00065ab0       _Cds_Select                11066ab0 f client:clstubs.obj
 0001:00065af1       _Cds_SelectnFetch          11066af1 f client:clstubs.obj
 0001:00065b38       _cds_join                  11066b38 f client:clstubs.obj
 0001:00065bb3       _Cds_Join                  11066bb3 f client:clstubs.obj
 0001:00065bf4       _Cds_End_Select            11066bf4 f client:clstubs.obj
 0001:00065c59       _Cds_Cancel_Scan           11066c59 f client:clstubs.obj
 0001:00065cd1       _Cds_Remote_Cancel_Scan    11066cd1 f client:clstubs.obj
 0001:00065d07       _Cds_Unlock                11066d07 f client:clstubs.obj
 0001:00065d3e       _Cds_Compress              11066d3e f client:clstubs.obj
 0001:00065db8       _Cds_Delete                11066db8 f client:clstubs.obj
 0001:00065ec4       _Cds_Delete_All            11066ec4 f client:clstubs.obj
 0001:00065fc3       _cds_update                11066fc3 f client:clstubs.obj
 0001:000660f6       _Cds_Insert                110670f6 f client:clstubs.obj
 0001:00066115       _Cds_Replace               11067115 f client:clstubs.obj
 0001:00066134       _Cds_Update_Flds           11067134 f client:clstubs.obj
 0001:00066153       _cdsBatchInsert            11067153 f client:clstubs.obj
 0001:000662df       _Cds_Update_All            110672df f client:clstubs.obj
 0001:0006642b       _cds_fetch                 1106742b f client:clstubs.obj
 0001:00066579       _Cds_Find_First            11067579 f client:clstubs.obj
 0001:00066594       _Cds_Find_Last             11067594 f client:clstubs.obj
 0001:000665af       _Cds_Find_Next             110675af f client:clstubs.obj
 0001:000665ca       _Cds_Find_Prev             110675ca f client:clstubs.obj
 0001:000665e5       _CdsFindn                  110675e5 f client:clstubs.obj
 0001:000666c0       _Cds_Find_n                110676c0 f client:clstubs.obj
 0001:000666db       _Cds_Project               110676db f client:clstubs.obj
 0001:00066735       _Cds_Fetch_Again           11067735 f client:clstubs.obj
 0001:00066770       _Cds_Lock_Table            11067770 f client:clstubs.obj
 0001:000668f4       _Cds_Unlock_Table          110678f4 f client:clstubs.obj
 0001:00066911       _Cds_Table_Size            11067911 f client:clstubs.obj
 0001:0006696a       _Cds_Server_Names          1106796a f client:clstubs.obj
 0001:000669c1       _sv_who                    110679c1 f client:clstubs.obj
 0001:000669f8       _Cds_Tables                110679f8 f client:clstubs.obj
 0001:00066a2b       _cdsStop                   11067a2b f client:clstubs.obj
 0001:00066a7a       _sv_stop                   11067a7a f client:clstubs.obj
 0001:00066b32       _open_capture              11067b32 f client:clstubs.obj
 0001:00066bd0       _close_capture             11067bd0 f client:clstubs.obj
 0001:00066c6e       _Cds_Files                 11067c6e f client:clstubs.obj
 0001:00066ca1       _cdsync                    11067ca1 f client:clstubs.obj
 0001:00066cf4       _Cds_Reset_Log             11067cf4 f client:clstubs.obj
 0001:00066d29       _Cds_Create_Table          11067d29 f client:clstubs.obj
 0001:00066fb1       _Cds_Alter_Table           11067fb1 f client:clstubs.obj
 0001:00067047       _Cds_Rename_Table          11068047 f client:clstubs.obj
 0001:00067184       _Cds_Copy_Table_Def        11068184 f client:clstubs.obj
 0001:000681a4       _Cds_Drop_Table            110691a4 f client:clstubs.obj
 0001:00068264       _Cds_Create_Index          11069264 f client:clstubs.obj
 0001:00068320       _Cds_Drop_Index            11069320 f client:clstubs.obj
 0001:000683d4       _Cds_Begin_Work            110693d4 f client:clstubs.obj
 0001:00068415       _Cds_Commit                11069415 f client:clstubs.obj
 0001:000684e6       _Cds_2_Phase_Commit        110694e6 f client:clstubs.obj
 0001:00068516       _Cds_Rollback              11069516 f client:clstubs.obj
 0001:000686bc       _cdsnwselect               110696bc f client:clstubs.obj
 0001:00068735       _cdsnwSelect               11069735 f client:clstubs.obj
 0001:0006876c       _cdsnwjoin                 1106976c f client:clstubs.obj
 0001:000687e4       _cdsnwJoin                 110697e4 f client:clstubs.obj
 0001:00068817       _cdsnwEnd_Select           11069817 f client:clstubs.obj
 0001:0006887b       _cdsnwUnlock               1106987b f client:clstubs.obj
 0001:000688c4       _cdsnwDelete               110698c4 f client:clstubs.obj
 0001:00068955       _cdsnwDelete_All           11069955 f client:clstubs.obj
 0001:000689e6       _cdsnwUpdate               110699e6 f client:clstubs.obj
 0001:00068ac4       _cdsnwInsert               11069ac4 f client:clstubs.obj
 0001:00068ae3       _cdsnwReplace              11069ae3 f client:clstubs.obj
 0001:00068b02       _cdsnwUpdate_Flds          11069b02 f client:clstubs.obj
 0001:00068b21       _cdsnwUpdate_All           11069b21 f client:clstubs.obj
 0001:00068bd4       _cdsnw_fetch               11069bd4 f client:clstubs.obj
 0001:00068c47       _cdsnwFind_First           11069c47 f client:clstubs.obj
 0001:00068c62       _cdsnwFind_Last            11069c62 f client:clstubs.obj
 0001:00068c7d       _cdsnwFind_Next            11069c7d f client:clstubs.obj
 0001:00068c98       _cdsnwFind_Prev            11069c98 f client:clstubs.obj
 0001:00068cb3       _cdsnwFind_n               11069cb3 f client:clstubs.obj
 0001:00068d04       _cdsnwFindn                11069d04 f client:clstubs.obj
 0001:00068d1d       _cdsnw_Project             11069d1d f client:clstubs.obj
 0001:00068d6a       _become_primary            11069d6a f client:clstubs.obj
 0001:00069090       _cdsPop                    1106a090 f client:clmultis.obj
 0001:000692ff       _cdsClearStack             1106a2ff f client:clmultis.obj
 0001:00069316       _cdsPush                   1106a316 f client:clmultis.obj
 0001:0006959e       _no_table                  1106a59e f client:clmultis.obj
 0001:000695ba       _add_to_tab_list           1106a5ba f client:clmultis.obj
 0001:00069727       _cltab_list                1106a727 f client:clmultis.obj
 0001:00069820       _find_cltab                1106a820 f client:clmultis.obj
 0001:0006999b       _remove_cltab              1106a99b f client:clmultis.obj
 0001:00069a33       _new_clconnect             1106aa33 f client:clmultis.obj
 0001:00069b18       _find_ccb                  1106ab18 f client:clmultis.obj
 0001:00069bf3       _isConnected               1106abf3 f client:clmultis.obj
 0001:00069c6d       _find_coordinator          1106ac6d f client:clmultis.obj
 0001:00069d52       _remove_clconnect          1106ad52 f client:clmultis.obj
 0001:00069e13       _close_all_clconnects      1106ae13 f client:clmultis.obj
 0001:00069e80       _close_clconnect           1106ae80 f client:clmultis.obj
 0001:0006a0bd       _close_cds_connect         1106b0bd f client:clmultis.obj
 0001:0006a0f3       _find_clcontext            1106b0f3 f client:clmultis.obj
 0001:0006a1b1       _find_clcontext_in_ccb     1106b1b1 f client:clmultis.obj
 0001:0006a265       _find_clcontext_by_rptr    1106b265 f client:clmultis.obj
 0001:0006a2f4       _remove_clcontext          1106b2f4 f client:clmultis.obj
 0001:0006a3ac       _remove_contexts_on_table  1106b3ac f client:clmultis.obj
 0001:0006a46f       _rm_tbl_clcontext          1106b46f f client:clmultis.obj
 0001:0006a4a0       _remove_clcontexts         1106b4a0 f client:clmultis.obj
 0001:0006a544       _rm_all_clcontexts         1106b544 f client:clmultis.obj
 0001:0006a57a       _get_clcontext             1106b57a f client:clmultis.obj
 0001:0006a851       _get_join_context          1106b851 f client:clmultis.obj
 0001:0006ab5a       _isolate_tab_name          1106bb5a f client:clmultis.obj
 0001:0006ab9f       _end_clluw                 1106bb9f f client:clmultis.obj
 0001:0006ac1d       _two_phase_commit          1106bc1d f client:clmultis.obj
 0001:0006ae0b       _complete_the_action       1106be0b f client:clmultis.obj
 0001:0006af95       _list_clcontexts           1106bf95 f client:clmultis.obj
 0001:0006b080       _cds_errmsg                1106c080 f client:clcdserr.obj
 0001:0006b08f       _cdsErrMsg                 1106c08f f client:clcdserr.obj
 0001:0006b0c7       _CdsErrNo                  1106c0c7 f client:clcdserr.obj
 0001:0006b0fa       _intFromErrMsg             1106c0fa f client:clcdserr.obj
 0001:0006b203       _int_from_errmsg           1106c203 f client:clcdserr.obj
 0001:0006b2eb       _clseterr                  1106c2eb f client:clcdserr.obj
 0001:0006b3ed       _clsetswerr                1106c3ed f client:clcdserr.obj
 0001:0006b480       _clrun                     1106c480 f client:clrun.obj
 0001:0006ba85       _clnwrun                   1106ca85 f client:clrun.obj
 0001:0006baee       _clwait                    1106caee f client:clrun.obj
 0001:0006bdd0       _clUnregisterClass         1106cdd0 f client:clinit.obj
 0001:0006be09       _clwindow                  1106ce09 f client:clinit.obj
 0001:0006c043       _cds_udp_port              1106d043 f client:clinit.obj
 0001:0006c249       _clinit_inner              1106d249 f client:clinit.obj
 0001:0006c9df       _cdsInit                   1106d9df f client:clinit.obj
 0001:0006ca0b       _cdsInitCcb                1106da0b f client:clinit.obj
 0001:0006ca48       _cdsPing_inner             1106da48 f client:clinit.obj
 0001:0006cb18       _cdsPing                   1106db18 f client:clinit.obj
 0001:0006cba0       _create_clrb               1106dba0 f client:clrb.obj
 0001:0006cc60       _find_clrb                 1106dc60 f client:clrb.obj
 0001:0006ccf4       _destroy_clrb              1106dcf4 f client:clrb.obj
 0001:0006cd47       _release_clrb              1106dd47 f client:clrb.obj
 0001:0006cda5       _close_connect_clrbs       1106dda5 f client:clrb.obj
 0001:0006ce70       _cldbgsbuf                 1106de70 f client:cldebug.obj
 0001:0006ce88       _cldbgscomm                1106de88 f client:cldebug.obj
 0001:0006ce99       _cldbgsfunc                1106de99 f client:cldebug.obj
 0001:0006ceaa       _cldbgsall                 1106deaa f client:cldebug.obj
 0001:0006cec2       _clerrinit                 1106dec2 f client:cldebug.obj
 0001:0006cf61       _cldbgubuf                 1106df61 f client:cldebug.obj
 0001:0006cf79       _cldbgucomm                1106df79 f client:cldebug.obj
 0001:0006cf8a       _cldbgufunc                1106df8a f client:cldebug.obj
 0001:0006cf9b       _cldbguall                 1106df9b f client:cldebug.obj
 0001:0006cfc0       _clpack                    1106dfc0 f client:clpack.obj
 0001:0006d5b0       _clunpack                  1106e5b0 f client:clunpack.obj
 0001:0006da60       _clstatinit                1106ea60 f client:clstat.obj
 0001:0006da9e       _clsetstats                1106ea9e f client:clstat.obj
 0001:0006dada       _clusetstats               1106eada f client:clstat.obj
 0001:0006daf0       _clsvsetup                 1106eaf0 f client:clsvfunc.obj
 0001:0006dd40       _cmstats_init              1106ed40 f cm:cmstat.obj
 0001:0006dfb6       _s_stat                    1106efb6 f cm:cmstat.obj
 0001:0006e18f       _cmstats_print             1106f18f f cm:cmstat.obj
 0001:0006e870       _cmgetenv                  1106f870 f cm:cmgetenv.obj
 0001:0006e8fe       _cmenvfile_name            1106f8fe f cm:cmgetenv.obj
 0001:0006e950       _type_name                 1106f950 f cm:cmprint.obj
 0001:0006ea36       _cmprint                   1106fa36 f cm:cmprint.obj
 0001:0006f0e9       _cdsprint                  110700e9 f cm:cmprint.obj
 0001:0006f120       _cmfind_element            11070120 f cm:cmfield.obj
 0001:0006f315       _cmdereference             11070315 f cm:cmfield.obj
 0001:0006f528       _cmfield                   11070528 f cm:cmfield.obj
 0001:0006f7e7       _cm_append_field           110707e7 f cm:cmfield.obj
 0001:0006fc0e       _cm_append_array_hdr       11070c0e f cm:cmfield.obj
 0001:0006fdcb       _cm_append_element         11070dcb f cm:cmfield.obj
 0001:0006ff0b       _import_CDS_indirect       11070f0b f cm:cmfield.obj
 0001:00070140       _cmbufenough               11071140 f cm:cmbuf.obj
 0001:00070238       _cmbreget                  11071238 f cm:cmbuf.obj
 0001:000702f6       _cmbufdump                 110712f6 f cm:cmbuf.obj
 0001:00070399       _cmgetebuf                 11071399 f cm:cmbuf.obj
 0001:0007050f       _cmrelbuf                  1107150f f cm:cmbuf.obj
 0001:000705aa       _cmfreebuf                 110715aa f cm:cmbuf.obj
 0001:000705f9       _cmbufp                    110715f9 f cm:cmbuf.obj
 0001:00070630       _cmsend                    11071630 f cm:cmsend.obj
 0001:00070840       _cmwait                    11071840 f cm:cmrecv.obj
 0001:00070ae2       _cmrecv                    11071ae2 f cm:cmrecv.obj
 0001:00071480       _chkmtype                  11072480 f cm:cmchk.obj
 0001:00071530       _comm_ck_alloc             11072530 f comm:cm_subs.obj
 0001:00071611       _comm_ck_talloc            11072611 f comm:cm_subs.obj
 0001:0007168f       _comm_adj_ptrs             1107268f f comm:cm_subs.obj
 0001:000717b6       _comm_ptr                  110727b6 f comm:cm_subs.obj
 0001:0007186a       _comm_trim                 1107286a f comm:cm_subs.obj
 0001:00071a42       _comm_ck_rcv               11072a42 f comm:cm_subs.obj
 0001:00071afc       _comm_errmsg               11072afc f comm:cm_subs.obj
 0001:00071b4e       _comm_log                  11072b4e f comm:cm_subs.obj
 0001:00071bb0       _comm_init_pplus           11072bb0 f comm:cm_pplus.obj
 0001:000720f8       _comm_pplus_event          110730f8 f comm:cm_pplus.obj
 0001:000725a3       _comm_send_data            110735a3 f comm:cm_pplus.obj
 0001:0007273f       _comm_send_confirm         1107373f f comm:cm_pplus.obj
 0001:000727a1       _comm_send_comreq          110737a1 f comm:cm_pplus.obj
 0001:0007287c       _comm_allocate             1107387c f comm:cm_pplus.obj
 0001:0007295c       _comm_deallocate           1107395c f comm:cm_pplus.obj
 0001:000729c0       _comm_setresource          110739c0 f comm:cm_ev.obj
 0001:00072adf       _comm_waitformsg           11073adf f comm:cm_ev.obj
 0001:00072bcf       _comm_dispatch_events      11073bcf f comm:cm_ev.obj
 0001:00072be0       _comm_hold_events          11073be0 f comm:cm_ev.obj
 0001:00072c0f       _comm_run_event            11073c0f f comm:cm_ev.obj
 0001:00072e46       _comm_set_event            11073e46 f comm:cm_ev.obj
 0001:00072eb8       _comm_cleanup              11073eb8 f comm:cm_ev.obj
 0001:00072edc       _comm_wait_msgque          11073edc f comm:cm_ev.obj
 0001:00072f1f       _comm_release_msgque       11073f1f f comm:cm_ev.obj
 0001:00072f32       _comm_event_active         11073f32 f comm:cm_ev.obj
 0001:00072f50       _comm_match                11073f50 f comm:cm_match.obj
 0001:000730c0       _comm_get_de_edit          110740c0 f comm:cm_get.obj
 0001:000730ca       _comm_get                  110740ca f comm:cm_get.obj
 0001:00073320       _comm_put                  11074320 f comm:cm_put.obj
 0001:000735b0       _crt_check                 110745b0 f comm:cm_crt.obj
 0001:000735fe       _crt_buffer                110745fe f comm:cm_crt.obj
 0001:00073685       _crt_cursor_abs            11074685 f comm:cm_crt.obj
 0001:000736c1       _crt_cursor_rel            110746c1 f comm:cm_crt.obj
 0001:000736f8       _crt_fill                  110746f8 f comm:cm_crt.obj
 0001:00073743       _crt_find_attribute        11074743 f comm:cm_crt.obj
 0001:000737b9       _crt_field_abs             110747b9 f comm:cm_crt.obj
 0001:000737f0       _crt_field_rel             110747f0 f comm:cm_crt.obj
 0001:00073827       _crt_get                   11074827 f comm:cm_crt.obj
 0001:00073950       _crt_kybd_status           11074950 f comm:cm_crt.obj
 0001:00073980       _crt_put                   11074980 f comm:cm_crt.obj
 0001:00073b43       _crt_put_buffer            11074b43 f comm:cm_crt.obj
 0001:00073d0d       _crt_test_attribute        11074d0d f comm:cm_crt.obj
 0001:00073d55       _crt_match                 11074d55 f comm:cm_crt.obj
 0001:00073e66       _crt_set_mode              11074e66 f comm:cm_crt.obj
 0001:00073f35       _crt_set_window            11074f35 f comm:cm_crt.obj
 0001:00073fe9       _crt_get_cursor            11074fe9 f comm:cm_crt.obj
 0001:00074050       _comm_init                 11075050 f comm:cm_init.obj
 0001:000740b7       _comm_create_rcb           110750b7 f comm:cm_init.obj
 0001:0007412d       _comm_init_buffers         1107512d f comm:cm_init.obj
 0001:00074220       _comm_init_ptrs            11075220 f comm:cm_ptr.obj
 0001:0007432a       _comm_putptr               1107532a f comm:cm_ptr.obj
 0001:000743bd       _comm_getptr               110753bd f comm:cm_ptr.obj
 0001:0007440d       _comm_putat                1107540d f comm:cm_ptr.obj
 0001:00074469       _comm_getat                11075469 f comm:cm_ptr.obj
 0001:000744c1       _comm_cpbuf                110754c1 f comm:cm_ptr.obj
 0001:00074540       _comm_init_x25             11075540 f comm:cm_x25.obj
 0001:00074547       _comm_x25_event            11075547 f comm:cm_x25.obj
 0001:00074550       _comm_init_cpic            11075550 f comm:cm_cpic.obj
 0001:00074557       _comm_cpic_event           11075557 f comm:cm_cpic.obj
 0001:00074560       _comm_init_ctc             11075560 f comm:cm_ctc.obj
 0001:000748c9       _comm_ctc_event            110758c9 f comm:cm_ctc.obj
 0001:00074b70       _ctcrt_sendapi             11075b70 f comm:cm_ctc.obj
 0001:00074bdb       _ctcrt_send_data           11075bdb f comm:cm_ctc.obj
 0001:00074e39       _ctcrt_set_mode            11075e39 f comm:cm_ctc.obj
 0001:00074e8d       _ctcrt_set_window          11075e8d f comm:cm_ctc.obj
 0001:00074ee1       _ctcrt_service             11075ee1 f comm:cm_ctc.obj
 0001:00074f43       _ctcrt_topic               11075f43 f comm:cm_ctc.obj
 0001:00074fa8       _ctcrt_execute             11075fa8 f comm:cm_ctc.obj
 0001:000750a6       _ctcrt_poke                110760a6 f comm:cm_ctc.obj
 0001:000751a8       _ctcrt_request             110761a8 f comm:cm_ctc.obj
 0001:000752b0       _comm_init_lua             110762b0 f comm:cm_lua.obj
 0001:00075430       _comm_lua_event            11076430 f comm:cm_lua.obj
 0001:00075620       _comm_lua_send             11076620 f comm:cm_lua.obj
 0001:00075860       _comm_to_ebcdic            11076860 f comm:c_ebc.obj
 0001:00075967       _comm_from_ebcdic          11076967 f comm:c_ebc.obj
 0001:00075aa0       _comm_to_bulk              11076aa0 f comm:c_bulk.obj
 0001:00075b42       _comm_from_bulk            11076b42 f comm:c_bulk.obj
 0001:00075b90       _comm_to_flag              11076b90 f comm:c_flag.obj
 0001:00075c9d       _comm_from_flag            11076c9d f comm:c_flag.obj
 0001:00075d20       _comm_to_sebc              11076d20 f comm:c_sebc.obj
 0001:00075eb3       _comm_from_sebc            11076eb3 f comm:c_sebc.obj
 0001:00076010       _comm_to_user              11077010 f comm:c_user.obj
 0001:00076110       _comm_from_user            11077110 f comm:c_user.obj
 0001:000762d0       _comm_to_ascii_enc_hex     110772d0 f comm:c_aeh.obj
 0001:00076449       _comm_from_ascii_enc_hex   11077449 f comm:c_aeh.obj
 0001:000764f0       _comm_to_binary            110774f0 f comm:c_bin.obj
 0001:00076908       _comm_from_binary          11077908 f comm:c_bin.obj
 0001:00076d90       _comm_to_bcd               11077d90 f comm:c_bcd.obj
 0001:00076fd8       _comm_from_bcd             11077fd8 f comm:c_bcd.obj
 0001:000771d0       _comm_to_ascii             110781d0 f comm:c_ascii.obj
 0001:00077295       _comm_from_ascii           11078295 f comm:c_ascii.obj
 0001:000773a0       _comm_load_xlate           110783a0 f comm:cm_xlt.obj
 0001:00077bb4       _cs_log                    11078bb4 f cslib:cslib.dll
 0001:00077bba       _cs_init                   11078bba f cslib:cslib.dll
 0001:00077bc0       _cs_config                 11078bc0 f cslib:cslib.dll
 0001:00077bc6       _cs_net_info               11078bc6 f cslib:cslib.dll
 0001:00077bcc       _cs_set_options            11078bcc f cslib:cslib.dll
 0001:00077bd2       _cs_allocate               11078bd2 f cslib:cslib.dll
 0001:00077bd8       _cs_cfgres                 11078bd8 f cslib:cslib.dll
 0001:00077bde       _cs_data                   11078bde f cslib:cslib.dll
 0001:00077be4       _csget_sesstat             11078be4 f cslib:cslib.dll
 0001:00077bea       _cs_confirm                11078bea f cslib:cslib.dll
 0001:00077bf0       _cs_com                    11078bf0 f cslib:cslib.dll
 0001:00077bf6       _cs_deallocate             11078bf6 f cslib:cslib.dll
 0001:00077bfc       _cs_sendapi                11078bfc f cslib:cslib.dll
 0001:00077c10       _ddaget                    11078c10 f dataman:ddread.obj
 0001:00077d16       _ddresetopt                11078d16 f dataman:ddread.obj
 0001:00077d24       _ddget                     11078d24 f dataman:ddread.obj
 0001:000789fd       _ddgetrec                  110799fd f dataman:ddread.obj
 0001:00078aac       _ddgetitemidx              11079aac f dataman:ddread.obj
 0001:00078cc6       _load_refs                 11079cc6 f dataman:ddread.obj
 0001:00079252       _ddgetstat                 1107a252 f dataman:ddread.obj
 0001:000794ea       _fldstosize                1107a4ea f dataman:ddread.obj
 0001:0007956a       _fldobjcount               1107a56a f dataman:ddread.obj
 0001:0007962b       _flddupptr                 1107a62b f dataman:ddread.obj
 0001:00079644       _ddclosestobj              1107a644 f dataman:ddread.obj
 0001:000797e2       _ddarraysize               1107a7e2 f dataman:ddread.obj
 0001:00079840       _ddgetrowcol               1107a840 f dataman:ddread.obj
 0001:000799e0       _ddapplname                1107a9e0 f dataman:ddname.obj
 0001:00079a9a       _ddname                    1107aa9a f dataman:ddname.obj
 0001:00079bd7       _dddictname                1107abd7 f dataman:ddname.obj
 0001:00079bfd       _ddgetbyname               1107abfd f dataman:ddname.obj
 0001:00079cd0       _local_create_group        1107acd0 f dataman:ddlocals.obj
 0001:00079d75       _local_allocate            1107ad75 f dataman:ddlocals.obj
 0001:00079f7c       _local_deallocate          1107af7c f dataman:ddlocals.obj
 0001:0007a058       _local_deallocate_all      1107b058 f dataman:ddlocals.obj
 0001:0007a0ec       _local_get                 1107b0ec f dataman:ddlocals.obj
 0001:0007a184       _local_get_by_name         1107b184 f dataman:ddlocals.obj
 0001:0007a215       _local_index               1107b215 f dataman:ddlocals.obj
 0001:0007a2a5       _local_name                1107b2a5 f dataman:ddlocals.obj
 0001:0007a322       _local_name_by_fp          1107b322 f dataman:ddlocals.obj
 0001:0007a37a       _local_set_ddh             1107b37a f dataman:ddlocals.obj
 0001:0007a669       _local_dump_locals         1107b669 f dataman:ddlocals.obj
 0001:0007a7c0       _ddapplindex               1107b7c0 f dataman:ddindex.obj
 0001:0007a8c8       _ddindex                   1107b8c8 f dataman:ddindex.obj
 0001:0007a9b0       _dddictindex               1107b9b0 f dataman:ddindex.obj
 0001:0007aaa0       _ddopen                    1107baa0 f dataman:dataman.obj
 0001:0007aab7       _ddopenp                   1107bab7 f dataman:dataman.obj
 0001:0007af68       _dictconfig                1107bf68 f dataman:dataman.obj
 0001:0007b1a5       _dictbldindex              1107c1a5 f dataman:dataman.obj
 0001:0007b2f7       _ddclose                   1107c2f7 f dataman:dataman.obj
 0001:0007b3a8       _dict_release              1107c3a8 f dataman:dataman.obj
 0001:0007b5d7       _dict_release_item         1107c5d7 f dataman:dataman.obj
 0001:0007b6c8       _ddlastupdate              1107c6c8 f dataman:dataman.obj
 0001:0007b71f       _ddcreatetime              1107c71f f dataman:dataman.obj
 0001:0007b75f       _ddpath                    1107c75f f dataman:dataman.obj
 0001:0007b786       _ddapplcount               1107c786 f dataman:dataman.obj
 0001:0007b7af       _open_dict                 1107c7af f dataman:dataman.obj
 0001:0007b7f5       _ddhashID                  1107c7f5 f dataman:dataman.obj
 0001:0007b81e       _ddgetprojman              1107c81e f dataman:dataman.obj
 0001:0007b831       _DDspillguts               1107c831 f dataman:dataman.obj
 0001:0007b857       _ddgetdd                   1107c857 f dataman:dataman.obj
 0001:0007b86a       _dd_cleanup                1107c86a f dataman:dataman.obj
 0001:0007b8a0       _cfig_load                 1107c8a0 f dataman:cfgrun.obj
 0001:0007bb0a       _cfig_open                 1107cb0a f dataman:cfgrun.obj
 0001:0007bc2a       _get_moakeyvalue           1107cc2a f dataman:cfgrun.obj
 0001:0007bcf8       _get_moadir                1107ccf8 f dataman:cfgrun.obj
 0001:0007bd19       _get_moaproj               1107cd19 f dataman:cfgrun.obj
 0001:0007bd3a       _get_moacurproj            1107cd3a f dataman:cfgrun.obj
 0001:0007bd60       _ddininame                 1107cd60 f dataman:ddini.obj
 0001:0007be90       _ddgetlist                 1107ce90 f dataman:ddgetlst.obj
 0001:0007c520       _btreeitemindex            1107d520 f dataman:ddfmindx.obj
 0001:0007c5fa       _btreedaddr                1107d5fa f dataman:ddfmindx.obj
 0001:0007c6a3       _btreegetbyindex           1107d6a3 f dataman:ddfmindx.obj
 0001:0007c850       _convert_ints              1107d850 f dataman:ddbytrev.obj
 0001:0007db20       _btreegetstat              1107eb20 f dataman:ddfmread.obj
 0001:0007dbf2       _fmread                    1107ebf2 f dataman:ddfmread.obj
 0001:0007dc70       _btreeitemname             1107ec70 f dataman:ddfmname.obj
 0001:0007dd40       _btreeopen                 1107ed40 f dataman:ddfminit.obj
 0001:0007e002       _btreequickndx             1107f002 f dataman:ddfminit.obj
 0001:0007e3db       _btreecountitems           1107f3db f dataman:ddfminit.obj
 0001:0007e5cd       _btreebldindex             1107f5cd f dataman:ddfminit.obj
 0001:0007e7b2       _btreeclose                1107f7b2 f dataman:ddfminit.obj
 0001:0007e896       _ddbuildfname              1107f896 f dataman:ddfminit.obj
 0001:0007e9e0       _ddreload                  1107f9e0 f ddmaint:ddreload.obj
 0001:0007ea70       _ddrename                  1107fa70 f ddmaint:ddrename.obj
 0001:0007eb90       _btreeinsertitem           1107fb90 f ddmaint:ddfmwrit.obj
 0001:0007ec0a       _btreeinsert               1107fc0a f ddmaint:ddfmwrit.obj
 0001:0007ee5b       _btreedeleteitem           1107fe5b f ddmaint:ddfmwrit.obj
 0001:0007ee9f       _btreedelete               1107fe9f f ddmaint:ddfmwrit.obj
 0001:0007f053       _btreeputstat              11080053 f ddmaint:ddfmwrit.obj
 0001:0007f1fd       _fmwrite                   110801fd f ddmaint:ddfmwrit.obj
 0001:0007f279       _btreewrite                11080279 f ddmaint:ddfmwrit.obj
 0001:0007f510       _ddsetsignal               11080510 f ddmaint:ddsignal.obj
 0001:0007f540       _dd_inc_update             11080540 f ddmaint:ddsignal.obj
 0001:0007f552       _dd_dec_update             11080552 f ddmaint:ddsignal.obj
 0001:0007f640       _ddput                     11080640 f ddmaint:ddwrite.obj
 0001:0008033c       _dddel                     1108133c f ddmaint:ddwrite.obj
 0001:0008066b       _ddputstat                 1108166b f ddmaint:ddwrite.obj
 0001:000809cb       _ddsaveqck                 110819cb f ddmaint:ddwrite.obj
 0001:000813c0       _btreerename               110823c0 f ddmaint:ddfmren.obj
 0001:000816c0       _ddaddappl                 110826c0 f ddmaint:ddmaint.obj
 0001:00081909       _ddidentical               11082909 f ddmaint:ddmaint.obj
 0001:0008272b       _legalname                 1108372b f ddmaint:ddmaint.obj
 0001:00082c20       _deccmp                    11083c20 f decmath:DECCMP.OBJ
 0001:00082e90       _decadd                    11083e90 f decmath:DECADD.OBJ
 0001:00083141       _decsub                    11084141 f decmath:DECADD.OBJ
 0001:00083700       _decmul                    11084700 f decmath:DECMUL.OBJ
 0001:00083798       _lomul                     11084798 f decmath:DECMUL.OBJ
 0001:00083960       _decdiv                    11084960 f decmath:DECDIV.OBJ
 0001:00083cd3       _decmod                    11084cd3 f decmath:DECDIV.OBJ
 0001:00084510       _abscmp                    11085510 f decmath:DECMISC.OBJ
 0001:00084580       _decmove                   11085580 f decmath:DECMISC.OBJ
 0001:00084789       _dectrim                   11085789 f decmath:DECMISC.OBJ
 0001:00084820       _decmovlj                  11085820 f decmath:DECMISC.OBJ
 0001:00084940       _sl_create                 11085940 f dsplist:scrlist.obj
 0001:0008498f       _sl_append                 1108598f f dsplist:scrlist.obj
 0001:00084b66       _sl_remove                 11085b66 f dsplist:scrlist.obj
[...]
FIXUPS: 9d9d 15 32 46 15 1b 2d 12 1e 22 19 15 1e 1a c 58 4e 1a 4f 1d 49
FIXUPS: a1ea 30 43 c 19 1b 26 fffff36d 17 1c 42 1c 16 28 20 5a 2f 31 34
FIXUPS: 9824 2b 1c 7e 97 23 2d 40 10 47 93 f 1d 45 ae 19 22 5b d 60 ffffeeb7
FIXUPS: 8be7 d ed 1c fa 1c 116 fd 3a 18 36 15 17 1d 1d 1d 1d 1d 1c 7c dc
FIXUPS: 9326 22 c 22 ae 35 1d 9e cd 21 fffff071 6b a 31 1c 1c 21 a cd 40
FIXUPS: 88b5 15 13 23 19 1d 22 a c6 15 1a 1e 26 18 1c 1f 1a 14 15 16 24
FIXUPS: 8b8d ffffee99 20 97 31 4a 2f 1e 51 fc 4a 132 aa 39 2a 9 5e aa 20f
FIXUPS: 82c0 19 7e ab 10 1e 2a 8b 13 3d ad 1f 40 12 ffffe65a 43 b9 d8 7b
FIXUPS: 6fd0 26 a4 50 c2 2f 2a5 53 1a 19 93 16 11 c 16 5e a8 25 b9 9 1e
FIXUPS: 782c 89 25 11 1f 10 ffffec36 25 b4 d ae 9f 69 42 2d 36 12 4e 8
FIXUPS: 691a 24 38 1a 25 40 c d 4b 24 39 5c c 55 12 1b 6c 3f 5a fffff00b
FIXUPS: 5ebf 24 32 24 2a 10 24 3e 4f b9 38 4c 3f 24 44 17 2e 41 17 36 1e
FIXUPS: 6303 17 29 24 a4 4f 7a 24 a 35 72eb ffff7e0a 9 1c 56 14 120 24
FIXUPS: 5841 81 14 8 2d 9f 38 64 4b a 18 c 11 1d 1c 6e 36 14 2b 14 23 32
FIXUPS: 5c72 8 6f9d 59 9 6e 2e 34 7f 21 5e 1f 19 e8 1b c 21 28 d 2a 13
FIXUPS: d550 18 18 18 18 18 18 a2 2f 2e a5 22 45 ffffe4bf 17 cf 1ed 169
FIXUPS: c1cb 23f a5 d6 72 44 c6 61 e 12 25 e 53 32 7e 3a e 79 5f 23 11
FIXUPS: ca3d 42 11 5c 1f 12 22ac 21 c 29 ffffea94 29 38 10 14 14 43 19
FIXUPS: d9bc 4f c 23 1b ffffdc18 36 58 14c 1b c 36 1a 25 46 25d 21 d 11
FIXUPS: bbd5 2dcf c 1a c 1a c 1a c 1a c 1a c 1a c 1a c 1a c 1a 60 2f 23
FIXUPS: ebe0 1e 1a c0 26 52 12 30 c 1f fffff455 72 25 79 1b 33 9 f 21 36
FIXUPS: e3ef 7 1b 56 81 15 2a f 10 9a 3b 11 a2 3b 11 110 38 45 c 21 aa
FIXUPS: e98a 577d 9f 17 ffff9968 19 3d 1f 3c 2b 31 3a 27 16 12 5 3e 5 55
FIXUPS: dd64 c d 1c c 18 6c 90 34 bf ae 4e 91 5e 5766 1c f 4e 6d 9a 3b
FIXUPS: 13ac8 9 52 10 9 1a 9 67 31 10 9 4e 36 9 21 32 e 9 47 9 12c 14f
FIXUPS: 1409f 1a 34 fffff03f 15 46 be 76 5f 29 36 56 13 17 22 17 22 17
FIXUPS: 1348d 17 1a4 f 6a 1c 5c 27 8 1f 26 31 1c 20 44 30 4a fffff2cf c
FIXUPS: 12bbf 9 26 c 10 9 24 11 9 26 c 10 9 24 11 9 2a 2a 1e 252 45 31
FIXUPS: 1303a 2e 25 13 1d 1b 38 c fffff425 3c 21 9 24 11 9 c9 24 34 89
FIXUPS: 127cd 34 31 1a 11 4e 2c 52 18 16 114 31 10 9 38 29 10 9 1d 2c 9
FIXUPS: 120ae 11 9 26 c c 9 35 2b c c 9 35 2b c c 9 35 6e 20 1d 33 2a 94
FIXUPS: 12406 34 40 1a 3c 9 23 18 fffff88e 5f 1e 14 1c 14 1c 14 10 1d 10
FIXUPS: 11ed9 24 11 9 11 1e 10 24 11 31 14 10 9 24 11 9 2a 10 10 10 9 fffff79b
FIXUPS: 11871 14 1a 1c 3c 65 14 24 18 30 23 3c 94 10 14 f 9 27 18 37 3b
FIXUPS: 11c11 d 14 f 9 27 18 37 7c 37 fffff4ef 1b 22 2e 1c 16 2c 63 18
FIXUPS: 113c3 75 13 1e 26 18 1d 16 1c 8d 16 78 9 26 24 9 f 23 aa 1e 39
FIXUPS: 117b9 30 fffff611 9 37 10 52 20 10 9 3f 16 10 9 23 11 9 2f 21 14
FIXUPS: 1101b 30 1c 78 9 59 9 2f 21 14 45 30 1c 1a fffff6c1 3b 10 9 3f
FIXUPS: 109da 22 9 23 11 9 11 d1 28 3c 7d 3b 10 9 3d 20 10 9 3f 2f 10 9
FIXUPS: 10d7a 1f 23 9 24 fffff443 9 23 18 10 9 24 11 9 49 53 19 12 3a 2f
FIXUPS: 104c5 2f 10 9 3d 28 27 9 23 8d 9 11 d3 28 16 ef 28 fffff475 10
FIXUPS: fd22 24 2c 9 11 10 c 26 9 1f 11 9 37 5d 20 10 9 3f 16 10 9 23 11
FIXUPS: ff88 c2 d1 27 3c 5c 16 fffff45e 33 2e 1a 11 29 1a 11 2c c 3a 1a
FIXUPS: f7e5 76 1f 97 13 16 2a 18 17 1c 9e c 26 2d 3c 175 2f 10 9 3f fffff4ee
FIXUPS: f1f4 11 25 e 7e 1a 27 2c d 24 36 12 1d 9 26 21 11 1f 6f 28 11 c
FIXUPS: f4f6 26 22 11 1f 10 11 9 92 5ff3 2a 10 3a 118 56 1c 77 2c 10c 53
FIXUPS: 15a29 80 21 ffff93ae 92 16 16 11 c 70 1a 16 12 24 40 1b 18 28 50
FIXUPS: f135 33 5e19 c 34 f9 24 5b c 4d c 3a 4c c 2a 3b c 2e 20 3e c 84
FIXUPS: 153c9 3e 4d c 57 13 76 c 34 3b c 4a fffff2fc 2e 22 14 26 c 4d c
FIXUPS: 14a4c c 4d c 4d c 4d c 6f 2c 37 ae 2c 15 4c 86 27 c 4d c 4d c 4d
FIXUPS: 14f34 10cc 2d 29 84 1e 8e c 2a 36 c 4d c 4a c 5a 3b 4f 30 7e 1c
FIXUPS: 1646a ed c 41 c 4c c 34 ffffdf3d 173 53 138 1297 87 1a 18 21 c
FIXUPS: 15c0c 21 c 18 21 c 18 21 1a 18 28 7e 24 1f 18 36 c 4d c 4a c 34
FIXUPS: 15f7a 24 1c 3a 2fa8 1b 1b 21 c 10 2c 18 4c 6a 2e e1 7f 2f 10 31
FIXUPS: 19329 42 14 14 13 13 17 16 13 14 13 b f 14 14 ffffc6a7 3071 14
FIXUPS: 18bd7 1a 16 1a 2d 16 16 1a 1d 10 23 18 14 2c 26 e 22 1c c 69 25
FIXUPS: 18e53 25 1f 2d 2d 17 58 17 19 fffff3c1 156 10 45 17 24 4f 4e 34
FIXUPS: 1861c 24 36 15 27 1c 73 14 29 10 1c f5 19 2e 46 33 10 93 14 40
FIXUPS: 18a66 76 14 fffff47e 1b 34 16 13 14 21 26 13 23 39 10 3a 16 14
FIXUPS: 18137 22 25 13 22 41 18 c 25 23 2e 22 25 13 18 c 23 fffff6b7 42
FIXUPS: 17a3e 17 b7 109 25 14 14 22 b 1f 5e 25 b 35 38 19 c 19 19 2e 19
FIXUPS: 17e60 19 34 26 14 19 26 13 19 fffff6b4 1f c 1f 26 b 2c 17 26 b
FIXUPS: 1772f 17 1c 26 b 2c f 10 1e 45 17 45 16 f 1e 45 17 16 10 f 19 45
FIXUPS: 1728f 42 2e c 1f c 33 19 c 24 c 1f c 1f 26 b 2c 24 19 c 24 c 22
FIXUPS: 1750c 1f c 1f 26 b 2c 29 1e fffff8b5 2d 25 b 2d 25 b 2d 25 b 2d
FIXUPS: 17018 b 2d 25 b 2d 25 b 2c 5b 20 22 b 13 1b 1e c 24 c 1f c fffff7e5
FIXUPS: 16a76 26 b 2d 20 b 33 27 f b3 c 24 c 1f 26 b 2c 25 33 1f b 28 c
FIXUPS: 16dad c 5e 1f b 1f 1f 25 35ff 119 ffffc0ab 16 77 c 17 35 c 24 c
FIXUPS: 167e6 1f b 13 1f 26 b 2d 26 b 2d 26 b 2d 26 b 2d 26 b 2d 26 2c91
FIXUPS: 196db 14 8a 70 9f 37 10f 7d 6b 1d 1c 3a 1d 12 2a 2c 12 1f 3a 5d
FIXUPS: 19cb7 39 23 72 af 36 5c 55 3b 47 191 2f62 37 15 6d 20 35 53 52
FIXUPS: 1d322 25 200 83 202 6e 259 71 2fb 1e5 42 8d ffffb3d8 16 2c c 14
FIXUPS: 19513 3e c 17 31 c 99 2d70 cc 5d 18 82 80 6a 246 4c 15 15 16 13
FIXUPS: 1c976 36 28 41 3e 88 1a 2b 66 2c 15 e0 25 17e 9e 7d f 2d 2d ffffda02
FIXUPS: 1ab29 477 3c d7 15 233 4e1 33 8d 113 f3 58 15 7b 1f 11 107 1a3
FIXUPS: 1be89 5b 24 5f a1 1f 1b 35 e3 15 85 11 25 bba3 c 17 1e 28 c3 91
FIXUPS: 27fa3 65 fe f3 1a 7b 20 1a 67 49 1a 45 41 1d b5 27c a3 3d 3f 94
FIXUPS: 1a5d9 f2 8d 15b 9a c683 ab 52 68 51 139 b4 11 3a 50 3b 16 59 63
FIXUPS: 27532 58 63 85 85 69 51 42 4c fd 39 22 25 160 208 2c 23 42 ffffe645
FIXUPS: 26410 b3 11 5d 1b 46 41 1e 16 35 79 90 10 10 49 a2 37 2e 26 262
FIXUPS: 26bfc 60 67 89 6b 3f 92 70 24 4a 13 ffffe8a5 127 52 58 f 4c 32
FIXUPS: 25a85 42 4a 37 53 4e 37 81 58 73 98 1a 36 e 60 49 ad 44 ea 4a a9
FIXUPS: 26253 7d 8b 72 ffffec7a 65 3a 19 4b 4a 2c 4b 49 1f 8c 4d 43 a2
FIXUPS: 2543e 51 13 2e 4b 5e 62 50 1d 4a 51 43 27 21 23 1a c 1b ffffef99
FIXUPS: 247e2 51 8 16 50 3b 27 44 7c 4b 41 49 39 5d 1c 5f 4d 46 4e dc 4e
FIXUPS: 24e05 51 7e 4c 8 d 12 3b 7b 8 ffffeeae 8 5 59 3d 18d 60 58 47 5a
FIXUPS: 242b6 4a 57 8 9 9 40 67 1b 64 8 6d 52 5e 8 4d 15 41 44 20 49 e
FIXUPS: 23439 1a 1a 16 16 16 16 16 55 25 49 213 a7 25 3b 47 71 5b 6e 6a
FIXUPS: 23ae7 84 51 63 25 5a 25 3b 51 f 3d b5 ffffefc8 51 20 13 33 54 11
FIXUPS: 22f85 2c 51 4f 2b 3b 8 4b 46 1b 53 57 8 38 f 53 48 12 9 55 48 1a
FIXUPS: 233eb 1a 1a fffff2d1 19 38 64 3a 1c 4b 1b 53 8 79 2b 27 49 12 9
FIXUPS: 22a3c 20 55 1e 14 44 43 48 55 53 54 4f 3a 7d 49 12 fffff221 3a
FIXUPS: 220e0 2a 1f 21 3a 27 21 15 13 10 11 11 42 eb 67 19 2f 3b 10 2c
FIXUPS: 224b1 44 e 73 6a 2d 45 8 4a 8 ffffeb7d f 1b a2 81 27 2b 83 95 12
FIXUPS: 21511 1f 1f 1f 38 1f 3a 19 ce 67 cf 35 f f 3a9 f3 8e 88 f4 54 39
FIXUPS: 21fdc ffffe8bf 94 3f ab 3f 4d 3e 2d 3c 27 1b 4f 6b 3f 3b 24 18
FIXUPS: 20d16 18 85 d5 40 76 20 2d cf 6d 33 3c 27 32 40 ffffef71 5d 2d
FIXUPS: 201f0 9 1f 9 8a 3f 2d 20 45 5 64 3f 2c 32 65 3f 2d 20 56 3f 2c
FIXUPS: 20661 37 3e 19 52 47 3e 7c fffff3b8 1b 9 1a 9 1b 9 59 28 28 28
FIXUPS: 1fdb0 3f 2d 2b 9 1c 9 1c 9 1c 9 42 71 3e 2d 2c 9 1a 9 5f 15 fffff3fd
FIXUPS: 1f4bc 39 16 3a 49 45 43 3f 24 e 53 3e 2d 2c 9 1a 9 ec 3f 2d 15a
FIXUPS: 1fa7c 2c 9 1a 9 2c 5a 3e 2d 2c fffff1bb 17 16 17 16 56 56 53 65
FIXUPS: 1efa8 26 27 1b 4f 7c 89 49 46 45 48 48 16 39 16 3a 16 3a 16 39
FIXUPS: 1f41c 3a 16 fffff327 3d 42 56 47 57 58 8 43 4c 3e 9 19 9 1a 9 1a
FIXUPS: 1eaa4 19 9 1a 9 a8 6d 19 e 47 3f 19 a6 16 17 a623 34 10c 1fb d
FIXUPS: 29713 170 134 13 26 15 1d 26 2b 146 24d 19 ffff43fa 37 85 3f 5a
FIXUPS: 1e3b5 1b 64 9d 86 36 a5 b4 54 e a421 2e 28 24 17 145 8 1a5 33 36
FIXUPS: 28f7d 60 1f 1f 1f 1f 2b 16 28 b 23 1a 32 1a 33 44 32 33 2f 2f 27
FIXUPS: 292da cba 1f 25 15 14 9 81 d7 f 10 11 55 54 98 c 15 c 11 d 10 137
FIXUPS: 2a46e ffffe4fa 1c 1c 25 17 b7 1c 35 24 4a 3a75 18 1f 19 16 17 19
FIXUPS: 2c673 15 21 11 f 12f 21 55 17 d 25 f 10 ffffdbc8 a2 f d 18 4f a3
FIXUPS: 2a66f 36 1a 33 22 1ba5 2a 17 1f 1a 10 16 16 f 18 f 16 22 11 d f
FIXUPS: 2c43d 17 17 18 16 f 23 25 25 f 17 18 1f f 18 f fffff67c 1e 11 3c5
FIXUPS: 2c02e 16 15 16 16 15 16 16 f 18 1b f 16 14 15 14 f 31 f 16 15 f
FIXUPS: 2c213 29 f 1e 2a 17 fffff31c b0 6d 2a 82 19 22 47 d d 19 64 4c
FIXUPS: 2b92d f 40 30 47 21 12 37 41 1a 21 f 37 40 20 37 1e 19 1e fffff4bf
FIXUPS: 2b0ef 1b 21 f 25 1b 19 24 21 19 21 19 5c 14 12 46 96 2e 30 24 24
FIXUPS: 2b452 1e 7 16 40 1c 55 2d 1e 19 fffff535 28 29 28 29 28 88 59 26
FIXUPS: 2accd 19 25 19 24 2b 2a b9 21 26 3c 22 21 25 23 18 16 24 23 24
FIXUPS: 2b021 6d 2d 4985 14 d 61 16 ffffacb9 23 24 24 2b f 25 1b 21 f 25
FIXUPS: 2a8e6 21 f 2a 13 1b 21 f 2a 13 1b 19 26 28 29 28 492a 25 10 22
FIXUPS: 2f459 19 19 18 19 19 24 5d 1b6 6d a 23 11 6d c 9f 1a 17 2f 2d 17
FIXUPS: 2f98a 1f 2b 14 18 1b 13 fffff1eb 38 19 21 7e 11 21 19 15 11 d3
FIXUPS: 2ee59 8 c f c 38 3e 3d 1f 15 15 f0 15 9c 98 7b 58 76 13 32 5d fffff102
FIXUPS: 2e4c5 1e 2e 24 24 147 1c 11 f 17 3b 5d a8 f 25 26 3e f 25 10 8b
FIXUPS: 2e9f2 89 41 19 25 90 11 4a 14 e fffff350 12 12 12 14 12 8 a 92
FIXUPS: 2e06b 36 43 2d 14 28 28 6f 33 34 2e 20 a 8d 1b 2b f f 21 75 21
FIXUPS: 2e465 27 fffff39f 45 2b 20 ae 5c 65 18 2a 66 c 3b c 31 22 37 d4
FIXUPS: 2dc90 d 78 8 33 8 1b 8 1b 51 8 1b da 4a 17 fffff069 1b 26 40 6d
FIXUPS: 2d115 41 2b 3d c 1a 1e 6e b4 47 c 25 2a 15 72 60 2b c0 38 32 3d
FIXUPS: 2d68b a7 46 32 3b 2e fffff122 1b 6d 13 1b 1f 1b 1b 14 40 22 c 1b
FIXUPS: 2cb12 1f c 1b 5e 22 26 37 48 1c 1b b4 31 46 53 bc 26 34 1d 3de6
FIXUPS: 30d5d 12 3b 9 1a 12 12 12 41 9 1c 9 18 9 39 13 21 13 13 13 1b 13
FIXUPS: 30f7a 13 36 4a 12c c ffffb7bc d 1a 3cd1 78 12 78 6f 2a 25 52 18
FIXUPS: 30839 16 1b 1a 18 16 16 1b 1a 34 f9 30 5f 16 4b d3 c 38 9 56 28
FIXUPS: 30ccb 6e fffff080 11a 15 30 71 e 47 23 50 59 10 103 e 3b 14 50
FIXUPS: 302c3 10 80 23 1e 30 40 e a5 c 12 3a f 25 79 2a 6880 1c 24 43 17
FIXUPS: 36f09 36 24 f 8 16 24 f 11 15 3e 17 ffff8aea d9 15 20 28 e ab c
FIXUPS: 2fd31 f f 36 f f 8 67bc 1f e 8 48 63 17 e 17 22 11 2c 77 87 22
FIXUPS: 36824 21 22 22 21 1c 9a f 175 73 28 42 86 3b 67 c1 83 fffff0f1
FIXUPS: 35f39 67 c 59 28 21 5a 1b 1b 1b 45 5b c 51 21 d8 39 49 22 2c 26
FIXUPS: 363f4 70 11 15 20 1c 1c 19 58 c fffff00d 17 39 15 28 13 16 f 1d
FIXUPS: 3566b 11 64 3f b7 1b 139 38 4a 27 25 35 2e b5 48 71 40 b4 25 55
FIXUPS: 35dc8 7d 37 ffffe955 1b 13 17b 14 122 13 116 19 5d 13 13e 13 f7
FIXUPS: 34f1f 19 14 b0 5f f 12f 38 58 6d c1 2e 51 2c 4b 38 2e 35 ffffeb95
FIXUPS: 3413e 31 37 34 7c 15 17 2b 29 2b 5e 50 11 10 f 14 19 19 19 10 11
FIXUPS: 3448b 50 63 14 8f 13 65 69 13 e8 ffffee26 8c 4b c 73 23 12 1d 44
FIXUPS: 337e6 7a 47 74 16 67 4a f2 4a ae 4a 3a c ec e3 26 35 6a 5a 52 55
FIXUPS: 3402e 43 ffffedf6 15 30 17 12 1a 1e 1c 15 31 15 31 15 37 9 15 61
FIXUPS: 330e5 c c3 2b 18 bd 7d c 62 33 52 c d4 c 8b fffff242 39 116 3f
FIXUPS: 329ee 1c 29 9 7b 20 2d 1d 39 9 5e 15 5a 15 5b 15 31 15 31 1d 23
FIXUPS: 32d81 31 17 2d 1a 23 19 fffff06d 40 9c 2b f 16 9a 33 68 119 16
FIXUPS: 32295 f 4c 93 ba 57 42 1b 5b 32 73 1b 16 70 61 18 23 15 1c 8 5
FIXUPS: 3155e 26 16 17 17 16 17 17 158 5 c9 4a 19 13 a2 a1 1ae 1d 8 11
FIXUPS: 31c5d f a 7b f a 12 12 36 33 45 2b 818b b 55 b 1f 14 12 b 44 f
FIXUPS: 3a0e4 21 f ffff70b5 3d 1a 52 10 f 21 15 5d 9 14 68 14 d 19 16 36
FIXUPS: 314da 7b 84d8 117 35 b 92 16 b 25 18 f b 19 b 3a 16 b 23 1b 36
FIXUPS: 39d8c 38 16 b 40 b ae b 1c 16 b 4b 12 ffffeea6 21 1b5 b 2a 46 38
FIXUPS: 390d8 e2 39 21 45 26 3a 37 a6 58 19 1e 25 31 40 3e 8b 36 59 3e
FIXUPS: 3965c 99 53 b 54 ffffeaa8 2d 3e 33 2d c3 2d 9b f 12 44 20 44 cd
FIXUPS: 38666 b 134 3f 23a 48 c 2c 34 43 46 b9 92 3f 49 62 b 1c ffffebe1
FIXUPS: 379e5 1c 42 b 26 58 28 5b b 50 e 9 10 1b 57 6b f f 25 24 49 39
FIXUPS: 37de8 b 8b b 9f 29 26 174 b6 fffff048 85 1b 27 18e b 61 19 13 22
FIXUPS: 3751d 36 3f a3 23 1a 1e 11 2b 78 50 1e 1b 12 5b 26 1a 13 8 27 b7
FIXUPS: 3797b 5978 17 15 1f5 d0 46 aa 3d 38 67 5f d8 4f 5c c 57 10 15 2e
FIXUPS: 3da5a 27e 40 2da ffff9094 24 1a b 3e 49 5a b 26 51a7 8 bf 23 4c
FIXUPS: 3c521 72 f 1f6 100 10b 46 d2 21 71 2b 1a 8 6e 1d c0 91 41 19 5
FIXUPS: 3cf96 199 f2 44 19 42 1e ffffe8f1 1d 1c 16 26 d 5c 8 82 1c 39 10
FIXUPS: 3be98 1c 48 10 8 f 22 ac 4e 1e 1a 8 1f5 c 4c 5a 13 1a 8 13 fffff158
FIXUPS: 3b4fb 3e 10 41 1a 2b 2a 1c 13 34 19 2c f 3a 47 66 9b 3b 20 15 13
FIXUPS: 3b8d6 16 97 48 2e 1e fc 63 1c 16 ffffeb31 101 33 ab 11e ae 23 23
FIXUPS: 3aaf4 38 1e7 13 159 b4 19 13 67 7a 11c 19 29 61 19 3e 23 ab 40
FIXUPS: 3b374 46 1f 69 34 3b26 12 57 23 8a 8a 2e 60 1c 14 1c 12 57 c 14
FIXUPS: 3f2c8 e4 44 3b 23 8 67 ffffaddf fc fa 95 27 12 46 61 2b 46 3f7e
FIXUPS: 3e610 15 1a 15 1a 15 1a 15 1a 15 1a 17 1a 2e 32 33 c4 a8 5f 30
FIXUPS: 3ea0d 38 2a 2b 12a f0 bf 26 12 10a 48 a13c 8 ffff659c 2f 43 2a
FIXUPS: 3e02e 29 53 29 bc 28 1e 18 7f 44 bd 23 2d 4c 30 15 2f 8 29 9f 16
FIXUPS: 3e57d 17 1a 17 1a 9a66 19 2a 1c 38 28 b 33 42 3f6 2a 24 20 76 4b
FIXUPS: 486b7 53 78 6c b 17 17 170 207 1e4 86 32 7a 1b e1 7 21 ffffe5c0
FIXUPS: 475b3 34 51 15 11a 34 33 f 58 70 58 89 2f 77 17 3b 16 49 1d 64
FIXUPS: 47be5 66 162 3a 3b 3c 97 d3 25 24 b ffffee82 2f 74 61 f 53 f 57
FIXUPS: 47098 f 5f 3a f 2f 4c 80 f 3e 16 3f 82 1d 1d 1f 69 8d 50 2d 19
FIXUPS: 47561 f 19 fffff00f 40 2b 93 2e 9d c0 53 f 28 f 28 f 57 59 7b 23
FIXUPS: 46a84 ae 23 7b 23 7b 23 7b 39 f 2e 2e 64 39 22 ffffee40 1e c0 3d
FIXUPS: 45e82 66 23 21 45 86 47 51 ce 7a 15 7e 1e 5 20 c 22 20 1d 3a 5c
FIXUPS: 4640f 5d 35 f 28 f 7e ffffeda0 be 57 2c 1e ef 6a 61 7e 60 56 c2
FIXUPS: 45884 2b 21 1c 34 f 28 f 28 f 41 f 44 1c 76 31 29 39 bb 13 ffffe934
FIXUPS: 44645 9f 67 65 3d 6b 75 46 12 b 26 12 b 96 125 25 12 b e6 a9 be
FIXUPS: 44e81 1f 4a 22 71 22 127 3a 5c 2b ffffe81e 42 1b 13 3b 29 98 f
FIXUPS: 43b36 27 d 26 1d 6c 7 ad 67 f 31 22c f 74 3a f 50 144 30 56 e1
FIXUPS: 443bc ea 67 ffffea55 4a 64 68 5 39 17 23 36 22 77 86 14 36 9b b9
FIXUPS: 4340e d 3a 55 24 1a c9 5c 95 48 29 194 16 4e 1d 52 ffffeb5a 99
FIXUPS: 42593 3a 5d 26 2d 37 4a 1b 21 74 52 d9 11a 24 d1 1a f 2a 6a 1a
FIXUPS: 42bd5 2f 114 29 f3 f 30 22 14 12 ffffe904 6d 30 26 30 1e 4c 1a
FIXUPS: 41966 1e 2e 3e 1d 28 1a 69 94 123 31 2e f 2d 36 2d 72 1cb dc 22
FIXUPS: 4211d 22 d6 193 ffffe7ae 138 25 45 42 1d 61 dd 24 22 4c 3b 56 22
FIXUPS: 4105b f 29 10b 15c b8 42 f 1e 6e 25 25 27 100 23 77 8b 71 ffffe576
FIXUPS: 3fd4d 58 35 136 8f 3c 4c 1b 63 292 b8 4c 14a 4c 87 f 1e 1d d0 42
FIXUPS: 407d6 1e 12b 5 5c 39 75 f 57 11 39 d045 15 19 6f b 68 16 12 b 8
FIXUPS: 4dd0f 58 9a 55 22 24 ffff19be 19 2a 1c 4e a8 4e b 124 15 1d 1c
FIXUPS: 3fc02 a0 17 3e d3e0 87 23 34 23 54 f 8 2c ed 66 41 26 bb 5e 156
FIXUPS: 4d6aa 62 2f 85 b cb b 5f b 21 b 28 12f 33 11 2a ffffe9c1 7 3d 45
FIXUPS: 4c54e 79 1dc 20d b 21 b 24 b 26 12a 1f 2d 27 15 c6 68 f 154 15
FIXUPS: 4ceb6 2f 49 97 2e 28 2a 45 ffffeac7 6a f 78 5 14 a 58 75 41 166
FIXUPS: 4bf11 a5 c 13 f 11 b8 36 25 63 aa 40 36 35 27 17 37 53 28 a 53
FIXUPS: 4b3ae 22 1f 31 18 18 1c 12 16 68 f 1a 16 a3 19 3a ff 19 6a 19 28
FIXUPS: 4b849 42 b8 5b 3e d0 5 28 12 10 34 fffff05a f 51 5 32 20 30 8 5
FIXUPS: 4acfc 18 8 13 db 89 d6 27 c 2b e5 20 10 c 2d 2b 2d 2a 6d 92 55
FIXUPS: 4b2fe 72 ffffebee 6d be 12c 1e f 1e 37 1e c 2d4 14 71 f 1e 27 c
FIXUPS: 4a64d 67 f 1e 37 82 be 129 1e f 1e 37 33 1b c6 ffffee0b 22 14 3f
FIXUPS: 499af 33 21 69 85 76 87 6b 10 10 10 10 10 10 10 5e 10 10 10 10
FIXUPS: 49d77 10 10 e7 2b c 20 54 779f 45 23 41 c 16 f 55 12 52 35 ad ffff777c
FIXUPS: 490dd 1b3 19 3d 17 d 91 da 3a 3e ab e 2d 2f a6 1e 87 173 43 7337
FIXUPS: 50c8b ae 12f 5e 49 1ca 3d b 63 27 185 3b 2d b 85 13e 11 c e e 18
FIXUPS: 515c8 c 2e 13 13 c 8 f f 5f ffffeb0c 2d 42 21 6f 123 22 ba 2b 17
FIXUPS: 50571 19 33 21 42 89 3f 64 35 2c 2e 1b 38 a 38 28 15 126 1f 143
FIXUPS: 50b85 76 ffffeb0c 3b 29 8c f 13 4f 19 4c bb 45 a 38 66 1a 92 a
FIXUPS: 4fb37 d3 42 42 42 2a 84 216 24 a5 2f 17 17 72 1f ffffe59f c7 30
FIXUPS: 4e81b a 13 40 79 9d 2b 16 78 3b 184 237 96 18 15 28 85 34 cc 85
FIXUPS: 4f27a 268 c1 2f 77 41 1b 20 18 23f6 57 3e 2b 25 ffffc549 23 19
FIXUPS: 4e172 30 14 10 53 40 15 28 31 1f 27 24 12 7b 12b 2c 2c 45 2e c
FIXUPS: 4e5f4 15 7e 57 57c2 1b 43 5 5 a 65 8 1b f 11 50 14 b 8f 13 5 5
FIXUPS: 54220 ffffd781 19 d 16 d c d e 11 d 1e 2e 32 21c3 1a 25 d 22 8
FIXUPS: 53cf9 8 5 5 a 38 f 8 9 21 12 b f 12 b 8 d 18 f f 8 5 11 5 b 29
FIXUPS: 53a1a e d e d e d e d e d 17 e 10 36 1b 25 8 1a f 8 a d d 4d 11
FIXUPS: 53c18 f 12 b f 12 fffff8d9 35 5e 3c 62 3c 65 3e 53 7b 88 1d 1a
FIXUPS: 538e8 19 e d e d e d e d e 20 e d e d e d e fffff754 2c 11 15 13
FIXUPS: 531d4 11 21 1e 1d 1e a6 21 22 21 21 22 26 4c 9 8 e 9 8 31 28 19
FIXUPS: 534ca 14 c a a fffff840 21 24 8 16 8 13 28 16 16 15 18 16 c 8 10
FIXUPS: 52e83 8 48 1a 31 a 12 19 12 11c 30 7 18 b 2f 19 fffff9cf 8 33 6
FIXUPS: 52b67 11 8 5 5 a 25 25 14 1a 8 17 8 5 12 a 11 21 8 e 1c 16 b 8
FIXUPS: 52cf5 f 21 8 fffff92c 10 13 1d b 14 c1 21 b 10 31 19 12 b f 12
FIXUPS: 52848 d1 28 1e f 24 1f 28 9 a 5d 29 30 e 21 16 fffff69a d c 24
FIXUPS: 52221 17 e d c 24 63 17 e 27 63 17 12 8 26 e d d d 26 17 13 2e
FIXUPS: 52552 78 37 34 19 fffff6d1 1c 20 1c 15 6e 51 56 22 a 25 1f 13 14
FIXUPS: 51f43 89 18 13 5 5 5 c 15 34 8 17 49 a 52 a 25 25 4bff 5f 8e 3e
FIXUPS: 56f0b 2a 59 c 4a 74 244 ec 142 41 15 90 c 1c ffffa627 a 8 5 19
FIXUPS: 51c5b f 8 5 1a 2c 8 1e 1c 43bf 1a 1c 12 e0 3b 70 5a 1a 14 14 33
FIXUPS: 563d2 92 69 92 103 2b 4d dd 2e 27 111 2b 1ab c 15 91 9d a1 c 16
FIXUPS: 556b2 10 2e 76 66 61 43 29 10 1c b7 b 4a 2b ab b 15 2f 73 249 19
FIXUPS: 55ddb f7 15 24 21 22 4f cb 14 14 14 ffffe93f b 21 8b 40 5c 26 3d
FIXUPS: 54cd6 3d 71 b2 a4 29 ab be 33 44 a0 68 b8 84 2d 14 35 9b 6d aa
FIXUPS: 555f9 15 10 14 3040 12c 28e 1f 15 d 10 2d 1e 38 ad 8 11 d ffffb777
FIXUPS: 543aa 83 6d cd 81 22 b 7e b 1e 8e 25 ac 9e 80 21 b 2ed6 81 b7 320
FIXUPS: 57cb7 21 106 ed f 8 116 107 20 17 36 74 e3 22 b a 8 33 dc 51 1d
FIXUPS: 58589 1c 21 33 21 3b 15 3875 62 c3 8c 607 c 1a 53 c 1b c3 29 14
FIXUPS: 5c925 1a 7d 259 47 ef 112 40 25 28 110 32 ffffa721 25 1c 17 f 28
FIXUPS: 577fa 377c 13 13 13 13 19 d 223 b5 16 14 14 14 14 19f 24 74 24
FIXUPS: 5b6ce 18 504 20 17 1c 7e 137 23 13 11 10 64 23 ffffe206 1d 1d 1a
FIXUPS: 5a144 25 210 51 19 32 4b d 13 21 1b 1c 17 14 72 6d9 23 10 31 30
FIXUPS: 5ad71 12 9 59 25 f7 7 5b ffffec0c 5a 16 25 28 18 4d 2c d 31 4f
FIXUPS: 59d60 22 82 f 59 10 3b 10 e 13 a0 c 11 c 13 1d 2b 34 2b 2f 1f fffff61a
FIXUPS: 596e7 17 15 1b a 39 30 48 1c 29 a 2c 20 b f 24 15 9 2d b 5a 9 13
FIXUPS: 59997 f 2b 20 4f 47 f 8 696c ffff884a b 32 21 1dc 36 f c a 41 5c
FIXUPS: 58fff 22 43 f 15 20 ae c 63 29 49 16 c0 5e 13 11 63 2a 4e 53 67b5
FIXUPS: 5fca8 33 47 14 1d 22 d 24 14 1d 96 1f 20 d 47 17 45 13 26 3a 5b
FIXUPS: 6005f 69 94 c 41 4e 70 107 2a 44 ffffedba 4f 1f 95 1a 12 d6 45
FIXUPS: 5f426 13 d 2e 1a 11 3e 3d 3f 35 9f 21 101 10e 2b 66 91 2b 76 1e
FIXUPS: 5fa6d 64 11e 76 ffffe852 38 8e 28 9e 16d 16b 14c 2d 12 32 5c 9c
FIXUPS: 5ec45 a 25 15 15 11 15 f 11 13 49 1b 3a 13 12 2ba 1a 2c 41 ffffe7b4
FIXUPS: 5d8cf 4b 13 77 19 1e 15 11 15 f 22 dc 12 33 4f 13 58 50 27 2f 10e
FIXUPS: 5de5f 70 d 2e6 54 3f 85 96 31 e0 3a2d ac 29 2c 255 1ec 11c 36 3f
FIXUPS: 62635 ffffde44 10 fb 24 ffffcc07 26 34 29 c8 59 4c 13 d 44 1e f
FIXUPS: 5d5b4 b7 10 40 3c c7 34cc 16 1b c 98 66 65 42 2d 13 c6 25e 14 14
FIXUPS: 61480 3a 43 105 f1 133 3b 8a 13d 8 e d2 134 c f8 32 3b 39 a55 20
FIXUPS: 62892 2b 2d d 2a 35 34 44 a0 1f cc a a 3e 1d d2 ca 2d ee 43 f 43
FIXUPS: 62f3f 1a 33 1a 33 45 214 ffffd9f6 4846 b 57 23 14 1a 24 31 88 1c0
FIXUPS: 65859 2a 9e 1df d 15 d 7d 75 ffffca76 24 8 1b b 21 11 25 11 19
FIXUPS: 62792 27 f 2586 46 22 c 14 8 fc 27 23 22 f 58 15 e 25 22 f 58 15
FIXUPS: 650b6 f a3 45 92 13 96 60 99 8 17 2a b fffff1ac b1 40 b 1e c 1f
FIXUPS: 64750 b 4e 21 c 137 9e b 28 40 b 31 3f b 52 1a b 33 b 45 112 2d
FIXUPS: 64d0b b 2d fffff260 30 c 23 34 b 41 b 7c 40 b 1e c 1f c 9e 40 b
FIXUPS: 642fe b 30 c 1f c 17b 41 b 1e c 1f c 4a fffff427 b 58 b 46 c 79
FIXUPS: 63b41 16 47 b 16 4b b 90 11 43 b 56 b 13 59 b 98 c 2c b 29 3e 35
FIXUPS: 63f5e 3a fffff3c2 f9 9e b 29 40 b 1e 2a b 66 41 b 1d 32 b 20 58
FIXUPS: 63752 f 94 b 29 38 41 b 3a b 23 14 1e 75
